StudioMDL.exe (Sep 16 2026) - Garry's Mod Edition
WARNING: Failed to load keyvalues file cfg/mount.cfg!
qdir:    "c:\program files (x86)\steam\steamapps\common\garrysmod\garrysmod\addons\mcv\work\mcv_smd_port\weapons\v_svd_irons\"
gamedir: "C:\Program Files (x86)\Steam\steamapps\common\GarrysMod\garrysmod\addons\mcv\work\compile_test_game\"
g_path:  "C:\Program Files (x86)\Steam\steamapps\common\GarrysMod\garrysmod\addons\mcv\work\MCV_SMD_PORT\weapons\v_svd_irons\v_svd_irons.qc"
Building binary model files...
Working on "v_svd_irons.qc"
SMD MODEL ../../../MCV_SMD/weapons/v_svd_irons/v_svd_irons_mesh0.smd
SMD MODEL ../../../MCV_SMD_OG/weapons/v_svd/v_bayonet.smd
SMD MODEL ../../../MCV_SMD_OG/weapons/v_svd/v_svd_anims/runIdle_a_corrective_animation.smd
SMD MODEL ../../../MCV_SMD_OG/weapons/v_svd/v_svd_anims/run_a_corrective_animation.smd
SMD MODEL ../../../MCV_SMD_OG/weapons/v_svd/v_svd_anims/walkIdle_a_corrective_animation.smd
SMD MODEL ../../../MCV_SMD_OG/weapons/v_svd/v_svd_anims/walk_a_corrective_animation.smd
SMD MODEL ../../../MCV_SMD_OG/weapons/v_svd/v_svd_anims/Boltforward_corrective_animation.smd
SMD MODEL ../../../MCV_SMD_OG/weapons/v_svd/v_svd_anims/BoltBack_corrective_animation.smd
SMD MODEL ../../../MCV_SMD_OG/weapons/v_svd/v_svd_anims/BoltMove_corrective_animation.smd
SMD MODEL ../../../MCV_SMD_OG/weapons/v_svd/v_svd_anims/BoltStand_corrective_animation.smd
SMD MODEL ../../../MCV_SMD_OG/weapons/v_svd/v_svd_anims/shoot1_a_corrective_animation.smd
SMD MODEL ../../../MCV_SMD_OG/weapons/v_svd/v_svd_anims/shoot1_ironsight_a_corrective_animation.smd
SMD MODEL ../../../MCV_SMD_OG/weapons/v_svd/v_svd_anims/shoot2_a_corrective_animation.smd
SMD MODEL ../../../MCV_SMD_OG/weapons/v_svd/v_svd_anims/shoot2_ironsight_a_corrective_animation.smd
SMD MODEL ../../../MCV_SMD_OG/weapons/v_svd/v_svd_anims/shoot3_a_corrective_animation.smd
SMD MODEL ../../../MCV_SMD_OG/weapons/v_svd/v_svd_anims/shoot3_ironsight_a_corrective_animation.smd
SMD MODEL ../../../MCV_SMD_OG/weapons/v_svd/v_svd_anims/basePose_a.smd
SMD MODEL ../../../MCV_SMD_OG/weapons/v_svd/v_svd_anims/ironsight.smd
SMD MODEL ../../../MCV_SMD_OG/weapons/v_svd/v_svd_anims/ironsight_transition.smd
SMD MODEL ../../../MCV_SMD_OG/weapons/v_svd/v_svd_anims/walkDelta.smd
SMD MODEL ../../../MCV_SMD_OG/weapons/v_svd/v_svd_anims/runIdle_a.smd
SMD MODEL ../../../MCV_SMD_OG/weapons/v_svd/v_svd_anims/run_a.smd
SMD MODEL ../../../MCV_SMD_OG/weapons/v_svd/v_svd_anims/walkIdle_a.smd
SMD MODEL ../v_svd/fixed_anims/walk_a.smd
SMD MODEL ../../../MCV_SMD_OG/weapons/v_svd/v_svd_anims/BasePose.smd
SMD MODEL ../../../MCV_SMD_OG/weapons/v_svd/v_svd_anims/BoltBack.smd
SMD MODEL ../../../MCV_SMD_OG/weapons/v_svd/v_svd_anims/Boltforward.smd
SMD MODEL ../../../MCV_SMD_OG/weapons/v_svd/v_svd_anims/BoltMove.smd
SMD MODEL ../../../MCV_SMD_OG/weapons/v_svd/v_svd_anims/BoltStand.smd
SMD MODEL ../../../MCV_SMD_OG/weapons/v_svd/v_svd_anims/shoot1_a.smd
SMD MODEL ../../../MCV_SMD_OG/weapons/v_svd/v_svd_anims/shoot1_ironsight_a.smd
SMD MODEL ../../../MCV_SMD_OG/weapons/v_svd/v_svd_anims/shoot2_a.smd
SMD MODEL ../../../MCV_SMD_OG/weapons/v_svd/v_svd_anims/shoot2_ironsight_a.smd
SMD MODEL ../../../MCV_SMD_OG/weapons/v_svd/v_svd_anims/shoot3_a.smd
SMD MODEL ../../../MCV_SMD_OG/weapons/v_svd/v_svd_anims/shoot3_ironsight_a.smd
SMD MODEL ../../../MCV_SMD_OG/weapons/v_svd/v_svd_anims/nearwall_s_a.smd
SMD MODEL ../../../MCV_SMD_OG/weapons/v_svd/v_svd_anims/nearwall_s_a_i.smd
SMD MODEL ../../../MCV_SMD_OG/weapons/v_svd/v_svd_anims/nearwall_a.smd
SMD MODEL ../../../MCV_SMD_OG/weapons/v_svd/v_svd_anims/nearwall_a_i.smd
SMD MODEL ../../../MCV_SMD_OG/weapons/v_svd/v_svd_anims/nearwall_e_a.smd
SMD MODEL ../../../MCV_SMD_OG/weapons/v_svd/v_svd_anims/nearwall_e_a_i.smd
SMD MODEL ../../../MCV_SMD_OG/weapons/v_svd/v_svd_anims/proneF.smd
SMD MODEL ../../../MCV_SMD_OG/weapons/v_svd/v_svd_anims/proneB.smd
SMD MODEL ../../../MCV_SMD_OG/weapons/v_svd/v_svd_anims/proneL.smd
SMD MODEL ../../../MCV_SMD_OG/weapons/v_svd/v_svd_anims/proneR.smd
SMD MODEL ../../../MCV_SMD_OG/weapons/v_svd/v_svd_anims/pickup_s_a.smd
SMD MODEL ../../../MCV_SMD_OG/weapons/v_svd/v_svd_anims/pickup_s_a_i.smd
SMD MODEL ../../../MCV_SMD_OG/weapons/v_svd/v_svd_anims/pickup_a.smd
SMD MODEL ../../../MCV_SMD_OG/weapons/v_svd/v_svd_anims/pickup_a_i.smd
SMD MODEL ../../../MCV_SMD_OG/weapons/v_svd/v_svd_anims/pickup_e_a.smd
SMD MODEL ../../../MCV_SMD_OG/weapons/v_svd/v_svd_anims/pickup_e_a_i.smd
SMD MODEL ../../../MCV_SMD_OG/weapons/v_svd/v_svd_anims/bash_a.smd
SMD MODEL ../../../MCV_SMD_OG/weapons/v_svd/v_svd_anims/bash_a_i.smd
SMD MODEL ../../../MCV_SMD_OG/weapons/v_svd/v_svd_anims/bayonet_unequip_a.smd
SMD MODEL ../../../MCV_SMD_OG/weapons/v_svd/v_svd_anims/bayonet_unequip_a_i.smd
SMD MODEL ../../../MCV_SMD_OG/weapons/v_svd/v_svd_anims/bayonet_equip_a.smd
SMD MODEL ../../../MCV_SMD_OG/weapons/v_svd/v_svd_anims/bayonet_equip_a_i.smd
SMD MODEL ../../../MCV_SMD_OG/weapons/v_svd/v_svd_anims/scope_adjust_idle.smd
SMD MODEL ../../../MCV_SMD_OG/weapons/v_svd/v_svd_anims/scope_adjust_iron.smd
SMD MODEL ../../../MCV_SMD_OG/weapons/v_svd/v_svd_anims/draw.smd
SMD MODEL ../../../MCV_SMD_OG/weapons/v_svd/v_svd_anims/draw_2.smd
SMD MODEL ../../../MCV_SMD_OG/weapons/v_svd/v_svd_anims/Firstdraw.smd
SMD MODEL ../../../MCV_SMD_OG/weapons/v_svd/v_svd_anims/Firstdraw_2.smd
SMD MODEL ../../../MCV_SMD_OG/weapons/v_svd/v_svd_anims/reload.smd
SMD MODEL ../../../MCV_SMD_OG/weapons/v_svd/v_svd_anims/reload_2.smd
SMD MODEL ../../../MCV_SMD_OG/weapons/v_svd/v_svd_anims/reload_empty.smd
SMD MODEL ../../../MCV_SMD_OG/weapons/v_svd/v_svd_anims/reload_empty_2.smd
SMD MODEL ../v_svd/safe_anims/mcv_safe_idletonearwall_0_00.smd
SMD MODEL ../v_svd/safe_anims/mcv_safe_idletonearwall_0_01.smd
SMD MODEL ../v_svd/safe_anims/mcv_safe_idletonearwall_0_02.smd
SMD MODEL ../v_svd/safe_anims/mcv_safe_idletonearwall_0_03.smd
SMD MODEL ../v_svd/safe_anims/mcv_safe_idletonearwall_0_04.smd
SMD MODEL ../v_svd/safe_anims/mcv_safe_idletonearwall_0_05.smd
SMD MODEL ../v_svd/safe_anims/mcv_safe_idletonearwall_0_06.smd
SMD MODEL ../v_svd/safe_anims/mcv_safe_idletonearwall_0_07.smd
SMD MODEL ../v_svd/safe_anims/mcv_safe_idletonearwall_0_08.smd
SMD MODEL ../v_svd/safe_anims/mcv_safe_idletonearwall_0_09.smd
SMD MODEL ../v_svd/safe_anims/mcv_safe_idletonearwall_0_10.smd
SMD MODEL ../v_svd/safe_anims/mcv_safe_idletonearwall_0_11.smd
SMD MODEL ../v_svd/safe_anims/mcv_safe_idletonearwall_0_12.smd
SMD MODEL ../v_svd/safe_anims/mcv_safe_idletonearwall_0_13.smd
SMD MODEL ../v_svd/safe_anims/mcv_safe_idletonearwall_0_14.smd
SMD MODEL ../v_svd/safe_anims/mcv_safe_idletonearwall_0_15.smd
SMD MODEL ../v_svd/safe_anims/mcv_safe_idletonearwall_0_16.smd
SMD MODEL ../v_svd/safe_anims/mcv_safe_idletonearwall_1_00.smd
SMD MODEL ../v_svd/safe_anims/mcv_safe_idletonearwall_1_01.smd
SMD MODEL ../v_svd/safe_anims/mcv_safe_idletonearwall_1_02.smd
SMD MODEL ../v_svd/safe_anims/mcv_safe_idletonearwall_1_03.smd
SMD MODEL ../v_svd/safe_anims/mcv_safe_idletonearwall_1_04.smd
SMD MODEL ../v_svd/safe_anims/mcv_safe_idletonearwall_1_05.smd
SMD MODEL ../v_svd/safe_anims/mcv_safe_idletonearwall_1_06.smd
SMD MODEL ../v_svd/safe_anims/mcv_safe_idletonearwall_1_07.smd
SMD MODEL ../v_svd/safe_anims/mcv_safe_idletonearwall_1_08.smd
SMD MODEL ../v_svd/safe_anims/mcv_safe_idletonearwall_1_09.smd
SMD MODEL ../v_svd/safe_anims/mcv_safe_idletonearwall_1_10.smd
SMD MODEL ../v_svd/safe_anims/mcv_safe_idletonearwall_1_11.smd
SMD MODEL ../v_svd/safe_anims/mcv_safe_idletonearwall_1_12.smd
SMD MODEL ../v_svd/safe_anims/mcv_safe_idletonearwall_1_13.smd
SMD MODEL ../v_svd/safe_anims/mcv_safe_idletonearwall_1_14.smd
SMD MODEL ../v_svd/safe_anims/mcv_safe_idletonearwall_1_15.smd
SMD MODEL ../v_svd/safe_anims/mcv_safe_idletonearwall_1_16.smd
SMD MODEL ../v_svd/safe_anims/mcv_safe_nearwall_0_00.smd
SMD MODEL ../v_svd/safe_anims/mcv_safe_nearwall_0_01.smd
SMD MODEL ../v_svd/safe_anims/mcv_safe_nearwall_0_02.smd
SMD MODEL ../v_svd/safe_anims/mcv_safe_nearwall_0_03.smd
SMD MODEL ../v_svd/safe_anims/mcv_safe_nearwall_0_04.smd
SMD MODEL ../v_svd/safe_anims/mcv_safe_nearwall_0_05.smd
SMD MODEL ../v_svd/safe_anims/mcv_safe_nearwall_0_06.smd
SMD MODEL ../v_svd/safe_anims/mcv_safe_nearwall_0_07.smd
SMD MODEL ../v_svd/safe_anims/mcv_safe_nearwall_0_08.smd
SMD MODEL ../v_svd/safe_anims/mcv_safe_nearwall_0_09.smd
SMD MODEL ../v_svd/safe_anims/mcv_safe_nearwall_0_10.smd
SMD MODEL ../v_svd/safe_anims/mcv_safe_nearwall_0_11.smd
SMD MODEL ../v_svd/safe_anims/mcv_safe_nearwall_0_12.smd
SMD MODEL ../v_svd/safe_anims/mcv_safe_nearwall_0_13.smd
SMD MODEL ../v_svd/safe_anims/mcv_safe_nearwall_0_14.smd
SMD MODEL ../v_svd/safe_anims/mcv_safe_nearwall_0_15.smd
SMD MODEL ../v_svd/safe_anims/mcv_safe_nearwall_0_16.smd
SMD MODEL ../v_svd/safe_anims/mcv_safe_nearwall_1_00.smd
SMD MODEL ../v_svd/safe_anims/mcv_safe_nearwall_1_01.smd
SMD MODEL ../v_svd/safe_anims/mcv_safe_nearwall_1_02.smd
SMD MODEL ../v_svd/safe_anims/mcv_safe_nearwall_1_03.smd
SMD MODEL ../v_svd/safe_anims/mcv_safe_nearwall_1_04.smd
SMD MODEL ../v_svd/safe_anims/mcv_safe_nearwall_1_05.smd
SMD MODEL ../v_svd/safe_anims/mcv_safe_nearwall_1_06.smd
SMD MODEL ../v_svd/safe_anims/mcv_safe_nearwall_1_07.smd
SMD MODEL ../v_svd/safe_anims/mcv_safe_nearwall_1_08.smd
SMD MODEL ../v_svd/safe_anims/mcv_safe_nearwall_1_09.smd
SMD MODEL ../v_svd/safe_anims/mcv_safe_nearwall_1_10.smd
SMD MODEL ../v_svd/safe_anims/mcv_safe_nearwall_1_11.smd
SMD MODEL ../v_svd/safe_anims/mcv_safe_nearwall_1_12.smd
SMD MODEL ../v_svd/safe_anims/mcv_safe_nearwall_1_13.smd
SMD MODEL ../v_svd/safe_anims/mcv_safe_nearwall_1_14.smd
SMD MODEL ../v_svd/safe_anims/mcv_safe_nearwall_1_15.smd
SMD MODEL ../v_svd/safe_anims/mcv_safe_nearwall_1_16.smd
SMD MODEL ../v_svd/safe_anims/mcv_safe_nearwalltoidle_0_00.smd
SMD MODEL ../v_svd/safe_anims/mcv_safe_nearwalltoidle_0_01.smd
SMD MODEL ../v_svd/safe_anims/mcv_safe_nearwalltoidle_0_02.smd
SMD MODEL ../v_svd/safe_anims/mcv_safe_nearwalltoidle_0_03.smd
SMD MODEL ../v_svd/safe_anims/mcv_safe_nearwalltoidle_0_04.smd
SMD MODEL ../v_svd/safe_anims/mcv_safe_nearwalltoidle_0_05.smd
SMD MODEL ../v_svd/safe_anims/mcv_safe_nearwalltoidle_0_06.smd
SMD MODEL ../v_svd/safe_anims/mcv_safe_nearwalltoidle_0_07.smd
SMD MODEL ../v_svd/safe_anims/mcv_safe_nearwalltoidle_0_08.smd
SMD MODEL ../v_svd/safe_anims/mcv_safe_nearwalltoidle_0_09.smd
SMD MODEL ../v_svd/safe_anims/mcv_safe_nearwalltoidle_0_10.smd
SMD MODEL ../v_svd/safe_anims/mcv_safe_nearwalltoidle_0_11.smd
SMD MODEL ../v_svd/safe_anims/mcv_safe_nearwalltoidle_0_12.smd
SMD MODEL ../v_svd/safe_anims/mcv_safe_nearwalltoidle_0_13.smd
SMD MODEL ../v_svd/safe_anims/mcv_safe_nearwalltoidle_0_14.smd
SMD MODEL ../v_svd/safe_anims/mcv_safe_nearwalltoidle_0_15.smd
SMD MODEL ../v_svd/safe_anims/mcv_safe_nearwalltoidle_0_16.smd
SMD MODEL ../v_svd/safe_anims/mcv_safe_nearwalltoidle_1_00.smd
SMD MODEL ../v_svd/safe_anims/mcv_safe_nearwalltoidle_1_01.smd
SMD MODEL ../v_svd/safe_anims/mcv_safe_nearwalltoidle_1_02.smd
SMD MODEL ../v_svd/safe_anims/mcv_safe_nearwalltoidle_1_03.smd
SMD MODEL ../v_svd/safe_anims/mcv_safe_nearwalltoidle_1_04.smd
SMD MODEL ../v_svd/safe_anims/mcv_safe_nearwalltoidle_1_05.smd
SMD MODEL ../v_svd/safe_anims/mcv_safe_nearwalltoidle_1_06.smd
SMD MODEL ../v_svd/safe_anims/mcv_safe_nearwalltoidle_1_07.smd
SMD MODEL ../v_svd/safe_anims/mcv_safe_nearwalltoidle_1_08.smd
SMD MODEL ../v_svd/safe_anims/mcv_safe_nearwalltoidle_1_09.smd
SMD MODEL ../v_svd/safe_anims/mcv_safe_nearwalltoidle_1_10.smd
SMD MODEL ../v_svd/safe_anims/mcv_safe_nearwalltoidle_1_11.smd
SMD MODEL ../v_svd/safe_anims/mcv_safe_nearwalltoidle_1_12.smd
SMD MODEL ../v_svd/safe_anims/mcv_safe_nearwalltoidle_1_13.smd
SMD MODEL ../v_svd/safe_anims/mcv_safe_nearwalltoidle_1_14.smd
SMD MODEL ../v_svd/safe_anims/mcv_safe_nearwalltoidle_1_15.smd
SMD MODEL ../v_svd/safe_anims/mcv_safe_nearwalltoidle_1_16.smd
SMD MODEL ../../../MCV_SMD_OG/weapons/v_svd/v_svd_anims/bash.smd
SMD MODEL ../../../MCV_SMD_OG/weapons/v_svd/v_svd_anims/bash_2.smd
SMD MODEL ../../../MCV_SMD_OG/weapons/v_svd/v_svd_anims/holster.smd
Processing LOD for material: shells_small_additional
Processing LOD for material: svd
Processing LOD for material: ak47_bayonet_d
---------------------
writing C:\Program Files (x86)\Steam\steamapps\common\GarrysMod\garrysmod\addons\mcv\work\compile_test_game\models/weapons/mcv/v_svd_irons.mdl:
bones        22628 bytes (98)
animations  461444 bytes (173 anims) (5262 frames) [2:20]
sequences    12288 bytes (30 seq) 
ik/pose        556 bytes
eyeballs         0 bytes (0 eyeballs)
flexes           0 bytes (0 flexes)
eyeballs         0 bytes (0 eyeballs)
flexes           0 bytes (0 flexes)
eyeballs         0 bytes (0 eyeballs)
flexes           0 bytes (0 flexes)
textures       216 bytes
keyvalues       20 bytes
bone transforms    13392 bytes
bone flex driver       0 bytes
collision        0 bytes
total       517524
---------------------
writing C:\Program Files (x86)\Steam\steamapps\common\GarrysMod\garrysmod\addons\mcv\work\compile_test_game\models/weapons/mcv/v_svd_irons.vvd:
vertices    776496 bytes (16177 vertices)
vertices    101520 bytes (2115 vertices)
tangents    258832 bytes (16177 vertices)
tangents     33840 bytes (2115 vertices)
total      1170752 bytes
---------------------
Generating optimized mesh "C:\Program Files (x86)\Steam\steamapps\common\GarrysMod\garrysmod\addons\mcv\work\compile_test_game\models/weapons/mcv/v_svd_irons.dx80.vtx":
body parts:        16 bytes
models:            60 bytes
model LODs:        36 bytes
meshes:            27 bytes
strip groups:      75 bytes
strips:            81 bytes
verts:         164628 bytes
indices:       128652 bytes
bone changes:      72 bytes
everything:    293647 bytes
---------------------
Generating optimized mesh "C:\Program Files (x86)\Steam\steamapps\common\GarrysMod\garrysmod\addons\mcv\work\compile_test_game\models/weapons/mcv/v_svd_irons.dx90.vtx":
body parts:        16 bytes
models:            60 bytes
model LODs:        36 bytes
meshes:            27 bytes
strip groups:      75 bytes
strips:            81 bytes
verts:         164628 bytes
indices:       128652 bytes
bone changes:      72 bytes
everything:    293647 bytes

Completed "v_svd_irons.qc"
