StudioMDL.exe (Apr 27 2026) - Garry's Mod Edition
WARNING: Failed to load keyvalues file cfg/mount.cfg!
qdir:    "c:\program files (x86)\steam\steamapps\common\garrysmod\garrysmod\addons\mcv\work\mcv_smd_port\weapons\v_m635\"
gamedir: "C:\Program Files (x86)\Steam\steamapps\common\GarrysMod\garrysmod\addons\mcv\work\compile_test_game\"
g_path:  "C:\Program Files (x86)\Steam\steamapps\common\GarrysMod\garrysmod\addons\mcv\work\MCV_SMD_PORT\weapons\v_m635\v_m635.qc"
Building binary model files...
Working on "v_m635.qc"
SMD MODEL ../../../MCV_SMD/weapons/v_m635/m635.smd
SMD MODEL ../../../MCV_SMD_OG/weapons/v_car15/v_car15_anims/runIdle_a_corrective_animation.smd
SMD MODEL ../../../MCV_SMD_OG/weapons/v_car15/v_car15_anims/run_a_corrective_animation.smd
SMD MODEL ../../../MCV_SMD_OG/weapons/v_car15/v_car15_anims/walkIdle_a_corrective_animation.smd
SMD MODEL ../../../MCV_SMD_OG/weapons/v_car15/v_car15_anims/walk_a_corrective_animation.smd
SMD MODEL ../../../MCV_SMD_OG/weapons/v_car15/v_car15_anims/shoot1_a_corrective_animation.smd
SMD MODEL ../../../MCV_SMD_OG/weapons/v_car15/v_car15_anims/shoot1_ironsight_a_corrective_animation.smd
SMD MODEL ../../../MCV_SMD_OG/weapons/v_car15/v_car15_anims/shoot2_a_corrective_animation.smd
SMD MODEL ../../../MCV_SMD_OG/weapons/v_car15/v_car15_anims/shoot2_ironsight_a_corrective_animation.smd
SMD MODEL ../../../MCV_SMD_OG/weapons/v_car15/v_car15_anims/shoot3_a_corrective_animation.smd
SMD MODEL ../../../MCV_SMD_OG/weapons/v_car15/v_car15_anims/shoot3_ironsight_a_corrective_animation.smd
SMD MODEL ../../../MCV_SMD_OG/weapons/v_car15/v_car15_anims/basePose_a.smd
SMD MODEL ../../../MCV_SMD_OG/weapons/v_car15/v_car15_anims/ironsight.smd
SMD MODEL ../../../MCV_SMD_OG/weapons/v_car15/v_car15_anims/ironsight_transition.smd
SMD MODEL ../../../MCV_SMD_OG/weapons/v_car15/v_car15_anims/runIdle_a.smd
SMD MODEL ../../../MCV_SMD_OG/weapons/v_car15/v_car15_anims/run_a.smd
SMD MODEL ../../../MCV_SMD_OG/weapons/v_car15/v_car15_anims/walkIdle_a.smd
SMD MODEL ../../../MCV_SMD_OG/weapons/v_car15/v_car15_anims/walk_a.smd
SMD MODEL ../../../MCV_SMD_OG/weapons/v_car15/v_car15_anims/shoot1_a.smd
SMD MODEL ../../../MCV_SMD_OG/weapons/v_car15/v_car15_anims/shoot1_ironsight_a.smd
SMD MODEL ../../../MCV_SMD_OG/weapons/v_car15/v_car15_anims/shoot2_a.smd
SMD MODEL ../../../MCV_SMD_OG/weapons/v_car15/v_car15_anims/shoot2_ironsight_a.smd
SMD MODEL ../../../MCV_SMD_OG/weapons/v_car15/v_car15_anims/shoot3_a.smd
SMD MODEL ../../../MCV_SMD_OG/weapons/v_car15/v_car15_anims/shoot3_ironsight_a.smd
SMD MODEL ../../../MCV_SMD_OG/weapons/v_car15/v_car15_anims/nearwall_s_a.smd
SMD MODEL ../../../MCV_SMD_OG/weapons/v_car15/v_car15_anims/nearwall_s_a_i.smd
SMD MODEL ../../../MCV_SMD_OG/weapons/v_car15/v_car15_anims/nearwall_a.smd
SMD MODEL ../../../MCV_SMD_OG/weapons/v_car15/v_car15_anims/nearwall_a_i.smd
SMD MODEL ../../../MCV_SMD_OG/weapons/v_car15/v_car15_anims/nearwall_e_a.smd
SMD MODEL ../../../MCV_SMD_OG/weapons/v_car15/v_car15_anims/nearwall_e_a_i.smd
SMD MODEL ../../../MCV_SMD_OG/weapons/v_car15/v_car15_anims/proneF.smd
SMD MODEL ../../../MCV_SMD_OG/weapons/v_car15/v_car15_anims/proneB.smd
SMD MODEL ../../../MCV_SMD_OG/weapons/v_car15/v_car15_anims/proneL.smd
SMD MODEL ../../../MCV_SMD_OG/weapons/v_car15/v_car15_anims/proneR.smd
SMD MODEL ../../../MCV_SMD_OG/weapons/v_car15/v_car15_anims/pickup_s_a.smd
SMD MODEL ../../../MCV_SMD_OG/weapons/v_car15/v_car15_anims/pickup_s_a_i.smd
SMD MODEL ../../../MCV_SMD_OG/weapons/v_car15/v_car15_anims/pickup_a.smd
SMD MODEL ../../../MCV_SMD_OG/weapons/v_car15/v_car15_anims/pickup_a_i.smd
SMD MODEL ../../../MCV_SMD_OG/weapons/v_car15/v_car15_anims/pickup_e_a.smd
SMD MODEL ../../../MCV_SMD_OG/weapons/v_car15/v_car15_anims/pickup_e_a_i.smd
SMD MODEL ../../../MCV_SMD_OG/weapons/v_car15/v_car15_anims/change_firemode_idle.smd
SMD MODEL ../../../MCV_SMD_OG/weapons/v_car15/v_car15_anims/change_firemode_iron.smd
SMD MODEL ../../../MCV_SMD_OG/weapons/v_car15/v_car15_anims/scope_adjust_idle.smd
SMD MODEL ../../../MCV_SMD_OG/weapons/v_car15/v_car15_anims/scope_adjust_iron.smd
SMD MODEL ../../../MCV_SMD_OG/weapons/v_car15/v_car15_anims/draw.smd
SMD MODEL ../../../MCV_SMD_OG/weapons/v_car15/v_car15_anims/draw_2.smd
SMD MODEL ../../../MCV_SMD_OG/weapons/v_car15/v_car15_anims/Firstdraw.smd
SMD MODEL ../../../MCV_SMD_OG/weapons/v_car15/v_car15_anims/Firstdraw_2.smd
SMD MODEL ../../../MCV_SMD_OG/weapons/v_car15/v_car15_anims/reload.smd
SMD MODEL ../../../MCV_SMD_OG/weapons/v_car15/v_car15_anims/reload_2.smd
SMD MODEL ../../../MCV_SMD_OG/weapons/v_car15/v_car15_anims/reload_empty.smd
SMD MODEL ../../../MCV_SMD_OG/weapons/v_car15/v_car15_anims/reload_empty_2.smd
SMD MODEL ../../../MCV_SMD_OG/weapons/v_car15/v_car15_anims/bash.smd
SMD MODEL ../../../MCV_SMD_OG/weapons/v_car15/v_car15_anims/bash_2.smd
SMD MODEL ../../../MCV_SMD_OG/weapons/v_car15/v_car15_anims/holster.smd
Processing LOD for material: xm177
Processing LOD for material: m16a1
Processing LOD for material: uzi
Processing LOD for material: m601
---------------------
writing C:\Program Files (x86)\Steam\steamapps\common\GarrysMod\garrysmod\addons\mcv\work\compile_test_game\models/weapons/mcv/v_m635.mdl:
Loading preexisting model: C:\Program Files (x86)\Steam\steamapps\common\GarrysMod\garrysmod\addons\mcv\work\compile_test_game\models/weapons/mcv/v_m635.mdl
WARNING: LoadPreexistingSequenceOrder: Zero-size file or no sequences.
bones        22708 bytes (99)
animations  169040 bytes (57 anims) (1628 frames) [0:54]
sequences     9368 bytes (25 seq) 
ik/pose        224 bytes
eyeballs         0 bytes (0 eyeballs)
flexes           0 bytes (0 flexes)
textures       280 bytes
keyvalues       20 bytes
bone transforms    13528 bytes
bone flex driver       0 bytes
collision        0 bytes
total       219040
---------------------
writing C:\Program Files (x86)\Steam\steamapps\common\GarrysMod\garrysmod\addons\mcv\work\compile_test_game\models/weapons/mcv/v_m635.vvd:
vertices   1924848 bytes (40101 vertices)
tangents    641616 bytes (40101 vertices)
total      2566528 bytes
---------------------
Generating optimized mesh "C:\Program Files (x86)\Steam\steamapps\common\GarrysMod\garrysmod\addons\mcv\work\compile_test_game\models/weapons/mcv/v_m635.dx80.vtx":
body parts:         8 bytes
models:            20 bytes
model LODs:        12 bytes
meshes:            36 bytes
strip groups:     100 bytes
strips:           108 bytes
verts:         360909 bytes
indices:       288300 bytes
bone changes:      80 bytes
everything:    649597 bytes
---------------------
Generating optimized mesh "C:\Program Files (x86)\Steam\steamapps\common\GarrysMod\garrysmod\addons\mcv\work\compile_test_game\models/weapons/mcv/v_m635.dx90.vtx":
body parts:         8 bytes
models:            20 bytes
model LODs:        12 bytes
meshes:            36 bytes
strip groups:     100 bytes
strips:           108 bytes
verts:         360909 bytes
indices:       288300 bytes
bone changes:      80 bytes
everything:    649597 bytes

Completed "v_m635.qc"
