StudioMDL.exe (Apr 27 2026) - Garry's Mod Edition
WARNING: Failed to load keyvalues file cfg/mount.cfg!
qdir:    "c:\program files (x86)\steam\steamapps\common\garrysmod\garrysmod\addons\mcv\work\mcv_smd_port\weapons\w_m635\"
gamedir: "C:\Program Files (x86)\Steam\steamapps\common\GarrysMod\garrysmod\addons\mcv\work\compile_test_game\"
g_path:  "C:\Program Files (x86)\Steam\steamapps\common\GarrysMod\garrysmod\addons\mcv\work\MCV_SMD_PORT\weapons\w_m635\w_m635.qc"
Building binary model files...
Working on "w_m635.qc"
SMD MODEL m635_world.smd
SMD MODEL ../../../MCV_SMD_OG/weapons/w_mk4mod0/w_mk4mod0_anims/idle.smd
SMD MODEL m635_collision.smd
Processing LOD for material: xm177
Processing LOD for material: m16a1
Processing LOD for material: uzi
Processing LOD for material: m601
Model has 1 convex sub-parts
Collision model completed.
---------------------
writing C:\Program Files (x86)\Steam\steamapps\common\GarrysMod\garrysmod\addons\mcv\work\compile_test_game\models/weapons\mcv\w_m635.mdl:
Loading preexisting model: C:\Program Files (x86)\Steam\steamapps\common\GarrysMod\garrysmod\addons\mcv\work\compile_test_game\models/weapons\mcv\w_m635.mdl
   Found 1 preexisting sequences.
bones         1672 bytes (3)
animations     128 bytes (1 anims) (1 frames) [0:00]
Building sequence index remapping table...
No re-ordering required.
sequences      228 bytes (1 seq) 
ik/pose        164 bytes
eyeballs         0 bytes (0 eyeballs)
flexes           0 bytes (0 flexes)
textures       280 bytes
keyvalues       20 bytes
bone transforms      472 bytes
bone flex driver       0 bytes
Collision model volume 692.63 in^3
collision        0 bytes
total         3712
---------------------
writing C:\Program Files (x86)\Steam\steamapps\common\GarrysMod\garrysmod\addons\mcv\work\compile_test_game\models/weapons\mcv\w_m635.vvd:
vertices   1924896 bytes (40102 vertices)
tangents    641632 bytes (40102 vertices)
total      2566592 bytes
---------------------
Generating optimized mesh "C:\Program Files (x86)\Steam\steamapps\common\GarrysMod\garrysmod\addons\mcv\work\compile_test_game\models/weapons\mcv\w_m635.dx80.vtx":
body parts:         8 bytes
models:            20 bytes
model LODs:        12 bytes
meshes:            36 bytes
strip groups:     100 bytes
strips:           108 bytes
verts:         360918 bytes
indices:       288300 bytes
bone changes:      40 bytes
everything:    649566 bytes
---------------------
Generating optimized mesh "C:\Program Files (x86)\Steam\steamapps\common\GarrysMod\garrysmod\addons\mcv\work\compile_test_game\models/weapons\mcv\w_m635.dx90.vtx":
body parts:         8 bytes
models:            20 bytes
model LODs:        12 bytes
meshes:            36 bytes
strip groups:     100 bytes
strips:           108 bytes
verts:         360918 bytes
indices:       288300 bytes
bone changes:      40 bytes
everything:    649566 bytes

Completed "w_m635.qc"
