StudioMDL.exe (Sep 16 2026) - Garry's Mod Edition
WARNING: Failed to load keyvalues file cfg/mount.cfg!
qdir:    "c:\program files (x86)\steam\steamapps\common\garrysmod\garrysmod\addons\mcv\work\mcv_smd_port\weapons\v_mk22\"
gamedir: "C:\Program Files (x86)\Steam\steamapps\common\GarrysMod\garrysmod\addons\mcv\work\compile_test_game\"
g_path:  "C:\Program Files (x86)\Steam\steamapps\common\GarrysMod\garrysmod\addons\mcv\work\MCV_SMD_PORT\weapons\v_mk22\v_mk22.qc"
Building binary model files...
Working on "v_mk22.qc"
SMD MODEL ..\..\..\MCV_SMD_OG\weapons\v_mk22\RefMk22_new.smd
SMD MODEL ..\..\..\MCV_SMD_OG\weapons\v_mk22\bg_basic_new.smd
SMD MODEL ..\..\..\MCV_SMD_OG\weapons\v_mk22\bg_mod0_new.smd
SMD MODEL ..\..\..\MCV_SMD_OG\weapons\v_mk22\v_mk22_anims\Default_corrective_animation.smd
SMD MODEL ..\..\..\MCV_SMD_OG\weapons\v_mk22\v_mk22_anims\Slideback_corrective_animation.smd
SMD MODEL ..\..\..\MCV_SMD_OG\weapons\v_mk22\v_mk22_anims\runIdle_a_corrective_animation.smd
SMD MODEL ..\..\..\MCV_SMD_OG\weapons\v_mk22\v_mk22_anims\run_a_corrective_animation.smd
SMD MODEL ..\..\..\MCV_SMD_OG\weapons\v_mk22\v_mk22_anims\walkIdle_a_corrective_animation.smd
SMD MODEL ..\..\..\MCV_SMD_OG\weapons\v_mk22\v_mk22_anims\walk_a_corrective_animation.smd
SMD MODEL ..\..\..\MCV_SMD_OG\weapons\v_mk22\v_mk22_anims\shoot1_a_corrective_animation.smd
SMD MODEL ..\..\..\MCV_SMD_OG\weapons\v_mk22\v_mk22_anims\shoot1_ironsight_a_corrective_animation.smd
SMD MODEL ..\..\..\MCV_SMD_OG\weapons\v_mk22\v_mk22_anims\shoot2_a_corrective_animation.smd
SMD MODEL ..\..\..\MCV_SMD_OG\weapons\v_mk22\v_mk22_anims\shoot2_ironsight_a_corrective_animation.smd
SMD MODEL ..\..\..\MCV_SMD_OG\weapons\v_mk22\v_mk22_anims\shoot3_a_corrective_animation.smd
SMD MODEL ..\..\..\MCV_SMD_OG\weapons\v_mk22\v_mk22_anims\shoot3_ironsight_a_corrective_animation.smd
SMD MODEL ..\..\..\MCV_SMD_OG\weapons\v_mk22\v_mk22_anims\shootlast_a_corrective_animation.smd
SMD MODEL ..\..\..\MCV_SMD_OG\weapons\v_mk22\v_mk22_anims\shootlast_ironsight_a_corrective_animation.smd
SMD MODEL ..\..\..\MCV_SMD_OG\weapons\v_mk22\v_mk22_anims\PoseDelta.smd
SMD MODEL ..\..\..\MCV_SMD_OG\weapons\v_mk22\v_mk22_anims\Default.smd
SMD MODEL ..\..\..\MCV_SMD_OG\weapons\v_mk22\v_mk22_anims\Slideback.smd
SMD MODEL ..\..\..\MCV_SMD_OG\weapons\v_mk22\v_mk22_anims\basePose_a.smd
SMD MODEL ..\..\..\MCV_SMD_OG\weapons\v_mk22\v_mk22_anims\ironsight.smd
SMD MODEL ..\..\..\MCV_SMD_OG\weapons\v_mk22\v_mk22_anims\ironsight_transition.smd
SMD MODEL ..\..\..\MCV_SMD_OG\weapons\v_mk22\v_mk22_anims\walkDelta.smd
SMD MODEL ..\..\..\MCV_SMD_OG\weapons\v_mk22\v_mk22_anims\runIdle_a.smd
SMD MODEL ..\..\..\MCV_SMD_OG\weapons\v_mk22\v_mk22_anims\run_a.smd
SMD MODEL ..\..\..\MCV_SMD_OG\weapons\v_mk22\v_mk22_anims\walkIdle_a.smd
SMD MODEL fixed_anims\walk_a.smd
SMD MODEL ..\..\..\MCV_SMD_OG\weapons\v_mk22\v_mk22_anims\shoot1_a.smd
SMD MODEL ..\..\..\MCV_SMD_OG\weapons\v_mk22\v_mk22_anims\shoot1_ironsight_a.smd
SMD MODEL ..\..\..\MCV_SMD_OG\weapons\v_mk22\v_mk22_anims\shoot2_a.smd
SMD MODEL ..\..\..\MCV_SMD_OG\weapons\v_mk22\v_mk22_anims\shoot2_ironsight_a.smd
SMD MODEL fixed_anims\shoot3_a.smd
SMD MODEL ..\..\..\MCV_SMD_OG\weapons\v_mk22\v_mk22_anims\shoot3_ironsight_a.smd
SMD MODEL ..\..\..\MCV_SMD_OG\weapons\v_mk22\v_mk22_anims\shootlast_a.smd
SMD MODEL ..\..\..\MCV_SMD_OG\weapons\v_mk22\v_mk22_anims\shootlast_ironsight_a.smd
SMD MODEL ..\..\..\MCV_SMD_OG\weapons\v_mk22\v_mk22_anims\nearwall_s_a.smd
SMD MODEL ..\..\..\MCV_SMD_OG\weapons\v_mk22\v_mk22_anims\nearwall_s_a_i.smd
SMD MODEL ..\..\..\MCV_SMD_OG\weapons\v_mk22\v_mk22_anims\nearwall_a.smd
SMD MODEL ..\..\..\MCV_SMD_OG\weapons\v_mk22\v_mk22_anims\nearwall_a_i.smd
SMD MODEL ..\..\..\MCV_SMD_OG\weapons\v_mk22\v_mk22_anims\nearwall_e_a.smd
SMD MODEL ..\..\..\MCV_SMD_OG\weapons\v_mk22\v_mk22_anims\nearwall_e_a_i.smd
SMD MODEL ..\..\..\MCV_SMD_OG\weapons\v_mk22\v_mk22_anims\proneF.smd
SMD MODEL ..\..\..\MCV_SMD_OG\weapons\v_mk22\v_mk22_anims\proneB.smd
SMD MODEL ..\..\..\MCV_SMD_OG\weapons\v_mk22\v_mk22_anims\proneL.smd
SMD MODEL ..\..\..\MCV_SMD_OG\weapons\v_mk22\v_mk22_anims\proneR.smd
SMD MODEL ..\..\..\MCV_SMD_OG\weapons\v_mk22\v_mk22_anims\pickup_s_a.smd
SMD MODEL ..\..\..\MCV_SMD_OG\weapons\v_mk22\v_mk22_anims\pickup_s_a_i.smd
SMD MODEL ..\..\..\MCV_SMD_OG\weapons\v_mk22\v_mk22_anims\pickup_a.smd
SMD MODEL ..\..\..\MCV_SMD_OG\weapons\v_mk22\v_mk22_anims\pickup_a_i.smd
SMD MODEL ..\..\..\MCV_SMD_OG\weapons\v_mk22\v_mk22_anims\pickup_e_a.smd
SMD MODEL ..\..\..\MCV_SMD_OG\weapons\v_mk22\v_mk22_anims\pickup_e_a_i.smd
SMD MODEL ..\..\..\MCV_SMD_OG\weapons\v_mk22\v_mk22_anims\draw.smd
SMD MODEL ..\..\..\MCV_SMD_OG\weapons\v_mk22\v_mk22_anims\draw_2.smd
SMD MODEL ..\..\..\MCV_SMD_OG\weapons\v_mk22\v_mk22_anims\Firstdraw.smd
SMD MODEL ..\..\..\MCV_SMD_OG\weapons\v_mk22\v_mk22_anims\Firstdraw_2.smd
SMD MODEL ..\..\..\MCV_SMD_OG\weapons\v_mk22\v_mk22_anims\reload.smd
SMD MODEL ..\..\..\MCV_SMD_OG\weapons\v_mk22\v_mk22_anims\reload_2.smd
SMD MODEL ..\..\..\MCV_SMD_OG\weapons\v_mk22\v_mk22_anims\reload_empty.smd
SMD MODEL ..\..\..\MCV_SMD_OG\weapons\v_mk22\v_mk22_anims\reload_empty_2.smd
SMD MODEL safe_anims\mcv_safe_idletonearwall_0_00.smd
SMD MODEL safe_anims\mcv_safe_idletonearwall_0_01.smd
SMD MODEL safe_anims\mcv_safe_idletonearwall_0_02.smd
SMD MODEL safe_anims\mcv_safe_idletonearwall_0_03.smd
SMD MODEL safe_anims\mcv_safe_idletonearwall_0_04.smd
SMD MODEL safe_anims\mcv_safe_idletonearwall_0_05.smd
SMD MODEL safe_anims\mcv_safe_idletonearwall_0_06.smd
SMD MODEL safe_anims\mcv_safe_idletonearwall_0_07.smd
SMD MODEL safe_anims\mcv_safe_idletonearwall_0_08.smd
SMD MODEL safe_anims\mcv_safe_idletonearwall_0_09.smd
SMD MODEL safe_anims\mcv_safe_idletonearwall_0_10.smd
SMD MODEL safe_anims\mcv_safe_idletonearwall_0_11.smd
SMD MODEL safe_anims\mcv_safe_idletonearwall_0_12.smd
SMD MODEL safe_anims\mcv_safe_idletonearwall_0_13.smd
SMD MODEL safe_anims\mcv_safe_idletonearwall_0_14.smd
SMD MODEL safe_anims\mcv_safe_idletonearwall_0_15.smd
SMD MODEL safe_anims\mcv_safe_idletonearwall_0_16.smd
SMD MODEL safe_anims\mcv_safe_idletonearwall_1_00.smd
SMD MODEL safe_anims\mcv_safe_idletonearwall_1_01.smd
SMD MODEL safe_anims\mcv_safe_idletonearwall_1_02.smd
SMD MODEL safe_anims\mcv_safe_idletonearwall_1_03.smd
SMD MODEL safe_anims\mcv_safe_idletonearwall_1_04.smd
SMD MODEL safe_anims\mcv_safe_idletonearwall_1_05.smd
SMD MODEL safe_anims\mcv_safe_idletonearwall_1_06.smd
SMD MODEL safe_anims\mcv_safe_idletonearwall_1_07.smd
SMD MODEL safe_anims\mcv_safe_idletonearwall_1_08.smd
SMD MODEL safe_anims\mcv_safe_idletonearwall_1_09.smd
SMD MODEL safe_anims\mcv_safe_idletonearwall_1_10.smd
SMD MODEL safe_anims\mcv_safe_idletonearwall_1_11.smd
SMD MODEL safe_anims\mcv_safe_idletonearwall_1_12.smd
SMD MODEL safe_anims\mcv_safe_idletonearwall_1_13.smd
SMD MODEL safe_anims\mcv_safe_idletonearwall_1_14.smd
SMD MODEL safe_anims\mcv_safe_idletonearwall_1_15.smd
SMD MODEL safe_anims\mcv_safe_idletonearwall_1_16.smd
SMD MODEL safe_anims\mcv_safe_nearwall_0_00.smd
SMD MODEL safe_anims\mcv_safe_nearwall_0_01.smd
SMD MODEL safe_anims\mcv_safe_nearwall_0_02.smd
SMD MODEL safe_anims\mcv_safe_nearwall_0_03.smd
SMD MODEL safe_anims\mcv_safe_nearwall_0_04.smd
SMD MODEL safe_anims\mcv_safe_nearwall_0_05.smd
SMD MODEL safe_anims\mcv_safe_nearwall_0_06.smd
SMD MODEL safe_anims\mcv_safe_nearwall_0_07.smd
SMD MODEL safe_anims\mcv_safe_nearwall_0_08.smd
SMD MODEL safe_anims\mcv_safe_nearwall_0_09.smd
SMD MODEL safe_anims\mcv_safe_nearwall_0_10.smd
SMD MODEL safe_anims\mcv_safe_nearwall_0_11.smd
SMD MODEL safe_anims\mcv_safe_nearwall_0_12.smd
SMD MODEL safe_anims\mcv_safe_nearwall_0_13.smd
SMD MODEL safe_anims\mcv_safe_nearwall_0_14.smd
SMD MODEL safe_anims\mcv_safe_nearwall_0_15.smd
SMD MODEL safe_anims\mcv_safe_nearwall_0_16.smd
SMD MODEL safe_anims\mcv_safe_nearwall_1_00.smd
SMD MODEL safe_anims\mcv_safe_nearwall_1_01.smd
SMD MODEL safe_anims\mcv_safe_nearwall_1_02.smd
SMD MODEL safe_anims\mcv_safe_nearwall_1_03.smd
SMD MODEL safe_anims\mcv_safe_nearwall_1_04.smd
SMD MODEL safe_anims\mcv_safe_nearwall_1_05.smd
SMD MODEL safe_anims\mcv_safe_nearwall_1_06.smd
SMD MODEL safe_anims\mcv_safe_nearwall_1_07.smd
SMD MODEL safe_anims\mcv_safe_nearwall_1_08.smd
SMD MODEL safe_anims\mcv_safe_nearwall_1_09.smd
SMD MODEL safe_anims\mcv_safe_nearwall_1_10.smd
SMD MODEL safe_anims\mcv_safe_nearwall_1_11.smd
SMD MODEL safe_anims\mcv_safe_nearwall_1_12.smd
SMD MODEL safe_anims\mcv_safe_nearwall_1_13.smd
SMD MODEL safe_anims\mcv_safe_nearwall_1_14.smd
SMD MODEL safe_anims\mcv_safe_nearwall_1_15.smd
SMD MODEL safe_anims\mcv_safe_nearwall_1_16.smd
SMD MODEL safe_anims\mcv_safe_nearwalltoidle_0_00.smd
SMD MODEL safe_anims\mcv_safe_nearwalltoidle_0_01.smd
SMD MODEL safe_anims\mcv_safe_nearwalltoidle_0_02.smd
SMD MODEL safe_anims\mcv_safe_nearwalltoidle_0_03.smd
SMD MODEL safe_anims\mcv_safe_nearwalltoidle_0_04.smd
SMD MODEL safe_anims\mcv_safe_nearwalltoidle_0_05.smd
SMD MODEL safe_anims\mcv_safe_nearwalltoidle_0_06.smd
SMD MODEL safe_anims\mcv_safe_nearwalltoidle_0_07.smd
SMD MODEL safe_anims\mcv_safe_nearwalltoidle_0_08.smd
SMD MODEL safe_anims\mcv_safe_nearwalltoidle_0_09.smd
SMD MODEL safe_anims\mcv_safe_nearwalltoidle_0_10.smd
SMD MODEL safe_anims\mcv_safe_nearwalltoidle_0_11.smd
SMD MODEL safe_anims\mcv_safe_nearwalltoidle_0_12.smd
SMD MODEL safe_anims\mcv_safe_nearwalltoidle_0_13.smd
SMD MODEL safe_anims\mcv_safe_nearwalltoidle_0_14.smd
SMD MODEL safe_anims\mcv_safe_nearwalltoidle_0_15.smd
SMD MODEL safe_anims\mcv_safe_nearwalltoidle_0_16.smd
SMD MODEL safe_anims\mcv_safe_nearwalltoidle_1_00.smd
SMD MODEL safe_anims\mcv_safe_nearwalltoidle_1_01.smd
SMD MODEL safe_anims\mcv_safe_nearwalltoidle_1_02.smd
SMD MODEL safe_anims\mcv_safe_nearwalltoidle_1_03.smd
SMD MODEL safe_anims\mcv_safe_nearwalltoidle_1_04.smd
SMD MODEL safe_anims\mcv_safe_nearwalltoidle_1_05.smd
SMD MODEL safe_anims\mcv_safe_nearwalltoidle_1_06.smd
SMD MODEL safe_anims\mcv_safe_nearwalltoidle_1_07.smd
SMD MODEL safe_anims\mcv_safe_nearwalltoidle_1_08.smd
SMD MODEL safe_anims\mcv_safe_nearwalltoidle_1_09.smd
SMD MODEL safe_anims\mcv_safe_nearwalltoidle_1_10.smd
SMD MODEL safe_anims\mcv_safe_nearwalltoidle_1_11.smd
SMD MODEL safe_anims\mcv_safe_nearwalltoidle_1_12.smd
SMD MODEL safe_anims\mcv_safe_nearwalltoidle_1_13.smd
SMD MODEL safe_anims\mcv_safe_nearwalltoidle_1_14.smd
SMD MODEL safe_anims\mcv_safe_nearwalltoidle_1_15.smd
SMD MODEL safe_anims\mcv_safe_nearwalltoidle_1_16.smd
SMD MODEL ..\..\..\MCV_SMD_OG\weapons\v_mk22\v_mk22_anims\bash.smd
SMD MODEL ..\..\..\MCV_SMD_OG\weapons\v_mk22\v_mk22_anims\bash_2.smd
SMD MODEL ..\..\..\MCV_SMD_OG\weapons\v_mk22\v_mk22_anims\holster.smd
Processing LOD for material: mk22
Processing LOD for material: shells_small
Processing LOD for material: mk22
Processing LOD for material: mod0
Processing LOD for material: mk22
Processing LOD for material: mod0
---------------------
writing C:\Program Files (x86)\Steam\steamapps\common\GarrysMod\garrysmod\addons\mcv\work\compile_test_game\models/weapons/mcv/v_mk22.mdl:
Loading preexisting model: C:\Program Files (x86)\Steam\steamapps\common\GarrysMod\garrysmod\addons\mcv\work\compile_test_game\models/weapons/mcv/v_mk22.mdl
WARNING: LoadPreexistingSequenceOrder: Zero-size file or no sequences.
bones        22300 bytes (97)
animations  364048 bytes (165 anims) (3639 frames) [1:43]
sequences     9868 bytes (26 seq) 
ik/pose        556 bytes
eyeballs         0 bytes (0 eyeballs)
flexes           0 bytes (0 flexes)
eyeballs         0 bytes (0 eyeballs)
flexes           0 bytes (0 flexes)
eyeballs         0 bytes (0 eyeballs)
flexes           0 bytes (0 flexes)
textures       208 bytes
keyvalues       20 bytes
bone transforms    13256 bytes
bone flex driver       0 bytes
collision        0 bytes
total       417216
---------------------
writing C:\Program Files (x86)\Steam\steamapps\common\GarrysMod\garrysmod\addons\mcv\work\compile_test_game\models/weapons/mcv/v_mk22.vvd:
vertices    165840 bytes (3455 vertices)
vertices     60672 bytes (1264 vertices)
vertices    104256 bytes (2172 vertices)
tangents     55280 bytes (3455 vertices)
tangents     20224 bytes (1264 vertices)
tangents     34752 bytes (2172 vertices)
total       441088 bytes
---------------------
Generating optimized mesh "C:\Program Files (x86)\Steam\steamapps\common\GarrysMod\garrysmod\addons\mcv\work\compile_test_game\models/weapons/mcv/v_mk22.dx80.vtx":
body parts:        16 bytes
models:            60 bytes
model LODs:        36 bytes
meshes:            54 bytes
strip groups:     150 bytes
strips:           162 bytes
verts:          62019 bytes
indices:        47478 bytes
bone changes:     128 bytes
everything:    110103 bytes
---------------------
Generating optimized mesh "C:\Program Files (x86)\Steam\steamapps\common\GarrysMod\garrysmod\addons\mcv\work\compile_test_game\models/weapons/mcv/v_mk22.dx90.vtx":
body parts:        16 bytes
models:            60 bytes
model LODs:        36 bytes
meshes:            54 bytes
strip groups:     150 bytes
strips:           162 bytes
verts:          62019 bytes
indices:        47478 bytes
bone changes:     128 bytes
everything:    110103 bytes

Completed "v_mk22.qc"
