StudioMDL.exe (Sep 16 2026) - Garry's Mod Edition
WARNING: Failed to load keyvalues file cfg/mount.cfg!
qdir:    "c:\program files (x86)\steam\steamapps\common\garrysmod\garrysmod\addons\mcv\work\mcv_smd_port\weapons\v_m79\"
gamedir: "C:\Program Files (x86)\Steam\steamapps\common\GarrysMod\garrysmod\addons\mcv\work\compile_test_game\"
g_path:  "C:\Program Files (x86)\Steam\steamapps\common\GarrysMod\garrysmod\addons\mcv\work\MCV_SMD_PORT\weapons\v_m79\v_m79.qc"
Building binary model files...
Working on "v_m79.qc"
SMD MODEL ..\..\..\MCV_SMD_OG\weapons\v_m79\RefM79_new.smd
SMD MODEL ..\..\..\MCV_SMD_OG\weapons\v_m79\40mm_explosive.smd
SMD MODEL ..\..\..\MCV_SMD_OG\weapons\v_m79\40mm_buckshot.smd
SMD MODEL ..\..\..\MCV_SMD_OG\weapons\v_m79\v_m79_anims\runIdle_a_corrective_animation.smd
SMD MODEL ..\..\..\MCV_SMD_OG\weapons\v_m79\v_m79_anims\run_a_corrective_animation.smd
SMD MODEL ..\..\..\MCV_SMD_OG\weapons\v_m79\v_m79_anims\walkIdle_a_corrective_animation.smd
SMD MODEL ..\..\..\MCV_SMD_OG\weapons\v_m79\v_m79_anims\walk_a_corrective_animation.smd
SMD MODEL ..\..\..\MCV_SMD_OG\weapons\v_m79\v_m79_anims\shoot1_a_corrective_animation.smd
SMD MODEL ..\..\..\MCV_SMD_OG\weapons\v_m79\v_m79_anims\shoot1_ironsight_a_corrective_animation.smd
SMD MODEL ..\..\..\MCV_SMD_OG\weapons\v_m79\v_m79_anims\basePose_a.smd
SMD MODEL ..\..\..\MCV_SMD_OG\weapons\v_m79\v_m79_anims\ironsight.smd
SMD MODEL ..\..\..\MCV_SMD_OG\weapons\v_m79\v_m79_anims\ironsight_transition.smd
SMD MODEL ..\..\..\MCV_SMD_OG\weapons\v_m79\v_m79_anims\runIdle_a.smd
SMD MODEL ..\..\..\MCV_SMD_OG\weapons\v_m79\v_m79_anims\run_a.smd
SMD MODEL ..\..\..\MCV_SMD_OG\weapons\v_m79\v_m79_anims\walkIdle_a.smd
SMD MODEL ..\..\..\MCV_SMD_OG\weapons\v_m79\v_m79_anims\walk_a.smd
SMD MODEL ..\..\..\MCV_SMD_OG\weapons\v_m79\v_m79_anims\shoot1_a.smd
SMD MODEL ..\..\..\MCV_SMD_OG\weapons\v_m79\v_m79_anims\shoot1_ironsight_a.smd
SMD MODEL ..\..\..\MCV_SMD_OG\weapons\v_m79\v_m79_anims\nearwall_s_a.smd
SMD MODEL ..\..\..\MCV_SMD_OG\weapons\v_m79\v_m79_anims\nearwall_s_a_i.smd
SMD MODEL ..\..\..\MCV_SMD_OG\weapons\v_m79\v_m79_anims\nearwall_a.smd
SMD MODEL ..\..\..\MCV_SMD_OG\weapons\v_m79\v_m79_anims\nearwall_a_i.smd
SMD MODEL ..\..\..\MCV_SMD_OG\weapons\v_m79\v_m79_anims\nearwall_e_a.smd
SMD MODEL ..\..\..\MCV_SMD_OG\weapons\v_m79\v_m79_anims\nearwall_e_a_i.smd
SMD MODEL ..\..\..\MCV_SMD_OG\weapons\v_m79\v_m79_anims\proneF.smd
SMD MODEL ..\..\..\MCV_SMD_OG\weapons\v_m79\v_m79_anims\proneB.smd
SMD MODEL ..\..\..\MCV_SMD_OG\weapons\v_m79\v_m79_anims\proneL.smd
SMD MODEL ..\..\..\MCV_SMD_OG\weapons\v_m79\v_m79_anims\proneR.smd
SMD MODEL ..\..\..\MCV_SMD_OG\weapons\v_m79\v_m79_anims\pickup_s_a.smd
SMD MODEL ..\..\..\MCV_SMD_OG\weapons\v_m79\v_m79_anims\pickup_s_a_i.smd
SMD MODEL ..\..\..\MCV_SMD_OG\weapons\v_m79\v_m79_anims\pickup_a.smd
SMD MODEL ..\..\..\MCV_SMD_OG\weapons\v_m79\v_m79_anims\pickup_a_i.smd
SMD MODEL ..\..\..\MCV_SMD_OG\weapons\v_m79\v_m79_anims\pickup_e_a.smd
SMD MODEL ..\..\..\MCV_SMD_OG\weapons\v_m79\v_m79_anims\pickup_e_a_i.smd
SMD MODEL ..\..\..\MCV_SMD_OG\weapons\v_m79\v_m79_anims\draw.smd
SMD MODEL ..\..\..\MCV_SMD_OG\weapons\v_m79\v_m79_anims\draw_2.smd
SMD MODEL ..\..\..\MCV_SMD_OG\weapons\v_m79\v_m79_anims\Firstdraw.smd
SMD MODEL ..\..\..\MCV_SMD_OG\weapons\v_m79\v_m79_anims\Firstdraw_2.smd
SMD MODEL ..\..\..\MCV_SMD_OG\weapons\v_m79\v_m79_anims\reload.smd
SMD MODEL ..\..\..\MCV_SMD_OG\weapons\v_m79\v_m79_anims\reload_2.smd
SMD MODEL safe_anims\mcv_safe_idletonearwall_0_00.smd
SMD MODEL safe_anims\mcv_safe_idletonearwall_0_01.smd
SMD MODEL safe_anims\mcv_safe_idletonearwall_0_02.smd
SMD MODEL safe_anims\mcv_safe_idletonearwall_0_03.smd
SMD MODEL safe_anims\mcv_safe_idletonearwall_0_04.smd
SMD MODEL safe_anims\mcv_safe_idletonearwall_0_05.smd
SMD MODEL safe_anims\mcv_safe_idletonearwall_0_06.smd
SMD MODEL safe_anims\mcv_safe_idletonearwall_0_07.smd
SMD MODEL safe_anims\mcv_safe_idletonearwall_0_08.smd
SMD MODEL safe_anims\mcv_safe_idletonearwall_0_09.smd
SMD MODEL safe_anims\mcv_safe_idletonearwall_0_10.smd
SMD MODEL safe_anims\mcv_safe_idletonearwall_0_11.smd
SMD MODEL safe_anims\mcv_safe_idletonearwall_0_12.smd
SMD MODEL safe_anims\mcv_safe_idletonearwall_0_13.smd
SMD MODEL safe_anims\mcv_safe_idletonearwall_0_14.smd
SMD MODEL safe_anims\mcv_safe_idletonearwall_0_15.smd
SMD MODEL safe_anims\mcv_safe_idletonearwall_0_16.smd
SMD MODEL safe_anims\mcv_safe_idletonearwall_1_00.smd
SMD MODEL safe_anims\mcv_safe_idletonearwall_1_01.smd
SMD MODEL safe_anims\mcv_safe_idletonearwall_1_02.smd
SMD MODEL safe_anims\mcv_safe_idletonearwall_1_03.smd
SMD MODEL safe_anims\mcv_safe_idletonearwall_1_04.smd
SMD MODEL safe_anims\mcv_safe_idletonearwall_1_05.smd
SMD MODEL safe_anims\mcv_safe_idletonearwall_1_06.smd
SMD MODEL safe_anims\mcv_safe_idletonearwall_1_07.smd
SMD MODEL safe_anims\mcv_safe_idletonearwall_1_08.smd
SMD MODEL safe_anims\mcv_safe_idletonearwall_1_09.smd
SMD MODEL safe_anims\mcv_safe_idletonearwall_1_10.smd
SMD MODEL safe_anims\mcv_safe_idletonearwall_1_11.smd
SMD MODEL safe_anims\mcv_safe_idletonearwall_1_12.smd
SMD MODEL safe_anims\mcv_safe_idletonearwall_1_13.smd
SMD MODEL safe_anims\mcv_safe_idletonearwall_1_14.smd
SMD MODEL safe_anims\mcv_safe_idletonearwall_1_15.smd
SMD MODEL safe_anims\mcv_safe_idletonearwall_1_16.smd
SMD MODEL safe_anims\mcv_safe_nearwall_0_00.smd
SMD MODEL safe_anims\mcv_safe_nearwall_0_01.smd
SMD MODEL safe_anims\mcv_safe_nearwall_0_02.smd
SMD MODEL safe_anims\mcv_safe_nearwall_0_03.smd
SMD MODEL safe_anims\mcv_safe_nearwall_0_04.smd
SMD MODEL safe_anims\mcv_safe_nearwall_0_05.smd
SMD MODEL safe_anims\mcv_safe_nearwall_0_06.smd
SMD MODEL safe_anims\mcv_safe_nearwall_0_07.smd
SMD MODEL safe_anims\mcv_safe_nearwall_0_08.smd
SMD MODEL safe_anims\mcv_safe_nearwall_0_09.smd
SMD MODEL safe_anims\mcv_safe_nearwall_0_10.smd
SMD MODEL safe_anims\mcv_safe_nearwall_0_11.smd
SMD MODEL safe_anims\mcv_safe_nearwall_0_12.smd
SMD MODEL safe_anims\mcv_safe_nearwall_0_13.smd
SMD MODEL safe_anims\mcv_safe_nearwall_0_14.smd
SMD MODEL safe_anims\mcv_safe_nearwall_0_15.smd
SMD MODEL safe_anims\mcv_safe_nearwall_0_16.smd
SMD MODEL safe_anims\mcv_safe_nearwall_1_00.smd
SMD MODEL safe_anims\mcv_safe_nearwall_1_01.smd
SMD MODEL safe_anims\mcv_safe_nearwall_1_02.smd
SMD MODEL safe_anims\mcv_safe_nearwall_1_03.smd
SMD MODEL safe_anims\mcv_safe_nearwall_1_04.smd
SMD MODEL safe_anims\mcv_safe_nearwall_1_05.smd
SMD MODEL safe_anims\mcv_safe_nearwall_1_06.smd
SMD MODEL safe_anims\mcv_safe_nearwall_1_07.smd
SMD MODEL safe_anims\mcv_safe_nearwall_1_08.smd
SMD MODEL safe_anims\mcv_safe_nearwall_1_09.smd
SMD MODEL safe_anims\mcv_safe_nearwall_1_10.smd
SMD MODEL safe_anims\mcv_safe_nearwall_1_11.smd
SMD MODEL safe_anims\mcv_safe_nearwall_1_12.smd
SMD MODEL safe_anims\mcv_safe_nearwall_1_13.smd
SMD MODEL safe_anims\mcv_safe_nearwall_1_14.smd
SMD MODEL safe_anims\mcv_safe_nearwall_1_15.smd
SMD MODEL safe_anims\mcv_safe_nearwall_1_16.smd
SMD MODEL safe_anims\mcv_safe_nearwalltoidle_0_00.smd
SMD MODEL safe_anims\mcv_safe_nearwalltoidle_0_01.smd
SMD MODEL safe_anims\mcv_safe_nearwalltoidle_0_02.smd
SMD MODEL safe_anims\mcv_safe_nearwalltoidle_0_03.smd
SMD MODEL safe_anims\mcv_safe_nearwalltoidle_0_04.smd
SMD MODEL safe_anims\mcv_safe_nearwalltoidle_0_05.smd
SMD MODEL safe_anims\mcv_safe_nearwalltoidle_0_06.smd
SMD MODEL safe_anims\mcv_safe_nearwalltoidle_0_07.smd
SMD MODEL safe_anims\mcv_safe_nearwalltoidle_0_08.smd
SMD MODEL safe_anims\mcv_safe_nearwalltoidle_0_09.smd
SMD MODEL safe_anims\mcv_safe_nearwalltoidle_0_10.smd
SMD MODEL safe_anims\mcv_safe_nearwalltoidle_0_11.smd
SMD MODEL safe_anims\mcv_safe_nearwalltoidle_0_12.smd
SMD MODEL safe_anims\mcv_safe_nearwalltoidle_0_13.smd
SMD MODEL safe_anims\mcv_safe_nearwalltoidle_0_14.smd
SMD MODEL safe_anims\mcv_safe_nearwalltoidle_0_15.smd
SMD MODEL safe_anims\mcv_safe_nearwalltoidle_0_16.smd
SMD MODEL safe_anims\mcv_safe_nearwalltoidle_1_00.smd
SMD MODEL safe_anims\mcv_safe_nearwalltoidle_1_01.smd
SMD MODEL safe_anims\mcv_safe_nearwalltoidle_1_02.smd
SMD MODEL safe_anims\mcv_safe_nearwalltoidle_1_03.smd
SMD MODEL safe_anims\mcv_safe_nearwalltoidle_1_04.smd
SMD MODEL safe_anims\mcv_safe_nearwalltoidle_1_05.smd
SMD MODEL safe_anims\mcv_safe_nearwalltoidle_1_06.smd
SMD MODEL safe_anims\mcv_safe_nearwalltoidle_1_07.smd
SMD MODEL safe_anims\mcv_safe_nearwalltoidle_1_08.smd
SMD MODEL safe_anims\mcv_safe_nearwalltoidle_1_09.smd
SMD MODEL safe_anims\mcv_safe_nearwalltoidle_1_10.smd
SMD MODEL safe_anims\mcv_safe_nearwalltoidle_1_11.smd
SMD MODEL safe_anims\mcv_safe_nearwalltoidle_1_12.smd
SMD MODEL safe_anims\mcv_safe_nearwalltoidle_1_13.smd
SMD MODEL safe_anims\mcv_safe_nearwalltoidle_1_14.smd
SMD MODEL safe_anims\mcv_safe_nearwalltoidle_1_15.smd
SMD MODEL safe_anims\mcv_safe_nearwalltoidle_1_16.smd
SMD MODEL ..\..\..\MCV_SMD_OG\weapons\v_m79\v_m79_anims\bash.smd
SMD MODEL ..\..\..\MCV_SMD_OG\weapons\v_m79\v_m79_anims\bash_2.smd
SMD MODEL ..\..\..\MCV_SMD_OG\weapons\v_m79\v_m79_anims\holster.smd
SMD MODEL live_reload/reload_live_0.smd
SMD MODEL live_reload/reload_live_1.smd
Processing LOD for material: m79
Processing LOD for material: shells_big
Processing LOD for material: xm576
---------------------
writing C:\Program Files (x86)\Steam\steamapps\common\GarrysMod\garrysmod\addons\mcv\work\compile_test_game\models/weapons/mcv/v_m79.mdl:
Loading preexisting model: C:\Program Files (x86)\Steam\steamapps\common\GarrysMod\garrysmod\addons\mcv\work\compile_test_game\models/weapons/mcv/v_m79.mdl
WARNING: LoadPreexistingSequenceOrder: Zero-size file or no sequences.
bones        22124 bytes (96)
animations  406184 bytes (147 anims) (4679 frames) [2:01]
sequences     7516 bytes (19 seq) 
ik/pose        536 bytes
eyeballs         0 bytes (0 eyeballs)
flexes           0 bytes (0 flexes)
eyeballs         0 bytes (0 eyeballs)
flexes           0 bytes (0 flexes)
eyeballs         0 bytes (0 eyeballs)
flexes           0 bytes (0 flexes)
textures       280 bytes
keyvalues       20 bytes
bone transforms    13120 bytes
bone flex driver       0 bytes
collision        0 bytes
total       455832
---------------------
writing C:\Program Files (x86)\Steam\steamapps\common\GarrysMod\garrysmod\addons\mcv\work\compile_test_game\models/weapons/mcv/v_m79.vvd:
vertices    568848 bytes (11851 vertices)
vertices     22272 bytes (464 vertices)
vertices     84384 bytes (1758 vertices)
tangents    189616 bytes (11851 vertices)
tangents      7424 bytes (464 vertices)
tangents     28128 bytes (1758 vertices)
total       900736 bytes
---------------------
Generating optimized mesh "C:\Program Files (x86)\Steam\steamapps\common\GarrysMod\garrysmod\addons\mcv\work\compile_test_game\models/weapons/mcv/v_m79.dx80.vtx":
body parts:        16 bytes
models:            60 bytes
model LODs:        36 bytes
meshes:            27 bytes
strip groups:      75 bytes
strips:            81 bytes
verts:         126657 bytes
indices:        99252 bytes
bone changes:      72 bytes
everything:    226276 bytes
---------------------
Generating optimized mesh "C:\Program Files (x86)\Steam\steamapps\common\GarrysMod\garrysmod\addons\mcv\work\compile_test_game\models/weapons/mcv/v_m79.dx90.vtx":
body parts:        16 bytes
models:            60 bytes
model LODs:        36 bytes
meshes:            27 bytes
strip groups:      75 bytes
strips:            81 bytes
verts:         126657 bytes
indices:        99252 bytes
bone changes:      72 bytes
everything:    226276 bytes

Completed "v_m79.qc"
