StudioMDL.exe (Apr 27 2026) - Garry's Mod Edition
WARNING: Failed to load keyvalues file cfg/mount.cfg!
qdir:    "c:\program files (x86)\steam\steamapps\common\garrysmod\garrysmod\addons\mcv\work\mcv_smd_port\weapons\w_akm\"
gamedir: "C:\Program Files (x86)\Steam\steamapps\common\GarrysMod\garrysmod\addons\mcv\work\compile_test_game\"
g_path:  "C:\Program Files (x86)\Steam\steamapps\common\GarrysMod\garrysmod\addons\mcv\work\MCV_SMD_PORT\weapons\w_akm\w_akm.qc"
Building binary model files...
Working on "w_akm.qc"
SMD MODEL ..\..\..\MCV_SMD_OG\weapons\w_akm\w_akm_lod0.smd
SMD MODEL ..\..\..\MCV_SMD_OG\weapons\w_akm\w_ak_akb_lod0.smd
SMD MODEL ..\..\..\MCV_SMD_OG\weapons\w_akm\w_akm_lod0_lod1.smd
SMD MODEL ..\..\..\MCV_SMD_OG\weapons\w_akm\w_ak_akb_lod0_lod1.smd
SMD MODEL ..\..\..\MCV_SMD_OG\weapons\w_akm\w_akm_lod0_lod2.smd
SMD MODEL ..\..\..\MCV_SMD_OG\weapons\w_akm\w_ak_akb_lod0_lod2.smd
SMD MODEL ..\..\..\MCV_SMD_OG\weapons\w_akm\w_akm_anims\idle.smd
SMD MODEL ..\..\..\MCV_SMD_OG\weapons\w_akm\w_akm_physics.smd
Processing LOD for material: w_akm
Lod 1: vertexes: 3159 (801 new)
Lod 2: vertexes: 3582 (423 new)
Processing LOD for material: w_akb
Lod 1: vertexes: 630 (168 new)
Lod 2: vertexes: 720 (90 new)
Model has 8 convex sub-parts
Collision model completed.
---------------------
writing C:\Program Files (x86)\Steam\steamapps\common\GarrysMod\garrysmod\addons\mcv\work\compile_test_game\models/weapons\mcv\w_akm.mdl:
Loading preexisting model: C:\Program Files (x86)\Steam\steamapps\common\GarrysMod\garrysmod\addons\mcv\work\compile_test_game\models/weapons\mcv\w_akm.mdl
   Found 1 preexisting sequences.
bones         1956 bytes (4)
animations     132 bytes (1 anims) (1 frames) [0:00]
Building sequence index remapping table...
No re-ordering required.
sequences      232 bytes (1 seq) 
ik/pose        476 bytes
eyeballs         0 bytes (0 eyeballs)
flexes           0 bytes (0 flexes)
eyeballs         0 bytes (0 eyeballs)
flexes           0 bytes (0 flexes)
eyeballs         0 bytes (0 eyeballs)
flexes           0 bytes (0 flexes)
textures       144 bytes
keyvalues       20 bytes
bone transforms      608 bytes
bone flex driver       0 bytes
Collision model volume 154.17 in^3
collision        0 bytes
total         4060
---------------------
writing C:\Program Files (x86)\Steam\steamapps\common\GarrysMod\garrysmod\addons\mcv\work\compile_test_game\models/weapons\mcv\w_akm.vvd:
vertices    171936 bytes (3582 vertices)
vertices     34560 bytes (720 vertices)
tangents     57312 bytes (3582 vertices)
tangents     11520 bytes (720 vertices)
total       275392 bytes
---------------------
Generating optimized mesh "C:\Program Files (x86)\Steam\steamapps\common\GarrysMod\garrysmod\addons\mcv\work\compile_test_game\models/weapons\mcv\w_akm.dx80.vtx":
body parts:        16 bytes
models:           132 bytes
model LODs:       108 bytes
meshes:            54 bytes
strip groups:     150 bytes
strips:           162 bytes
verts:          45054 bytes
indices:        27504 bytes
bone changes:      96 bytes
everything:     73204 bytes
---------------------
Generating optimized mesh "C:\Program Files (x86)\Steam\steamapps\common\GarrysMod\garrysmod\addons\mcv\work\compile_test_game\models/weapons\mcv\w_akm.dx90.vtx":
body parts:        16 bytes
models:           132 bytes
model LODs:       108 bytes
meshes:            54 bytes
strip groups:     150 bytes
strips:           162 bytes
verts:          45054 bytes
indices:        27504 bytes
bone changes:      96 bytes
everything:     73204 bytes

Completed "w_akm.qc"
