StudioMDL.exe (Apr 27 2026) - Garry's Mod Edition
WARNING: Failed to load keyvalues file cfg/mount.cfg!
qdir:    "c:\program files (x86)\steam\steamapps\common\garrysmod\garrysmod\addons\mcv\work\mcv_smd_port\weapons\w_bar_l\"
gamedir: "C:\Program Files (x86)\Steam\steamapps\common\GarrysMod\garrysmod\addons\mcv\work\compile_test_game\"
g_path:  "C:\Program Files (x86)\Steam\steamapps\common\GarrysMod\garrysmod\addons\mcv\work\MCV_SMD_PORT\weapons\w_bar_l\w_bar_l.qc"
Building binary model files...
Working on "w_bar_l.qc"
SMD MODEL ..\..\..\MCV_SMD_OG\weapons\w_bar_l\w_bar_l_lod0.smd
SMD MODEL ..\..\..\MCV_SMD_OG\weapons\w_bar_l\w_bar_bp0_lod0.smd
SMD MODEL ..\..\..\MCV_SMD_OG\weapons\w_bar_l\w_bar_bp1_lod0.smd
SMD MODEL ..\..\..\MCV_SMD_OG\weapons\w_bar_l\w_bar_var_l_lod0.smd
SMD MODEL ..\..\..\MCV_SMD_OG\weapons\w_bar_l\w_bar_var_u_lod0.smd
SMD MODEL ..\..\..\MCV_SMD_OG\weapons\w_bar_l\w_bar_l_lod0_lod1.smd
SMD MODEL ..\..\..\MCV_SMD_OG\weapons\w_bar_l\w_bar_bp0_lod0_lod1.smd
SMD MODEL ..\..\..\MCV_SMD_OG\weapons\w_bar_l\w_bar_bp1_lod0_lod1.smd
SMD MODEL ..\..\..\MCV_SMD_OG\weapons\w_bar_l\w_bar_var_l_lod0_lod1.smd
SMD MODEL ..\..\..\MCV_SMD_OG\weapons\w_bar_l\w_bar_var_u_lod0_lod1.smd
SMD MODEL ..\..\..\MCV_SMD_OG\weapons\w_bar_l\w_bar_l_lod0_lod2.smd
SMD MODEL ..\..\..\MCV_SMD_OG\weapons\w_bar_l\w_bar_bp0_lod0_lod2.smd
SMD MODEL ..\..\..\MCV_SMD_OG\weapons\w_bar_l\w_bar_bp1_lod0_lod2.smd
SMD MODEL ..\..\..\MCV_SMD_OG\weapons\w_bar_l\w_bar_var_l_lod0_lod2.smd
SMD MODEL ..\..\..\MCV_SMD_OG\weapons\w_bar_l\w_bar_var_u_lod0_lod2.smd
SMD MODEL ..\..\..\MCV_SMD_OG\weapons\w_bar_l\w_bar_l_anims\idle.smd
SMD MODEL ..\..\..\MCV_SMD_OG\weapons\w_bar_l\w_bar_l_physics.smd
Processing LOD for material: w_bar_l
Lod 1: vertexes: 2704 (739 new)
Lod 2: vertexes: 3120 (416 new)
Processing LOD for material: w_bar_l
Lod 1: vertexes: 892 (180 new)
Lod 2: vertexes: 1032 (140 new)
Processing LOD for material: w_bar_l
Lod 1: vertexes: 942 (230 new)
Lod 2: vertexes: 1072 (130 new)
Processing LOD for material: w_bar_l
Lod 1: vertexes: 646 (196 new)
Lod 2: vertexes: 738 (92 new)
Processing LOD for material: w_bar_l_mag
Processing LOD for material: w_bar_l
Model has 5 convex sub-parts
Collision model completed.
---------------------
writing C:\Program Files (x86)\Steam\steamapps\common\GarrysMod\garrysmod\addons\mcv\work\compile_test_game\models/weapons\mcv\w_bar_l.mdl:
Loading preexisting model: C:\Program Files (x86)\Steam\steamapps\common\GarrysMod\garrysmod\addons\mcv\work\compile_test_game\models/weapons\mcv\w_bar_l.mdl
   Found 1 preexisting sequences.
bones         1672 bytes (3)
animations     128 bytes (1 anims) (1 frames) [0:00]
Building sequence index remapping table...
No re-ordering required.
sequences      228 bytes (1 seq) 
ik/pose        936 bytes
eyeballs         0 bytes (0 eyeballs)
flexes           0 bytes (0 flexes)
eyeballs         0 bytes (0 eyeballs)
flexes           0 bytes (0 flexes)
eyeballs         0 bytes (0 eyeballs)
flexes           0 bytes (0 flexes)
eyeballs         0 bytes (0 eyeballs)
flexes           0 bytes (0 flexes)
eyeballs         0 bytes (0 eyeballs)
flexes           0 bytes (0 flexes)
eyeballs         0 bytes (0 eyeballs)
flexes           0 bytes (0 flexes)
textures       140 bytes
keyvalues       20 bytes
bone transforms      472 bytes
bone flex driver       0 bytes
Collision model volume 226.89 in^3
collision        0 bytes
total         4516
---------------------
writing C:\Program Files (x86)\Steam\steamapps\common\GarrysMod\garrysmod\addons\mcv\work\compile_test_game\models/weapons\mcv\w_bar_l.vvd:
vertices    149760 bytes (3120 vertices)
vertices     49536 bytes (1032 vertices)
vertices     51456 bytes (1072 vertices)
vertices     40128 bytes (836 vertices)
vertices      1728 bytes (36 vertices)
tangents     49920 bytes (3120 vertices)
tangents     16512 bytes (1032 vertices)
tangents     17152 bytes (1072 vertices)
tangents     13376 bytes (836 vertices)
tangents       576 bytes (36 vertices)
total       390208 bytes
---------------------
Generating optimized mesh "C:\Program Files (x86)\Steam\steamapps\common\GarrysMod\garrysmod\addons\mcv\work\compile_test_game\models/weapons\mcv\w_bar_l.dx80.vtx":
body parts:        24 bytes
models:           264 bytes
model LODs:       216 bytes
meshes:           162 bytes
strip groups:     450 bytes
strips:           486 bytes
verts:          63018 bytes
indices:        35550 bytes
bone changes:     168 bytes
everything:    100158 bytes
---------------------
Generating optimized mesh "C:\Program Files (x86)\Steam\steamapps\common\GarrysMod\garrysmod\addons\mcv\work\compile_test_game\models/weapons\mcv\w_bar_l.dx90.vtx":
body parts:        24 bytes
models:           264 bytes
model LODs:       216 bytes
meshes:           162 bytes
strip groups:     450 bytes
strips:           486 bytes
verts:          63018 bytes
indices:        35550 bytes
bone changes:     168 bytes
everything:    100158 bytes

Completed "w_bar_l.qc"
