StudioMDL.exe (Apr 27 2026) - Garry's Mod Edition
WARNING: Failed to load keyvalues file cfg/mount.cfg!
qdir:    "c:\program files (x86)\steam\steamapps\common\garrysmod\garrysmod\addons\mcv\work\mcv_smd_port\weapons\w_cobra\"
gamedir: "C:\Program Files (x86)\Steam\steamapps\common\GarrysMod\garrysmod\addons\mcv\work\compile_test_game\"
g_path:  "C:\Program Files (x86)\Steam\steamapps\common\GarrysMod\garrysmod\addons\mcv\work\MCV_SMD_PORT\weapons\w_cobra\w_cobra.qc"
Building binary model files...
Working on "w_cobra.qc"
SMD MODEL ..\..\..\MCV_SMD_OG\weapons\w_cobra\w_cobra_lod0.smd
SMD MODEL ..\..\..\MCV_SMD_OG\weapons\w_cobra\w_cobra_lod0_lod1.smd
SMD MODEL ..\..\..\MCV_SMD_OG\weapons\w_cobra\w_cobra_lod0_lod2.smd
SMD MODEL ..\..\..\MCV_SMD_OG\weapons\w_cobra\w_cobra_anims\idle.smd
SMD MODEL ..\..\..\MCV_SMD_OG\weapons\w_cobra\w_cobra_physics.smd
Processing LOD for material: w_cobra
Lod 1: vertexes: 1430 (87 new)
Lod 2: vertexes: 1568 (138 new)
Model has 3 convex sub-parts
Collision model completed.
---------------------
writing C:\Program Files (x86)\Steam\steamapps\common\GarrysMod\garrysmod\addons\mcv\work\compile_test_game\models/weapons\mcv\w_cobra.mdl:
Loading preexisting model: C:\Program Files (x86)\Steam\steamapps\common\GarrysMod\garrysmod\addons\mcv\work\compile_test_game\models/weapons\mcv\w_cobra.mdl
   Found 1 preexisting sequences.
bones         1672 bytes (3)
animations     128 bytes (1 anims) (1 frames) [0:00]
Building sequence index remapping table...
No re-ordering required.
sequences      228 bytes (1 seq) 
ik/pose        164 bytes
eyeballs         0 bytes (0 eyeballs)
flexes           0 bytes (0 flexes)
textures        72 bytes
keyvalues       20 bytes
bone transforms      472 bytes
bone flex driver       0 bytes
Collision model volume 131.01 in^3
collision        0 bytes
total         3064
---------------------
writing C:\Program Files (x86)\Steam\steamapps\common\GarrysMod\garrysmod\addons\mcv\work\compile_test_game\models/weapons\mcv\w_cobra.vvd:
vertices     75264 bytes (1568 vertices)
tangents     25088 bytes (1568 vertices)
total       100416 bytes
---------------------
Generating optimized mesh "C:\Program Files (x86)\Steam\steamapps\common\GarrysMod\garrysmod\addons\mcv\work\compile_test_game\models/weapons\mcv\w_cobra.dx80.vtx":
body parts:         8 bytes
models:            44 bytes
model LODs:        36 bytes
meshes:            27 bytes
strip groups:      75 bytes
strips:            81 bytes
verts:          28980 bytes
indices:        17238 bytes
bone changes:      72 bytes
everything:     46561 bytes
---------------------
Generating optimized mesh "C:\Program Files (x86)\Steam\steamapps\common\GarrysMod\garrysmod\addons\mcv\work\compile_test_game\models/weapons\mcv\w_cobra.dx90.vtx":
body parts:         8 bytes
models:            44 bytes
model LODs:        36 bytes
meshes:            27 bytes
strip groups:      75 bytes
strips:            81 bytes
verts:          28980 bytes
indices:        17238 bytes
bone changes:      72 bytes
everything:     46561 bytes

Completed "w_cobra.qc"
