StudioMDL.exe (Apr 27 2026) - Garry's Mod Edition
WARNING: Failed to load keyvalues file cfg/mount.cfg!
qdir:    "c:\program files (x86)\steam\steamapps\common\garrysmod\garrysmod\addons\mcv\work\mcv_smd_port\weapons\w_gewehr43\"
gamedir: "C:\Program Files (x86)\Steam\steamapps\common\GarrysMod\garrysmod\addons\mcv\work\compile_test_game\"
g_path:  "C:\Program Files (x86)\Steam\steamapps\common\GarrysMod\garrysmod\addons\mcv\work\MCV_SMD_PORT\weapons\w_gewehr43\w_gewehr43.qc"
Building binary model files...
Working on "w_gewehr43.qc"
SMD MODEL ..\..\..\MCV_SMD_OG\weapons\w_gewehr43\w_gewehr43_lod0.smd
SMD MODEL ..\..\..\MCV_SMD_OG\weapons\w_gewehr43\w_bayonet_lod0.smd
SMD MODEL ..\..\..\MCV_SMD_OG\weapons\w_gewehr43\w_grenade_mount_lod0.smd
SMD MODEL ..\..\..\MCV_SMD_OG\weapons\w_gewehr43\w_grenade_lod0.smd
SMD MODEL ..\..\..\MCV_SMD_OG\weapons\w_gewehr43\w_gewehr43_lod0_lod1.smd
SMD MODEL ..\..\..\MCV_SMD_OG\weapons\w_gewehr43\w_bayonet_lod0_lod1.smd
SMD MODEL ..\..\..\MCV_SMD_OG\weapons\w_gewehr43\w_grenade_mount_lod0_lod1.smd
SMD MODEL ..\..\..\MCV_SMD_OG\weapons\w_gewehr43\w_grenade_lod0_lod1.smd
SMD MODEL ..\..\..\MCV_SMD_OG\weapons\w_gewehr43\w_gewehr43_lod0_lod2.smd
SMD MODEL ..\..\..\MCV_SMD_OG\weapons\w_gewehr43\w_bayonet_lod0_lod2.smd
SMD MODEL ..\..\..\MCV_SMD_OG\weapons\w_gewehr43\w_grenade_mount_lod0_lod2.smd
SMD MODEL ..\..\..\MCV_SMD_OG\weapons\w_gewehr43\w_grenade_lod0_lod2.smd
SMD MODEL ..\..\..\MCV_SMD_OG\weapons\w_gewehr43\w_gewehr43_anims\idle.smd
SMD MODEL ..\..\..\MCV_SMD_OG\weapons\w_gewehr43\w_gewehr43_physics.smd
Processing LOD for material: w_gewehr43
Lod 1: vertexes: 1576 (122 new)
Lod 2: vertexes: 1755 (179 new)
Processing LOD for material: w_s8498_bayonet
Processing LOD for material: w_german_riflegrenade
Processing LOD for material: w_german_riflegrenade
Model has 1 convex sub-parts
Collision model completed.
---------------------
writing C:\Program Files (x86)\Steam\steamapps\common\GarrysMod\garrysmod\addons\mcv\work\compile_test_game\models/weapons\mcv\w_gewehr43.mdl:
Loading preexisting model: C:\Program Files (x86)\Steam\steamapps\common\GarrysMod\garrysmod\addons\mcv\work\compile_test_game\models/weapons\mcv\w_gewehr43.mdl
   Found 1 preexisting sequences.
bones         1888 bytes (4)
animations     136 bytes (1 anims) (1 frames) [0:00]
Building sequence index remapping table...
No re-ordering required.
sequences      232 bytes (1 seq) 
ik/pose       1100 bytes
eyeballs         0 bytes (0 eyeballs)
flexes           0 bytes (0 flexes)
eyeballs         0 bytes (0 eyeballs)
flexes           0 bytes (0 flexes)
eyeballs         0 bytes (0 eyeballs)
flexes           0 bytes (0 flexes)
eyeballs         0 bytes (0 eyeballs)
flexes           0 bytes (0 flexes)
eyeballs         0 bytes (0 eyeballs)
flexes           0 bytes (0 flexes)
eyeballs         0 bytes (0 eyeballs)
flexes           0 bytes (0 flexes)
eyeballs         0 bytes (0 eyeballs)
flexes           0 bytes (0 flexes)
textures       220 bytes
keyvalues       20 bytes
bone transforms      608 bytes
bone flex driver       0 bytes
Collision model volume 226.67 in^3
collision        0 bytes
total         5048
---------------------
writing C:\Program Files (x86)\Steam\steamapps\common\GarrysMod\garrysmod\addons\mcv\work\compile_test_game\models/weapons\mcv\w_gewehr43.vvd:
vertices     84240 bytes (1755 vertices)
vertices      8688 bytes (181 vertices)
vertices     22656 bytes (472 vertices)
vertices      8352 bytes (174 vertices)
tangents     28080 bytes (1755 vertices)
tangents      2896 bytes (181 vertices)
tangents      7552 bytes (472 vertices)
tangents      2784 bytes (174 vertices)
total       165312 bytes
---------------------
Generating optimized mesh "C:\Program Files (x86)\Steam\steamapps\common\GarrysMod\garrysmod\addons\mcv\work\compile_test_game\models/weapons\mcv\w_gewehr43.dx80.vtx":
body parts:        32 bytes
models:           308 bytes
model LODs:       252 bytes
meshes:           108 bytes
strip groups:     300 bytes
strips:           324 bytes
verts:          48033 bytes
indices:        32292 bytes
bone changes:     144 bytes
everything:     81577 bytes
---------------------
Generating optimized mesh "C:\Program Files (x86)\Steam\steamapps\common\GarrysMod\garrysmod\addons\mcv\work\compile_test_game\models/weapons\mcv\w_gewehr43.dx90.vtx":
body parts:        32 bytes
models:           308 bytes
model LODs:       252 bytes
meshes:           108 bytes
strip groups:     300 bytes
strips:           324 bytes
verts:          48033 bytes
indices:        32292 bytes
bone changes:     144 bytes
everything:     81577 bytes

Completed "w_gewehr43.qc"
