StudioMDL.exe (Apr 27 2026) - Garry's Mod Edition
WARNING: Failed to load keyvalues file cfg/mount.cfg!
qdir:    "c:\program files (x86)\steam\steamapps\common\garrysmod\garrysmod\addons\mcv\work\mcv_smd_port\weapons\w_gyrojet_carbine\"
gamedir: "C:\Program Files (x86)\Steam\steamapps\common\GarrysMod\garrysmod\addons\mcv\work\compile_test_game\"
g_path:  "C:\Program Files (x86)\Steam\steamapps\common\GarrysMod\garrysmod\addons\mcv\work\MCV_SMD_PORT\weapons\w_gyrojet_carbine\w_gyrojet_carbine.qc"
Building binary model files...
Working on "w_gyrojet_carbine.qc"
SMD MODEL ..\..\..\MCV_SMD_OG\weapons\w_gyrojet_carbine\w_gyrojet_carbine_lod0.smd
SMD MODEL ..\..\..\MCV_SMD_OG\weapons\w_gyrojet_carbine\w_gyrojet_carbine_lod0_lod1.smd
SMD MODEL ..\..\..\MCV_SMD_OG\weapons\w_gyrojet_carbine\w_gyrojet_carbine_lod0_lod2.smd
SMD MODEL ..\..\..\MCV_SMD_OG\weapons\w_gyrojet_carbine\w_gyrojet_carbine_anims\idle.smd
SMD MODEL ..\..\..\MCV_SMD_OG\weapons\w_gyrojet_carbine\w_gyrojet_carbine_physics.smd
Processing LOD for material: w_gyrojet_carbine
Lod 1: vertexes: 1233 (154 new)
Lod 2: vertexes: 1386 (153 new)
Model has 1 convex sub-parts
Collision model completed.
---------------------
writing C:\Program Files (x86)\Steam\steamapps\common\GarrysMod\garrysmod\addons\mcv\work\compile_test_game\models/weapons\mcv\w_gyrojet_carbine.mdl:
Loading preexisting model: C:\Program Files (x86)\Steam\steamapps\common\GarrysMod\garrysmod\addons\mcv\work\compile_test_game\models/weapons\mcv\w_gyrojet_carbine.mdl
   Found 1 preexisting sequences.
bones         1272 bytes (2)
animations     128 bytes (1 anims) (1 frames) [0:00]
Building sequence index remapping table...
No re-ordering required.
sequences      224 bytes (1 seq) 
ik/pose        164 bytes
eyeballs         0 bytes (0 eyeballs)
flexes           0 bytes (0 flexes)
textures        76 bytes
keyvalues       20 bytes
bone transforms      336 bytes
bone flex driver       0 bytes
Collision model volume 343.11 in^3
collision        0 bytes
total         2504
---------------------
writing C:\Program Files (x86)\Steam\steamapps\common\GarrysMod\garrysmod\addons\mcv\work\compile_test_game\models/weapons\mcv\w_gyrojet_carbine.vvd:
vertices     66528 bytes (1386 vertices)
tangents     22176 bytes (1386 vertices)
total        88768 bytes
---------------------
Generating optimized mesh "C:\Program Files (x86)\Steam\steamapps\common\GarrysMod\garrysmod\addons\mcv\work\compile_test_game\models/weapons\mcv\w_gyrojet_carbine.dx80.vtx":
body parts:         8 bytes
models:            44 bytes
model LODs:        36 bytes
meshes:            27 bytes
strip groups:      75 bytes
strips:            81 bytes
verts:          18765 bytes
indices:        11388 bytes
bone changes:      48 bytes
everything:     30472 bytes
---------------------
Generating optimized mesh "C:\Program Files (x86)\Steam\steamapps\common\GarrysMod\garrysmod\addons\mcv\work\compile_test_game\models/weapons\mcv\w_gyrojet_carbine.dx90.vtx":
body parts:         8 bytes
models:            44 bytes
model LODs:        36 bytes
meshes:            27 bytes
strip groups:      75 bytes
strips:            81 bytes
verts:          18765 bytes
indices:        11388 bytes
bone changes:      48 bytes
everything:     30472 bytes

Completed "w_gyrojet_carbine.qc"
