StudioMDL.exe (Apr 27 2026) - Garry's Mod Edition
WARNING: Failed to load keyvalues file cfg/mount.cfg!
qdir:    "c:\program files (x86)\steam\steamapps\common\garrysmod\garrysmod\addons\mcv\work\mcv_smd_port\weapons\w_k50m\"
gamedir: "C:\Program Files (x86)\Steam\steamapps\common\GarrysMod\garrysmod\addons\mcv\work\compile_test_game\"
g_path:  "C:\Program Files (x86)\Steam\steamapps\common\GarrysMod\garrysmod\addons\mcv\work\MCV_SMD_PORT\weapons\w_k50m\w_k50m.qc"
Building binary model files...
Working on "w_k50m.qc"
SMD MODEL ..\..\..\MCV_SMD_OG\weapons\w_k50m\w_k50m_lod0.smd
SMD MODEL ..\..\..\MCV_SMD_OG\weapons\w_k50m\w_k50m_lod0_lod1.smd
SMD MODEL ..\..\..\MCV_SMD_OG\weapons\w_k50m\w_k50m_lod0_lod2.smd
SMD MODEL ..\..\..\MCV_SMD_OG\weapons\w_k50m\w_k50m_anims\idle.smd
SMD MODEL ..\..\..\MCV_SMD_OG\weapons\w_k50m\w_k50m_physics.smd
Processing LOD for material: w_k50m
Lod 1: vertexes: 2126 (472 new)
Lod 2: vertexes: 2361 (235 new)
Model has 5 convex sub-parts
Collision model completed.
---------------------
writing C:\Program Files (x86)\Steam\steamapps\common\GarrysMod\garrysmod\addons\mcv\work\compile_test_game\models/weapons\mcv\w_k50m.mdl:
Loading preexisting model: C:\Program Files (x86)\Steam\steamapps\common\GarrysMod\garrysmod\addons\mcv\work\compile_test_game\models/weapons\mcv\w_k50m.mdl
   Found 1 preexisting sequences.
bones         1740 bytes (3)
animations     124 bytes (1 anims) (1 frames) [0:00]
Building sequence index remapping table...
No re-ordering required.
sequences      228 bytes (1 seq) 
ik/pose        164 bytes
eyeballs         0 bytes (0 eyeballs)
flexes           0 bytes (0 flexes)
textures        76 bytes
keyvalues       20 bytes
bone transforms      472 bytes
bone flex driver       0 bytes
Collision model volume 84.64 in^3
collision        0 bytes
total         3132
---------------------
writing C:\Program Files (x86)\Steam\steamapps\common\GarrysMod\garrysmod\addons\mcv\work\compile_test_game\models/weapons\mcv\w_k50m.vvd:
vertices    113328 bytes (2361 vertices)
tangents     37776 bytes (2361 vertices)
total       151168 bytes
---------------------
Generating optimized mesh "C:\Program Files (x86)\Steam\steamapps\common\GarrysMod\garrysmod\addons\mcv\work\compile_test_game\models/weapons\mcv\w_k50m.dx80.vtx":
body parts:         8 bytes
models:            44 bytes
model LODs:        36 bytes
meshes:            27 bytes
strip groups:      75 bytes
strips:            81 bytes
verts:          24822 bytes
indices:        13704 bytes
bone changes:      72 bytes
everything:     38869 bytes
---------------------
Generating optimized mesh "C:\Program Files (x86)\Steam\steamapps\common\GarrysMod\garrysmod\addons\mcv\work\compile_test_game\models/weapons\mcv\w_k50m.dx90.vtx":
body parts:         8 bytes
models:            44 bytes
model LODs:        36 bytes
meshes:            27 bytes
strip groups:      75 bytes
strips:            81 bytes
verts:          24822 bytes
indices:        13704 bytes
bone changes:      72 bytes
everything:     38869 bytes

Completed "w_k50m.qc"
