StudioMDL.exe (Apr 27 2026) - Garry's Mod Edition
WARNING: Failed to load keyvalues file cfg/mount.cfg!
qdir:    "c:\program files (x86)\steam\steamapps\common\garrysmod\garrysmod\addons\mcv\work\mcv_smd_port\weapons\w_l1a1_sog\"
gamedir: "C:\Program Files (x86)\Steam\steamapps\common\GarrysMod\garrysmod\addons\mcv\work\compile_test_game\"
g_path:  "C:\Program Files (x86)\Steam\steamapps\common\GarrysMod\garrysmod\addons\mcv\work\MCV_SMD_PORT\weapons\w_l1a1_sog\w_l1a1_sog.qc"
Building binary model files...
Working on "w_l1a1_sog.qc"
SMD MODEL ..\..\..\MCV_SMD_OG\weapons\w_l1a1_sog\w_l1a1_sog_lod0.smd
SMD MODEL ..\..\..\MCV_SMD_OG\weapons\w_l1a1_sog\w_l1a1_m7b_lod0.smd
SMD MODEL ..\..\..\MCV_SMD_OG\weapons\w_l1a1_sog\w_l1a1_sog_lod0_lod1.smd
SMD MODEL ..\..\..\MCV_SMD_OG\weapons\w_l1a1_sog\w_l1a1_m7b_lod0_lod1.smd
SMD MODEL ..\..\..\MCV_SMD_OG\weapons\w_l1a1_sog\w_l1a1_sog_lod0_lod2.smd
SMD MODEL ..\..\..\MCV_SMD_OG\weapons\w_l1a1_sog\w_l1a1_m7b_lod0_lod2.smd
SMD MODEL ..\..\..\MCV_SMD_OG\weapons\w_l1a1_sog\w_l1a1_sog_anims\idle.smd
SMD MODEL ..\..\..\MCV_SMD_OG\weapons\w_l1a1_sog\w_l1a1_sog_physics.smd
Processing LOD for material: w_l1a1
Lod 1: vertexes: 1199 (135 new)
Lod 2: vertexes: 1362 (163 new)
Processing LOD for material: w_l2a1
Processing LOD for material: w_m7b
Lod 1: vertexes: 652 (4 new)
Lod 2: vertexes: 787 (135 new)
Model has 5 convex sub-parts
Collision model completed.
---------------------
writing C:\Program Files (x86)\Steam\steamapps\common\GarrysMod\garrysmod\addons\mcv\work\compile_test_game\models/weapons\mcv\w_l1a1_sog.mdl:
Loading preexisting model: C:\Program Files (x86)\Steam\steamapps\common\GarrysMod\garrysmod\addons\mcv\work\compile_test_game\models/weapons\mcv\w_l1a1_sog.mdl
   Found 1 preexisting sequences.
bones         1888 bytes (4)
animations     136 bytes (1 anims) (1 frames) [0:00]
Building sequence index remapping table...
No re-ordering required.
sequences      232 bytes (1 seq) 
ik/pose        476 bytes
eyeballs         0 bytes (0 eyeballs)
flexes           0 bytes (0 flexes)
eyeballs         0 bytes (0 eyeballs)
flexes           0 bytes (0 flexes)
eyeballs         0 bytes (0 eyeballs)
flexes           0 bytes (0 flexes)
textures       212 bytes
keyvalues       20 bytes
bone transforms      608 bytes
bone flex driver       0 bytes
Collision model volume 174.11 in^3
collision        0 bytes
total         4188
---------------------
writing C:\Program Files (x86)\Steam\steamapps\common\GarrysMod\garrysmod\addons\mcv\work\compile_test_game\models/weapons\mcv\w_l1a1_sog.vvd:
vertices     67104 bytes (1398 vertices)
vertices     37776 bytes (787 vertices)
tangents     22368 bytes (1398 vertices)
tangents     12592 bytes (787 vertices)
total       139904 bytes
---------------------
Generating optimized mesh "C:\Program Files (x86)\Steam\steamapps\common\GarrysMod\garrysmod\addons\mcv\work\compile_test_game\models/weapons\mcv\w_l1a1_sog.dx80.vtx":
body parts:        16 bytes
models:           132 bytes
model LODs:       108 bytes
meshes:            81 bytes
strip groups:     225 bytes
strips:           243 bytes
verts:          32589 bytes
indices:        21672 bytes
bone changes:      96 bytes
everything:     55090 bytes
---------------------
Generating optimized mesh "C:\Program Files (x86)\Steam\steamapps\common\GarrysMod\garrysmod\addons\mcv\work\compile_test_game\models/weapons\mcv\w_l1a1_sog.dx90.vtx":
body parts:        16 bytes
models:           132 bytes
model LODs:       108 bytes
meshes:            81 bytes
strip groups:     225 bytes
strips:           243 bytes
verts:          32589 bytes
indices:        21672 bytes
bone changes:      96 bytes
everything:     55090 bytes

Completed "w_l1a1_sog.qc"
