StudioMDL.exe (Apr 27 2026) - Garry's Mod Edition
WARNING: Failed to load keyvalues file cfg/mount.cfg!
qdir:    "c:\program files (x86)\steam\steamapps\common\garrysmod\garrysmod\addons\mcv\work\mcv_smd_port\weapons\w_l1a1\"
gamedir: "C:\Program Files (x86)\Steam\steamapps\common\GarrysMod\garrysmod\addons\mcv\work\compile_test_game\"
g_path:  "C:\Program Files (x86)\Steam\steamapps\common\GarrysMod\garrysmod\addons\mcv\work\MCV_SMD_PORT\weapons\w_l1a1\w_l1a1.qc"
Building binary model files...
Working on "w_l1a1.qc"
SMD MODEL ..\..\..\MCV_SMD_OG\weapons\w_l1a1\w_l1a1_lod0.smd
SMD MODEL ..\..\..\MCV_SMD_OG\weapons\w_l1a1\w_l1a1_m7b_lod0.smd
SMD MODEL ..\..\..\MCV_SMD_OG\weapons\w_l1a1\w_l1a1_lod0_lod1.smd
SMD MODEL ..\..\..\MCV_SMD_OG\weapons\w_l1a1\w_l1a1_m7b_lod0_lod1.smd
SMD MODEL ..\..\..\MCV_SMD_OG\weapons\w_l1a1\w_l1a1_lod0_lod2.smd
SMD MODEL ..\..\..\MCV_SMD_OG\weapons\w_l1a1\w_l1a1_m7b_lod0_lod2.smd
SMD MODEL ..\..\..\MCV_SMD_OG\weapons\w_l1a1\w_l1a1_anims\idle.smd
SMD MODEL ..\..\..\MCV_SMD_OG\weapons\w_l1a1\w_l1a1_physics.smd
Processing LOD for material: w_l1a1
Lod 1: vertexes: 1148 (97 new)
Lod 2: vertexes: 1296 (148 new)
Processing LOD for material: w_m7b
Lod 1: vertexes: 652 (4 new)
Lod 2: vertexes: 787 (135 new)
Model has 4 convex sub-parts
Collision model completed.
---------------------
writing C:\Program Files (x86)\Steam\steamapps\common\GarrysMod\garrysmod\addons\mcv\work\compile_test_game\models/weapons\mcv\w_l1a1.mdl:
Loading preexisting model: C:\Program Files (x86)\Steam\steamapps\common\GarrysMod\garrysmod\addons\mcv\work\compile_test_game\models/weapons\mcv\w_l1a1.mdl
   Found 1 preexisting sequences.
bones         1888 bytes (4)
animations     136 bytes (1 anims) (1 frames) [0:00]
Building sequence index remapping table...
No re-ordering required.
sequences      232 bytes (1 seq) 
ik/pose        476 bytes
eyeballs         0 bytes (0 eyeballs)
flexes           0 bytes (0 flexes)
eyeballs         0 bytes (0 eyeballs)
flexes           0 bytes (0 flexes)
eyeballs         0 bytes (0 eyeballs)
flexes           0 bytes (0 flexes)
textures       144 bytes
keyvalues       20 bytes
bone transforms      608 bytes
bone flex driver       0 bytes
Collision model volume 159.20 in^3
collision        0 bytes
total         3992
---------------------
writing C:\Program Files (x86)\Steam\steamapps\common\GarrysMod\garrysmod\addons\mcv\work\compile_test_game\models/weapons\mcv\w_l1a1.vvd:
vertices     62208 bytes (1296 vertices)
vertices     37776 bytes (787 vertices)
tangents     20736 bytes (1296 vertices)
tangents     12592 bytes (787 vertices)
total       133376 bytes
---------------------
Generating optimized mesh "C:\Program Files (x86)\Steam\steamapps\common\GarrysMod\garrysmod\addons\mcv\work\compile_test_game\models/weapons\mcv\w_l1a1.dx80.vtx":
body parts:        16 bytes
models:           132 bytes
model LODs:       108 bytes
meshes:            54 bytes
strip groups:     150 bytes
strips:           162 bytes
verts:          31167 bytes
indices:        20322 bytes
bone changes:      96 bytes
everything:     52135 bytes
---------------------
Generating optimized mesh "C:\Program Files (x86)\Steam\steamapps\common\GarrysMod\garrysmod\addons\mcv\work\compile_test_game\models/weapons\mcv\w_l1a1.dx90.vtx":
body parts:        16 bytes
models:           132 bytes
model LODs:       108 bytes
meshes:            54 bytes
strip groups:     150 bytes
strips:           162 bytes
verts:          31167 bytes
indices:        20322 bytes
bone changes:      96 bytes
everything:     52135 bytes

Completed "w_l1a1.qc"
