StudioMDL.exe (Apr 27 2026) - Garry's Mod Edition
WARNING: Failed to load keyvalues file cfg/mount.cfg!
qdir:    "c:\program files (x86)\steam\steamapps\common\garrysmod\garrysmod\addons\mcv\work\mcv_smd_port\weapons\w_l2a1\"
gamedir: "C:\Program Files (x86)\Steam\steamapps\common\GarrysMod\garrysmod\addons\mcv\work\compile_test_game\"
g_path:  "C:\Program Files (x86)\Steam\steamapps\common\GarrysMod\garrysmod\addons\mcv\work\MCV_SMD_PORT\weapons\w_l2a1\w_l2a1.qc"
Building binary model files...
Working on "w_l2a1.qc"
SMD MODEL ..\..\..\MCV_SMD_OG\weapons\w_l2a1\w_l2a1_lod0.smd
SMD MODEL ..\..\..\MCV_SMD_OG\weapons\w_l2a1\w_l2a1_bp0_lod0.smd
SMD MODEL ..\..\..\MCV_SMD_OG\weapons\w_l2a1\w_l2a1_bp1_lod0.smd
SMD MODEL ..\..\..\MCV_SMD_OG\weapons\w_l2a1\w_l2a1_lod0_lod1.smd
SMD MODEL ..\..\..\MCV_SMD_OG\weapons\w_l2a1\w_l2a1_bp0_lod0_lod1.smd
SMD MODEL ..\..\..\MCV_SMD_OG\weapons\w_l2a1\w_l2a1_bp1_lod0_lod1.smd
SMD MODEL ..\..\..\MCV_SMD_OG\weapons\w_l2a1\w_l2a1_lod0_lod2.smd
SMD MODEL ..\..\..\MCV_SMD_OG\weapons\w_l2a1\w_l2a1_bp0_lod0_lod2.smd
SMD MODEL ..\..\..\MCV_SMD_OG\weapons\w_l2a1\w_l2a1_bp1_lod0_lod2.smd
SMD MODEL ..\..\..\MCV_SMD_OG\weapons\w_l2a1\w_l2a1_anims\idle.smd
SMD MODEL ..\..\..\MCV_SMD_OG\weapons\w_l2a1\w_l2a1_physics.smd
Processing LOD for material: w_l2a1
Lod 1: vertexes: 1585 (186 new)
Lod 2: vertexes: 1797 (212 new)
Processing LOD for material: w_l2a1
Processing LOD for material: w_l2a1
Processing LOD for material: w_spring
Model has 5 convex sub-parts
Collision model completed.
---------------------
writing C:\Program Files (x86)\Steam\steamapps\common\GarrysMod\garrysmod\addons\mcv\work\compile_test_game\models/weapons\mcv\w_l2a1.mdl:
Loading preexisting model: C:\Program Files (x86)\Steam\steamapps\common\GarrysMod\garrysmod\addons\mcv\work\compile_test_game\models/weapons\mcv\w_l2a1.mdl
   Found 1 preexisting sequences.
bones         1672 bytes (3)
animations     128 bytes (1 anims) (1 frames) [0:00]
Building sequence index remapping table...
No re-ordering required.
sequences      228 bytes (1 seq) 
ik/pose        476 bytes
eyeballs         0 bytes (0 eyeballs)
flexes           0 bytes (0 flexes)
eyeballs         0 bytes (0 eyeballs)
flexes           0 bytes (0 flexes)
eyeballs         0 bytes (0 eyeballs)
flexes           0 bytes (0 flexes)
textures       140 bytes
keyvalues       20 bytes
bone transforms      472 bytes
bone flex driver       0 bytes
Collision model volume 243.08 in^3
collision        0 bytes
total         3804
---------------------
writing C:\Program Files (x86)\Steam\steamapps\common\GarrysMod\garrysmod\addons\mcv\work\compile_test_game\models/weapons\mcv\w_l2a1.vvd:
vertices     86256 bytes (1797 vertices)
vertices      9504 bytes (198 vertices)
vertices     11664 bytes (243 vertices)
tangents     28752 bytes (1797 vertices)
tangents      3168 bytes (198 vertices)
tangents      3888 bytes (243 vertices)
total       143296 bytes
---------------------
Generating optimized mesh "C:\Program Files (x86)\Steam\steamapps\common\GarrysMod\garrysmod\addons\mcv\work\compile_test_game\models/weapons\mcv\w_l2a1.dx80.vtx":
body parts:        16 bytes
models:           132 bytes
model LODs:       108 bytes
meshes:           108 bytes
strip groups:     300 bytes
strips:           324 bytes
verts:          37017 bytes
indices:        22176 bytes
bone changes:     144 bytes
everything:     60253 bytes
---------------------
Generating optimized mesh "C:\Program Files (x86)\Steam\steamapps\common\GarrysMod\garrysmod\addons\mcv\work\compile_test_game\models/weapons\mcv\w_l2a1.dx90.vtx":
body parts:        16 bytes
models:           132 bytes
model LODs:       108 bytes
meshes:           108 bytes
strip groups:     300 bytes
strips:           324 bytes
verts:          37017 bytes
indices:        22176 bytes
bone changes:     144 bytes
everything:     60253 bytes

Completed "w_l2a1.qc"
