StudioMDL.exe (Apr 27 2026) - Garry's Mod Edition
WARNING: Failed to load keyvalues file cfg/mount.cfg!
qdir:    "c:\program files (x86)\steam\steamapps\common\garrysmod\garrysmod\addons\mcv\work\mcv_smd_port\weapons\w_lacoste\"
gamedir: "C:\Program Files (x86)\Steam\steamapps\common\GarrysMod\garrysmod\addons\mcv\work\compile_test_game\"
g_path:  "C:\Program Files (x86)\Steam\steamapps\common\GarrysMod\garrysmod\addons\mcv\work\MCV_SMD_PORT\weapons\w_lacoste\w_lacoste.qc"
Building binary model files...
Working on "w_lacoste.qc"
SMD MODEL ..\..\..\MCV_SMD_OG\weapons\w_lacoste\w_lacoste_lod0.smd
SMD MODEL ..\..\..\MCV_SMD_OG\weapons\w_lacoste\w_lacoste_lod0_lod1.smd
SMD MODEL ..\..\..\MCV_SMD_OG\weapons\w_lacoste\w_lacoste_lod0_lod2.smd
SMD MODEL ..\..\..\MCV_SMD_OG\weapons\w_lacoste\w_lacoste_anims\idle.smd
SMD MODEL ..\..\..\MCV_SMD_OG\weapons\w_lacoste\w_lacoste_physics.smd
Processing LOD for material: w_lacoste
Lod 1: vertexes: 1203 (115 new)
Lod 2: vertexes: 1217 (14 new)
Model has 4 convex sub-parts
Collision model completed.
---------------------
writing C:\Program Files (x86)\Steam\steamapps\common\GarrysMod\garrysmod\addons\mcv\work\compile_test_game\models/weapons\mcv\w_lacoste.mdl:
Loading preexisting model: C:\Program Files (x86)\Steam\steamapps\common\GarrysMod\garrysmod\addons\mcv\work\compile_test_game\models/weapons\mcv\w_lacoste.mdl
   Found 1 preexisting sequences.
bones         1672 bytes (3)
animations     128 bytes (1 anims) (1 frames) [0:00]
Building sequence index remapping table...
No re-ordering required.
sequences      228 bytes (1 seq) 
ik/pose        164 bytes
eyeballs         0 bytes (0 eyeballs)
flexes           0 bytes (0 flexes)
textures        72 bytes
keyvalues       20 bytes
bone transforms      472 bytes
bone flex driver       0 bytes
Collision model volume 88.49 in^3
collision        0 bytes
total         3072
---------------------
writing C:\Program Files (x86)\Steam\steamapps\common\GarrysMod\garrysmod\addons\mcv\work\compile_test_game\models/weapons\mcv\w_lacoste.vvd:
vertices     58416 bytes (1217 vertices)
tangents     19472 bytes (1217 vertices)
total        77952 bytes
---------------------
Generating optimized mesh "C:\Program Files (x86)\Steam\steamapps\common\GarrysMod\garrysmod\addons\mcv\work\compile_test_game\models/weapons\mcv\w_lacoste.dx80.vtx":
body parts:         8 bytes
models:            44 bytes
model LODs:        36 bytes
meshes:            27 bytes
strip groups:      75 bytes
strips:            81 bytes
verts:          22554 bytes
indices:        16080 bytes
bone changes:      72 bytes
everything:     38977 bytes
---------------------
Generating optimized mesh "C:\Program Files (x86)\Steam\steamapps\common\GarrysMod\garrysmod\addons\mcv\work\compile_test_game\models/weapons\mcv\w_lacoste.dx90.vtx":
body parts:         8 bytes
models:            44 bytes
model LODs:        36 bytes
meshes:            27 bytes
strip groups:      75 bytes
strips:            81 bytes
verts:          22554 bytes
indices:        16080 bytes
bone changes:      72 bytes
everything:     38977 bytes

Completed "w_lacoste.qc"
