StudioMDL.exe (Apr 27 2026) - Garry's Mod Edition
WARNING: Failed to load keyvalues file cfg/mount.cfg!
qdir:    "c:\program files (x86)\steam\steamapps\common\garrysmod\garrysmod\addons\mcv\work\mcv_smd_port\weapons\w_m1c\"
gamedir: "C:\Program Files (x86)\Steam\steamapps\common\GarrysMod\garrysmod\addons\mcv\work\compile_test_game\"
g_path:  "C:\Program Files (x86)\Steam\steamapps\common\GarrysMod\garrysmod\addons\mcv\work\MCV_SMD_PORT\weapons\w_m1c\w_m1c.qc"
Building binary model files...
Working on "w_m1c.qc"
SMD MODEL ..\..\..\MCV_SMD_OG\weapons\w_m1c\w_m1c_lod0.smd
SMD MODEL ..\..\..\MCV_SMD_OG\weapons\w_m1c\w_m1c_w_m7b_lod0.smd
SMD MODEL ..\..\..\MCV_SMD_OG\weapons\w_m1c\w_m1c_lod0_lod1.smd
SMD MODEL ..\..\..\MCV_SMD_OG\weapons\w_m1c\w_m1c_w_m7b_lod0_lod1.smd
SMD MODEL ..\..\..\MCV_SMD_OG\weapons\w_m1c\w_m1c_lod0_lod2.smd
SMD MODEL ..\..\..\MCV_SMD_OG\weapons\w_m1c\w_m1c_w_m7b_lod0_lod2.smd
SMD MODEL ..\..\..\MCV_SMD_OG\weapons\w_m1c\w_m1c_anims\idle.smd
SMD MODEL ..\..\..\MCV_SMD_OG\weapons\w_m1c\w_m1c_physics.smd
Processing LOD for material: w_m1a1c
Lod 1: vertexes: 818 (54 new)
Lod 2: vertexes: 893 (75 new)
Processing LOD for material: w_m1c
Lod 1: vertexes: 3791 (384 new)
Lod 2: vertexes: 4087 (296 new)
Processing LOD for material: w_m7b
Lod 1: vertexes: 652 (4 new)
Lod 2: vertexes: 786 (134 new)
Model has 4 convex sub-parts
Collision model completed.
---------------------
writing C:\Program Files (x86)\Steam\steamapps\common\GarrysMod\garrysmod\addons\mcv\work\compile_test_game\models/weapons\mcv\w_m1c.mdl:
Loading preexisting model: C:\Program Files (x86)\Steam\steamapps\common\GarrysMod\garrysmod\addons\mcv\work\compile_test_game\models/weapons\mcv\w_m1c.mdl
   Found 1 preexisting sequences.
bones         2176 bytes (5)
animations     136 bytes (1 anims) (1 frames) [0:00]
Building sequence index remapping table...
No re-ordering required.
sequences      236 bytes (1 seq) 
ik/pose        476 bytes
eyeballs         0 bytes (0 eyeballs)
flexes           0 bytes (0 flexes)
eyeballs         0 bytes (0 eyeballs)
flexes           0 bytes (0 flexes)
eyeballs         0 bytes (0 eyeballs)
flexes           0 bytes (0 flexes)
textures       212 bytes
keyvalues       20 bytes
bone transforms      744 bytes
bone flex driver       0 bytes
Collision model volume 284.37 in^3
collision        0 bytes
total         4636
---------------------
writing C:\Program Files (x86)\Steam\steamapps\common\GarrysMod\garrysmod\addons\mcv\work\compile_test_game\models/weapons\mcv\w_m1c.vvd:
vertices    196176 bytes (4087 vertices)
vertices     37728 bytes (786 vertices)
tangents     65392 bytes (4087 vertices)
tangents     12576 bytes (786 vertices)
total       311936 bytes
---------------------
Generating optimized mesh "C:\Program Files (x86)\Steam\steamapps\common\GarrysMod\garrysmod\addons\mcv\work\compile_test_game\models/weapons\mcv\w_m1c.dx80.vtx":
body parts:        16 bytes
models:           132 bytes
model LODs:       108 bytes
meshes:            81 bytes
strip groups:     225 bytes
strips:           243 bytes
verts:          70272 bytes
indices:        47148 bytes
bone changes:     144 bytes
everything:    118297 bytes
---------------------
Generating optimized mesh "C:\Program Files (x86)\Steam\steamapps\common\GarrysMod\garrysmod\addons\mcv\work\compile_test_game\models/weapons\mcv\w_m1c.dx90.vtx":
body parts:        16 bytes
models:           132 bytes
model LODs:       108 bytes
meshes:            81 bytes
strip groups:     225 bytes
strips:           243 bytes
verts:          70272 bytes
indices:        47148 bytes
bone changes:     144 bytes
everything:    118297 bytes

Completed "w_m1c.qc"
