StudioMDL.exe (Apr 27 2026) - Garry's Mod Edition
WARNING: Failed to load keyvalues file cfg/mount.cfg!
qdir:    "c:\program files (x86)\steam\steamapps\common\garrysmod\garrysmod\addons\mcv\work\mcv_smd_port\weapons\w_m1919a6\"
gamedir: "C:\Program Files (x86)\Steam\steamapps\common\GarrysMod\garrysmod\addons\mcv\work\compile_test_game\"
g_path:  "C:\Program Files (x86)\Steam\steamapps\common\GarrysMod\garrysmod\addons\mcv\work\MCV_SMD_PORT\weapons\w_m1919a6\w_m1919a6.qc"
Building binary model files...
Working on "w_m1919a6.qc"
SMD MODEL ..\..\..\MCV_SMD_OG\weapons\w_m1919a6\w_m1919a6_lod0.smd
SMD MODEL ..\..\..\MCV_SMD_OG\weapons\w_m1919a6\w_m1919a6_bipod1.smd
SMD MODEL ..\..\..\MCV_SMD_OG\weapons\w_m1919a6\w_m1919a6_bipod2.smd
SMD MODEL ..\..\..\MCV_SMD_OG\weapons\w_m1919a6\m1919_long_belt_lod0.smd
SMD MODEL ..\..\..\MCV_SMD_OG\weapons\w_m1919a6\w_m1919a6_lod0_lod1.smd
SMD MODEL ..\..\..\MCV_SMD_OG\weapons\w_m1919a6\w_m1919a6_bipod1_lod1.smd
SMD MODEL ..\..\..\MCV_SMD_OG\weapons\w_m1919a6\w_m1919a6_bipod2_lod1.smd
SMD MODEL ..\..\..\MCV_SMD_OG\weapons\w_m1919a6\m1919_long_belt_lod0_lod1.smd
SMD MODEL ..\..\..\MCV_SMD_OG\weapons\w_m1919a6\w_m1919a6_lod0_lod2.smd
SMD MODEL ..\..\..\MCV_SMD_OG\weapons\w_m1919a6\w_m1919a6_bipod1_lod2.smd
SMD MODEL ..\..\..\MCV_SMD_OG\weapons\w_m1919a6\w_m1919a6_bipod2_lod2.smd
SMD MODEL ..\..\..\MCV_SMD_OG\weapons\w_m1919a6\m1919_long_belt_lod0_lod2.smd
Marking bone ValveBiped.weapon_bone4_belt001 as a jiggle bone
Marking bone ValveBiped.weapon_bone4_belt002 as a jiggle bone
Marking bone ValveBiped.weapon_bone4_belt003 as a jiggle bone
Marking bone ValveBiped.weapon_bone4_belt004 as a jiggle bone
Marking bone ValveBiped.weapon_bone4_belt005 as a jiggle bone
Marking bone ValveBiped.weapon_bone4_belt006 as a jiggle bone
Marking bone ValveBiped.weapon_bone4_belt007 as a jiggle bone
SMD MODEL ..\..\..\MCV_SMD_OG\weapons\w_m1919a6\w_m1919a6_anims\idle.smd
SMD MODEL ..\..\..\MCV_SMD_OG\weapons\w_m1919a6\w_m1919a6_physics.smd
Processing LOD for material: w_m1919a6
Lod 1: vertexes: 1512 (109 new)
Lod 2: vertexes: 1662 (150 new)
Processing LOD for material: w_m1919a6
Processing LOD for material: w_m1919a6
Processing LOD for material: useq_ammobelt
Lod 1: vertexes: 602 (190 new)
Lod 2: vertexes: 691 (89 new)
Model has 3 convex sub-parts
Collision model completed.
---------------------
writing C:\Program Files (x86)\Steam\steamapps\common\GarrysMod\garrysmod\addons\mcv\work\compile_test_game\models/weapons\mcv\w_m1919a6.mdl:
Loading preexisting model: C:\Program Files (x86)\Steam\steamapps\common\GarrysMod\garrysmod\addons\mcv\work\compile_test_game\models/weapons\mcv\w_m1919a6.mdl
   Found 1 preexisting sequences.
bones         5164 bytes (13)
animations     124 bytes (1 anims) (1 frames) [0:00]
Building sequence index remapping table...
No re-ordering required.
sequences      268 bytes (1 seq) 
ik/pose        788 bytes
eyeballs         0 bytes (0 eyeballs)
flexes           0 bytes (0 flexes)
eyeballs         0 bytes (0 eyeballs)
flexes           0 bytes (0 flexes)
eyeballs         0 bytes (0 eyeballs)
flexes           0 bytes (0 flexes)
eyeballs         0 bytes (0 eyeballs)
flexes           0 bytes (0 flexes)
eyeballs         0 bytes (0 eyeballs)
flexes           0 bytes (0 flexes)
textures       144 bytes
keyvalues       20 bytes
bone transforms     1832 bytes
bone flex driver       0 bytes
Collision model volume 323.61 in^3
collision        0 bytes
total         9356
---------------------
writing C:\Program Files (x86)\Steam\steamapps\common\GarrysMod\garrysmod\addons\mcv\work\compile_test_game\models/weapons\mcv\w_m1919a6.vvd:
vertices     79776 bytes (1662 vertices)
vertices     20160 bytes (420 vertices)
vertices     20160 bytes (420 vertices)
vertices     33168 bytes (691 vertices)
tangents     26592 bytes (1662 vertices)
tangents      6720 bytes (420 vertices)
tangents      6720 bytes (420 vertices)
tangents     11056 bytes (691 vertices)
total       204416 bytes
---------------------
Generating optimized mesh "C:\Program Files (x86)\Steam\steamapps\common\GarrysMod\garrysmod\addons\mcv\work\compile_test_game\models/weapons\mcv\w_m1919a6.dx80.vtx":
body parts:        24 bytes
models:           220 bytes
model LODs:       180 bytes
meshes:           108 bytes
strip groups:     300 bytes
strips:           324 bytes
verts:          59859 bytes
indices:        32724 bytes
bone changes:     312 bytes
everything:     93907 bytes
---------------------
Generating optimized mesh "C:\Program Files (x86)\Steam\steamapps\common\GarrysMod\garrysmod\addons\mcv\work\compile_test_game\models/weapons\mcv\w_m1919a6.dx90.vtx":
body parts:        24 bytes
models:           220 bytes
model LODs:       180 bytes
meshes:           108 bytes
strip groups:     300 bytes
strips:           324 bytes
verts:          59859 bytes
indices:        32724 bytes
bone changes:     312 bytes
everything:     93907 bytes

Completed "w_m1919a6.qc"
