StudioMDL.exe (Apr 27 2026) - Garry's Mod Edition
WARNING: Failed to load keyvalues file cfg/mount.cfg!
qdir:    "c:\program files (x86)\steam\steamapps\common\garrysmod\garrysmod\addons\mcv\work\mcv_smd_port\weapons\w_m16a1\"
gamedir: "C:\Program Files (x86)\Steam\steamapps\common\GarrysMod\garrysmod\addons\mcv\work\compile_test_game\"
g_path:  "C:\Program Files (x86)\Steam\steamapps\common\GarrysMod\garrysmod\addons\mcv\work\MCV_SMD_PORT\weapons\w_m16a1\w_m16a1.qc"
Building binary model files...
Working on "w_m16a1.qc"
SMD MODEL ..\..\..\MCV_SMD_OG\weapons\w_m16a1\w_m16a1_lod0.smd
SMD MODEL ..\..\..\MCV_SMD_OG\weapons\w_m16a1\w_m16a1_tape_lod0.smd
SMD MODEL ..\..\..\MCV_SMD_OG\weapons\w_m16a1\w_m16a1_m7b_lod0.smd
SMD MODEL ..\..\..\MCV_SMD_OG\weapons\w_m16a1\w_magazine20_lod0.smd
SMD MODEL ..\..\..\MCV_SMD_OG\weapons\w_m16a1\w_magazine30_lod0.smd
SMD MODEL ..\..\..\MCV_SMD_OG\weapons\w_m16a1\w_xm3_bipod.smd
SMD MODEL ..\..\..\MCV_SMD_OG\weapons\w_m16a1\w_m16a1_lod0_lod1.smd
SMD MODEL ..\..\..\MCV_SMD_OG\weapons\w_m16a1\w_m16a1_tape_lod0_lod1.smd
SMD MODEL ..\..\..\MCV_SMD_OG\weapons\w_m16a1\w_m16a1_m7b_lod0_lod1.smd
SMD MODEL ..\..\..\MCV_SMD_OG\weapons\w_m16a1\w_magazine20_lod0_lod1.smd
SMD MODEL ..\..\..\MCV_SMD_OG\weapons\w_m16a1\w_magazine30_lod0_lod1.smd
SMD MODEL ..\..\..\MCV_SMD_OG\weapons\w_m16a1\w_xm3_bipod_lod1.smd
SMD MODEL ..\..\..\MCV_SMD_OG\weapons\w_m16a1\w_m16a1_lod0_lod2.smd
SMD MODEL ..\..\..\MCV_SMD_OG\weapons\w_m16a1\w_m16a1_tape_lod0_lod2.smd
SMD MODEL ..\..\..\MCV_SMD_OG\weapons\w_m16a1\w_m16a1_m7b_lod0_lod2.smd
SMD MODEL ..\..\..\MCV_SMD_OG\weapons\w_m16a1\w_magazine20_lod0_lod2.smd
SMD MODEL ..\..\..\MCV_SMD_OG\weapons\w_m16a1\w_magazine30_lod0_lod2.smd
SMD MODEL ..\..\..\MCV_SMD_OG\weapons\w_m16a1\w_xm3_bipod_lod2.smd
SMD MODEL ..\..\..\MCV_SMD_OG\weapons\w_m16a1\w_m16a1_anims\idle.smd
SMD MODEL ..\..\..\MCV_SMD_OG\weapons\w_m16a1\w_m16a1_physics.smd
Processing LOD for material: w_m16a1
Lod 1: vertexes: 2787 (663 new)
Lod 2: vertexes: 3163 (376 new)
Processing LOD for material: w_m16a1_tape
Lod 1: vertexes: 2787 (663 new)
Lod 2: vertexes: 3163 (376 new)
Processing LOD for material: w_m7b
Lod 1: vertexes: 656 (8 new)
Lod 2: vertexes: 797 (141 new)
Processing LOD for material: w_m16a1
Processing LOD for material: w_m203
Processing LOD for material: w_xm3_bipod
Model has 7 convex sub-parts
Collision model completed.
---------------------
writing C:\Program Files (x86)\Steam\steamapps\common\GarrysMod\garrysmod\addons\mcv\work\compile_test_game\models/weapons\mcv\w_m16a1.mdl:
Loading preexisting model: C:\Program Files (x86)\Steam\steamapps\common\GarrysMod\garrysmod\addons\mcv\work\compile_test_game\models/weapons\mcv\w_m16a1.mdl
   Found 1 preexisting sequences.
bones         1956 bytes (4)
animations     132 bytes (1 anims) (1 frames) [0:00]
Building sequence index remapping table...
No re-ordering required.
sequences      232 bytes (1 seq) 
ik/pose       1248 bytes
eyeballs         0 bytes (0 eyeballs)
flexes           0 bytes (0 flexes)
eyeballs         0 bytes (0 eyeballs)
flexes           0 bytes (0 flexes)
eyeballs         0 bytes (0 eyeballs)
flexes           0 bytes (0 flexes)
eyeballs         0 bytes (0 eyeballs)
flexes           0 bytes (0 flexes)
eyeballs         0 bytes (0 eyeballs)
flexes           0 bytes (0 flexes)
eyeballs         0 bytes (0 eyeballs)
flexes           0 bytes (0 flexes)
eyeballs         0 bytes (0 eyeballs)
flexes           0 bytes (0 flexes)
eyeballs         0 bytes (0 eyeballs)
flexes           0 bytes (0 flexes)
textures       348 bytes
keyvalues       20 bytes
bone transforms      608 bytes
bone flex driver       0 bytes
Collision model volume 153.25 in^3
collision        0 bytes
total         5576
---------------------
writing C:\Program Files (x86)\Steam\steamapps\common\GarrysMod\garrysmod\addons\mcv\work\compile_test_game\models/weapons\mcv\w_m16a1.vvd:
vertices    151824 bytes (3163 vertices)
vertices    151824 bytes (3163 vertices)
vertices     38256 bytes (797 vertices)
vertices      3552 bytes (74 vertices)
vertices      4896 bytes (102 vertices)
vertices      7488 bytes (156 vertices)
tangents     50608 bytes (3163 vertices)
tangents     50608 bytes (3163 vertices)
tangents     12752 bytes (797 vertices)
tangents      1184 bytes (74 vertices)
tangents      1632 bytes (102 vertices)
tangents      2496 bytes (156 vertices)
total       477184 bytes
---------------------
Generating optimized mesh "C:\Program Files (x86)\Steam\steamapps\common\GarrysMod\garrysmod\addons\mcv\work\compile_test_game\models/weapons\mcv\w_m16a1.dx80.vtx":
body parts:        32 bytes
models:           352 bytes
model LODs:       288 bytes
meshes:           162 bytes
strip groups:     450 bytes
strips:           486 bytes
verts:          84924 bytes
indices:        50388 bytes
bone changes:     168 bytes
everything:    136998 bytes
---------------------
Generating optimized mesh "C:\Program Files (x86)\Steam\steamapps\common\GarrysMod\garrysmod\addons\mcv\work\compile_test_game\models/weapons\mcv\w_m16a1.dx90.vtx":
body parts:        32 bytes
models:           352 bytes
model LODs:       288 bytes
meshes:           162 bytes
strip groups:     450 bytes
strips:           486 bytes
verts:          84924 bytes
indices:        50388 bytes
bone changes:     168 bytes
everything:    136998 bytes

Completed "w_m16a1.qc"
