StudioMDL.exe (Apr 27 2026) - Garry's Mod Edition
WARNING: Failed to load keyvalues file cfg/mount.cfg!
qdir:    "c:\program files (x86)\steam\steamapps\common\garrysmod\garrysmod\addons\mcv\work\mcv_smd_port\weapons\w_m1895\"
gamedir: "C:\Program Files (x86)\Steam\steamapps\common\GarrysMod\garrysmod\addons\mcv\work\compile_test_game\"
g_path:  "C:\Program Files (x86)\Steam\steamapps\common\GarrysMod\garrysmod\addons\mcv\work\MCV_SMD_PORT\weapons\w_m1895\w_m1895.qc"
Building binary model files...
Working on "w_m1895.qc"
SMD MODEL ..\..\..\MCV_SMD_OG\weapons\w_m1895\w_m1895_lod0.smd
SMD MODEL ..\..\..\MCV_SMD_OG\weapons\w_m1895\w_m1895_lod0_lod1.smd
SMD MODEL ..\..\..\MCV_SMD_OG\weapons\w_m1895\w_m1895_lod0_lod2.smd
SMD MODEL ..\..\..\MCV_SMD_OG\weapons\w_m1895\w_m1895_anims\idle.smd
SMD MODEL ..\..\..\MCV_SMD_OG\weapons\w_m1895\w_m1895_physics.smd
Processing LOD for material: w_m1895
Lod 1: vertexes: 2053 (561 new)
Lod 2: vertexes: 2279 (226 new)
Model has 4 convex sub-parts
Collision model completed.
---------------------
writing C:\Program Files (x86)\Steam\steamapps\common\GarrysMod\garrysmod\addons\mcv\work\compile_test_game\models/weapons\mcv\w_m1895.mdl:
Loading preexisting model: C:\Program Files (x86)\Steam\steamapps\common\GarrysMod\garrysmod\addons\mcv\work\compile_test_game\models/weapons\mcv\w_m1895.mdl
   Found 1 preexisting sequences.
bones         1364 bytes (2)
animations     132 bytes (1 anims) (1 frames) [0:00]
Building sequence index remapping table...
No re-ordering required.
sequences      224 bytes (1 seq) 
ik/pose        164 bytes
eyeballs         0 bytes (0 eyeballs)
flexes           0 bytes (0 flexes)
textures        72 bytes
keyvalues       20 bytes
bone transforms      336 bytes
bone flex driver       0 bytes
Collision model volume 36.01 in^3
collision        0 bytes
total         2588
---------------------
writing C:\Program Files (x86)\Steam\steamapps\common\GarrysMod\garrysmod\addons\mcv\work\compile_test_game\models/weapons\mcv\w_m1895.vvd:
vertices    109392 bytes (2279 vertices)
tangents     36464 bytes (2279 vertices)
total       145920 bytes
---------------------
Generating optimized mesh "C:\Program Files (x86)\Steam\steamapps\common\GarrysMod\garrysmod\addons\mcv\work\compile_test_game\models/weapons\mcv\w_m1895.dx80.vtx":
body parts:         8 bytes
models:            44 bytes
model LODs:        36 bytes
meshes:            27 bytes
strip groups:      75 bytes
strips:            81 bytes
verts:          22941 bytes
indices:        13704 bytes
bone changes:      48 bytes
everything:     36964 bytes
---------------------
Generating optimized mesh "C:\Program Files (x86)\Steam\steamapps\common\GarrysMod\garrysmod\addons\mcv\work\compile_test_game\models/weapons\mcv\w_m1895.dx90.vtx":
body parts:         8 bytes
models:            44 bytes
model LODs:        36 bytes
meshes:            27 bytes
strip groups:      75 bytes
strips:            81 bytes
verts:          22941 bytes
indices:        13704 bytes
bone changes:      48 bytes
everything:     36964 bytes

Completed "w_m1895.qc"
