StudioMDL.exe (Apr 27 2026) - Garry's Mod Edition
WARNING: Failed to load keyvalues file cfg/mount.cfg!
qdir:    "c:\program files (x86)\steam\steamapps\common\garrysmod\garrysmod\addons\mcv\work\mcv_smd_port\weapons\w_m14e2\"
gamedir: "C:\Program Files (x86)\Steam\steamapps\common\GarrysMod\garrysmod\addons\mcv\work\compile_test_game\"
g_path:  "C:\Program Files (x86)\Steam\steamapps\common\GarrysMod\garrysmod\addons\mcv\work\MCV_SMD_PORT\weapons\w_m14e2\w_m14e2.qc"
Building binary model files...
Working on "w_m14e2.qc"
SMD MODEL ..\..\..\MCV_SMD_OG\weapons\w_m14e2\w_m14e2_lod0.smd
SMD MODEL ..\..\..\MCV_SMD_OG\weapons\w_m14e2\w_m14e2_bipod2.smd
SMD MODEL ..\..\..\MCV_SMD_OG\weapons\w_m14e2\w_m14e2_bipod1.smd
SMD MODEL ..\..\..\MCV_SMD_OG\weapons\w_m14e2\w_m14e2_lod0_lod1.smd
SMD MODEL ..\..\..\MCV_SMD_OG\weapons\w_m14e2\w_m14e2_bipod2_lod1.smd
SMD MODEL ..\..\..\MCV_SMD_OG\weapons\w_m14e2\w_m14e2_bipod1_lod1.smd
SMD MODEL ..\..\..\MCV_SMD_OG\weapons\w_m14e2\w_m14e2_lod0_lod2.smd
SMD MODEL ..\..\..\MCV_SMD_OG\weapons\w_m14e2\w_m14e2_bipod2_lod2.smd
SMD MODEL ..\..\..\MCV_SMD_OG\weapons\w_m14e2\w_m14e2_bipod1_lod2.smd
SMD MODEL ..\..\..\MCV_SMD_OG\weapons\w_m14e2\w_m14e2_anims\idle.smd
SMD MODEL ..\..\..\MCV_SMD_OG\weapons\w_m14e2\w_m14e2_physics.smd
Processing LOD for material: w_m14e2
Lod 1: vertexes: 1394 (138 new)
Lod 2: vertexes: 1565 (171 new)
Processing LOD for material: w_m21
Lod 1: vertexes: 4339 (456 new)
Lod 2: vertexes: 4811 (472 new)
Processing LOD for material: w_m14e2
Processing LOD for material: w_m14e2
Model has 4 convex sub-parts
Collision model completed.
---------------------
writing C:\Program Files (x86)\Steam\steamapps\common\GarrysMod\garrysmod\addons\mcv\work\compile_test_game\models/weapons\mcv\w_m14e2.mdl:
Loading preexisting model: C:\Program Files (x86)\Steam\steamapps\common\GarrysMod\garrysmod\addons\mcv\work\compile_test_game\models/weapons\mcv\w_m14e2.mdl
   Found 1 preexisting sequences.
bones         1672 bytes (3)
animations     128 bytes (1 anims) (1 frames) [0:00]
Building sequence index remapping table...
No re-ordering required.
sequences      228 bytes (1 seq) 
ik/pose        476 bytes
eyeballs         0 bytes (0 eyeballs)
flexes           0 bytes (0 flexes)
eyeballs         0 bytes (0 eyeballs)
flexes           0 bytes (0 flexes)
eyeballs         0 bytes (0 eyeballs)
flexes           0 bytes (0 flexes)
textures       140 bytes
keyvalues       20 bytes
bone transforms      472 bytes
bone flex driver       0 bytes
Collision model volume 365.10 in^3
collision        0 bytes
total         3804
---------------------
writing C:\Program Files (x86)\Steam\steamapps\common\GarrysMod\garrysmod\addons\mcv\work\compile_test_game\models/weapons\mcv\w_m14e2.vvd:
vertices    230928 bytes (4811 vertices)
vertices     16320 bytes (340 vertices)
vertices     16320 bytes (340 vertices)
tangents     76976 bytes (4811 vertices)
tangents      5440 bytes (340 vertices)
tangents      5440 bytes (340 vertices)
total       351488 bytes
---------------------
Generating optimized mesh "C:\Program Files (x86)\Steam\steamapps\common\GarrysMod\garrysmod\addons\mcv\work\compile_test_game\models/weapons\mcv\w_m14e2.dx80.vtx":
body parts:        16 bytes
models:           132 bytes
model LODs:       108 bytes
meshes:           108 bytes
strip groups:     300 bytes
strips:           324 bytes
verts:          79416 bytes
indices:        47526 bytes
bone changes:     144 bytes
everything:    128002 bytes
---------------------
Generating optimized mesh "C:\Program Files (x86)\Steam\steamapps\common\GarrysMod\garrysmod\addons\mcv\work\compile_test_game\models/weapons\mcv\w_m14e2.dx90.vtx":
body parts:        16 bytes
models:           132 bytes
model LODs:       108 bytes
meshes:           108 bytes
strip groups:     300 bytes
strips:           324 bytes
verts:          79416 bytes
indices:        47526 bytes
bone changes:     144 bytes
everything:    128002 bytes

Completed "w_m14e2.qc"
