StudioMDL.exe (Apr 27 2026) - Garry's Mod Edition
WARNING: Failed to load keyvalues file cfg/mount.cfg!
qdir:    "c:\program files (x86)\steam\steamapps\common\garrysmod\garrysmod\addons\mcv\work\mcv_smd_port\weapons\w_m21\"
gamedir: "C:\Program Files (x86)\Steam\steamapps\common\GarrysMod\garrysmod\addons\mcv\work\compile_test_game\"
g_path:  "C:\Program Files (x86)\Steam\steamapps\common\GarrysMod\garrysmod\addons\mcv\work\MCV_SMD_PORT\weapons\w_m21\w_m21.qc"
Building binary model files...
Working on "w_m21.qc"
SMD MODEL ..\..\..\MCV_SMD_OG\weapons\w_m21\w_m21_lod0.smd
SMD MODEL ..\..\..\MCV_SMD_OG\weapons\w_m21\w_m21_w_m7b_lod0.smd
SMD MODEL ..\..\..\MCV_SMD_OG\weapons\w_m21\w_m21_scope_lod0.smd
SMD MODEL ..\..\..\MCV_SMD_OG\weapons\w_m21\w_m21_usm_lod0.smd
SMD MODEL ..\..\..\MCV_SMD_OG\weapons\w_m21\w_m21_usg_lod0.smd
SMD MODEL ..\..\..\MCV_SMD_OG\weapons\w_m21\w_m21_lod0_lod1.smd
SMD MODEL ..\..\..\MCV_SMD_OG\weapons\w_m21\w_m21_w_m7b_lod0_lod1.smd
SMD MODEL ..\..\..\MCV_SMD_OG\weapons\w_m21\w_m21_scope_lod0_lod1.smd
SMD MODEL ..\..\..\MCV_SMD_OG\weapons\w_m21\w_m21_usm_lod0_lod1.smd
SMD MODEL ..\..\..\MCV_SMD_OG\weapons\w_m21\w_m21_usg_lod0_lod1.smd
SMD MODEL ..\..\..\MCV_SMD_OG\weapons\w_m21\w_m21_lod0_lod2.smd
SMD MODEL ..\..\..\MCV_SMD_OG\weapons\w_m21\w_m21_w_m7b_lod0_lod2.smd
SMD MODEL ..\..\..\MCV_SMD_OG\weapons\w_m21\w_m21_scope_lod0_lod2.smd
SMD MODEL ..\..\..\MCV_SMD_OG\weapons\w_m21\w_m21_usm_lod0_lod2.smd
SMD MODEL ..\..\..\MCV_SMD_OG\weapons\w_m21\w_m21_usg_lod0_lod2.smd
SMD MODEL ..\..\..\MCV_SMD_OG\weapons\w_m21\w_m21_anims\idle.smd
SMD MODEL ..\..\..\MCV_SMD_OG\weapons\w_m21\w_m21_physics.smd
Processing LOD for material: w_m21
Lod 1: vertexes: 4094 (1069 new)
Lod 2: vertexes: 4653 (559 new)
Processing LOD for material: w_m7b
Lod 1: vertexes: 652 (4 new)
Lod 2: vertexes: 788 (136 new)
Processing LOD for material: w_m21
Lod 1: vertexes: 840 (240 new)
Lod 2: vertexes: 1014 (174 new)
Processing LOD for material: w_rifle_glmounts
Lod 1: vertexes: 417 (12 new)
Processing LOD for material: w_rifle_grenades
Lod 1: vertexes: 408 (20 new)
Model has 4 convex sub-parts
Collision model completed.
---------------------
writing C:\Program Files (x86)\Steam\steamapps\common\GarrysMod\garrysmod\addons\mcv\work\compile_test_game\models/weapons\mcv\w_m21.mdl:
Loading preexisting model: C:\Program Files (x86)\Steam\steamapps\common\GarrysMod\garrysmod\addons\mcv\work\compile_test_game\models/weapons\mcv\w_m21.mdl
   Found 1 preexisting sequences.
bones         1980 bytes (4)
animations     124 bytes (1 anims) (1 frames) [0:00]
Building sequence index remapping table...
No re-ordering required.
sequences      232 bytes (1 seq) 
ik/pose       1412 bytes
eyeballs         0 bytes (0 eyeballs)
flexes           0 bytes (0 flexes)
eyeballs         0 bytes (0 eyeballs)
flexes           0 bytes (0 flexes)
eyeballs         0 bytes (0 eyeballs)
flexes           0 bytes (0 flexes)
eyeballs         0 bytes (0 eyeballs)
flexes           0 bytes (0 flexes)
eyeballs         0 bytes (0 eyeballs)
flexes           0 bytes (0 flexes)
eyeballs         0 bytes (0 eyeballs)
flexes           0 bytes (0 flexes)
eyeballs         0 bytes (0 eyeballs)
flexes           0 bytes (0 flexes)
eyeballs         0 bytes (0 eyeballs)
flexes           0 bytes (0 flexes)
eyeballs         0 bytes (0 eyeballs)
flexes           0 bytes (0 flexes)
textures       280 bytes
keyvalues       20 bytes
bone transforms      608 bytes
bone flex driver       0 bytes
Collision model volume 162.96 in^3
collision        0 bytes
total         5580
---------------------
writing C:\Program Files (x86)\Steam\steamapps\common\GarrysMod\garrysmod\addons\mcv\work\compile_test_game\models/weapons\mcv\w_m21.vvd:
vertices    223344 bytes (4653 vertices)
vertices     37824 bytes (788 vertices)
vertices     48672 bytes (1014 vertices)
vertices     20016 bytes (417 vertices)
vertices     19584 bytes (408 vertices)
tangents     74448 bytes (4653 vertices)
tangents     12608 bytes (788 vertices)
tangents     16224 bytes (1014 vertices)
tangents      6672 bytes (417 vertices)
tangents      6528 bytes (408 vertices)
total       465984 bytes
---------------------
Generating optimized mesh "C:\Program Files (x86)\Steam\steamapps\common\GarrysMod\garrysmod\addons\mcv\work\compile_test_game\models/weapons\mcv\w_m21.dx80.vtx":
body parts:        40 bytes
models:           396 bytes
model LODs:       324 bytes
meshes:           135 bytes
strip groups:     375 bytes
strips:           405 bytes
verts:          84312 bytes
indices:        52548 bytes
bone changes:     168 bytes
everything:    138415 bytes
---------------------
Generating optimized mesh "C:\Program Files (x86)\Steam\steamapps\common\GarrysMod\garrysmod\addons\mcv\work\compile_test_game\models/weapons\mcv\w_m21.dx90.vtx":
body parts:        40 bytes
models:           396 bytes
model LODs:       324 bytes
meshes:           135 bytes
strip groups:     375 bytes
strips:           405 bytes
verts:          84312 bytes
indices:        52548 bytes
bone changes:     168 bytes
everything:    138415 bytes

Completed "w_m21.qc"
