StudioMDL.exe (Apr 27 2026) - Garry's Mod Edition
WARNING: Failed to load keyvalues file cfg/mount.cfg!
qdir:    "c:\program files (x86)\steam\steamapps\common\garrysmod\garrysmod\addons\mcv\work\mcv_smd_port\weapons\w_m203\"
gamedir: "C:\Program Files (x86)\Steam\steamapps\common\GarrysMod\garrysmod\addons\mcv\work\compile_test_game\"
g_path:  "C:\Program Files (x86)\Steam\steamapps\common\GarrysMod\garrysmod\addons\mcv\work\MCV_SMD_PORT\weapons\w_m203\w_m203.qc"
Building binary model files...
Working on "w_m203.qc"
SMD MODEL ..\..\..\MCV_SMD_OG\weapons\w_m203\w_m203_lod0.smd
SMD MODEL ..\..\..\MCV_SMD_OG\weapons\w_m203\w_m203_lod0_lod1.smd
SMD MODEL ..\..\..\MCV_SMD_OG\weapons\w_m203\w_m203_lod0_lod2.smd
SMD MODEL ..\..\..\MCV_SMD_OG\weapons\w_m203\w_m203_anims\idle.smd
SMD MODEL ..\..\..\MCV_SMD_OG\weapons\w_m203\w_m203_physics.smd
Processing LOD for material: w_m203
Lod 1: vertexes: 3806 (946 new)
Lod 2: vertexes: 4385 (579 new)
Processing LOD for material: w_m16a1
Model has 9 convex sub-parts
Collision model completed.
---------------------
writing C:\Program Files (x86)\Steam\steamapps\common\GarrysMod\garrysmod\addons\mcv\work\compile_test_game\models/weapons\mcv\w_m203.mdl:
Loading preexisting model: C:\Program Files (x86)\Steam\steamapps\common\GarrysMod\garrysmod\addons\mcv\work\compile_test_game\models/weapons\mcv\w_m203.mdl
   Found 1 preexisting sequences.
bones         1764 bytes (3)
animations     132 bytes (1 anims) (1 frames) [0:00]
Building sequence index remapping table...
No re-ordering required.
sequences      228 bytes (1 seq) 
ik/pose        164 bytes
eyeballs         0 bytes (0 eyeballs)
flexes           0 bytes (0 flexes)
textures       144 bytes
keyvalues       20 bytes
bone transforms      472 bytes
bone flex driver       0 bytes
Collision model volume 198.96 in^3
collision        0 bytes
total         3400
---------------------
writing C:\Program Files (x86)\Steam\steamapps\common\GarrysMod\garrysmod\addons\mcv\work\compile_test_game\models/weapons\mcv\w_m203.vvd:
vertices    214032 bytes (4459 vertices)
tangents     71344 bytes (4459 vertices)
total       285440 bytes
---------------------
Generating optimized mesh "C:\Program Files (x86)\Steam\steamapps\common\GarrysMod\garrysmod\addons\mcv\work\compile_test_game\models/weapons\mcv\w_m203.dx80.vtx":
body parts:         8 bytes
models:            44 bytes
model LODs:        36 bytes
meshes:            54 bytes
strip groups:     150 bytes
strips:           162 bytes
verts:          45675 bytes
indices:        25458 bytes
bone changes:      72 bytes
everything:     71659 bytes
---------------------
Generating optimized mesh "C:\Program Files (x86)\Steam\steamapps\common\GarrysMod\garrysmod\addons\mcv\work\compile_test_game\models/weapons\mcv\w_m203.dx90.vtx":
body parts:         8 bytes
models:            44 bytes
model LODs:        36 bytes
meshes:            54 bytes
strip groups:     150 bytes
strips:           162 bytes
verts:          45675 bytes
indices:        25458 bytes
bone changes:      72 bytes
everything:     71659 bytes

Completed "w_m203.qc"
