StudioMDL.exe (Apr 27 2026) - Garry's Mod Edition
WARNING: Failed to load keyvalues file cfg/mount.cfg!
qdir:    "c:\program files (x86)\steam\steamapps\common\garrysmod\garrysmod\addons\mcv\work\mcv_smd_port\weapons\w_m24\"
gamedir: "C:\Program Files (x86)\Steam\steamapps\common\GarrysMod\garrysmod\addons\mcv\work\compile_test_game\"
g_path:  "C:\Program Files (x86)\Steam\steamapps\common\GarrysMod\garrysmod\addons\mcv\work\MCV_SMD_PORT\weapons\w_m24\w_m24.qc"
Building binary model files...
Working on "w_m24.qc"
SMD MODEL ..\..\..\MCV_SMD_OG\weapons\w_m24\w_fm24_lod0.smd
SMD MODEL ..\..\..\MCV_SMD_OG\weapons\w_m24\w_fm24_bp0.smd
SMD MODEL ..\..\..\MCV_SMD_OG\weapons\w_m24\w_fm24_bp1.smd
SMD MODEL ..\..\..\MCV_SMD_OG\weapons\w_m24\w_fm24_lod0_lod1.smd
SMD MODEL ..\..\..\MCV_SMD_OG\weapons\w_m24\w_fm24_bp0_lod1.smd
SMD MODEL ..\..\..\MCV_SMD_OG\weapons\w_m24\w_fm24_bp1_lod1.smd
SMD MODEL ..\..\..\MCV_SMD_OG\weapons\w_m24\w_fm24_lod0_lod2.smd
SMD MODEL ..\..\..\MCV_SMD_OG\weapons\w_m24\w_fm24_bp0_lod2.smd
SMD MODEL ..\..\..\MCV_SMD_OG\weapons\w_m24\w_fm24_bp1_lod2.smd
SMD MODEL ..\..\..\MCV_SMD_OG\weapons\w_m24\w_m24_anims\idle.smd
SMD MODEL ..\..\..\MCV_SMD_OG\weapons\w_m24\w_m24_physics.smd
Processing LOD for material: w_fm24
Lod 1: vertexes: 1486 (152 new)
Lod 2: vertexes: 1614 (128 new)
Processing LOD for material: w_fm24
Processing LOD for material: w_fm24
Model has 3 convex sub-parts
Collision model completed.
---------------------
writing C:\Program Files (x86)\Steam\steamapps\common\GarrysMod\garrysmod\addons\mcv\work\compile_test_game\models/weapons\mcv\w_m24.mdl:
Loading preexisting model: C:\Program Files (x86)\Steam\steamapps\common\GarrysMod\garrysmod\addons\mcv\work\compile_test_game\models/weapons\mcv\w_m24.mdl
   Found 1 preexisting sequences.
bones         1740 bytes (3)
animations     124 bytes (1 anims) (1 frames) [0:00]
Building sequence index remapping table...
No re-ordering required.
sequences      228 bytes (1 seq) 
ik/pose        476 bytes
eyeballs         0 bytes (0 eyeballs)
flexes           0 bytes (0 flexes)
eyeballs         0 bytes (0 eyeballs)
flexes           0 bytes (0 flexes)
eyeballs         0 bytes (0 eyeballs)
flexes           0 bytes (0 flexes)
textures        76 bytes
keyvalues       20 bytes
bone transforms      472 bytes
bone flex driver       0 bytes
Collision model volume 500.46 in^3
collision        0 bytes
total         3680
---------------------
writing C:\Program Files (x86)\Steam\steamapps\common\GarrysMod\garrysmod\addons\mcv\work\compile_test_game\models/weapons\mcv\w_m24.vvd:
vertices     77472 bytes (1614 vertices)
vertices     16992 bytes (354 vertices)
vertices     16992 bytes (354 vertices)
tangents     25824 bytes (1614 vertices)
tangents      5664 bytes (354 vertices)
tangents      5664 bytes (354 vertices)
total       148672 bytes
---------------------
Generating optimized mesh "C:\Program Files (x86)\Steam\steamapps\common\GarrysMod\garrysmod\addons\mcv\work\compile_test_game\models/weapons\mcv\w_m24.dx80.vtx":
body parts:        16 bytes
models:           132 bytes
model LODs:       108 bytes
meshes:            81 bytes
strip groups:     225 bytes
strips:           243 bytes
verts:          46584 bytes
indices:        27174 bytes
bone changes:     120 bytes
everything:     74611 bytes
---------------------
Generating optimized mesh "C:\Program Files (x86)\Steam\steamapps\common\GarrysMod\garrysmod\addons\mcv\work\compile_test_game\models/weapons\mcv\w_m24.dx90.vtx":
body parts:        16 bytes
models:           132 bytes
model LODs:       108 bytes
meshes:            81 bytes
strip groups:     225 bytes
strips:           243 bytes
verts:          46584 bytes
indices:        27174 bytes
bone changes:     120 bytes
everything:     74611 bytes

Completed "w_m24.qc"
