StudioMDL.exe (Apr 27 2026) - Garry's Mod Edition
WARNING: Failed to load keyvalues file cfg/mount.cfg!
qdir:    "c:\program files (x86)\steam\steamapps\common\garrysmod\garrysmod\addons\mcv\work\mcv_smd_port\weapons\w_m202\"
gamedir: "C:\Program Files (x86)\Steam\steamapps\common\GarrysMod\garrysmod\addons\mcv\work\compile_test_game\"
g_path:  "C:\Program Files (x86)\Steam\steamapps\common\GarrysMod\garrysmod\addons\mcv\work\MCV_SMD_PORT\weapons\w_m202\w_m202.qc"
Building binary model files...
Working on "w_m202.qc"
SMD MODEL ..\..\..\MCV_SMD_OG\weapons\w_m202\w_m202_lod0.smd
SMD MODEL ..\..\..\MCV_SMD_OG\weapons\w_m202\w_m202_lod0_lod1.smd
SMD MODEL ..\..\..\MCV_SMD_OG\weapons\w_m202\w_m202_anims\idle.smd
SMD MODEL ..\..\..\MCV_SMD_OG\weapons\w_m202\w_m202_physics.smd
Processing LOD for material: w_m202
Lod 1: vertexes: 3358 (351 new)
Model has 5 convex sub-parts
Collision model completed.
---------------------
writing C:\Program Files (x86)\Steam\steamapps\common\GarrysMod\garrysmod\addons\mcv\work\compile_test_game\models/weapons\mcv\w_m202.mdl:
Loading preexisting model: C:\Program Files (x86)\Steam\steamapps\common\GarrysMod\garrysmod\addons\mcv\work\compile_test_game\models/weapons\mcv\w_m202.mdl
   Found 1 preexisting sequences.
bones         1924 bytes (3)
animations     132 bytes (1 anims) (1 frames) [0:00]
Building sequence index remapping table...
No re-ordering required.
sequences      228 bytes (1 seq) 
ik/pose        164 bytes
eyeballs         0 bytes (0 eyeballs)
flexes           0 bytes (0 flexes)
textures        80 bytes
keyvalues       20 bytes
bone transforms      472 bytes
bone flex driver       0 bytes
Collision model volume 1144.10 in^3
collision        0 bytes
total         3384
---------------------
writing C:\Program Files (x86)\Steam\steamapps\common\GarrysMod\garrysmod\addons\mcv\work\compile_test_game\models/weapons\mcv\w_m202.vvd:
vertices    161184 bytes (3358 vertices)
tangents     53728 bytes (3358 vertices)
total       214976 bytes
---------------------
Generating optimized mesh "C:\Program Files (x86)\Steam\steamapps\common\GarrysMod\garrysmod\addons\mcv\work\compile_test_game\models/weapons\mcv\w_m202.dx80.vtx":
body parts:         8 bytes
models:            32 bytes
model LODs:        24 bytes
meshes:            18 bytes
strip groups:      50 bytes
strips:            54 bytes
verts:          46503 bytes
indices:        31692 bytes
bone changes:      48 bytes
everything:     78441 bytes
---------------------
Generating optimized mesh "C:\Program Files (x86)\Steam\steamapps\common\GarrysMod\garrysmod\addons\mcv\work\compile_test_game\models/weapons\mcv\w_m202.dx90.vtx":
body parts:         8 bytes
models:            32 bytes
model LODs:        24 bytes
meshes:            18 bytes
strip groups:      50 bytes
strips:            54 bytes
verts:          46503 bytes
indices:        31692 bytes
bone changes:      48 bytes
everything:     78441 bytes

Completed "w_m202.qc"
