StudioMDL.exe (Apr 27 2026) - Garry's Mod Edition
WARNING: Failed to load keyvalues file cfg/mount.cfg!
qdir:    "c:\program files (x86)\steam\steamapps\common\garrysmod\garrysmod\addons\mcv\work\mcv_smd_port\weapons\w_m45_sog\"
gamedir: "C:\Program Files (x86)\Steam\steamapps\common\GarrysMod\garrysmod\addons\mcv\work\compile_test_game\"
g_path:  "C:\Program Files (x86)\Steam\steamapps\common\GarrysMod\garrysmod\addons\mcv\work\MCV_SMD_PORT\weapons\w_m45_sog\w_m45_sog.qc"
Building binary model files...
Working on "w_m45_sog.qc"
SMD MODEL ..\..\..\MCV_SMD_OG\weapons\w_m45_sog\w_m45_sog_lod0.smd
SMD MODEL ..\..\..\MCV_SMD_OG\weapons\w_m45_sog\w_m45_sog_lod0_lod1.smd
SMD MODEL ..\..\..\MCV_SMD_OG\weapons\w_m45_sog\w_m45_sog_lod0_lod2.smd
SMD MODEL ..\..\..\MCV_SMD_OG\weapons\w_m45_sog\w_m45_sog_anims\idle.smd
SMD MODEL ..\..\..\MCV_SMD_OG\weapons\w_m45_sog\w_m45_sog_physics.smd
Processing LOD for material: w_m45
Lod 1: vertexes: 1084 (142 new)
Lod 2: vertexes: 1322 (238 new)
Processing LOD for material: w_m45_silenser
Lod 1: vertexes: 1715 (81 new)
Lod 2: vertexes: 1767 (52 new)
Model has 10 convex sub-parts
Collision model completed.
---------------------
writing C:\Program Files (x86)\Steam\steamapps\common\GarrysMod\garrysmod\addons\mcv\work\compile_test_game\models/weapons\mcv\w_m45_sog.mdl:
Loading preexisting model: C:\Program Files (x86)\Steam\steamapps\common\GarrysMod\garrysmod\addons\mcv\work\compile_test_game\models/weapons\mcv\w_m45_sog.mdl
   Found 1 preexisting sequences.
bones         1672 bytes (3)
animations     128 bytes (1 anims) (1 frames) [0:00]
Building sequence index remapping table...
No re-ordering required.
sequences      228 bytes (1 seq) 
ik/pose        164 bytes
eyeballs         0 bytes (0 eyeballs)
flexes           0 bytes (0 flexes)
textures       136 bytes
keyvalues       20 bytes
bone transforms      472 bytes
bone flex driver       0 bytes
Collision model volume 107.43 in^3
collision        0 bytes
total         3260
---------------------
writing C:\Program Files (x86)\Steam\steamapps\common\GarrysMod\garrysmod\addons\mcv\work\compile_test_game\models/weapons\mcv\w_m45_sog.vvd:
vertices     84816 bytes (1767 vertices)
tangents     28272 bytes (1767 vertices)
total       113152 bytes
---------------------
Generating optimized mesh "C:\Program Files (x86)\Steam\steamapps\common\GarrysMod\garrysmod\addons\mcv\work\compile_test_game\models/weapons\mcv\w_m45_sog.dx80.vtx":
body parts:         8 bytes
models:            44 bytes
model LODs:        36 bytes
meshes:            54 bytes
strip groups:     150 bytes
strips:           162 bytes
verts:          25902 bytes
indices:        15330 bytes
bone changes:      96 bytes
everything:     41782 bytes
---------------------
Generating optimized mesh "C:\Program Files (x86)\Steam\steamapps\common\GarrysMod\garrysmod\addons\mcv\work\compile_test_game\models/weapons\mcv\w_m45_sog.dx90.vtx":
body parts:         8 bytes
models:            44 bytes
model LODs:        36 bytes
meshes:            54 bytes
strip groups:     150 bytes
strips:           162 bytes
verts:          25902 bytes
indices:        15330 bytes
bone changes:      96 bytes
everything:     41782 bytes

Completed "w_m45_sog.qc"
