StudioMDL.exe (Apr 27 2026) - Garry's Mod Edition
WARNING: Failed to load keyvalues file cfg/mount.cfg!
qdir:    "c:\program files (x86)\steam\steamapps\common\garrysmod\garrysmod\addons\mcv\work\mcv_smd_port\weapons\w_m60\"
gamedir: "C:\Program Files (x86)\Steam\steamapps\common\GarrysMod\garrysmod\addons\mcv\work\compile_test_game\"
g_path:  "C:\Program Files (x86)\Steam\steamapps\common\GarrysMod\garrysmod\addons\mcv\work\MCV_SMD_PORT\weapons\w_m60\w_m60.qc"
Building binary model files...
Working on "w_m60.qc"
SMD MODEL ..\..\..\MCV_SMD_OG\weapons\w_m60\w_m60_lod0.smd
SMD MODEL ..\..\..\MCV_SMD_OG\weapons\w_m60\w_m60_bipod1_lod0.smd
SMD MODEL ..\..\..\MCV_SMD_OG\weapons\w_m60\w_m60_bipod2_lod0.smd
SMD MODEL ..\..\..\MCV_SMD_OG\weapons\w_m60\w_m60_lod0_lod1.smd
SMD MODEL ..\..\..\MCV_SMD_OG\weapons\w_m60\w_m60_bipod1_lod0_lod1.smd
SMD MODEL ..\..\..\MCV_SMD_OG\weapons\w_m60\w_m60_bipod2_lod0_lod1.smd
SMD MODEL ..\..\..\MCV_SMD_OG\weapons\w_m60\w_m60_lod0_lod2.smd
SMD MODEL ..\..\..\MCV_SMD_OG\weapons\w_m60\w_m60_bipod1_lod0_lod2.smd
SMD MODEL ..\..\..\MCV_SMD_OG\weapons\w_m60\w_m60_bipod2_lod0_lod2.smd
SMD MODEL ..\..\..\MCV_SMD_OG\weapons\w_m60\w_m60_anims\idle.smd
SMD MODEL ..\..\..\MCV_SMD_OG\weapons\w_m60\w_m60_physics.smd
Processing LOD for material: w_m60
Lod 1: vertexes: 2857 (639 new)
Lod 2: vertexes: 3225 (368 new)
Processing LOD for material: USeq_ammobelt
Lod 1: vertexes: 3388 (12 new)
Processing LOD for material: w_m60
Lod 1: vertexes: 456 (148 new)
Lod 2: vertexes: 516 (60 new)
Processing LOD for material: w_m60
Lod 1: vertexes: 456 (148 new)
Lod 2: vertexes: 516 (60 new)
Model has 8 convex sub-parts
Collision model completed.
---------------------
writing C:\Program Files (x86)\Steam\steamapps\common\GarrysMod\garrysmod\addons\mcv\work\compile_test_game\models/weapons\mcv\w_m60.mdl:
Loading preexisting model: C:\Program Files (x86)\Steam\steamapps\common\GarrysMod\garrysmod\addons\mcv\work\compile_test_game\models/weapons\mcv\w_m60.mdl
   Found 1 preexisting sequences.
bones         2312 bytes (5)
animations     128 bytes (1 anims) (1 frames) [0:00]
Building sequence index remapping table...
No re-ordering required.
sequences      236 bytes (1 seq) 
ik/pose        476 bytes
eyeballs         0 bytes (0 eyeballs)
flexes           0 bytes (0 flexes)
eyeballs         0 bytes (0 eyeballs)
flexes           0 bytes (0 flexes)
eyeballs         0 bytes (0 eyeballs)
flexes           0 bytes (0 flexes)
textures       144 bytes
keyvalues       20 bytes
bone transforms      744 bytes
bone flex driver       0 bytes
Collision model volume 380.93 in^3
collision        0 bytes
total         4804
---------------------
writing C:\Program Files (x86)\Steam\steamapps\common\GarrysMod\garrysmod\addons\mcv\work\compile_test_game\models/weapons\mcv\w_m60.vvd:
vertices    162624 bytes (3388 vertices)
vertices     24768 bytes (516 vertices)
vertices     24768 bytes (516 vertices)
tangents     54208 bytes (3388 vertices)
tangents      8256 bytes (516 vertices)
tangents      8256 bytes (516 vertices)
total       282944 bytes
---------------------
Generating optimized mesh "C:\Program Files (x86)\Steam\steamapps\common\GarrysMod\garrysmod\addons\mcv\work\compile_test_game\models/weapons\mcv\w_m60.dx80.vtx":
body parts:        16 bytes
models:           132 bytes
model LODs:       108 bytes
meshes:           108 bytes
strip groups:     275 bytes
strips:           297 bytes
verts:          45963 bytes
indices:        22794 bytes
bone changes:     160 bytes
everything:     69781 bytes
---------------------
Generating optimized mesh "C:\Program Files (x86)\Steam\steamapps\common\GarrysMod\garrysmod\addons\mcv\work\compile_test_game\models/weapons\mcv\w_m60.dx90.vtx":
body parts:        16 bytes
models:           132 bytes
model LODs:       108 bytes
meshes:           108 bytes
strip groups:     275 bytes
strips:           297 bytes
verts:          45963 bytes
indices:        22794 bytes
bone changes:     160 bytes
everything:     69781 bytes

Completed "w_m60.qc"
