StudioMDL.exe (Apr 27 2026) - Garry's Mod Edition
WARNING: Failed to load keyvalues file cfg/mount.cfg!
qdir:    "c:\program files (x86)\steam\steamapps\common\garrysmod\garrysmod\addons\mcv\work\mcv_smd_port\weapons\w_m7188\"
gamedir: "C:\Program Files (x86)\Steam\steamapps\common\GarrysMod\garrysmod\addons\mcv\work\compile_test_game\"
g_path:  "C:\Program Files (x86)\Steam\steamapps\common\GarrysMod\garrysmod\addons\mcv\work\MCV_SMD_PORT\weapons\w_m7188\w_m7188.qc"
Building binary model files...
Working on "w_m7188.qc"
SMD MODEL ..\..\..\MCV_SMD_OG\weapons\w_m7188\w_m7188_lod0.smd
SMD MODEL ..\..\..\MCV_SMD_OG\weapons\w_m7188\w_m7188_w_m7b_lod0.smd
SMD MODEL ..\..\..\MCV_SMD_OG\weapons\w_m7188\w_m7188_w_m1905_lod0.smd
SMD MODEL ..\..\..\MCV_SMD_OG\weapons\w_m7188\w_m7188_lod0_lod1.smd
SMD MODEL ..\..\..\MCV_SMD_OG\weapons\w_m7188\w_m7188_w_m7b_lod0_lod1.smd
SMD MODEL ..\..\..\MCV_SMD_OG\weapons\w_m7188\w_m7188_w_m1905_lod0_lod1.smd
SMD MODEL ..\..\..\MCV_SMD_OG\weapons\w_m7188\w_m7188_lod0_lod2.smd
SMD MODEL ..\..\..\MCV_SMD_OG\weapons\w_m7188\w_m7188_w_m7b_lod0_lod2.smd
SMD MODEL ..\..\..\MCV_SMD_OG\weapons\w_m7188\w_m7188_w_m1905_lod0_lod2.smd
SMD MODEL ..\..\..\MCV_SMD_OG\weapons\w_m7188\w_m7188_anims\idle.smd
SMD MODEL ..\..\..\MCV_SMD_OG\weapons\w_m7188\w_m7188_physics.smd
Processing LOD for material: w_m7188
Lod 1: vertexes: 1546 (250 new)
Lod 2: vertexes: 1747 (201 new)
Processing LOD for material: w_m7b
Lod 1: vertexes: 790 (142 new)
Lod 2: vertexes: 791 (1 new)
Processing LOD for material: w_m1905
Lod 1: vertexes: 513 (33 new)
Lod 2: vertexes: 631 (118 new)
Model has 2 convex sub-parts
Collision model completed.
---------------------
writing C:\Program Files (x86)\Steam\steamapps\common\GarrysMod\garrysmod\addons\mcv\work\compile_test_game\models/weapons\mcv\w_m7188.mdl:
Loading preexisting model: C:\Program Files (x86)\Steam\steamapps\common\GarrysMod\garrysmod\addons\mcv\work\compile_test_game\models/weapons\mcv\w_m7188.mdl
   Found 1 preexisting sequences.
bones         1580 bytes (3)
animations     140 bytes (1 anims) (1 frames) [0:00]
Building sequence index remapping table...
No re-ordering required.
sequences      228 bytes (1 seq) 
ik/pose        624 bytes
eyeballs         0 bytes (0 eyeballs)
flexes           0 bytes (0 flexes)
eyeballs         0 bytes (0 eyeballs)
flexes           0 bytes (0 flexes)
eyeballs         0 bytes (0 eyeballs)
flexes           0 bytes (0 flexes)
eyeballs         0 bytes (0 eyeballs)
flexes           0 bytes (0 flexes)
textures       216 bytes
keyvalues       20 bytes
bone transforms      472 bytes
bone flex driver       0 bytes
Collision model volume 191.13 in^3
collision        0 bytes
total         3900
---------------------
writing C:\Program Files (x86)\Steam\steamapps\common\GarrysMod\garrysmod\addons\mcv\work\compile_test_game\models/weapons\mcv\w_m7188.vvd:
vertices     83856 bytes (1747 vertices)
vertices     37968 bytes (791 vertices)
vertices     30288 bytes (631 vertices)
tangents     27952 bytes (1747 vertices)
tangents     12656 bytes (791 vertices)
tangents     10096 bytes (631 vertices)
total       202880 bytes
---------------------
Generating optimized mesh "C:\Program Files (x86)\Steam\steamapps\common\GarrysMod\garrysmod\addons\mcv\work\compile_test_game\models/weapons\mcv\w_m7188.dx80.vtx":
body parts:        16 bytes
models:           176 bytes
model LODs:       144 bytes
meshes:            81 bytes
strip groups:     225 bytes
strips:           243 bytes
verts:          42129 bytes
indices:        28338 bytes
bone changes:      96 bytes
everything:     71340 bytes
---------------------
Generating optimized mesh "C:\Program Files (x86)\Steam\steamapps\common\GarrysMod\garrysmod\addons\mcv\work\compile_test_game\models/weapons\mcv\w_m7188.dx90.vtx":
body parts:        16 bytes
models:           176 bytes
model LODs:       144 bytes
meshes:            81 bytes
strip groups:     225 bytes
strips:           243 bytes
verts:          42129 bytes
indices:        28338 bytes
bone changes:      96 bytes
everything:     71340 bytes

Completed "w_m7188.qc"
