StudioMDL.exe (Apr 27 2026) - Garry's Mod Edition
WARNING: Failed to load keyvalues file cfg/mount.cfg!
qdir:    "c:\program files (x86)\steam\steamapps\common\garrysmod\garrysmod\addons\mcv\work\mcv_smd_port\weapons\w_m79_short\"
gamedir: "C:\Program Files (x86)\Steam\steamapps\common\GarrysMod\garrysmod\addons\mcv\work\compile_test_game\"
g_path:  "C:\Program Files (x86)\Steam\steamapps\common\GarrysMod\garrysmod\addons\mcv\work\MCV_SMD_PORT\weapons\w_m79_short\w_m79_short.qc"
Building binary model files...
Working on "w_m79_short.qc"
SMD MODEL ..\..\..\MCV_SMD_OG\weapons\w_m79_short\w_m79short_lod0.smd
SMD MODEL ..\..\..\MCV_SMD_OG\weapons\w_m79_short\w_m79short_lod0_lod1.smd
SMD MODEL ..\..\..\MCV_SMD_OG\weapons\w_m79_short\w_m79short_lod0_lod2.smd
SMD MODEL ..\..\..\MCV_SMD_OG\weapons\w_m79_short\w_m79_short_anims\idle.smd
SMD MODEL ..\..\..\MCV_SMD_OG\weapons\w_m79_short\w_m79_short_physics.smd
Processing LOD for material: w_m79short
Lod 1: vertexes: 1122 (89 new)
Lod 2: vertexes: 1316 (194 new)
Model has 1 convex sub-parts
Collision model completed.
---------------------
writing C:\Program Files (x86)\Steam\steamapps\common\GarrysMod\garrysmod\addons\mcv\work\compile_test_game\models/weapons\mcv\w_m79_short.mdl:
Loading preexisting model: C:\Program Files (x86)\Steam\steamapps\common\GarrysMod\garrysmod\addons\mcv\work\compile_test_game\models/weapons\mcv\w_m79_short.mdl
   Found 1 preexisting sequences.
bones         1740 bytes (3)
animations     124 bytes (1 anims) (1 frames) [0:00]
Building sequence index remapping table...
No re-ordering required.
sequences      228 bytes (1 seq) 
ik/pose        164 bytes
eyeballs         0 bytes (0 eyeballs)
flexes           0 bytes (0 flexes)
textures        76 bytes
keyvalues       20 bytes
bone transforms      472 bytes
bone flex driver       0 bytes
Collision model volume 87.88 in^3
collision        0 bytes
total         3140
---------------------
writing C:\Program Files (x86)\Steam\steamapps\common\GarrysMod\garrysmod\addons\mcv\work\compile_test_game\models/weapons\mcv\w_m79_short.vvd:
vertices     63168 bytes (1316 vertices)
tangents     21056 bytes (1316 vertices)
total        84288 bytes
---------------------
Generating optimized mesh "C:\Program Files (x86)\Steam\steamapps\common\GarrysMod\garrysmod\addons\mcv\work\compile_test_game\models/weapons\mcv\w_m79_short.dx80.vtx":
body parts:         8 bytes
models:            44 bytes
model LODs:        36 bytes
meshes:            27 bytes
strip groups:      75 bytes
strips:            81 bytes
verts:          21483 bytes
indices:        12456 bytes
bone changes:      72 bytes
everything:     34282 bytes
---------------------
Generating optimized mesh "C:\Program Files (x86)\Steam\steamapps\common\GarrysMod\garrysmod\addons\mcv\work\compile_test_game\models/weapons\mcv\w_m79_short.dx90.vtx":
body parts:         8 bytes
models:            44 bytes
model LODs:        36 bytes
meshes:            27 bytes
strip groups:      75 bytes
strips:            81 bytes
verts:          21483 bytes
indices:        12456 bytes
bone changes:      72 bytes
everything:     34282 bytes

Completed "w_m79_short.qc"
