StudioMDL.exe (Apr 27 2026) - Garry's Mod Edition
WARNING: Failed to load keyvalues file cfg/mount.cfg!
qdir:    "c:\program files (x86)\steam\steamapps\common\garrysmod\garrysmod\addons\mcv\work\mcv_smd_port\weapons\w_m870\"
gamedir: "C:\Program Files (x86)\Steam\steamapps\common\GarrysMod\garrysmod\addons\mcv\work\compile_test_game\"
g_path:  "C:\Program Files (x86)\Steam\steamapps\common\GarrysMod\garrysmod\addons\mcv\work\MCV_SMD_PORT\weapons\w_m870\w_m870.qc"
Building binary model files...
Working on "w_m870.qc"
SMD MODEL ..\..\..\MCV_SMD_OG\weapons\w_m870\w_m870_lod0.smd
SMD MODEL ..\..\..\MCV_SMD_OG\weapons\w_m870\w_m870_lod0_lod1.smd
SMD MODEL ..\..\..\MCV_SMD_OG\weapons\w_m870\w_m870_lod0_lod2.smd
SMD MODEL ..\..\..\MCV_SMD_OG\weapons\w_m870\w_m870_anims\idle.smd
SMD MODEL ..\..\..\MCV_SMD_OG\weapons\w_m870\w_m870_physics.smd
Processing LOD for material: w_m870
Lod 1: vertexes: 1517 (526 new)
Lod 2: vertexes: 1706 (189 new)
Model has 5 convex sub-parts
Collision model completed.
---------------------
writing C:\Program Files (x86)\Steam\steamapps\common\GarrysMod\garrysmod\addons\mcv\work\compile_test_game\models/weapons\mcv\w_m870.mdl:
Loading preexisting model: C:\Program Files (x86)\Steam\steamapps\common\GarrysMod\garrysmod\addons\mcv\work\compile_test_game\models/weapons\mcv\w_m870.mdl
   Found 1 preexisting sequences.
bones         1648 bytes (3)
animations     136 bytes (1 anims) (1 frames) [0:00]
Building sequence index remapping table...
No re-ordering required.
sequences      228 bytes (1 seq) 
ik/pose        164 bytes
eyeballs         0 bytes (0 eyeballs)
flexes           0 bytes (0 flexes)
textures        76 bytes
keyvalues       20 bytes
bone transforms      472 bytes
bone flex driver       0 bytes
Collision model volume 144.61 in^3
collision        0 bytes
total         3040
---------------------
writing C:\Program Files (x86)\Steam\steamapps\common\GarrysMod\garrysmod\addons\mcv\work\compile_test_game\models/weapons\mcv\w_m870.vvd:
vertices     81888 bytes (1706 vertices)
tangents     27296 bytes (1706 vertices)
total       109248 bytes
---------------------
Generating optimized mesh "C:\Program Files (x86)\Steam\steamapps\common\GarrysMod\garrysmod\addons\mcv\work\compile_test_game\models/weapons\mcv\w_m870.dx80.vtx":
body parts:         8 bytes
models:            44 bytes
model LODs:        36 bytes
meshes:            27 bytes
strip groups:      75 bytes
strips:            81 bytes
verts:          16587 bytes
indices:        11052 bytes
bone changes:      72 bytes
everything:     27982 bytes
---------------------
Generating optimized mesh "C:\Program Files (x86)\Steam\steamapps\common\GarrysMod\garrysmod\addons\mcv\work\compile_test_game\models/weapons\mcv\w_m870.dx90.vtx":
body parts:         8 bytes
models:            44 bytes
model LODs:        36 bytes
meshes:            27 bytes
strip groups:      75 bytes
strips:            81 bytes
verts:          16587 bytes
indices:        11052 bytes
bone changes:      72 bytes
everything:     27982 bytes

Completed "w_m870.qc"
