StudioMDL.exe (Apr 27 2026) - Garry's Mod Edition
WARNING: Failed to load keyvalues file cfg/mount.cfg!
qdir:    "c:\program files (x86)\steam\steamapps\common\garrysmod\garrysmod\addons\mcv\work\mcv_smd_port\weapons\w_mas36\"
gamedir: "C:\Program Files (x86)\Steam\steamapps\common\GarrysMod\garrysmod\addons\mcv\work\compile_test_game\"
g_path:  "C:\Program Files (x86)\Steam\steamapps\common\GarrysMod\garrysmod\addons\mcv\work\MCV_SMD_PORT\weapons\w_mas36\w_mas36.qc"
Building binary model files...
Working on "w_mas36.qc"
SMD MODEL ..\..\..\MCV_SMD_OG\weapons\w_mas36\w_mas36_lod0.smd
SMD MODEL ..\..\..\MCV_SMD_OG\weapons\w_mas36\w_mas36_akb_lod0.smd
SMD MODEL ..\..\..\MCV_SMD_OG\weapons\w_mas36\w_mas36_type30_lod0.smd
SMD MODEL ..\..\..\MCV_SMD_OG\weapons\w_mas36\w_mas36_vcm_lod0.smd
SMD MODEL ..\..\..\MCV_SMD_OG\weapons\w_mas36\w_mas36_vcg_lod0.smd
SMD MODEL ..\..\..\MCV_SMD_OG\weapons\w_mas36\w_mas36_lod0_lod1.smd
SMD MODEL ..\..\..\MCV_SMD_OG\weapons\w_mas36\w_mas36_akb_lod0_lod1.smd
SMD MODEL ..\..\..\MCV_SMD_OG\weapons\w_mas36\w_mas36_type30_lod0_lod1.smd
SMD MODEL ..\..\..\MCV_SMD_OG\weapons\w_mas36\w_mas36_vcm_lod0_lod1.smd
SMD MODEL ..\..\..\MCV_SMD_OG\weapons\w_mas36\w_mas36_vcg_lod0_lod1.smd
SMD MODEL ..\..\..\MCV_SMD_OG\weapons\w_mas36\w_mas36_lod0_lod2.smd
SMD MODEL ..\..\..\MCV_SMD_OG\weapons\w_mas36\w_mas36_akb_lod0_lod2.smd
SMD MODEL ..\..\..\MCV_SMD_OG\weapons\w_mas36\w_mas36_type30_lod0_lod2.smd
SMD MODEL ..\..\..\MCV_SMD_OG\weapons\w_mas36\w_mas36_vcm_lod0_lod2.smd
SMD MODEL ..\..\..\MCV_SMD_OG\weapons\w_mas36\w_mas36_vcg_lod0_lod2.smd
SMD MODEL ..\..\..\MCV_SMD_OG\weapons\w_mas36\w_mas36_anims\idle.smd
SMD MODEL ..\..\..\MCV_SMD_OG\weapons\w_mas36\w_mas36_physics.smd
Processing LOD for material: w_mas36
Lod 1: vertexes: 956 (122 new)
Lod 2: vertexes: 1054 (98 new)
Processing LOD for material: w_akb
Processing LOD for material: w_type30_bayonet
Processing LOD for material: w_rifle_glmounts_vc
Processing LOD for material: w_rifle_grenades_vc
Model has 1 convex sub-parts
Collision model completed.
---------------------
writing C:\Program Files (x86)\Steam\steamapps\common\GarrysMod\garrysmod\addons\mcv\work\compile_test_game\models/weapons\mcv\w_mas36.mdl:
Loading preexisting model: C:\Program Files (x86)\Steam\steamapps\common\GarrysMod\garrysmod\addons\mcv\work\compile_test_game\models/weapons\mcv\w_mas36.mdl
   Found 1 preexisting sequences.
bones         1956 bytes (4)
animations     132 bytes (1 anims) (1 frames) [0:00]
Building sequence index remapping table...
No re-ordering required.
sequences      232 bytes (1 seq) 
ik/pose       1248 bytes
eyeballs         0 bytes (0 eyeballs)
flexes           0 bytes (0 flexes)
eyeballs         0 bytes (0 eyeballs)
flexes           0 bytes (0 flexes)
eyeballs         0 bytes (0 eyeballs)
flexes           0 bytes (0 flexes)
eyeballs         0 bytes (0 eyeballs)
flexes           0 bytes (0 flexes)
eyeballs         0 bytes (0 eyeballs)
flexes           0 bytes (0 flexes)
eyeballs         0 bytes (0 eyeballs)
flexes           0 bytes (0 flexes)
eyeballs         0 bytes (0 eyeballs)
flexes           0 bytes (0 flexes)
eyeballs         0 bytes (0 eyeballs)
flexes           0 bytes (0 flexes)
textures       352 bytes
keyvalues       20 bytes
bone transforms      608 bytes
bone flex driver       0 bytes
Collision model volume 247.90 in^3
collision        0 bytes
total         5528
---------------------
writing C:\Program Files (x86)\Steam\steamapps\common\GarrysMod\garrysmod\addons\mcv\work\compile_test_game\models/weapons\mcv\w_mas36.vvd:
vertices     50592 bytes (1054 vertices)
vertices     22224 bytes (463 vertices)
vertices     19440 bytes (405 vertices)
vertices     32256 bytes (672 vertices)
vertices      9600 bytes (200 vertices)
tangents     16864 bytes (1054 vertices)
tangents      7408 bytes (463 vertices)
tangents      6480 bytes (405 vertices)
tangents     10752 bytes (672 vertices)
tangents      3200 bytes (200 vertices)
total       178880 bytes
---------------------
Generating optimized mesh "C:\Program Files (x86)\Steam\steamapps\common\GarrysMod\garrysmod\addons\mcv\work\compile_test_game\models/weapons\mcv\w_mas36.dx80.vtx":
body parts:        32 bytes
models:           352 bytes
model LODs:       288 bytes
meshes:           135 bytes
strip groups:     375 bytes
strips:           405 bytes
verts:          61839 bytes
indices:        36306 bytes
bone changes:     168 bytes
everything:     99648 bytes
---------------------
Generating optimized mesh "C:\Program Files (x86)\Steam\steamapps\common\GarrysMod\garrysmod\addons\mcv\work\compile_test_game\models/weapons\mcv\w_mas36.dx90.vtx":
body parts:        32 bytes
models:           352 bytes
model LODs:       288 bytes
meshes:           135 bytes
strip groups:     375 bytes
strips:           405 bytes
verts:          61839 bytes
indices:        36306 bytes
bone changes:     168 bytes
everything:     99648 bytes

Completed "w_mas36.qc"
