StudioMDL.exe (Apr 27 2026) - Garry's Mod Edition
WARNING: Failed to load keyvalues file cfg/mount.cfg!
qdir:    "c:\program files (x86)\steam\steamapps\common\garrysmod\garrysmod\addons\mcv\work\mcv_smd_port\weapons\w_mat49_sog\"
gamedir: "C:\Program Files (x86)\Steam\steamapps\common\GarrysMod\garrysmod\addons\mcv\work\compile_test_game\"
g_path:  "C:\Program Files (x86)\Steam\steamapps\common\GarrysMod\garrysmod\addons\mcv\work\MCV_SMD_PORT\weapons\w_mat49_sog\w_mat49_sog.qc"
Building binary model files...
Working on "w_mat49_sog.qc"
SMD MODEL ..\..\..\MCV_SMD_OG\weapons\w_mat49_sog\w_mat49_sog_lod0.smd
SMD MODEL ..\..\..\MCV_SMD_OG\weapons\w_mat49_sog\w_mat49_sog_lod0_lod1.smd
SMD MODEL ..\..\..\MCV_SMD_OG\weapons\w_mat49_sog\w_mat49_sog_lod0_lod2.smd
SMD MODEL ..\..\..\MCV_SMD_OG\weapons\w_mat49_sog\w_mat49_sog_anims\idle.smd
SMD MODEL ..\..\..\MCV_SMD_OG\weapons\w_mat49_sog\w_mat49_sog_physics.smd
Processing LOD for material: w_mat49
Lod 1: vertexes: 1330 (346 new)
Lod 2: vertexes: 1504 (174 new)
Processing LOD for material: w_m3a1_silenser
Lod 1: vertexes: 1643 (24 new)
Lod 2: vertexes: 1689 (46 new)
Model has 7 convex sub-parts
Collision model completed.
---------------------
writing C:\Program Files (x86)\Steam\steamapps\common\GarrysMod\garrysmod\addons\mcv\work\compile_test_game\models/weapons\mcv\w_mat49_sog.mdl:
Loading preexisting model: C:\Program Files (x86)\Steam\steamapps\common\GarrysMod\garrysmod\addons\mcv\work\compile_test_game\models/weapons\mcv\w_mat49_sog.mdl
   Found 1 preexisting sequences.
bones         1672 bytes (3)
animations     128 bytes (1 anims) (1 frames) [0:00]
Building sequence index remapping table...
No re-ordering required.
sequences      228 bytes (1 seq) 
ik/pose        164 bytes
eyeballs         0 bytes (0 eyeballs)
flexes           0 bytes (0 flexes)
textures       140 bytes
keyvalues       20 bytes
bone transforms      472 bytes
bone flex driver       0 bytes
Collision model volume 153.38 in^3
collision        0 bytes
total         3296
---------------------
writing C:\Program Files (x86)\Steam\steamapps\common\GarrysMod\garrysmod\addons\mcv\work\compile_test_game\models/weapons\mcv\w_mat49_sog.vvd:
vertices     81072 bytes (1689 vertices)
tangents     27024 bytes (1689 vertices)
total       108160 bytes
---------------------
Generating optimized mesh "C:\Program Files (x86)\Steam\steamapps\common\GarrysMod\garrysmod\addons\mcv\work\compile_test_game\models/weapons\mcv\w_mat49_sog.dx80.vtx":
body parts:         8 bytes
models:            44 bytes
model LODs:        36 bytes
meshes:            54 bytes
strip groups:     150 bytes
strips:           162 bytes
verts:          18108 bytes
indices:        10722 bytes
bone changes:      96 bytes
everything:     29380 bytes
---------------------
Generating optimized mesh "C:\Program Files (x86)\Steam\steamapps\common\GarrysMod\garrysmod\addons\mcv\work\compile_test_game\models/weapons\mcv\w_mat49_sog.dx90.vtx":
body parts:         8 bytes
models:            44 bytes
model LODs:        36 bytes
meshes:            54 bytes
strip groups:     150 bytes
strips:           162 bytes
verts:          18108 bytes
indices:        10722 bytes
bone changes:      96 bytes
everything:     29380 bytes

Completed "w_mat49_sog.qc"
