StudioMDL.exe (Apr 27 2026) - Garry's Mod Edition
WARNING: Failed to load keyvalues file cfg/mount.cfg!
qdir:    "c:\program files (x86)\steam\steamapps\common\garrysmod\garrysmod\addons\mcv\work\mcv_smd_port\weapons\w_mas49\"
gamedir: "C:\Program Files (x86)\Steam\steamapps\common\GarrysMod\garrysmod\addons\mcv\work\compile_test_game\"
g_path:  "C:\Program Files (x86)\Steam\steamapps\common\GarrysMod\garrysmod\addons\mcv\work\MCV_SMD_PORT\weapons\w_mas49\w_mas49.qc"
Building binary model files...
Working on "w_mas49.qc"
SMD MODEL ..\..\..\MCV_SMD_OG\weapons\w_mas49\w_mas49_lod0.smd
SMD MODEL ..\..\..\MCV_SMD_OG\weapons\w_mas49\w_mas49_w_akb_lod0.smd
SMD MODEL ..\..\..\MCV_SMD_OG\weapons\w_mas49\w_mas49_scope_lod0.smd
SMD MODEL ..\..\..\MCV_SMD_OG\weapons\w_mas49\w_mas49_vcm_lod0.smd
SMD MODEL ..\..\..\MCV_SMD_OG\weapons\w_mas49\w_mas49_vcg_lod0.smd
SMD MODEL ..\..\..\MCV_SMD_OG\weapons\w_mas49\w_mas49_lod0_lod1.smd
SMD MODEL ..\..\..\MCV_SMD_OG\weapons\w_mas49\w_mas49_w_akb_lod0_lod1.smd
SMD MODEL ..\..\..\MCV_SMD_OG\weapons\w_mas49\w_mas49_scope_lod0_lod1.smd
SMD MODEL ..\..\..\MCV_SMD_OG\weapons\w_mas49\w_mas49_vcm_lod0_lod1.smd
SMD MODEL ..\..\..\MCV_SMD_OG\weapons\w_mas49\w_mas49_vcg_lod0_lod1.smd
SMD MODEL ..\..\..\MCV_SMD_OG\weapons\w_mas49\w_mas49_lod0_lod2.smd
SMD MODEL ..\..\..\MCV_SMD_OG\weapons\w_mas49\w_mas49_w_akb_lod0_lod2.smd
SMD MODEL ..\..\..\MCV_SMD_OG\weapons\w_mas49\w_mas49_scope_lod0_lod2.smd
SMD MODEL ..\..\..\MCV_SMD_OG\weapons\w_mas49\w_mas49_vcm_lod0_lod2.smd
SMD MODEL ..\..\..\MCV_SMD_OG\weapons\w_mas49\w_mas49_vcg_lod0_lod2.smd
SMD MODEL ..\..\..\MCV_SMD_OG\weapons\w_mas49\w_mas49_anims\idle.smd
SMD MODEL ..\..\..\MCV_SMD_OG\weapons\w_mas49\w_mas49_physics.smd
Processing LOD for material: w_mas49
Lod 1: vertexes: 951 (41 new)
Lod 2: vertexes: 1014 (63 new)
Processing LOD for material: w_akb
Lod 1: vertexes: 637 (175 new)
Lod 2: vertexes: 727 (90 new)
Processing LOD for material: w_mas49
Lod 1: vertexes: 359 (11 new)
Lod 2: vertexes: 378 (19 new)
Processing LOD for material: w_rifle_glmounts_vc
Processing LOD for material: w_rifle_grenades_vc
Model has 3 convex sub-parts
Collision model completed.
---------------------
writing C:\Program Files (x86)\Steam\steamapps\common\GarrysMod\garrysmod\addons\mcv\work\compile_test_game\models/weapons\mcv\w_mas49.mdl:
Loading preexisting model: C:\Program Files (x86)\Steam\steamapps\common\GarrysMod\garrysmod\addons\mcv\work\compile_test_game\models/weapons\mcv\w_mas49.mdl
   Found 1 preexisting sequences.
bones         2404 bytes (5)
animations     132 bytes (1 anims) (1 frames) [0:00]
Building sequence index remapping table...
No re-ordering required.
sequences      236 bytes (1 seq) 
ik/pose       1412 bytes
eyeballs         0 bytes (0 eyeballs)
flexes           0 bytes (0 flexes)
eyeballs         0 bytes (0 eyeballs)
flexes           0 bytes (0 flexes)
eyeballs         0 bytes (0 eyeballs)
flexes           0 bytes (0 flexes)
eyeballs         0 bytes (0 eyeballs)
flexes           0 bytes (0 flexes)
eyeballs         0 bytes (0 eyeballs)
flexes           0 bytes (0 flexes)
eyeballs         0 bytes (0 eyeballs)
flexes           0 bytes (0 flexes)
eyeballs         0 bytes (0 eyeballs)
flexes           0 bytes (0 flexes)
eyeballs         0 bytes (0 eyeballs)
flexes           0 bytes (0 flexes)
eyeballs         0 bytes (0 eyeballs)
flexes           0 bytes (0 flexes)
textures       280 bytes
keyvalues       20 bytes
bone transforms      744 bytes
bone flex driver       0 bytes
Collision model volume 180.15 in^3
collision        0 bytes
total         6192
---------------------
writing C:\Program Files (x86)\Steam\steamapps\common\GarrysMod\garrysmod\addons\mcv\work\compile_test_game\models/weapons\mcv\w_mas49.vvd:
vertices     48672 bytes (1014 vertices)
vertices     34896 bytes (727 vertices)
vertices     18144 bytes (378 vertices)
vertices     17568 bytes (366 vertices)
vertices      9600 bytes (200 vertices)
tangents     16224 bytes (1014 vertices)
tangents     11632 bytes (727 vertices)
tangents      6048 bytes (378 vertices)
tangents      5856 bytes (366 vertices)
tangents      3200 bytes (200 vertices)
total       171904 bytes
---------------------
Generating optimized mesh "C:\Program Files (x86)\Steam\steamapps\common\GarrysMod\garrysmod\addons\mcv\work\compile_test_game\models/weapons\mcv\w_mas49.dx80.vtx":
body parts:        40 bytes
models:           396 bytes
model LODs:       324 bytes
meshes:           135 bytes
strip groups:     375 bytes
strips:           405 bytes
verts:          51723 bytes
indices:        28320 bytes
bone changes:     192 bytes
everything:     81622 bytes
---------------------
Generating optimized mesh "C:\Program Files (x86)\Steam\steamapps\common\GarrysMod\garrysmod\addons\mcv\work\compile_test_game\models/weapons\mcv\w_mas49.dx90.vtx":
body parts:        40 bytes
models:           396 bytes
model LODs:       324 bytes
meshes:           135 bytes
strip groups:     375 bytes
strips:           405 bytes
verts:          51723 bytes
indices:        28320 bytes
bone changes:     192 bytes
everything:     81622 bytes

Completed "w_mas49.qc"
