StudioMDL.exe (Apr 27 2026) - Garry's Mod Edition
WARNING: Failed to load keyvalues file cfg/mount.cfg!
qdir:    "c:\program files (x86)\steam\steamapps\common\garrysmod\garrysmod\addons\mcv\work\mcv_smd_port\weapons\w_md63\"
gamedir: "C:\Program Files (x86)\Steam\steamapps\common\GarrysMod\garrysmod\addons\mcv\work\compile_test_game\"
g_path:  "C:\Program Files (x86)\Steam\steamapps\common\GarrysMod\garrysmod\addons\mcv\work\MCV_SMD_PORT\weapons\w_md63\w_md63.qc"
Building binary model files...
Working on "w_md63.qc"
SMD MODEL ..\..\..\MCV_SMD_OG\weapons\w_md63\w_md63_lod0.smd
SMD MODEL ..\..\..\MCV_SMD_OG\weapons\w_md63\w_ak_akb_lod0.smd
SMD MODEL ..\..\..\MCV_SMD_OG\weapons\w_md63\w_md63_lod0_lod1.smd
SMD MODEL ..\..\..\MCV_SMD_OG\weapons\w_md63\w_ak_akb_lod0_lod1.smd
SMD MODEL ..\..\..\MCV_SMD_OG\weapons\w_md63\w_md63_lod0_lod2.smd
SMD MODEL ..\..\..\MCV_SMD_OG\weapons\w_md63\w_ak_akb_lod0_lod2.smd
SMD MODEL ..\..\..\MCV_SMD_OG\weapons\w_md63\w_md63_anims\idle.smd
SMD MODEL ..\..\..\MCV_SMD_OG\weapons\w_md63\w_md63_physics.smd
Processing LOD for material: w_md63
Lod 1: vertexes: 2697 (208 new)
Lod 2: vertexes: 3106 (409 new)
Processing LOD for material: w_akb
Lod 1: vertexes: 630 (168 new)
Lod 2: vertexes: 720 (90 new)
Model has 8 convex sub-parts
Collision model completed.
---------------------
writing C:\Program Files (x86)\Steam\steamapps\common\GarrysMod\garrysmod\addons\mcv\work\compile_test_game\models/weapons\mcv\w_md63.mdl:
Loading preexisting model: C:\Program Files (x86)\Steam\steamapps\common\GarrysMod\garrysmod\addons\mcv\work\compile_test_game\models/weapons\mcv\w_md63.mdl
   Found 1 preexisting sequences.
bones         1888 bytes (4)
animations     136 bytes (1 anims) (1 frames) [0:00]
Building sequence index remapping table...
No re-ordering required.
sequences      232 bytes (1 seq) 
ik/pose        476 bytes
eyeballs         0 bytes (0 eyeballs)
flexes           0 bytes (0 flexes)
eyeballs         0 bytes (0 eyeballs)
flexes           0 bytes (0 flexes)
eyeballs         0 bytes (0 eyeballs)
flexes           0 bytes (0 flexes)
textures       144 bytes
keyvalues       20 bytes
bone transforms      608 bytes
bone flex driver       0 bytes
Collision model volume 154.17 in^3
collision        0 bytes
total         4000
---------------------
writing C:\Program Files (x86)\Steam\steamapps\common\GarrysMod\garrysmod\addons\mcv\work\compile_test_game\models/weapons\mcv\w_md63.vvd:
vertices    149088 bytes (3106 vertices)
vertices     34560 bytes (720 vertices)
tangents     49696 bytes (3106 vertices)
tangents     11520 bytes (720 vertices)
total       244928 bytes
---------------------
Generating optimized mesh "C:\Program Files (x86)\Steam\steamapps\common\GarrysMod\garrysmod\addons\mcv\work\compile_test_game\models/weapons\mcv\w_md63.dx80.vtx":
body parts:        16 bytes
models:           132 bytes
model LODs:       108 bytes
meshes:            54 bytes
strip groups:     150 bytes
strips:           162 bytes
verts:          57924 bytes
indices:        36138 bytes
bone changes:      96 bytes
everything:     94708 bytes
---------------------
Generating optimized mesh "C:\Program Files (x86)\Steam\steamapps\common\GarrysMod\garrysmod\addons\mcv\work\compile_test_game\models/weapons\mcv\w_md63.dx90.vtx":
body parts:        16 bytes
models:           132 bytes
model LODs:       108 bytes
meshes:            54 bytes
strip groups:     150 bytes
strips:           162 bytes
verts:          57924 bytes
indices:        36138 bytes
bone changes:      96 bytes
everything:     94708 bytes

Completed "w_md63.qc"
