StudioMDL.exe (Apr 27 2026) - Garry's Mod Edition
WARNING: Failed to load keyvalues file cfg/mount.cfg!
qdir:    "c:\program files (x86)\steam\steamapps\common\garrysmod\garrysmod\addons\mcv\work\mcv_smd_port\weapons\w_mk4mod0\"
gamedir: "C:\Program Files (x86)\Steam\steamapps\common\GarrysMod\garrysmod\addons\mcv\work\compile_test_game\"
g_path:  "C:\Program Files (x86)\Steam\steamapps\common\GarrysMod\garrysmod\addons\mcv\work\MCV_SMD_PORT\weapons\w_mk4mod0\w_mk4mod0.qc"
Building binary model files...
Working on "w_mk4mod0.qc"
SMD MODEL ..\..\..\MCV_SMD_OG\weapons\w_mk4mod0\w_magazine20_lod0.smd
SMD MODEL ..\..\..\MCV_SMD_OG\weapons\w_mk4mod0\w_mk4mod0_lod0.smd
SMD MODEL ..\..\..\MCV_SMD_OG\weapons\w_mk4mod0\w_mk4mod0_tape_lod0.smd
SMD MODEL ..\..\..\MCV_SMD_OG\weapons\w_mk4mod0\w_magazine20_lod0_lod1.smd
SMD MODEL ..\..\..\MCV_SMD_OG\weapons\w_mk4mod0\w_mk4mod0_lod0_lod1.smd
SMD MODEL ..\..\..\MCV_SMD_OG\weapons\w_mk4mod0\w_mk4mod0_tape_lod0_lod1.smd
SMD MODEL ..\..\..\MCV_SMD_OG\weapons\w_mk4mod0\w_magazine20_lod0_lod2.smd
SMD MODEL ..\..\..\MCV_SMD_OG\weapons\w_mk4mod0\w_mk4mod0_lod0_lod2.smd
SMD MODEL ..\..\..\MCV_SMD_OG\weapons\w_mk4mod0\w_mk4mod0_tape_lod0_lod2.smd
SMD MODEL ..\..\..\MCV_SMD_OG\weapons\w_mk4mod0\w_mk4mod0_anims\idle.smd
SMD MODEL ..\..\..\MCV_SMD_OG\weapons\w_mk4mod0\w_mk4mod0_physics.smd
Processing LOD for material: w_m16a1
Processing LOD for material: w_m16a1
Lod 1: vertexes: 2802 (678 new)
Lod 2: vertexes: 3177 (375 new)
Processing LOD for material: w_mk4mod0
Lod 1: vertexes: 3584 (65 new)
Lod 2: vertexes: 3608 (24 new)
Processing LOD for material: w_mk4mod0
Lod 1: vertexes: 407 (65 new)
Processing LOD for material: w_m16a1_tape
Lod 1: vertexes: 3225 (694 new)
Model has 7 convex sub-parts
Collision model completed.
---------------------
writing C:\Program Files (x86)\Steam\steamapps\common\GarrysMod\garrysmod\addons\mcv\work\compile_test_game\models/weapons\mcv\w_mk4mod0.mdl:
Loading preexisting model: C:\Program Files (x86)\Steam\steamapps\common\GarrysMod\garrysmod\addons\mcv\work\compile_test_game\models/weapons\mcv\w_mk4mod0.mdl
   Found 1 preexisting sequences.
bones         1672 bytes (3)
animations     128 bytes (1 anims) (1 frames) [0:00]
Building sequence index remapping table...
No re-ordering required.
sequences      228 bytes (1 seq) 
ik/pose        476 bytes
eyeballs         0 bytes (0 eyeballs)
flexes           0 bytes (0 flexes)
eyeballs         0 bytes (0 eyeballs)
flexes           0 bytes (0 flexes)
eyeballs         0 bytes (0 eyeballs)
flexes           0 bytes (0 flexes)
textures       220 bytes
keyvalues       20 bytes
bone transforms      472 bytes
bone flex driver       0 bytes
Collision model volume 166.97 in^3
collision        0 bytes
total         4108
---------------------
writing C:\Program Files (x86)\Steam\steamapps\common\GarrysMod\garrysmod\addons\mcv\work\compile_test_game\models/weapons\mcv\w_mk4mod0.vvd:
vertices      3552 bytes (74 vertices)
vertices    173184 bytes (3608 vertices)
vertices    154800 bytes (3225 vertices)
tangents      1184 bytes (74 vertices)
tangents     57728 bytes (3608 vertices)
tangents     51600 bytes (3225 vertices)
total       442112 bytes
---------------------
Generating optimized mesh "C:\Program Files (x86)\Steam\steamapps\common\GarrysMod\garrysmod\addons\mcv\work\compile_test_game\models/weapons\mcv\w_mk4mod0.dx80.vtx":
body parts:        16 bytes
models:           132 bytes
model LODs:       108 bytes
meshes:           135 bytes
strip groups:     375 bytes
strips:           405 bytes
verts:          82053 bytes
indices:        45420 bytes
bone changes:     144 bytes
everything:    128716 bytes
---------------------
Generating optimized mesh "C:\Program Files (x86)\Steam\steamapps\common\GarrysMod\garrysmod\addons\mcv\work\compile_test_game\models/weapons\mcv\w_mk4mod0.dx90.vtx":
body parts:        16 bytes
models:           132 bytes
model LODs:       108 bytes
meshes:           135 bytes
strip groups:     375 bytes
strips:           405 bytes
verts:          82053 bytes
indices:        45420 bytes
bone changes:     144 bytes
everything:    128716 bytes

Completed "w_mk4mod0.qc"
