StudioMDL.exe (Apr 27 2026) - Garry's Mod Edition
WARNING: Failed to load keyvalues file cfg/mount.cfg!
qdir:    "c:\program files (x86)\steam\steamapps\common\garrysmod\garrysmod\addons\mcv\work\mcv_smd_port\weapons\w_mk22\"
gamedir: "C:\Program Files (x86)\Steam\steamapps\common\GarrysMod\garrysmod\addons\mcv\work\compile_test_game\"
g_path:  "C:\Program Files (x86)\Steam\steamapps\common\GarrysMod\garrysmod\addons\mcv\work\MCV_SMD_PORT\weapons\w_mk22\w_mk22.qc"
Building binary model files...
Working on "w_mk22.qc"
SMD MODEL ..\..\..\MCV_SMD_OG\weapons\w_mk22\w_mk22_lod0.smd
SMD MODEL ..\..\..\MCV_SMD_OG\weapons\w_mk22\w_bg_basic_lod0.smd
SMD MODEL ..\..\..\MCV_SMD_OG\weapons\w_mk22\w_bg_mod0_lod0.smd
SMD MODEL ..\..\..\MCV_SMD_OG\weapons\w_mk22\w_mk22_lod0_lod1.smd
SMD MODEL ..\..\..\MCV_SMD_OG\weapons\w_mk22\w_bg_basic_lod0_lod1.smd
SMD MODEL ..\..\..\MCV_SMD_OG\weapons\w_mk22\w_bg_mod0_lod0_lod1.smd
SMD MODEL ..\..\..\MCV_SMD_OG\weapons\w_mk22\w_mk22_lod0_lod2.smd
SMD MODEL ..\..\..\MCV_SMD_OG\weapons\w_mk22\w_bg_basic_lod0_lod2.smd
SMD MODEL ..\..\..\MCV_SMD_OG\weapons\w_mk22\w_bg_mod0_lod0_lod2.smd
SMD MODEL ..\..\..\MCV_SMD_OG\weapons\w_mk22\w_mk22_anims\idle.smd
SMD MODEL ..\..\..\MCV_SMD_OG\weapons\w_mk22\w_mk22_physics.smd
Processing LOD for material: w_mk22
Lod 1: vertexes: 1758 (455 new)
Lod 2: vertexes: 2055 (297 new)
Processing LOD for material: w_mk22
Lod 1: vertexes: 109 (31 new)
Lod 2: vertexes: 120 (11 new)
Processing LOD for material: w_mod0
Lod 1: vertexes: 480 (139 new)
Lod 2: vertexes: 561 (81 new)
Model has 3 convex sub-parts
Collision model completed.
---------------------
writing C:\Program Files (x86)\Steam\steamapps\common\GarrysMod\garrysmod\addons\mcv\work\compile_test_game\models/weapons\mcv\w_mk22.mdl:
Loading preexisting model: C:\Program Files (x86)\Steam\steamapps\common\GarrysMod\garrysmod\addons\mcv\work\compile_test_game\models/weapons\mcv\w_mk22.mdl
   Found 1 preexisting sequences.
bones         1764 bytes (3)
animations     132 bytes (1 anims) (1 frames) [0:00]
Building sequence index remapping table...
No re-ordering required.
sequences      228 bytes (1 seq) 
ik/pose        476 bytes
eyeballs         0 bytes (0 eyeballs)
flexes           0 bytes (0 flexes)
eyeballs         0 bytes (0 eyeballs)
flexes           0 bytes (0 flexes)
eyeballs         0 bytes (0 eyeballs)
flexes           0 bytes (0 flexes)
textures       136 bytes
keyvalues       20 bytes
bone transforms      472 bytes
bone flex driver       0 bytes
Collision model volume 19.05 in^3
collision        0 bytes
total         3808
---------------------
writing C:\Program Files (x86)\Steam\steamapps\common\GarrysMod\garrysmod\addons\mcv\work\compile_test_game\models/weapons\mcv\w_mk22.vvd:
vertices     98640 bytes (2055 vertices)
vertices      5760 bytes (120 vertices)
vertices     26928 bytes (561 vertices)
tangents     32880 bytes (2055 vertices)
tangents      1920 bytes (120 vertices)
tangents      8976 bytes (561 vertices)
total       175168 bytes
---------------------
Generating optimized mesh "C:\Program Files (x86)\Steam\steamapps\common\GarrysMod\garrysmod\addons\mcv\work\compile_test_game\models/weapons\mcv\w_mk22.dx80.vtx":
body parts:        16 bytes
models:           132 bytes
model LODs:       108 bytes
meshes:            81 bytes
strip groups:     225 bytes
strips:           243 bytes
verts:          28809 bytes
indices:        16176 bytes
bone changes:     120 bytes
everything:     45838 bytes
---------------------
Generating optimized mesh "C:\Program Files (x86)\Steam\steamapps\common\GarrysMod\garrysmod\addons\mcv\work\compile_test_game\models/weapons\mcv\w_mk22.dx90.vtx":
body parts:        16 bytes
models:           132 bytes
model LODs:       108 bytes
meshes:            81 bytes
strip groups:     225 bytes
strips:           243 bytes
verts:          28809 bytes
indices:        16176 bytes
bone changes:     120 bytes
everything:     45838 bytes

Completed "w_mk22.qc"
