StudioMDL.exe (Apr 27 2026) - Garry's Mod Edition
WARNING: Failed to load keyvalues file cfg/mount.cfg!
qdir:    "c:\program files (x86)\steam\steamapps\common\garrysmod\garrysmod\addons\mcv\work\mcv_smd_port\weapons\w_mle1935\"
gamedir: "C:\Program Files (x86)\Steam\steamapps\common\GarrysMod\garrysmod\addons\mcv\work\compile_test_game\"
g_path:  "C:\Program Files (x86)\Steam\steamapps\common\GarrysMod\garrysmod\addons\mcv\work\MCV_SMD_PORT\weapons\w_mle1935\w_mle1935.qc"
Building binary model files...
Working on "w_mle1935.qc"
SMD MODEL ..\..\..\MCV_SMD_OG\weapons\w_mle1935\w_mle1935_lod0.smd
SMD MODEL ..\..\..\MCV_SMD_OG\weapons\w_mle1935\w_mle1935_lod0_lod1.smd
SMD MODEL ..\..\..\MCV_SMD_OG\weapons\w_mle1935\w_mle1935_lod0_lod2.smd
SMD MODEL ..\..\..\MCV_SMD_OG\weapons\w_mle1935\w_mle1935_anims\idle.smd
SMD MODEL ..\..\..\MCV_SMD_OG\weapons\w_mle1935\w_mle1935_physics.smd
Processing LOD for material: w_mle1935
Lod 1: vertexes: 1210 (284 new)
Lod 2: vertexes: 1411 (201 new)
Model has 3 convex sub-parts
Collision model completed.
---------------------
writing C:\Program Files (x86)\Steam\steamapps\common\GarrysMod\garrysmod\addons\mcv\work\compile_test_game\models/weapons\mcv\w_mle1935.mdl:
Loading preexisting model: C:\Program Files (x86)\Steam\steamapps\common\GarrysMod\garrysmod\addons\mcv\work\compile_test_game\models/weapons\mcv\w_mle1935.mdl
   Found 1 preexisting sequences.
bones         1672 bytes (3)
animations     128 bytes (1 anims) (1 frames) [0:00]
Building sequence index remapping table...
No re-ordering required.
sequences      228 bytes (1 seq) 
ik/pose        164 bytes
eyeballs         0 bytes (0 eyeballs)
flexes           0 bytes (0 flexes)
textures        72 bytes
keyvalues       20 bytes
bone transforms      472 bytes
bone flex driver       0 bytes
Collision model volume 28.69 in^3
collision        0 bytes
total         3072
---------------------
writing C:\Program Files (x86)\Steam\steamapps\common\GarrysMod\garrysmod\addons\mcv\work\compile_test_game\models/weapons\mcv\w_mle1935.vvd:
vertices     67728 bytes (1411 vertices)
tangents     22576 bytes (1411 vertices)
total        90368 bytes
---------------------
Generating optimized mesh "C:\Program Files (x86)\Steam\steamapps\common\GarrysMod\garrysmod\addons\mcv\work\compile_test_game\models/weapons\mcv\w_mle1935.dx80.vtx":
body parts:         8 bytes
models:            44 bytes
model LODs:        36 bytes
meshes:            27 bytes
strip groups:      75 bytes
strips:            81 bytes
verts:          16578 bytes
indices:         9624 bytes
bone changes:      72 bytes
everything:     26545 bytes
---------------------
Generating optimized mesh "C:\Program Files (x86)\Steam\steamapps\common\GarrysMod\garrysmod\addons\mcv\work\compile_test_game\models/weapons\mcv\w_mle1935.dx90.vtx":
body parts:         8 bytes
models:            44 bytes
model LODs:        36 bytes
meshes:            27 bytes
strip groups:      75 bytes
strips:            81 bytes
verts:          16578 bytes
indices:         9624 bytes
bone changes:      72 bytes
everything:     26545 bytes

Completed "w_mle1935.qc"
