StudioMDL.exe (Apr 27 2026) - Garry's Mod Edition
WARNING: Failed to load keyvalues file cfg/mount.cfg!
qdir:    "c:\program files (x86)\steam\steamapps\common\garrysmod\garrysmod\addons\mcv\work\mcv_smd_port\weapons\w_panzerschreck\"
gamedir: "C:\Program Files (x86)\Steam\steamapps\common\GarrysMod\garrysmod\addons\mcv\work\compile_test_game\"
g_path:  "C:\Program Files (x86)\Steam\steamapps\common\GarrysMod\garrysmod\addons\mcv\work\MCV_SMD_PORT\weapons\w_panzerschreck\w_panzerschreck.qc"
Building binary model files...
Working on "w_panzerschreck.qc"
SMD MODEL ..\..\..\MCV_SMD_OG\weapons\w_panzerschreck\w_panzerschreck_lod0.smd
SMD MODEL ..\..\..\MCV_SMD_OG\weapons\w_panzerschreck\w_panzerschreck_rocket.smd
SMD MODEL ..\..\..\MCV_SMD_OG\weapons\w_panzerschreck\w_panzerschreck_shield.smd
SMD MODEL ..\..\..\MCV_SMD_OG\weapons\w_panzerschreck\w_panzerschreck_lod0_lod1.smd
SMD MODEL ..\..\..\MCV_SMD_OG\weapons\w_panzerschreck\w_panzerschreck_rocket_lod1.smd
SMD MODEL ..\..\..\MCV_SMD_OG\weapons\w_panzerschreck\w_panzerschreck_shield_lod1.smd
SMD MODEL ..\..\..\MCV_SMD_OG\weapons\w_panzerschreck\w_panzerschreck_lod0_lod2.smd
SMD MODEL ..\..\..\MCV_SMD_OG\weapons\w_panzerschreck\w_panzerschreck_rocket_lod2.smd
SMD MODEL ..\..\..\MCV_SMD_OG\weapons\w_panzerschreck\w_panzerschreck_shield_lod2.smd
SMD MODEL ..\..\..\MCV_SMD_OG\weapons\w_panzerschreck\w_panzerschreck_anims\idle.smd
SMD MODEL ..\..\..\MCV_SMD_OG\weapons\w_panzerschreck\w_panzerschreck_physics.smd
Processing LOD for material: w_panzerschreck
Lod 1: vertexes: 2838 (676 new)
Lod 2: vertexes: 3454 (616 new)
Processing LOD for material: w_panzerschreck
Processing LOD for material: w_panzerschreck
Model has 5 convex sub-parts
Collision model completed.
---------------------
writing C:\Program Files (x86)\Steam\steamapps\common\GarrysMod\garrysmod\addons\mcv\work\compile_test_game\models/weapons\mcv\w_panzerschreck.mdl:
Loading preexisting model: C:\Program Files (x86)\Steam\steamapps\common\GarrysMod\garrysmod\addons\mcv\work\compile_test_game\models/weapons\mcv\w_panzerschreck.mdl
   Found 1 preexisting sequences.
bones         1648 bytes (3)
animations     136 bytes (1 anims) (1 frames) [0:00]
Building sequence index remapping table...
No re-ordering required.
sequences      228 bytes (1 seq) 
ik/pose        788 bytes
eyeballs         0 bytes (0 eyeballs)
flexes           0 bytes (0 flexes)
eyeballs         0 bytes (0 eyeballs)
flexes           0 bytes (0 flexes)
eyeballs         0 bytes (0 eyeballs)
flexes           0 bytes (0 flexes)
eyeballs         0 bytes (0 eyeballs)
flexes           0 bytes (0 flexes)
eyeballs         0 bytes (0 eyeballs)
flexes           0 bytes (0 flexes)
textures        76 bytes
keyvalues       20 bytes
bone transforms      472 bytes
bone flex driver       0 bytes
Collision model volume 1062.66 in^3
collision        0 bytes
total         3936
---------------------
writing C:\Program Files (x86)\Steam\steamapps\common\GarrysMod\garrysmod\addons\mcv\work\compile_test_game\models/weapons\mcv\w_panzerschreck.vvd:
vertices    165792 bytes (3454 vertices)
vertices     17520 bytes (365 vertices)
vertices     31440 bytes (655 vertices)
tangents     55264 bytes (3454 vertices)
tangents      5840 bytes (365 vertices)
tangents     10480 bytes (655 vertices)
total       286400 bytes
---------------------
Generating optimized mesh "C:\Program Files (x86)\Steam\steamapps\common\GarrysMod\garrysmod\addons\mcv\work\compile_test_game\models/weapons\mcv\w_panzerschreck.dx80.vtx":
body parts:        24 bytes
models:           220 bytes
model LODs:       180 bytes
meshes:            81 bytes
strip groups:     225 bytes
strips:           243 bytes
verts:          70200 bytes
indices:        40296 bytes
bone changes:      96 bytes
everything:    111421 bytes
---------------------
Generating optimized mesh "C:\Program Files (x86)\Steam\steamapps\common\GarrysMod\garrysmod\addons\mcv\work\compile_test_game\models/weapons\mcv\w_panzerschreck.dx90.vtx":
body parts:        24 bytes
models:           220 bytes
model LODs:       180 bytes
meshes:            81 bytes
strip groups:     225 bytes
strips:           243 bytes
verts:          70200 bytes
indices:        40296 bytes
bone changes:      96 bytes
everything:    111421 bytes

Completed "w_panzerschreck.qc"
