StudioMDL.exe (Apr 27 2026) - Garry's Mod Edition
WARNING: Failed to load keyvalues file cfg/mount.cfg!
qdir:    "c:\program files (x86)\steam\steamapps\common\garrysmod\garrysmod\addons\mcv\work\mcv_smd_port\weapons\w_pb\"
gamedir: "C:\Program Files (x86)\Steam\steamapps\common\GarrysMod\garrysmod\addons\mcv\work\compile_test_game\"
g_path:  "C:\Program Files (x86)\Steam\steamapps\common\GarrysMod\garrysmod\addons\mcv\work\MCV_SMD_PORT\weapons\w_pb\w_pb.qc"
Building binary model files...
Working on "w_pb.qc"
SMD MODEL ..\..\..\MCV_SMD_OG\weapons\w_pb\w_pb_lod0.smd
SMD MODEL ..\..\..\MCV_SMD_OG\weapons\w_pb\w_pb_lod0_lod1.smd
SMD MODEL ..\..\..\MCV_SMD_OG\weapons\w_pb\w_pb_lod0_lod2.smd
SMD MODEL ..\..\..\MCV_SMD_OG\weapons\w_pb\w_pb_anims\idle.smd
SMD MODEL ..\..\..\MCV_SMD_OG\weapons\w_pb\w_pb_physics.smd
Processing LOD for material: w_pb
Lod 1: vertexes: 1811 (487 new)
Lod 2: vertexes: 2141 (330 new)
Model has 3 convex sub-parts
Collision model completed.
---------------------
writing C:\Program Files (x86)\Steam\steamapps\common\GarrysMod\garrysmod\addons\mcv\work\compile_test_game\models/weapons\mcv\w_pb.mdl:
Loading preexisting model: C:\Program Files (x86)\Steam\steamapps\common\GarrysMod\garrysmod\addons\mcv\work\compile_test_game\models/weapons\mcv\w_pb.mdl
   Found 1 preexisting sequences.
bones         1672 bytes (3)
animations     128 bytes (1 anims) (1 frames) [0:00]
Building sequence index remapping table...
No re-ordering required.
sequences      228 bytes (1 seq) 
ik/pose        164 bytes
eyeballs         0 bytes (0 eyeballs)
flexes           0 bytes (0 flexes)
textures        72 bytes
keyvalues       20 bytes
bone transforms      472 bytes
bone flex driver       0 bytes
Collision model volume 35.94 in^3
collision        0 bytes
total         3056
---------------------
writing C:\Program Files (x86)\Steam\steamapps\common\GarrysMod\garrysmod\addons\mcv\work\compile_test_game\models/weapons\mcv\w_pb.vvd:
vertices    102768 bytes (2141 vertices)
tangents     34256 bytes (2141 vertices)
total       137088 bytes
---------------------
Generating optimized mesh "C:\Program Files (x86)\Steam\steamapps\common\GarrysMod\garrysmod\addons\mcv\work\compile_test_game\models/weapons\mcv\w_pb.dx80.vtx":
body parts:         8 bytes
models:            44 bytes
model LODs:        36 bytes
meshes:            27 bytes
strip groups:      75 bytes
strips:            81 bytes
verts:          22239 bytes
indices:        12864 bytes
bone changes:      72 bytes
everything:     35446 bytes
---------------------
Generating optimized mesh "C:\Program Files (x86)\Steam\steamapps\common\GarrysMod\garrysmod\addons\mcv\work\compile_test_game\models/weapons\mcv\w_pb.dx90.vtx":
body parts:         8 bytes
models:            44 bytes
model LODs:        36 bytes
meshes:            27 bytes
strip groups:      75 bytes
strips:            81 bytes
verts:          22239 bytes
indices:        12864 bytes
bone changes:      72 bytes
everything:     35446 bytes

Completed "w_pb.qc"
