StudioMDL.exe (Apr 27 2026) - Garry's Mod Edition
WARNING: Failed to load keyvalues file cfg/mount.cfg!
qdir:    "c:\program files (x86)\steam\steamapps\common\garrysmod\garrysmod\addons\mcv\work\mcv_smd_port\weapons\w_ppk\"
gamedir: "C:\Program Files (x86)\Steam\steamapps\common\GarrysMod\garrysmod\addons\mcv\work\compile_test_game\"
g_path:  "C:\Program Files (x86)\Steam\steamapps\common\GarrysMod\garrysmod\addons\mcv\work\MCV_SMD_PORT\weapons\w_ppk\w_ppk.qc"
Building binary model files...
Working on "w_ppk.qc"
SMD MODEL ..\..\..\MCV_SMD_OG\weapons\w_ppk\w_walther_ppk_lod0.smd
SMD MODEL ..\..\..\MCV_SMD_OG\weapons\w_ppk\w_walther_ppk_lod0_lod1.smd
SMD MODEL ..\..\..\MCV_SMD_OG\weapons\w_ppk\w_walther_ppk_lod0_lod2.smd
SMD MODEL ..\..\..\MCV_SMD_OG\weapons\w_ppk\w_ppk_anims\idle.smd
SMD MODEL ..\..\..\MCV_SMD_OG\weapons\w_ppk\w_ppk_physics.smd
Processing LOD for material: w_walther_ppk
Lod 1: vertexes: 517 (36 new)
Lod 2: vertexes: 608 (91 new)
Processing LOD for material: w_mod0
Lod 1: vertexes: 765 (18 new)
Lod 2: vertexes: 780 (15 new)
Model has 3 convex sub-parts
Collision model completed.
---------------------
writing C:\Program Files (x86)\Steam\steamapps\common\GarrysMod\garrysmod\addons\mcv\work\compile_test_game\models/weapons\mcv\w_ppk.mdl:
Loading preexisting model: C:\Program Files (x86)\Steam\steamapps\common\GarrysMod\garrysmod\addons\mcv\work\compile_test_game\models/weapons\mcv\w_ppk.mdl
   Found 1 preexisting sequences.
bones         1672 bytes (3)
animations     128 bytes (1 anims) (1 frames) [0:00]
Building sequence index remapping table...
No re-ordering required.
sequences      228 bytes (1 seq) 
ik/pose        164 bytes
eyeballs         0 bytes (0 eyeballs)
flexes           0 bytes (0 flexes)
textures       140 bytes
keyvalues       20 bytes
bone transforms      472 bytes
bone flex driver       0 bytes
Collision model volume 29.66 in^3
collision        0 bytes
total         3260
---------------------
writing C:\Program Files (x86)\Steam\steamapps\common\GarrysMod\garrysmod\addons\mcv\work\compile_test_game\models/weapons\mcv\w_ppk.vvd:
vertices     37440 bytes (780 vertices)
tangents     12480 bytes (780 vertices)
total        49984 bytes
---------------------
Generating optimized mesh "C:\Program Files (x86)\Steam\steamapps\common\GarrysMod\garrysmod\addons\mcv\work\compile_test_game\models/weapons\mcv\w_ppk.dx80.vtx":
body parts:         8 bytes
models:            44 bytes
model LODs:        36 bytes
meshes:            54 bytes
strip groups:     150 bytes
strips:           162 bytes
verts:          11079 bytes
indices:         6912 bytes
bone changes:      96 bytes
everything:     18541 bytes
---------------------
Generating optimized mesh "C:\Program Files (x86)\Steam\steamapps\common\GarrysMod\garrysmod\addons\mcv\work\compile_test_game\models/weapons\mcv\w_ppk.dx90.vtx":
body parts:         8 bytes
models:            44 bytes
model LODs:        36 bytes
meshes:            54 bytes
strip groups:     150 bytes
strips:           162 bytes
verts:          11079 bytes
indices:         6912 bytes
bone changes:      96 bytes
everything:     18541 bytes

Completed "w_ppk.qc"
