StudioMDL.exe (Apr 27 2026) - Garry's Mod Edition
WARNING: Failed to load keyvalues file cfg/mount.cfg!
qdir:    "c:\program files (x86)\steam\steamapps\common\garrysmod\garrysmod\addons\mcv\work\mcv_smd_port\weapons\w_ppsh41_drum\"
gamedir: "C:\Program Files (x86)\Steam\steamapps\common\GarrysMod\garrysmod\addons\mcv\work\compile_test_game\"
g_path:  "C:\Program Files (x86)\Steam\steamapps\common\GarrysMod\garrysmod\addons\mcv\work\MCV_SMD_PORT\weapons\w_ppsh41_drum\w_ppsh41_drum.qc"
Building binary model files...
Working on "w_ppsh41_drum.qc"
SMD MODEL ..\..\..\MCV_SMD_OG\weapons\w_ppsh41_drum\w_ppsh41_lod0.smd
SMD MODEL ..\..\..\MCV_SMD_OG\weapons\w_ppsh41_drum\w_ppsh41_mag2.smd
SMD MODEL ..\..\..\MCV_SMD_OG\weapons\w_ppsh41_drum\w_ppsh41_lod0_lod1.smd
SMD MODEL ..\..\..\MCV_SMD_OG\weapons\w_ppsh41_drum\w_ppsh41_mag2_lod1.smd
SMD MODEL ..\..\..\MCV_SMD_OG\weapons\w_ppsh41_drum\w_ppsh41_lod0_lod2.smd
SMD MODEL ..\..\..\MCV_SMD_OG\weapons\w_ppsh41_drum\w_ppsh41_mag2_lod2.smd
SMD MODEL ..\..\..\MCV_SMD_OG\weapons\w_ppsh41_drum\w_ppsh41_drum_anims\idle.smd
SMD MODEL ..\..\..\MCV_SMD_OG\weapons\w_ppsh41_drum\w_ppsh41_drum_physics.smd
Processing LOD for material: w_ppsh41
Lod 1: vertexes: 2106 (513 new)
Lod 2: vertexes: 2362 (256 new)
Processing LOD for material: w_ppsh41
Processing LOD for material: w_ppsh41_drum
Model has 5 convex sub-parts
Collision model completed.
---------------------
writing C:\Program Files (x86)\Steam\steamapps\common\GarrysMod\garrysmod\addons\mcv\work\compile_test_game\models/weapons\mcv\w_ppsh41_drum.mdl:
Loading preexisting model: C:\Program Files (x86)\Steam\steamapps\common\GarrysMod\garrysmod\addons\mcv\work\compile_test_game\models/weapons\mcv\w_ppsh41_drum.mdl
   Found 1 preexisting sequences.
bones         1740 bytes (3)
animations     124 bytes (1 anims) (1 frames) [0:00]
Building sequence index remapping table...
No re-ordering required.
sequences      228 bytes (1 seq) 
ik/pose        328 bytes
eyeballs         0 bytes (0 eyeballs)
flexes           0 bytes (0 flexes)
eyeballs         0 bytes (0 eyeballs)
flexes           0 bytes (0 flexes)
textures       140 bytes
keyvalues       20 bytes
bone transforms      472 bytes
bone flex driver       0 bytes
Collision model volume 204.21 in^3
collision        0 bytes
total         3620
---------------------
writing C:\Program Files (x86)\Steam\steamapps\common\GarrysMod\garrysmod\addons\mcv\work\compile_test_game\models/weapons\mcv\w_ppsh41_drum.vvd:
vertices    113376 bytes (2362 vertices)
vertices      5904 bytes (123 vertices)
tangents     37792 bytes (2362 vertices)
tangents      1968 bytes (123 vertices)
total       159104 bytes
---------------------
Generating optimized mesh "C:\Program Files (x86)\Steam\steamapps\common\GarrysMod\garrysmod\addons\mcv\work\compile_test_game\models/weapons\mcv\w_ppsh41_drum.dx80.vtx":
body parts:        16 bytes
models:            88 bytes
model LODs:        72 bytes
meshes:            81 bytes
strip groups:     225 bytes
strips:           243 bytes
verts:          27000 bytes
indices:        16704 bytes
bone changes:      96 bytes
everything:     44489 bytes
---------------------
Generating optimized mesh "C:\Program Files (x86)\Steam\steamapps\common\GarrysMod\garrysmod\addons\mcv\work\compile_test_game\models/weapons\mcv\w_ppsh41_drum.dx90.vtx":
body parts:        16 bytes
models:            88 bytes
model LODs:        72 bytes
meshes:            81 bytes
strip groups:     225 bytes
strips:           243 bytes
verts:          27000 bytes
indices:        16704 bytes
bone changes:      96 bytes
everything:     44489 bytes

Completed "w_ppsh41_drum.qc"
