StudioMDL.exe (Apr 27 2026) - Garry's Mod Edition
WARNING: Failed to load keyvalues file cfg/mount.cfg!
qdir:    "c:\program files (x86)\steam\steamapps\common\garrysmod\garrysmod\addons\mcv\work\mcv_smd_port\weapons\w_ppsh41\"
gamedir: "C:\Program Files (x86)\Steam\steamapps\common\GarrysMod\garrysmod\addons\mcv\work\compile_test_game\"
g_path:  "C:\Program Files (x86)\Steam\steamapps\common\GarrysMod\garrysmod\addons\mcv\work\MCV_SMD_PORT\weapons\w_ppsh41\w_ppsh41.qc"
Building binary model files...
Working on "w_ppsh41.qc"
SMD MODEL ..\..\..\MCV_SMD_OG\weapons\w_ppsh41\w_ppsh41_lod0.smd
SMD MODEL ..\..\..\MCV_SMD_OG\weapons\w_ppsh41\w_ppsh41_mag1.smd
SMD MODEL ..\..\..\MCV_SMD_OG\weapons\w_ppsh41\w_ppsh41_lod0_lod1.smd
SMD MODEL ..\..\..\MCV_SMD_OG\weapons\w_ppsh41\w_ppsh41_mag1_lod1.smd
SMD MODEL ..\..\..\MCV_SMD_OG\weapons\w_ppsh41\w_ppsh41_lod0_lod2.smd
SMD MODEL ..\..\..\MCV_SMD_OG\weapons\w_ppsh41\w_ppsh41_mag1_lod2.smd
SMD MODEL ..\..\..\MCV_SMD_OG\weapons\w_ppsh41\w_ppsh41_anims\idle.smd
SMD MODEL ..\..\..\MCV_SMD_OG\weapons\w_ppsh41\w_ppsh41_physics.smd
Processing LOD for material: w_ppsh41
Lod 1: vertexes: 2106 (513 new)
Lod 2: vertexes: 2362 (256 new)
Processing LOD for material: w_ppsh41
Model has 5 convex sub-parts
Collision model completed.
---------------------
writing C:\Program Files (x86)\Steam\steamapps\common\GarrysMod\garrysmod\addons\mcv\work\compile_test_game\models/weapons\mcv\w_ppsh41.mdl:
Loading preexisting model: C:\Program Files (x86)\Steam\steamapps\common\GarrysMod\garrysmod\addons\mcv\work\compile_test_game\models/weapons\mcv\w_ppsh41.mdl
   Found 1 preexisting sequences.
bones         1672 bytes (3)
animations     128 bytes (1 anims) (1 frames) [0:00]
Building sequence index remapping table...
No re-ordering required.
sequences      228 bytes (1 seq) 
ik/pose        328 bytes
eyeballs         0 bytes (0 eyeballs)
flexes           0 bytes (0 flexes)
eyeballs         0 bytes (0 eyeballs)
flexes           0 bytes (0 flexes)
textures        76 bytes
keyvalues       20 bytes
bone transforms      472 bytes
bone flex driver       0 bytes
Collision model volume 158.13 in^3
collision        0 bytes
total         3356
---------------------
writing C:\Program Files (x86)\Steam\steamapps\common\GarrysMod\garrysmod\addons\mcv\work\compile_test_game\models/weapons\mcv\w_ppsh41.vvd:
vertices    113376 bytes (2362 vertices)
vertices     10368 bytes (216 vertices)
tangents     37792 bytes (2362 vertices)
tangents      3456 bytes (216 vertices)
total       165056 bytes
---------------------
Generating optimized mesh "C:\Program Files (x86)\Steam\steamapps\common\GarrysMod\garrysmod\addons\mcv\work\compile_test_game\models/weapons\mcv\w_ppsh41.dx80.vtx":
body parts:        16 bytes
models:            88 bytes
model LODs:        72 bytes
meshes:            54 bytes
strip groups:     150 bytes
strips:           162 bytes
verts:          29511 bytes
indices:        18180 bytes
bone changes:      72 bytes
everything:     48269 bytes
---------------------
Generating optimized mesh "C:\Program Files (x86)\Steam\steamapps\common\GarrysMod\garrysmod\addons\mcv\work\compile_test_game\models/weapons\mcv\w_ppsh41.dx90.vtx":
body parts:        16 bytes
models:            88 bytes
model LODs:        72 bytes
meshes:            54 bytes
strip groups:     150 bytes
strips:           162 bytes
verts:          29511 bytes
indices:        18180 bytes
bone changes:      72 bytes
everything:     48269 bytes

Completed "w_ppsh41.qc"
