StudioMDL.exe (Apr 27 2026) - Garry's Mod Edition
WARNING: Failed to load keyvalues file cfg/mount.cfg!
qdir:    "c:\program files (x86)\steam\steamapps\common\garrysmod\garrysmod\addons\mcv\work\mcv_smd_port\weapons\w_qspr\"
gamedir: "C:\Program Files (x86)\Steam\steamapps\common\GarrysMod\garrysmod\addons\mcv\work\compile_test_game\"
g_path:  "C:\Program Files (x86)\Steam\steamapps\common\GarrysMod\garrysmod\addons\mcv\work\MCV_SMD_PORT\weapons\w_qspr\w_qspr.qc"
Building binary model files...
Working on "w_qspr.qc"
SMD MODEL ..\..\..\MCV_SMD_OG\weapons\w_qspr\w_qspr_lod0.smd
SMD MODEL ..\..\..\MCV_SMD_OG\weapons\w_qspr\w_qspr_lod0_lod1.smd
SMD MODEL ..\..\..\MCV_SMD_OG\weapons\w_qspr\w_qspr_lod0_lod2.smd
SMD MODEL ..\..\..\MCV_SMD_OG\weapons\w_qspr\w_qspr_anims\idle.smd
SMD MODEL ..\..\..\MCV_SMD_OG\weapons\w_qspr\w_qspr_physics.smd
Processing LOD for material: w_qspr
Lod 1: vertexes: 1721 (480 new)
Lod 2: vertexes: 2054 (333 new)
Model has 4 convex sub-parts
Collision model completed.
---------------------
writing C:\Program Files (x86)\Steam\steamapps\common\GarrysMod\garrysmod\addons\mcv\work\compile_test_game\models/weapons\mcv\w_qspr.mdl:
Loading preexisting model: C:\Program Files (x86)\Steam\steamapps\common\GarrysMod\garrysmod\addons\mcv\work\compile_test_game\models/weapons\mcv\w_qspr.mdl
   Found 1 preexisting sequences.
bones         1456 bytes (2)
animations     136 bytes (1 anims) (1 frames) [0:00]
Building sequence index remapping table...
No re-ordering required.
sequences      224 bytes (1 seq) 
ik/pose        164 bytes
eyeballs         0 bytes (0 eyeballs)
flexes           0 bytes (0 flexes)
textures        76 bytes
keyvalues       20 bytes
bone transforms      336 bytes
bone flex driver       0 bytes
Collision model volume 24.41 in^3
collision        0 bytes
total         2696
---------------------
writing C:\Program Files (x86)\Steam\steamapps\common\GarrysMod\garrysmod\addons\mcv\work\compile_test_game\models/weapons\mcv\w_qspr.vvd:
vertices     98592 bytes (2054 vertices)
tangents     32864 bytes (2054 vertices)
total       131520 bytes
---------------------
Generating optimized mesh "C:\Program Files (x86)\Steam\steamapps\common\GarrysMod\garrysmod\addons\mcv\work\compile_test_game\models/weapons\mcv\w_qspr.dx80.vtx":
body parts:         8 bytes
models:            44 bytes
model LODs:        36 bytes
meshes:            27 bytes
strip groups:      75 bytes
strips:            81 bytes
verts:          21600 bytes
indices:        11994 bytes
bone changes:      48 bytes
everything:     33913 bytes
---------------------
Generating optimized mesh "C:\Program Files (x86)\Steam\steamapps\common\GarrysMod\garrysmod\addons\mcv\work\compile_test_game\models/weapons\mcv\w_qspr.dx90.vtx":
body parts:         8 bytes
models:            44 bytes
model LODs:        36 bytes
meshes:            27 bytes
strip groups:      75 bytes
strips:            81 bytes
verts:          21600 bytes
indices:        11994 bytes
bone changes:      48 bytes
everything:     33913 bytes

Completed "w_qspr.qc"
