StudioMDL.exe (Apr 27 2026) - Garry's Mod Edition
WARNING: Failed to load keyvalues file cfg/mount.cfg!
qdir:    "c:\program files (x86)\steam\steamapps\common\garrysmod\garrysmod\addons\mcv\work\mcv_smd_port\weapons\w_reising_m60\"
gamedir: "C:\Program Files (x86)\Steam\steamapps\common\GarrysMod\garrysmod\addons\mcv\work\compile_test_game\"
g_path:  "C:\Program Files (x86)\Steam\steamapps\common\GarrysMod\garrysmod\addons\mcv\work\MCV_SMD_PORT\weapons\w_reising_m60\w_reising_m60.qc"
Building binary model files...
Working on "w_reising_m60.qc"
SMD MODEL ..\..\..\MCV_SMD_OG\weapons\w_reising_m60\w_m60smg_lod0.smd
SMD MODEL ..\..\..\MCV_SMD_OG\weapons\w_reising_m60\w_m60smg_lod0_lod1.smd
SMD MODEL ..\..\..\MCV_SMD_OG\weapons\w_reising_m60\w_m60smg_lod0_lod2.smd
SMD MODEL ..\..\..\MCV_SMD_OG\weapons\w_reising_m60\w_reising_m60_anims\idle.smd
SMD MODEL ..\..\..\MCV_SMD_OG\weapons\w_reising_m60\w_reising_m60_physics.smd
Processing LOD for material: w_m60r
Lod 1: vertexes: 841 (105 new)
Lod 2: vertexes: 911 (70 new)
Model has 1 convex sub-parts
Collision model completed.
---------------------
writing C:\Program Files (x86)\Steam\steamapps\common\GarrysMod\garrysmod\addons\mcv\work\compile_test_game\models/weapons\mcv\w_reising_m60.mdl:
Loading preexisting model: C:\Program Files (x86)\Steam\steamapps\common\GarrysMod\garrysmod\addons\mcv\work\compile_test_game\models/weapons\mcv\w_reising_m60.mdl
   Found 1 preexisting sequences.
bones         1672 bytes (3)
animations     128 bytes (1 anims) (1 frames) [0:00]
Building sequence index remapping table...
No re-ordering required.
sequences      228 bytes (1 seq) 
ik/pose        164 bytes
eyeballs         0 bytes (0 eyeballs)
flexes           0 bytes (0 flexes)
textures        76 bytes
keyvalues       20 bytes
bone transforms      472 bytes
bone flex driver       0 bytes
Collision model volume 410.83 in^3
collision        0 bytes
total         3076
---------------------
writing C:\Program Files (x86)\Steam\steamapps\common\GarrysMod\garrysmod\addons\mcv\work\compile_test_game\models/weapons\mcv\w_reising_m60.vvd:
vertices     43728 bytes (911 vertices)
tangents     14576 bytes (911 vertices)
total        58368 bytes
---------------------
Generating optimized mesh "C:\Program Files (x86)\Steam\steamapps\common\GarrysMod\garrysmod\addons\mcv\work\compile_test_game\models/weapons\mcv\w_reising_m60.dx80.vtx":
body parts:         8 bytes
models:            44 bytes
model LODs:        36 bytes
meshes:            27 bytes
strip groups:      75 bytes
strips:            81 bytes
verts:          11970 bytes
indices:         7740 bytes
bone changes:      72 bytes
everything:     20053 bytes
---------------------
Generating optimized mesh "C:\Program Files (x86)\Steam\steamapps\common\GarrysMod\garrysmod\addons\mcv\work\compile_test_game\models/weapons\mcv\w_reising_m60.dx90.vtx":
body parts:         8 bytes
models:            44 bytes
model LODs:        36 bytes
meshes:            27 bytes
strip groups:      75 bytes
strips:            81 bytes
verts:          11970 bytes
indices:         7740 bytes
bone changes:      72 bytes
everything:     20053 bytes

Completed "w_reising_m60.qc"
