StudioMDL.exe (Apr 27 2026) - Garry's Mod Edition
WARNING: Failed to load keyvalues file cfg/mount.cfg!
qdir:    "c:\program files (x86)\steam\steamapps\common\garrysmod\garrysmod\addons\mcv\work\mcv_smd_port\weapons\w_rhogun\"
gamedir: "C:\Program Files (x86)\Steam\steamapps\common\GarrysMod\garrysmod\addons\mcv\work\compile_test_game\"
g_path:  "C:\Program Files (x86)\Steam\steamapps\common\GarrysMod\garrysmod\addons\mcv\work\MCV_SMD_PORT\weapons\w_rhogun\w_rhogun.qc"
Building binary model files...
Working on "w_rhogun.qc"
SMD MODEL ..\..\..\MCV_SMD_OG\weapons\w_rhogun\w_rhogun_lod0.smd
SMD MODEL ..\..\..\MCV_SMD_OG\weapons\w_rhogun\w_rhogun_lod0_lod1.smd
SMD MODEL ..\..\..\MCV_SMD_OG\weapons\w_rhogun\w_rhogun_lod0_lod2.smd
SMD MODEL ..\..\..\MCV_SMD_OG\weapons\w_rhogun\w_rhogun_anims\idle.smd
SMD MODEL ..\..\..\MCV_SMD_OG\weapons\w_rhogun\w_rhogun_physics.smd
Processing LOD for material: w_rhogun
Lod 1: vertexes: 953 (100 new)
Lod 2: vertexes: 1068 (115 new)
Model has 1 convex sub-parts
Collision model completed.
---------------------
writing C:\Program Files (x86)\Steam\steamapps\common\GarrysMod\garrysmod\addons\mcv\work\compile_test_game\models/weapons\mcv\w_rhogun.mdl:
Loading preexisting model: C:\Program Files (x86)\Steam\steamapps\common\GarrysMod\garrysmod\addons\mcv\work\compile_test_game\models/weapons\mcv\w_rhogun.mdl
   Found 1 preexisting sequences.
bones         1672 bytes (3)
animations     128 bytes (1 anims) (1 frames) [0:00]
Building sequence index remapping table...
No re-ordering required.
sequences      228 bytes (1 seq) 
ik/pose        164 bytes
eyeballs         0 bytes (0 eyeballs)
flexes           0 bytes (0 flexes)
textures        76 bytes
keyvalues       20 bytes
bone transforms      472 bytes
bone flex driver       0 bytes
Collision model volume 372.15 in^3
collision        0 bytes
total         3072
---------------------
writing C:\Program Files (x86)\Steam\steamapps\common\GarrysMod\garrysmod\addons\mcv\work\compile_test_game\models/weapons\mcv\w_rhogun.vvd:
vertices     51264 bytes (1068 vertices)
tangents     17088 bytes (1068 vertices)
total        68416 bytes
---------------------
Generating optimized mesh "C:\Program Files (x86)\Steam\steamapps\common\GarrysMod\garrysmod\addons\mcv\work\compile_test_game\models/weapons\mcv\w_rhogun.dx80.vtx":
body parts:         8 bytes
models:            44 bytes
model LODs:        36 bytes
meshes:            27 bytes
strip groups:      75 bytes
strips:            81 bytes
verts:          14715 bytes
indices:         8952 bytes
bone changes:      72 bytes
everything:     24010 bytes
---------------------
Generating optimized mesh "C:\Program Files (x86)\Steam\steamapps\common\GarrysMod\garrysmod\addons\mcv\work\compile_test_game\models/weapons\mcv\w_rhogun.dx90.vtx":
body parts:         8 bytes
models:            44 bytes
model LODs:        36 bytes
meshes:            27 bytes
strip groups:      75 bytes
strips:            81 bytes
verts:          14715 bytes
indices:         8952 bytes
bone changes:      72 bytes
everything:     24010 bytes

Completed "w_rhogun.qc"
