StudioMDL.exe (Apr 27 2026) - Garry's Mod Edition
WARNING: Failed to load keyvalues file cfg/mount.cfg!
qdir:    "c:\program files (x86)\steam\steamapps\common\garrysmod\garrysmod\addons\mcv\work\mcv_smd_port\weapons\w_rp46\"
gamedir: "C:\Program Files (x86)\Steam\steamapps\common\GarrysMod\garrysmod\addons\mcv\work\compile_test_game\"
g_path:  "C:\Program Files (x86)\Steam\steamapps\common\GarrysMod\garrysmod\addons\mcv\work\MCV_SMD_PORT\weapons\w_rp46\w_rp46.qc"
Building binary model files...
Working on "w_rp46.qc"
SMD MODEL ..\..\..\MCV_SMD_OG\weapons\w_rp46\w_rp46_lod0.smd
SMD MODEL ..\..\..\MCV_SMD_OG\weapons\w_rp46\w_dp28_bipod1_lod0.smd
SMD MODEL ..\..\..\MCV_SMD_OG\weapons\w_rp46\w_dp28_bipod2_lod0.smd
SMD MODEL ..\..\..\MCV_SMD_OG\weapons\w_rp46\dp28_long_belt_lod0.smd
SMD MODEL ..\..\..\MCV_SMD_OG\weapons\w_rp46\rp46_pistol_handle.smd
SMD MODEL ..\..\..\MCV_SMD_OG\weapons\w_rp46\w_rp46_lod0_lod1.smd
SMD MODEL ..\..\..\MCV_SMD_OG\weapons\w_rp46\w_dp28_bipod1_lod0_lod1.smd
SMD MODEL ..\..\..\MCV_SMD_OG\weapons\w_rp46\w_dp28_bipod2_lod0_lod1.smd
SMD MODEL ..\..\..\MCV_SMD_OG\weapons\w_rp46\dp28_long_belt_lod0_lod1.smd
SMD MODEL ..\..\..\MCV_SMD_OG\weapons\w_rp46\rp46_pistol_handle_lod1.smd
SMD MODEL ..\..\..\MCV_SMD_OG\weapons\w_rp46\w_rp46_lod0_lod2.smd
SMD MODEL ..\..\..\MCV_SMD_OG\weapons\w_rp46\w_dp28_bipod1_lod0_lod2.smd
SMD MODEL ..\..\..\MCV_SMD_OG\weapons\w_rp46\w_dp28_bipod2_lod0_lod2.smd
SMD MODEL ..\..\..\MCV_SMD_OG\weapons\w_rp46\dp28_long_belt_lod0_lod2.smd
SMD MODEL ..\..\..\MCV_SMD_OG\weapons\w_rp46\rp46_pistol_handle_lod2.smd
Marking bone ValveBiped.weapon_bone4_belt001 as a jiggle bone
Marking bone ValveBiped.weapon_bone4_belt002 as a jiggle bone
Marking bone ValveBiped.weapon_bone4_belt003 as a jiggle bone
Marking bone ValveBiped.weapon_bone4_belt004 as a jiggle bone
Marking bone ValveBiped.weapon_bone4_belt005 as a jiggle bone
Marking bone ValveBiped.weapon_bone4_belt006 as a jiggle bone
Marking bone ValveBiped.weapon_bone4_belt007 as a jiggle bone
SMD MODEL ..\..\..\MCV_SMD_OG\weapons\w_rp46\w_rp46_anims\idle.smd
SMD MODEL ..\..\..\MCV_SMD_OG\weapons\w_rp46\w_rp46_physics.smd
Processing LOD for material: w_rp46
Lod 1: vertexes: 2207 (97 new)
Lod 2: vertexes: 2475 (268 new)
Processing LOD for material: w_dp28
Lod 1: vertexes: 322 (94 new)
Lod 2: vertexes: 358 (36 new)
Processing LOD for material: w_dp28
Lod 1: vertexes: 322 (94 new)
Lod 2: vertexes: 358 (36 new)
Processing LOD for material: vceq_ammobelt
Lod 1: vertexes: 635 (223 new)
Lod 2: vertexes: 753 (118 new)
Processing LOD for material: w_rp46
WARNING: Model has 2-dimensional geometry (less than 0.500 inches thick on any axis)!!!
WARNING: Error with convex elements of ..\..\..\MCV_SMD_OG\weapons\w_rp46\w_rp46_physics.smd, building single convex!!!!
Model has 5 convex sub-parts
Collision model completed.
---------------------
writing C:\Program Files (x86)\Steam\steamapps\common\GarrysMod\garrysmod\addons\mcv\work\compile_test_game\models/weapons\mcv\w_rp46.mdl:
Loading preexisting model: C:\Program Files (x86)\Steam\steamapps\common\GarrysMod\garrysmod\addons\mcv\work\compile_test_game\models/weapons\mcv\w_rp46.mdl
   Found 1 preexisting sequences.
bones         4944 bytes (12)
animations     136 bytes (1 anims) (1 frames) [0:00]
Building sequence index remapping table...
No re-ordering required.
sequences      264 bytes (1 seq) 
ik/pose        952 bytes
eyeballs         0 bytes (0 eyeballs)
flexes           0 bytes (0 flexes)
eyeballs         0 bytes (0 eyeballs)
flexes           0 bytes (0 flexes)
eyeballs         0 bytes (0 eyeballs)
flexes           0 bytes (0 flexes)
eyeballs         0 bytes (0 eyeballs)
flexes           0 bytes (0 flexes)
eyeballs         0 bytes (0 eyeballs)
flexes           0 bytes (0 flexes)
eyeballs         0 bytes (0 eyeballs)
flexes           0 bytes (0 flexes)
textures       212 bytes
keyvalues       20 bytes
bone transforms     1696 bytes
bone flex driver       0 bytes
Collision model volume 814.13 in^3
collision        0 bytes
total         9340
---------------------
writing C:\Program Files (x86)\Steam\steamapps\common\GarrysMod\garrysmod\addons\mcv\work\compile_test_game\models/weapons\mcv\w_rp46.vvd:
vertices    118800 bytes (2475 vertices)
vertices     17184 bytes (358 vertices)
vertices     17184 bytes (358 vertices)
vertices     36144 bytes (753 vertices)
vertices      6048 bytes (126 vertices)
tangents     39600 bytes (2475 vertices)
tangents      5728 bytes (358 vertices)
tangents      5728 bytes (358 vertices)
tangents     12048 bytes (753 vertices)
tangents      2016 bytes (126 vertices)
total       260544 bytes
---------------------
Generating optimized mesh "C:\Program Files (x86)\Steam\steamapps\common\GarrysMod\garrysmod\addons\mcv\work\compile_test_game\models/weapons\mcv\w_rp46.dx80.vtx":
body parts:        32 bytes
models:           264 bytes
model LODs:       216 bytes
meshes:           135 bytes
strip groups:     375 bytes
strips:           405 bytes
verts:          63630 bytes
indices:        42354 bytes
bone changes:     312 bytes
everything:    107543 bytes
---------------------
Generating optimized mesh "C:\Program Files (x86)\Steam\steamapps\common\GarrysMod\garrysmod\addons\mcv\work\compile_test_game\models/weapons\mcv\w_rp46.dx90.vtx":
body parts:        32 bytes
models:           264 bytes
model LODs:       216 bytes
meshes:           135 bytes
strip groups:     375 bytes
strips:           405 bytes
verts:          63630 bytes
indices:        42354 bytes
bone changes:     312 bytes
everything:    107543 bytes

Completed "w_rp46.qc"
