StudioMDL.exe (Apr 27 2026) - Garry's Mod Edition
WARNING: Failed to load keyvalues file cfg/mount.cfg!
qdir:    "c:\program files (x86)\steam\steamapps\common\garrysmod\garrysmod\addons\mcv\work\mcv_smd_port\weapons\w_rpg2\"
gamedir: "C:\Program Files (x86)\Steam\steamapps\common\GarrysMod\garrysmod\addons\mcv\work\compile_test_game\"
g_path:  "C:\Program Files (x86)\Steam\steamapps\common\GarrysMod\garrysmod\addons\mcv\work\MCV_SMD_PORT\weapons\w_rpg2\w_rpg2.qc"
Building binary model files...
Working on "w_rpg2.qc"
SMD MODEL ..\..\..\MCV_SMD_OG\weapons\w_rpg2\w_rpg2_lod0.smd
SMD MODEL ..\..\..\MCV_SMD_OG\weapons\w_rpg2\w_rpg2_rocket_lod0.smd
SMD MODEL ..\..\..\MCV_SMD_OG\weapons\w_rpg2\w_rpg2_lod0_lod1.smd
SMD MODEL ..\..\..\MCV_SMD_OG\weapons\w_rpg2\w_rpg2_rocket_lod0_lod1.smd
SMD MODEL ..\..\..\MCV_SMD_OG\weapons\w_rpg2\w_rpg2_lod0_lod2.smd
SMD MODEL ..\..\..\MCV_SMD_OG\weapons\w_rpg2\w_rpg2_rocket_lod0_lod2.smd
SMD MODEL ..\..\..\MCV_SMD_OG\weapons\w_rpg2\w_rpg2_anims\idle.smd
SMD MODEL ..\..\..\MCV_SMD_OG\weapons\w_rpg2\w_rpg2_physics.smd
Processing LOD for material: w_rpg2
Lod 1: vertexes: 1068 (76 new)
Lod 2: vertexes: 1092 (24 new)
Processing LOD for material: w_rpg2
Model has 4 convex sub-parts
Collision model completed.
---------------------
writing C:\Program Files (x86)\Steam\steamapps\common\GarrysMod\garrysmod\addons\mcv\work\compile_test_game\models/weapons\mcv\w_rpg2.mdl:
Loading preexisting model: C:\Program Files (x86)\Steam\steamapps\common\GarrysMod\garrysmod\addons\mcv\work\compile_test_game\models/weapons\mcv\w_rpg2.mdl
   Found 1 preexisting sequences.
bones         1648 bytes (3)
animations     136 bytes (1 anims) (1 frames) [0:00]
Building sequence index remapping table...
No re-ordering required.
sequences      228 bytes (1 seq) 
ik/pose        476 bytes
eyeballs         0 bytes (0 eyeballs)
flexes           0 bytes (0 flexes)
eyeballs         0 bytes (0 eyeballs)
flexes           0 bytes (0 flexes)
eyeballs         0 bytes (0 eyeballs)
flexes           0 bytes (0 flexes)
textures        76 bytes
keyvalues       20 bytes
bone transforms      472 bytes
bone flex driver       0 bytes
Collision model volume 278.82 in^3
collision        0 bytes
total         3472
---------------------
writing C:\Program Files (x86)\Steam\steamapps\common\GarrysMod\garrysmod\addons\mcv\work\compile_test_game\models/weapons\mcv\w_rpg2.vvd:
vertices     52416 bytes (1092 vertices)
vertices      3744 bytes (78 vertices)
tangents     17472 bytes (1092 vertices)
tangents      1248 bytes (78 vertices)
total        74944 bytes
---------------------
Generating optimized mesh "C:\Program Files (x86)\Steam\steamapps\common\GarrysMod\garrysmod\addons\mcv\work\compile_test_game\models/weapons\mcv\w_rpg2.dx80.vtx":
body parts:        16 bytes
models:           132 bytes
model LODs:       108 bytes
meshes:            54 bytes
strip groups:     150 bytes
strips:           162 bytes
verts:          23580 bytes
indices:        13344 bytes
bone changes:      72 bytes
everything:     37546 bytes
---------------------
Generating optimized mesh "C:\Program Files (x86)\Steam\steamapps\common\GarrysMod\garrysmod\addons\mcv\work\compile_test_game\models/weapons\mcv\w_rpg2.dx90.vtx":
body parts:        16 bytes
models:           132 bytes
model LODs:       108 bytes
meshes:            54 bytes
strip groups:     150 bytes
strips:           162 bytes
verts:          23580 bytes
indices:        13344 bytes
bone changes:      72 bytes
everything:     37546 bytes

Completed "w_rpg2.qc"
