StudioMDL.exe (Apr 27 2026) - Garry's Mod Edition
WARNING: Failed to load keyvalues file cfg/mount.cfg!
qdir:    "c:\program files (x86)\steam\steamapps\common\garrysmod\garrysmod\addons\mcv\work\mcv_smd_port\weapons\w_ruby\"
gamedir: "C:\Program Files (x86)\Steam\steamapps\common\GarrysMod\garrysmod\addons\mcv\work\compile_test_game\"
g_path:  "C:\Program Files (x86)\Steam\steamapps\common\GarrysMod\garrysmod\addons\mcv\work\MCV_SMD_PORT\weapons\w_ruby\w_ruby.qc"
Building binary model files...
Working on "w_ruby.qc"
SMD MODEL ..\..\..\MCV_SMD_OG\weapons\w_ruby\w_ruby_lod0.smd
SMD MODEL ..\..\..\MCV_SMD_OG\weapons\w_ruby\w_ruby_lod0_lod1.smd
SMD MODEL ..\..\..\MCV_SMD_OG\weapons\w_ruby\w_ruby_anims\idle.smd
SMD MODEL ..\..\..\MCV_SMD_OG\weapons\w_ruby\w_ruby_physics.smd
Processing LOD for material: w_ruby
Lod 1: vertexes: 400 (68 new)
Model has 1 convex sub-parts
Collision model completed.
---------------------
writing C:\Program Files (x86)\Steam\steamapps\common\GarrysMod\garrysmod\addons\mcv\work\compile_test_game\models/weapons\mcv\w_ruby.mdl:
Loading preexisting model: C:\Program Files (x86)\Steam\steamapps\common\GarrysMod\garrysmod\addons\mcv\work\compile_test_game\models/weapons\mcv\w_ruby.mdl
   Found 1 preexisting sequences.
bones         1672 bytes (3)
animations     128 bytes (1 anims) (1 frames) [0:00]
Building sequence index remapping table...
No re-ordering required.
sequences      228 bytes (1 seq) 
ik/pose        164 bytes
eyeballs         0 bytes (0 eyeballs)
flexes           0 bytes (0 flexes)
textures        76 bytes
keyvalues       20 bytes
bone transforms      472 bytes
bone flex driver       0 bytes
Collision model volume 47.04 in^3
collision        0 bytes
total         3068
---------------------
writing C:\Program Files (x86)\Steam\steamapps\common\GarrysMod\garrysmod\addons\mcv\work\compile_test_game\models/weapons\mcv\w_ruby.vvd:
vertices     19200 bytes (400 vertices)
tangents      6400 bytes (400 vertices)
total        25664 bytes
---------------------
Generating optimized mesh "C:\Program Files (x86)\Steam\steamapps\common\GarrysMod\garrysmod\addons\mcv\work\compile_test_game\models/weapons\mcv\w_ruby.dx80.vtx":
body parts:         8 bytes
models:            32 bytes
model LODs:        24 bytes
meshes:            18 bytes
strip groups:      50 bytes
strips:            54 bytes
verts:           5580 bytes
indices:         2928 bytes
bone changes:      48 bytes
everything:      8754 bytes
---------------------
Generating optimized mesh "C:\Program Files (x86)\Steam\steamapps\common\GarrysMod\garrysmod\addons\mcv\work\compile_test_game\models/weapons\mcv\w_ruby.dx90.vtx":
body parts:         8 bytes
models:            32 bytes
model LODs:        24 bytes
meshes:            18 bytes
strip groups:      50 bytes
strips:            54 bytes
verts:           5580 bytes
indices:         2928 bytes
bone changes:      48 bytes
everything:      8754 bytes

Completed "w_ruby.qc"
