StudioMDL.exe (Apr 27 2026) - Garry's Mod Edition
WARNING: Failed to load keyvalues file cfg/mount.cfg!
qdir:    "c:\program files (x86)\steam\steamapps\common\garrysmod\garrysmod\addons\mcv\work\mcv_smd_port\weapons\w_shanxi_type17\"
gamedir: "C:\Program Files (x86)\Steam\steamapps\common\GarrysMod\garrysmod\addons\mcv\work\compile_test_game\"
g_path:  "C:\Program Files (x86)\Steam\steamapps\common\GarrysMod\garrysmod\addons\mcv\work\MCV_SMD_PORT\weapons\w_shanxi_type17\w_shanxi_type17.qc"
Building binary model files...
Working on "w_shanxi_type17.qc"
SMD MODEL ..\..\..\MCV_SMD_OG\weapons\w_shanxi_type17\w_shanxi_type17_lod0.smd
SMD MODEL ..\..\..\MCV_SMD_OG\weapons\w_shanxi_type17\w_c96_stock.smd
SMD MODEL ..\..\..\MCV_SMD_OG\weapons\w_shanxi_type17\w_shanxi_type17_lod0_lod1.smd
SMD MODEL ..\..\..\MCV_SMD_OG\weapons\w_shanxi_type17\w_c96_stock_lod1.smd
SMD MODEL ..\..\..\MCV_SMD_OG\weapons\w_shanxi_type17\w_shanxi_type17_lod0_lod2.smd
SMD MODEL ..\..\..\MCV_SMD_OG\weapons\w_shanxi_type17\w_c96_stock_lod2.smd
SMD MODEL ..\..\..\MCV_SMD_OG\weapons\w_shanxi_type17\w_shanxi_type17_anims\idle.smd
SMD MODEL ..\..\..\MCV_SMD_OG\weapons\w_shanxi_type17\w_shanxi_type17_physics.smd
Processing LOD for material: w_shanxi_type17
Lod 1: vertexes: 742 (61 new)
Lod 2: vertexes: 873 (131 new)
Processing LOD for material: w_mauser96_stock
Lod 1: vertexes: 125 (3 new)
Lod 2: vertexes: 151 (26 new)
Model has 2 convex sub-parts
Collision model completed.
---------------------
writing C:\Program Files (x86)\Steam\steamapps\common\GarrysMod\garrysmod\addons\mcv\work\compile_test_game\models/weapons\mcv\w_shanxi_type17.mdl:
Loading preexisting model: C:\Program Files (x86)\Steam\steamapps\common\GarrysMod\garrysmod\addons\mcv\work\compile_test_game\models/weapons\mcv\w_shanxi_type17.mdl
   Found 1 preexisting sequences.
bones         1672 bytes (3)
animations     128 bytes (1 anims) (1 frames) [0:00]
Building sequence index remapping table...
No re-ordering required.
sequences      228 bytes (1 seq) 
ik/pose        476 bytes
eyeballs         0 bytes (0 eyeballs)
flexes           0 bytes (0 flexes)
eyeballs         0 bytes (0 eyeballs)
flexes           0 bytes (0 flexes)
eyeballs         0 bytes (0 eyeballs)
flexes           0 bytes (0 flexes)
textures       212 bytes
keyvalues       20 bytes
bone transforms      472 bytes
bone flex driver       0 bytes
Collision model volume 149.41 in^3
collision        0 bytes
total         3680
---------------------
writing C:\Program Files (x86)\Steam\steamapps\common\GarrysMod\garrysmod\addons\mcv\work\compile_test_game\models/weapons\mcv\w_shanxi_type17.vvd:
vertices     41904 bytes (873 vertices)
vertices      7248 bytes (151 vertices)
tangents     13968 bytes (873 vertices)
tangents      2416 bytes (151 vertices)
total        65600 bytes
---------------------
Generating optimized mesh "C:\Program Files (x86)\Steam\steamapps\common\GarrysMod\garrysmod\addons\mcv\work\compile_test_game\models/weapons\mcv\w_shanxi_type17.dx80.vtx":
body parts:        16 bytes
models:           132 bytes
model LODs:       108 bytes
meshes:            54 bytes
strip groups:     150 bytes
strips:           162 bytes
verts:          16317 bytes
indices:        10242 bytes
bone changes:      72 bytes
everything:     27181 bytes
---------------------
Generating optimized mesh "C:\Program Files (x86)\Steam\steamapps\common\GarrysMod\garrysmod\addons\mcv\work\compile_test_game\models/weapons\mcv\w_shanxi_type17.dx90.vtx":
body parts:        16 bytes
models:           132 bytes
model LODs:       108 bytes
meshes:            54 bytes
strip groups:     150 bytes
strips:           162 bytes
verts:          16317 bytes
indices:        10242 bytes
bone changes:      72 bytes
everything:     27181 bytes

Completed "w_shanxi_type17.qc"
