StudioMDL.exe (Apr 27 2026) - Garry's Mod Edition
WARNING: Failed to load keyvalues file cfg/mount.cfg!
qdir:    "c:\program files (x86)\steam\steamapps\common\garrysmod\garrysmod\addons\mcv\work\mcv_smd_port\weapons\w_springfield\"
gamedir: "C:\Program Files (x86)\Steam\steamapps\common\GarrysMod\garrysmod\addons\mcv\work\compile_test_game\"
g_path:  "C:\Program Files (x86)\Steam\steamapps\common\GarrysMod\garrysmod\addons\mcv\work\MCV_SMD_PORT\weapons\w_springfield\w_springfield.qc"
Building binary model files...
Working on "w_springfield.qc"
SMD MODEL ..\..\..\MCV_SMD_OG\weapons\w_springfield\w_spring_lod0.smd
SMD MODEL ..\..\..\MCV_SMD_OG\weapons\w_springfield\w_spring_w_m7b_lod0.smd
SMD MODEL ..\..\..\MCV_SMD_OG\weapons\w_springfield\w_spring_w_m1905_lod0.smd
SMD MODEL ..\..\..\MCV_SMD_OG\weapons\w_springfield\w_spring_scope_lod0.smd
SMD MODEL ..\..\..\MCV_SMD_OG\weapons\w_springfield\w_spring_sight_lod0.smd
SMD MODEL ..\..\..\MCV_SMD_OG\weapons\w_springfield\w_spring_usm_lod0.smd
SMD MODEL ..\..\..\MCV_SMD_OG\weapons\w_springfield\w_spring_usg_lod0.smd
SMD MODEL ..\..\..\MCV_SMD_OG\weapons\w_springfield\w_spring_lod0_lod1.smd
SMD MODEL ..\..\..\MCV_SMD_OG\weapons\w_springfield\w_spring_w_m7b_lod0_lod1.smd
SMD MODEL ..\..\..\MCV_SMD_OG\weapons\w_springfield\w_spring_w_m1905_lod0_lod1.smd
SMD MODEL ..\..\..\MCV_SMD_OG\weapons\w_springfield\w_spring_scope_lod0_lod1.smd
SMD MODEL ..\..\..\MCV_SMD_OG\weapons\w_springfield\w_spring_sight_lod0_lod1.smd
SMD MODEL ..\..\..\MCV_SMD_OG\weapons\w_springfield\w_spring_usm_lod0_lod1.smd
SMD MODEL ..\..\..\MCV_SMD_OG\weapons\w_springfield\w_spring_usg_lod0_lod1.smd
SMD MODEL ..\..\..\MCV_SMD_OG\weapons\w_springfield\w_spring_lod0_lod2.smd
SMD MODEL ..\..\..\MCV_SMD_OG\weapons\w_springfield\w_spring_w_m7b_lod0_lod2.smd
SMD MODEL ..\..\..\MCV_SMD_OG\weapons\w_springfield\w_spring_w_m1905_lod0_lod2.smd
SMD MODEL ..\..\..\MCV_SMD_OG\weapons\w_springfield\w_spring_scope_lod0_lod2.smd
SMD MODEL ..\..\..\MCV_SMD_OG\weapons\w_springfield\w_spring_sight_lod0_lod2.smd
SMD MODEL ..\..\..\MCV_SMD_OG\weapons\w_springfield\w_spring_usm_lod0_lod2.smd
SMD MODEL ..\..\..\MCV_SMD_OG\weapons\w_springfield\w_spring_usg_lod0_lod2.smd
SMD MODEL ..\..\..\MCV_SMD_OG\weapons\w_springfield\w_springfield_anims\idle.smd
SMD MODEL ..\..\..\MCV_SMD_OG\weapons\w_springfield\w_springfield_physics.smd
Processing LOD for material: w_springfield
Lod 1: vertexes: 2583 (598 new)
Lod 2: vertexes: 2741 (158 new)
Processing LOD for material: w_m7b
Lod 1: vertexes: 652 (4 new)
Lod 2: vertexes: 787 (135 new)
Processing LOD for material: w_m1905
Lod 1: vertexes: 505 (25 new)
Lod 2: vertexes: 592 (87 new)
Processing LOD for material: w_springfield
Lod 1: vertexes: 792 (121 new)
Lod 2: vertexes: 927 (135 new)
Processing LOD for material: w_springfield
Lod 1: vertexes: 290 (73 new)
Lod 2: vertexes: 356 (66 new)
Processing LOD for material: w_rifle_glmounts
Lod 1: vertexes: 417 (12 new)
Processing LOD for material: w_rifle_grenades
Lod 1: vertexes: 408 (20 new)
Model has 3 convex sub-parts
Collision model completed.
---------------------
writing C:\Program Files (x86)\Steam\steamapps\common\GarrysMod\garrysmod\addons\mcv\work\compile_test_game\models/weapons\mcv\w_springfield.mdl:
Loading preexisting model: C:\Program Files (x86)\Steam\steamapps\common\GarrysMod\garrysmod\addons\mcv\work\compile_test_game\models/weapons\mcv\w_springfield.mdl
   Found 1 preexisting sequences.
bones         2268 bytes (5)
animations     124 bytes (1 anims) (1 frames) [0:00]
Building sequence index remapping table...
No re-ordering required.
sequences      236 bytes (1 seq) 
ik/pose       1560 bytes
eyeballs         0 bytes (0 eyeballs)
flexes           0 bytes (0 flexes)
eyeballs         0 bytes (0 eyeballs)
flexes           0 bytes (0 flexes)
eyeballs         0 bytes (0 eyeballs)
flexes           0 bytes (0 flexes)
eyeballs         0 bytes (0 eyeballs)
flexes           0 bytes (0 flexes)
eyeballs         0 bytes (0 eyeballs)
flexes           0 bytes (0 flexes)
eyeballs         0 bytes (0 eyeballs)
flexes           0 bytes (0 flexes)
eyeballs         0 bytes (0 eyeballs)
flexes           0 bytes (0 flexes)
eyeballs         0 bytes (0 eyeballs)
flexes           0 bytes (0 flexes)
eyeballs         0 bytes (0 eyeballs)
flexes           0 bytes (0 flexes)
eyeballs         0 bytes (0 eyeballs)
flexes           0 bytes (0 flexes)
textures       352 bytes
keyvalues       20 bytes
bone transforms      744 bytes
bone flex driver       0 bytes
Collision model volume 220.94 in^3
collision        0 bytes
total         6552
---------------------
writing C:\Program Files (x86)\Steam\steamapps\common\GarrysMod\garrysmod\addons\mcv\work\compile_test_game\models/weapons\mcv\w_springfield.vvd:
vertices    131568 bytes (2741 vertices)
vertices     37776 bytes (787 vertices)
vertices     28416 bytes (592 vertices)
vertices     44496 bytes (927 vertices)
vertices     17088 bytes (356 vertices)
vertices     20016 bytes (417 vertices)
vertices     19584 bytes (408 vertices)
tangents     43856 bytes (2741 vertices)
tangents     12592 bytes (787 vertices)
tangents      9472 bytes (592 vertices)
tangents     14832 bytes (927 vertices)
tangents      5696 bytes (356 vertices)
tangents      6672 bytes (417 vertices)
tangents      6528 bytes (408 vertices)
total       398656 bytes
---------------------
Generating optimized mesh "C:\Program Files (x86)\Steam\steamapps\common\GarrysMod\garrysmod\addons\mcv\work\compile_test_game\models/weapons\mcv\w_springfield.dx80.vtx":
body parts:        40 bytes
models:           440 bytes
model LODs:       360 bytes
meshes:           189 bytes
strip groups:     525 bytes
strips:           567 bytes
verts:          76860 bytes
indices:        50244 bytes
bone changes:     216 bytes
everything:    129117 bytes
---------------------
Generating optimized mesh "C:\Program Files (x86)\Steam\steamapps\common\GarrysMod\garrysmod\addons\mcv\work\compile_test_game\models/weapons\mcv\w_springfield.dx90.vtx":
body parts:        40 bytes
models:           440 bytes
model LODs:       360 bytes
meshes:           189 bytes
strip groups:     525 bytes
strips:           567 bytes
verts:          76860 bytes
indices:        50244 bytes
bone changes:     216 bytes
everything:    129117 bytes

Completed "w_springfield.qc"
