StudioMDL.exe (Apr 27 2026) - Garry's Mod Edition
WARNING: Failed to load keyvalues file cfg/mount.cfg!
qdir:    "c:\program files (x86)\steam\steamapps\common\garrysmod\garrysmod\addons\mcv\work\mcv_smd_port\weapons\w_stoner63lmg\"
gamedir: "C:\Program Files (x86)\Steam\steamapps\common\GarrysMod\garrysmod\addons\mcv\work\compile_test_game\"
g_path:  "C:\Program Files (x86)\Steam\steamapps\common\GarrysMod\garrysmod\addons\mcv\work\MCV_SMD_PORT\weapons\w_stoner63lmg\w_stoner63lmg.qc"
Building binary model files...
Working on "w_stoner63lmg.qc"
SMD MODEL ..\..\..\MCV_SMD_OG\weapons\w_stoner63lmg\w_stoner63lmg_lod0.smd
SMD MODEL ..\..\..\MCV_SMD_OG\weapons\w_stoner63lmg\w_stoner63lmg_lod0_lod1.smd
SMD MODEL ..\..\..\MCV_SMD_OG\weapons\w_stoner63lmg\w_stoner63lmg_lod0_lod2.smd
SMD MODEL ..\..\..\MCV_SMD_OG\weapons\w_stoner63lmg\w_stoner63lmg_anims\idle.smd
SMD MODEL ..\..\..\MCV_SMD_OG\weapons\w_stoner63lmg\w_stoner63lmg_physics.smd
Processing LOD for material: w_stoner63lmg
Lod 1: vertexes: 1801 (121 new)
Lod 2: vertexes: 1947 (146 new)
Model has 5 convex sub-parts
Collision model completed.
---------------------
writing C:\Program Files (x86)\Steam\steamapps\common\GarrysMod\garrysmod\addons\mcv\work\compile_test_game\models/weapons\mcv\w_stoner63lmg.mdl:
Loading preexisting model: C:\Program Files (x86)\Steam\steamapps\common\GarrysMod\garrysmod\addons\mcv\work\compile_test_game\models/weapons\mcv\w_stoner63lmg.mdl
   Found 1 preexisting sequences.
bones         2244 bytes (5)
animations     132 bytes (1 anims) (1 frames) [0:00]
Building sequence index remapping table...
No re-ordering required.
sequences      236 bytes (1 seq) 
ik/pose        164 bytes
eyeballs         0 bytes (0 eyeballs)
flexes           0 bytes (0 flexes)
textures        76 bytes
keyvalues       20 bytes
bone transforms      744 bytes
bone flex driver       0 bytes
Collision model volume 426.89 in^3
collision        0 bytes
total         3988
---------------------
writing C:\Program Files (x86)\Steam\steamapps\common\GarrysMod\garrysmod\addons\mcv\work\compile_test_game\models/weapons\mcv\w_stoner63lmg.vvd:
vertices     93456 bytes (1947 vertices)
tangents     31152 bytes (1947 vertices)
total       124672 bytes
---------------------
Generating optimized mesh "C:\Program Files (x86)\Steam\steamapps\common\GarrysMod\garrysmod\addons\mcv\work\compile_test_game\models/weapons\mcv\w_stoner63lmg.dx80.vtx":
body parts:         8 bytes
models:            44 bytes
model LODs:        36 bytes
meshes:            27 bytes
strip groups:      75 bytes
strips:            81 bytes
verts:          39627 bytes
indices:        22680 bytes
bone changes:     120 bytes
everything:     62698 bytes
---------------------
Generating optimized mesh "C:\Program Files (x86)\Steam\steamapps\common\GarrysMod\garrysmod\addons\mcv\work\compile_test_game\models/weapons\mcv\w_stoner63lmg.dx90.vtx":
body parts:         8 bytes
models:            44 bytes
model LODs:        36 bytes
meshes:            27 bytes
strip groups:      75 bytes
strips:            81 bytes
verts:          39627 bytes
indices:        22680 bytes
bone changes:     120 bytes
everything:     62698 bytes

Completed "w_stoner63lmg.qc"
