StudioMDL.exe (Apr 27 2026) - Garry's Mod Edition
WARNING: Failed to load keyvalues file cfg/mount.cfg!
qdir:    "c:\program files (x86)\steam\steamapps\common\garrysmod\garrysmod\addons\mcv\work\mcv_smd_port\weapons\w_stoner63\"
gamedir: "C:\Program Files (x86)\Steam\steamapps\common\GarrysMod\garrysmod\addons\mcv\work\compile_test_game\"
g_path:  "C:\Program Files (x86)\Steam\steamapps\common\GarrysMod\garrysmod\addons\mcv\work\MCV_SMD_PORT\weapons\w_stoner63\w_stoner63.qc"
Building binary model files...
Working on "w_stoner63.qc"
SMD MODEL ..\..\..\MCV_SMD_OG\weapons\w_stoner63\w_stoner63_lod0.smd
SMD MODEL ..\..\..\MCV_SMD_OG\weapons\w_stoner63\w_stoner63_lod0_lod1.smd
SMD MODEL ..\..\..\MCV_SMD_OG\weapons\w_stoner63\w_stoner63_lod0_lod2.smd
SMD MODEL ..\..\..\MCV_SMD_OG\weapons\w_stoner63\w_stoner63_anims\idle.smd
SMD MODEL ..\..\..\MCV_SMD_OG\weapons\w_stoner63\w_stoner63_physics.smd
Processing LOD for material: w_stoner63
Lod 1: vertexes: 2882 (777 new)
Lod 2: vertexes: 3353 (471 new)
Model has 6 convex sub-parts
Collision model completed.
---------------------
writing C:\Program Files (x86)\Steam\steamapps\common\GarrysMod\garrysmod\addons\mcv\work\compile_test_game\models/weapons\mcv\w_stoner63.mdl:
Loading preexisting model: C:\Program Files (x86)\Steam\steamapps\common\GarrysMod\garrysmod\addons\mcv\work\compile_test_game\models/weapons\mcv\w_stoner63.mdl
   Found 1 preexisting sequences.
bones         2244 bytes (5)
animations     132 bytes (1 anims) (1 frames) [0:00]
Building sequence index remapping table...
No re-ordering required.
sequences      236 bytes (1 seq) 
ik/pose        164 bytes
eyeballs         0 bytes (0 eyeballs)
flexes           0 bytes (0 flexes)
textures        76 bytes
keyvalues       20 bytes
bone transforms      744 bytes
bone flex driver       0 bytes
Collision model volume 382.69 in^3
collision        0 bytes
total         3984
---------------------
writing C:\Program Files (x86)\Steam\steamapps\common\GarrysMod\garrysmod\addons\mcv\work\compile_test_game\models/weapons\mcv\w_stoner63.vvd:
vertices    160944 bytes (3353 vertices)
tangents     53648 bytes (3353 vertices)
total       214656 bytes
---------------------
Generating optimized mesh "C:\Program Files (x86)\Steam\steamapps\common\GarrysMod\garrysmod\addons\mcv\work\compile_test_game\models/weapons\mcv\w_stoner63.dx80.vtx":
body parts:         8 bytes
models:            44 bytes
model LODs:        36 bytes
meshes:            27 bytes
strip groups:      75 bytes
strips:            81 bytes
verts:          34209 bytes
indices:        16608 bytes
bone changes:     104 bytes
everything:     51192 bytes
---------------------
Generating optimized mesh "C:\Program Files (x86)\Steam\steamapps\common\GarrysMod\garrysmod\addons\mcv\work\compile_test_game\models/weapons\mcv\w_stoner63.dx90.vtx":
body parts:         8 bytes
models:            44 bytes
model LODs:        36 bytes
meshes:            27 bytes
strip groups:      75 bytes
strips:            81 bytes
verts:          34209 bytes
indices:        16608 bytes
bone changes:     104 bytes
everything:     51192 bytes

Completed "w_stoner63.qc"
