StudioMDL.exe (Apr 27 2026) - Garry's Mod Edition
WARNING: Failed to load keyvalues file cfg/mount.cfg!
qdir:    "c:\program files (x86)\steam\steamapps\common\garrysmod\garrysmod\addons\mcv\work\mcv_smd_port\weapons\w_svt40_s\"
gamedir: "C:\Program Files (x86)\Steam\steamapps\common\GarrysMod\garrysmod\addons\mcv\work\compile_test_game\"
g_path:  "C:\Program Files (x86)\Steam\steamapps\common\GarrysMod\garrysmod\addons\mcv\work\MCV_SMD_PORT\weapons\w_svt40_s\w_svt40_s.qc"
Building binary model files...
Working on "w_svt40_s.qc"
SMD MODEL ..\..\..\MCV_SMD_OG\weapons\w_svt40_s\w_svt40_lod0.smd
SMD MODEL ..\..\..\MCV_SMD_OG\weapons\w_svt40_s\w_svt40_w_akb_lod0.smd
SMD MODEL ..\..\..\MCV_SMD_OG\weapons\w_svt40_s\w_svt40_scope_lod0.smd
SMD MODEL ..\..\..\MCV_SMD_OG\weapons\w_svt40_s\magazine_10.smd
SMD MODEL ..\..\..\MCV_SMD_OG\weapons\w_svt40_s\magazine_15.smd
SMD MODEL ..\..\..\MCV_SMD_OG\weapons\w_svt40_s\w_svt40_lod0_lod1.smd
SMD MODEL ..\..\..\MCV_SMD_OG\weapons\w_svt40_s\w_svt40_w_akb_lod0_lod1.smd
SMD MODEL ..\..\..\MCV_SMD_OG\weapons\w_svt40_s\w_svt40_scope_lod0_lod1.smd
SMD MODEL ..\..\..\MCV_SMD_OG\weapons\w_svt40_s\magazine_10_lod1.smd
SMD MODEL ..\..\..\MCV_SMD_OG\weapons\w_svt40_s\magazine_15_lod1.smd
SMD MODEL ..\..\..\MCV_SMD_OG\weapons\w_svt40_s\w_svt40_lod0_lod2.smd
SMD MODEL ..\..\..\MCV_SMD_OG\weapons\w_svt40_s\w_svt40_w_akb_lod0_lod2.smd
SMD MODEL ..\..\..\MCV_SMD_OG\weapons\w_svt40_s\w_svt40_scope_lod0_lod2.smd
SMD MODEL ..\..\..\MCV_SMD_OG\weapons\w_svt40_s\magazine_10_lod2.smd
SMD MODEL ..\..\..\MCV_SMD_OG\weapons\w_svt40_s\magazine_15_lod2.smd
SMD MODEL ..\..\..\MCV_SMD_OG\weapons\w_svt40_s\w_svt40_s_anims\idle.smd
SMD MODEL ..\..\..\MCV_SMD_OG\weapons\w_svt40_s\w_svt40_s_physics.smd
Processing LOD for material: w_svt40_s
Lod 1: vertexes: 3760 (1058 new)
Lod 2: vertexes: 4278 (518 new)
Processing LOD for material: w_akb
Lod 1: vertexes: 630 (168 new)
Lod 2: vertexes: 720 (90 new)
Processing LOD for material: w_svt40_s
Lod 1: vertexes: 1120 (347 new)
Lod 2: vertexes: 1299 (179 new)
Processing LOD for material: w_svt40_s
Processing LOD for material: w_svt40_s
Model has 1 convex sub-parts
Collision model completed.
---------------------
writing C:\Program Files (x86)\Steam\steamapps\common\GarrysMod\garrysmod\addons\mcv\work\compile_test_game\models/weapons\mcv\w_svt40_s.mdl:
Loading preexisting model: C:\Program Files (x86)\Steam\steamapps\common\GarrysMod\garrysmod\addons\mcv\work\compile_test_game\models/weapons\mcv\w_svt40_s.mdl
   Found 1 preexisting sequences.
bones         1980 bytes (4)
animations     124 bytes (1 anims) (1 frames) [0:00]
Building sequence index remapping table...
No re-ordering required.
sequences      232 bytes (1 seq) 
ik/pose       1100 bytes
eyeballs         0 bytes (0 eyeballs)
flexes           0 bytes (0 flexes)
eyeballs         0 bytes (0 eyeballs)
flexes           0 bytes (0 flexes)
eyeballs         0 bytes (0 eyeballs)
flexes           0 bytes (0 flexes)
eyeballs         0 bytes (0 eyeballs)
flexes           0 bytes (0 flexes)
eyeballs         0 bytes (0 eyeballs)
flexes           0 bytes (0 flexes)
eyeballs         0 bytes (0 eyeballs)
flexes           0 bytes (0 flexes)
eyeballs         0 bytes (0 eyeballs)
flexes           0 bytes (0 flexes)
textures       144 bytes
keyvalues       20 bytes
bone transforms      608 bytes
bone flex driver       0 bytes
Collision model volume 294.22 in^3
collision        0 bytes
total         5080
---------------------
writing C:\Program Files (x86)\Steam\steamapps\common\GarrysMod\garrysmod\addons\mcv\work\compile_test_game\models/weapons\mcv\w_svt40_s.vvd:
vertices    205344 bytes (4278 vertices)
vertices     34560 bytes (720 vertices)
vertices     62352 bytes (1299 vertices)
vertices      5184 bytes (108 vertices)
vertices      5184 bytes (108 vertices)
tangents     68448 bytes (4278 vertices)
tangents     11520 bytes (720 vertices)
tangents     20784 bytes (1299 vertices)
tangents      1728 bytes (108 vertices)
tangents      1728 bytes (108 vertices)
total       416896 bytes
---------------------
Generating optimized mesh "C:\Program Files (x86)\Steam\steamapps\common\GarrysMod\garrysmod\addons\mcv\work\compile_test_game\models/weapons\mcv\w_svt40_s.dx80.vtx":
body parts:        32 bytes
models:           308 bytes
model LODs:       252 bytes
meshes:           135 bytes
strip groups:     375 bytes
strips:           405 bytes
verts:          67725 bytes
indices:        42750 bytes
bone changes:     144 bytes
everything:    111910 bytes
---------------------
Generating optimized mesh "C:\Program Files (x86)\Steam\steamapps\common\GarrysMod\garrysmod\addons\mcv\work\compile_test_game\models/weapons\mcv\w_svt40_s.dx90.vtx":
body parts:        32 bytes
models:           308 bytes
model LODs:       252 bytes
meshes:           135 bytes
strip groups:     375 bytes
strips:           405 bytes
verts:          67725 bytes
indices:        42750 bytes
bone changes:     144 bytes
everything:    111910 bytes

Completed "w_svt40_s.qc"
