StudioMDL.exe (Apr 27 2026) - Garry's Mod Edition
WARNING: Failed to load keyvalues file cfg/mount.cfg!
qdir:    "c:\program files (x86)\steam\steamapps\common\garrysmod\garrysmod\addons\mcv\work\mcv_smd_port\weapons\w_svd\"
gamedir: "C:\Program Files (x86)\Steam\steamapps\common\GarrysMod\garrysmod\addons\mcv\work\compile_test_game\"
g_path:  "C:\Program Files (x86)\Steam\steamapps\common\GarrysMod\garrysmod\addons\mcv\work\MCV_SMD_PORT\weapons\w_svd\w_svd.qc"
Building binary model files...
Working on "w_svd.qc"
SMD MODEL ..\..\..\MCV_SMD_OG\weapons\w_svd\w_svd_lod0.smd
SMD MODEL ..\..\..\MCV_SMD_OG\weapons\w_svd\w_svd_akb_lod0.smd
SMD MODEL ..\..\..\MCV_SMD_OG\weapons\w_svd\w_svd_lod0_lod1.smd
SMD MODEL ..\..\..\MCV_SMD_OG\weapons\w_svd\w_svd_akb_lod0_lod1.smd
SMD MODEL ..\..\..\MCV_SMD_OG\weapons\w_svd\w_svd_lod0_lod2.smd
SMD MODEL ..\..\..\MCV_SMD_OG\weapons\w_svd\w_svd_akb_lod0_lod2.smd
SMD MODEL ..\..\..\MCV_SMD_OG\weapons\w_svd\w_svd_anims\idle.smd
SMD MODEL ..\..\..\MCV_SMD_OG\weapons\w_svd\w_svd_physics.smd
Processing LOD for material: w_svd_scope
Lod 1: vertexes: 932 (142 new)
Lod 2: vertexes: 1013 (81 new)
Processing LOD for material: w_svd
Lod 1: vertexes: 4275 (891 new)
Lod 2: vertexes: 4784 (509 new)
Processing LOD for material: w_akb
Lod 1: vertexes: 637 (175 new)
Lod 2: vertexes: 727 (90 new)
Model has 3 convex sub-parts
Collision model completed.
---------------------
writing C:\Program Files (x86)\Steam\steamapps\common\GarrysMod\garrysmod\addons\mcv\work\compile_test_game\models/weapons\mcv\w_svd.mdl:
Loading preexisting model: C:\Program Files (x86)\Steam\steamapps\common\GarrysMod\garrysmod\addons\mcv\work\compile_test_game\models/weapons\mcv\w_svd.mdl
   Found 1 preexisting sequences.
bones         2116 bytes (4)
animations     132 bytes (1 anims) (1 frames) [0:00]
Building sequence index remapping table...
No re-ordering required.
sequences      232 bytes (1 seq) 
ik/pose        476 bytes
eyeballs         0 bytes (0 eyeballs)
flexes           0 bytes (0 flexes)
eyeballs         0 bytes (0 eyeballs)
flexes           0 bytes (0 flexes)
eyeballs         0 bytes (0 eyeballs)
flexes           0 bytes (0 flexes)
textures       212 bytes
keyvalues       20 bytes
bone transforms      608 bytes
bone flex driver       0 bytes
Collision model volume 307.85 in^3
collision        0 bytes
total         4424
---------------------
writing C:\Program Files (x86)\Steam\steamapps\common\GarrysMod\garrysmod\addons\mcv\work\compile_test_game\models/weapons\mcv\w_svd.vvd:
vertices    229632 bytes (4784 vertices)
vertices     34896 bytes (727 vertices)
tangents     76544 bytes (4784 vertices)
tangents     11632 bytes (727 vertices)
total       352768 bytes
---------------------
Generating optimized mesh "C:\Program Files (x86)\Steam\steamapps\common\GarrysMod\garrysmod\addons\mcv\work\compile_test_game\models/weapons\mcv\w_svd.dx80.vtx":
body parts:        16 bytes
models:           132 bytes
model LODs:       108 bytes
meshes:            81 bytes
strip groups:     225 bytes
strips:           243 bytes
verts:          58383 bytes
indices:        32340 bytes
bone changes:     120 bytes
everything:     91576 bytes
---------------------
Generating optimized mesh "C:\Program Files (x86)\Steam\steamapps\common\GarrysMod\garrysmod\addons\mcv\work\compile_test_game\models/weapons\mcv\w_svd.dx90.vtx":
body parts:        16 bytes
models:           132 bytes
model LODs:       108 bytes
meshes:            81 bytes
strip groups:     225 bytes
strips:           243 bytes
verts:          58383 bytes
indices:        32340 bytes
bone changes:     120 bytes
everything:     91576 bytes

Completed "w_svd.qc"
