StudioMDL.exe (Apr 27 2026) - Garry's Mod Edition
WARNING: Failed to load keyvalues file cfg/mount.cfg!
qdir:    "c:\program files (x86)\steam\steamapps\common\garrysmod\garrysmod\addons\mcv\work\mcv_smd_port\weapons\w_swm10\"
gamedir: "C:\Program Files (x86)\Steam\steamapps\common\GarrysMod\garrysmod\addons\mcv\work\compile_test_game\"
g_path:  "C:\Program Files (x86)\Steam\steamapps\common\GarrysMod\garrysmod\addons\mcv\work\MCV_SMD_PORT\weapons\w_swm10\w_swm10.qc"
Building binary model files...
Working on "w_swm10.qc"
SMD MODEL ..\..\..\MCV_SMD_OG\weapons\w_swm10\w_swm10_lod0.smd
SMD MODEL ..\..\..\MCV_SMD_OG\weapons\w_swm10\w_swm10_lod0_lod1.smd
SMD MODEL ..\..\..\MCV_SMD_OG\weapons\w_swm10\w_swm10_lod0_lod2.smd
SMD MODEL ..\..\..\MCV_SMD_OG\weapons\w_swm10\w_swm10_anims\idle.smd
SMD MODEL ..\..\..\MCV_SMD_OG\weapons\w_swm10\w_swm10_physics.smd
Processing LOD for material: w_swm10
Lod 1: vertexes: 1753 (446 new)
Lod 2: vertexes: 2062 (309 new)
Model has 4 convex sub-parts
Collision model completed.
---------------------
writing C:\Program Files (x86)\Steam\steamapps\common\GarrysMod\garrysmod\addons\mcv\work\compile_test_game\models/weapons\mcv\w_swm10.mdl:
Loading preexisting model: C:\Program Files (x86)\Steam\steamapps\common\GarrysMod\garrysmod\addons\mcv\work\compile_test_game\models/weapons\mcv\w_swm10.mdl
   Found 1 preexisting sequences.
bones         1456 bytes (2)
animations     136 bytes (1 anims) (1 frames) [0:00]
Building sequence index remapping table...
No re-ordering required.
sequences      224 bytes (1 seq) 
ik/pose        164 bytes
eyeballs         0 bytes (0 eyeballs)
flexes           0 bytes (0 flexes)
textures        76 bytes
keyvalues       20 bytes
bone transforms      336 bytes
bone flex driver       0 bytes
Collision model volume 28.59 in^3
collision        0 bytes
total         2696
---------------------
writing C:\Program Files (x86)\Steam\steamapps\common\GarrysMod\garrysmod\addons\mcv\work\compile_test_game\models/weapons\mcv\w_swm10.vvd:
vertices     98976 bytes (2062 vertices)
tangents     32992 bytes (2062 vertices)
total       132032 bytes
---------------------
Generating optimized mesh "C:\Program Files (x86)\Steam\steamapps\common\GarrysMod\garrysmod\addons\mcv\work\compile_test_game\models/weapons\mcv\w_swm10.dx80.vtx":
body parts:         8 bytes
models:            44 bytes
model LODs:        36 bytes
meshes:            27 bytes
strip groups:      75 bytes
strips:            81 bytes
verts:          22635 bytes
indices:        12492 bytes
bone changes:      48 bytes
everything:     35446 bytes
---------------------
Generating optimized mesh "C:\Program Files (x86)\Steam\steamapps\common\GarrysMod\garrysmod\addons\mcv\work\compile_test_game\models/weapons\mcv\w_swm10.dx90.vtx":
body parts:         8 bytes
models:            44 bytes
model LODs:        36 bytes
meshes:            27 bytes
strip groups:      75 bytes
strips:            81 bytes
verts:          22635 bytes
indices:        12492 bytes
bone changes:      48 bytes
everything:     35446 bytes

Completed "w_swm10.qc"
