StudioMDL.exe (Apr 27 2026) - Garry's Mod Edition
WARNING: Failed to load keyvalues file cfg/mount.cfg!
qdir:    "c:\program files (x86)\steam\steamapps\common\garrysmod\garrysmod\addons\mcv\work\mcv_smd_port\weapons\w_swm76\"
gamedir: "C:\Program Files (x86)\Steam\steamapps\common\GarrysMod\garrysmod\addons\mcv\work\compile_test_game\"
g_path:  "C:\Program Files (x86)\Steam\steamapps\common\GarrysMod\garrysmod\addons\mcv\work\MCV_SMD_PORT\weapons\w_swm76\w_swm76.qc"
Building binary model files...
Working on "w_swm76.qc"
SMD MODEL ..\..\..\MCV_SMD_OG\weapons\w_swm76\w_swm76_lod0.smd
SMD MODEL ..\..\..\MCV_SMD_OG\weapons\w_swm76\w_swm76_lod0_lod1.smd
SMD MODEL ..\..\..\MCV_SMD_OG\weapons\w_swm76\w_swm76_lod0_lod2.smd
SMD MODEL ..\..\..\MCV_SMD_OG\weapons\w_swm76\w_swm76_anims\idle.smd
SMD MODEL ..\..\..\MCV_SMD_OG\weapons\w_swm76\w_swm76_physics.smd
Processing LOD for material: w_swm76
Lod 1: vertexes: 1784 (350 new)
Lod 2: vertexes: 2064 (280 new)
Model has 10 convex sub-parts
Collision model completed.
---------------------
writing C:\Program Files (x86)\Steam\steamapps\common\GarrysMod\garrysmod\addons\mcv\work\compile_test_game\models/weapons\mcv\w_swm76.mdl:
Loading preexisting model: C:\Program Files (x86)\Steam\steamapps\common\GarrysMod\garrysmod\addons\mcv\work\compile_test_game\models/weapons\mcv\w_swm76.mdl
   Found 1 preexisting sequences.
bones         1672 bytes (3)
animations     128 bytes (1 anims) (1 frames) [0:00]
Building sequence index remapping table...
No re-ordering required.
sequences      228 bytes (1 seq) 
ik/pose        164 bytes
eyeballs         0 bytes (0 eyeballs)
flexes           0 bytes (0 flexes)
textures        76 bytes
keyvalues       20 bytes
bone transforms      472 bytes
bone flex driver       0 bytes
Collision model volume 101.61 in^3
collision        0 bytes
total         3068
---------------------
writing C:\Program Files (x86)\Steam\steamapps\common\GarrysMod\garrysmod\addons\mcv\work\compile_test_game\models/weapons\mcv\w_swm76.vvd:
vertices     99072 bytes (2064 vertices)
tangents     33024 bytes (2064 vertices)
total       132160 bytes
---------------------
Generating optimized mesh "C:\Program Files (x86)\Steam\steamapps\common\GarrysMod\garrysmod\addons\mcv\work\compile_test_game\models/weapons\mcv\w_swm76.dx80.vtx":
body parts:         8 bytes
models:            44 bytes
model LODs:        36 bytes
meshes:            27 bytes
strip groups:      75 bytes
strips:            81 bytes
verts:          21798 bytes
indices:        12030 bytes
bone changes:      72 bytes
everything:     34171 bytes
---------------------
Generating optimized mesh "C:\Program Files (x86)\Steam\steamapps\common\GarrysMod\garrysmod\addons\mcv\work\compile_test_game\models/weapons\mcv\w_swm76.dx90.vtx":
body parts:         8 bytes
models:            44 bytes
model LODs:        36 bytes
meshes:            27 bytes
strip groups:      75 bytes
strips:            81 bytes
verts:          21798 bytes
indices:        12030 bytes
bone changes:      72 bytes
everything:     34171 bytes

Completed "w_swm76.qc"
