StudioMDL.exe (Apr 27 2026) - Garry's Mod Edition
WARNING: Failed to load keyvalues file cfg/mount.cfg!
qdir:    "c:\program files (x86)\steam\steamapps\common\garrysmod\garrysmod\addons\mcv\work\mcv_smd_port\weapons\w_tt33\"
gamedir: "C:\Program Files (x86)\Steam\steamapps\common\GarrysMod\garrysmod\addons\mcv\work\compile_test_game\"
g_path:  "C:\Program Files (x86)\Steam\steamapps\common\GarrysMod\garrysmod\addons\mcv\work\MCV_SMD_PORT\weapons\w_tt33\w_tt33.qc"
Building binary model files...
Working on "w_tt33.qc"
SMD MODEL ..\..\..\MCV_SMD_OG\weapons\w_tt33\w_tt33_lod0.smd
SMD MODEL ..\..\..\MCV_SMD_OG\weapons\w_tt33\w_tt33_lod0_lod1.smd
SMD MODEL ..\..\..\MCV_SMD_OG\weapons\w_tt33\w_tt33_lod0_lod2.smd
SMD MODEL ..\..\..\MCV_SMD_OG\weapons\w_tt33\w_tt33_anims\idle.smd
SMD MODEL ..\..\..\MCV_SMD_OG\weapons\w_tt33\w_tt33_physics.smd
Processing LOD for material: w_tt33
Lod 1: vertexes: 1476 (390 new)
Lod 2: vertexes: 1709 (233 new)
Model has 3 convex sub-parts
Collision model completed.
---------------------
writing C:\Program Files (x86)\Steam\steamapps\common\GarrysMod\garrysmod\addons\mcv\work\compile_test_game\models/weapons\mcv\w_tt33.mdl:
Loading preexisting model: C:\Program Files (x86)\Steam\steamapps\common\GarrysMod\garrysmod\addons\mcv\work\compile_test_game\models/weapons\mcv\w_tt33.mdl
   Found 1 preexisting sequences.
bones         1604 bytes (3)
animations     132 bytes (1 anims) (1 frames) [0:00]
Building sequence index remapping table...
No re-ordering required.
sequences      228 bytes (1 seq) 
ik/pose        164 bytes
eyeballs         0 bytes (0 eyeballs)
flexes           0 bytes (0 flexes)
textures        72 bytes
keyvalues       20 bytes
bone transforms      472 bytes
bone flex driver       0 bytes
Collision model volume 14.33 in^3
collision        0 bytes
total         3000
---------------------
writing C:\Program Files (x86)\Steam\steamapps\common\GarrysMod\garrysmod\addons\mcv\work\compile_test_game\models/weapons\mcv\w_tt33.vvd:
vertices     82032 bytes (1709 vertices)
tangents     27344 bytes (1709 vertices)
total       109440 bytes
---------------------
Generating optimized mesh "C:\Program Files (x86)\Steam\steamapps\common\GarrysMod\garrysmod\addons\mcv\work\compile_test_game\models/weapons\mcv\w_tt33.dx80.vtx":
body parts:         8 bytes
models:            44 bytes
model LODs:        36 bytes
meshes:            27 bytes
strip groups:      75 bytes
strips:            81 bytes
verts:          17847 bytes
indices:        11280 bytes
bone changes:      72 bytes
everything:     29470 bytes
---------------------
Generating optimized mesh "C:\Program Files (x86)\Steam\steamapps\common\GarrysMod\garrysmod\addons\mcv\work\compile_test_game\models/weapons\mcv\w_tt33.dx90.vtx":
body parts:         8 bytes
models:            44 bytes
model LODs:        36 bytes
meshes:            27 bytes
strip groups:      75 bytes
strips:            81 bytes
verts:          17847 bytes
indices:        11280 bytes
bone changes:      72 bytes
everything:     29470 bytes

Completed "w_tt33.qc"
