StudioMDL.exe (Apr 27 2026) - Garry's Mod Edition
WARNING: Failed to load keyvalues file cfg/mount.cfg!
qdir:    "c:\program files (x86)\steam\steamapps\common\garrysmod\garrysmod\addons\mcv\work\mcv_smd_port\weapons\w_tul1\"
gamedir: "C:\Program Files (x86)\Steam\steamapps\common\GarrysMod\garrysmod\addons\mcv\work\compile_test_game\"
g_path:  "C:\Program Files (x86)\Steam\steamapps\common\GarrysMod\garrysmod\addons\mcv\work\MCV_SMD_PORT\weapons\w_tul1\w_tul1.qc"
Building binary model files...
Working on "w_tul1.qc"
SMD MODEL ..\..\..\MCV_SMD_OG\weapons\w_tul1\w_tul1_lod0.smd
SMD MODEL ..\..\..\MCV_SMD_OG\weapons\w_tul1\w_rpk_bipod1_lod0.smd
SMD MODEL ..\..\..\MCV_SMD_OG\weapons\w_tul1\w_rpk_bipod2_lod0.smd
SMD MODEL ..\..\..\MCV_SMD_OG\weapons\w_tul1\w_tul1_lod0_lod1.smd
SMD MODEL ..\..\..\MCV_SMD_OG\weapons\w_tul1\w_rpk_bipod1_lod0_lod1.smd
SMD MODEL ..\..\..\MCV_SMD_OG\weapons\w_tul1\w_rpk_bipod2_lod0_lod1.smd
SMD MODEL ..\..\..\MCV_SMD_OG\weapons\w_tul1\w_tul1_lod0_lod2.smd
SMD MODEL ..\..\..\MCV_SMD_OG\weapons\w_tul1\w_rpk_bipod1_lod0_lod2.smd
SMD MODEL ..\..\..\MCV_SMD_OG\weapons\w_tul1\w_rpk_bipod2_lod0_lod2.smd
SMD MODEL ..\..\..\MCV_SMD_OG\weapons\w_tul1\w_tul1_anims\idle.smd
SMD MODEL ..\..\..\MCV_SMD_OG\weapons\w_tul1\w_tul1_physics.smd
Processing LOD for material: w_tul1
Processing LOD for material: w_rpk
Lod 1: vertexes: 418 (126 new)
Lod 2: vertexes: 487 (69 new)
Processing LOD for material: w_rpk
Lod 1: vertexes: 418 (126 new)
Lod 2: vertexes: 487 (69 new)
Model has 9 convex sub-parts
Collision model completed.
---------------------
writing C:\Program Files (x86)\Steam\steamapps\common\GarrysMod\garrysmod\addons\mcv\work\compile_test_game\models/weapons\mcv\w_tul1.mdl:
Loading preexisting model: C:\Program Files (x86)\Steam\steamapps\common\GarrysMod\garrysmod\addons\mcv\work\compile_test_game\models/weapons\mcv\w_tul1.mdl
   Found 1 preexisting sequences.
bones         1672 bytes (3)
animations     128 bytes (1 anims) (1 frames) [0:00]
Building sequence index remapping table...
No re-ordering required.
sequences      228 bytes (1 seq) 
ik/pose        476 bytes
eyeballs         0 bytes (0 eyeballs)
flexes           0 bytes (0 flexes)
eyeballs         0 bytes (0 eyeballs)
flexes           0 bytes (0 flexes)
eyeballs         0 bytes (0 eyeballs)
flexes           0 bytes (0 flexes)
textures       148 bytes
keyvalues       20 bytes
bone transforms      472 bytes
bone flex driver       0 bytes
Collision model volume 161.59 in^3
collision        0 bytes
total         3748
---------------------
writing C:\Program Files (x86)\Steam\steamapps\common\GarrysMod\garrysmod\addons\mcv\work\compile_test_game\models/weapons\mcv\w_tul1.vvd:
vertices    122544 bytes (2553 vertices)
vertices     23376 bytes (487 vertices)
vertices     23376 bytes (487 vertices)
tangents     40848 bytes (2553 vertices)
tangents      7792 bytes (487 vertices)
tangents      7792 bytes (487 vertices)
total       225792 bytes
---------------------
Generating optimized mesh "C:\Program Files (x86)\Steam\steamapps\common\GarrysMod\garrysmod\addons\mcv\work\compile_test_game\models/weapons\mcv\w_tul1.dx80.vtx":
body parts:        16 bytes
models:           132 bytes
model LODs:       108 bytes
meshes:            81 bytes
strip groups:     225 bytes
strips:           243 bytes
verts:          78669 bytes
indices:        51516 bytes
bone changes:     120 bytes
everything:    131038 bytes
---------------------
Generating optimized mesh "C:\Program Files (x86)\Steam\steamapps\common\GarrysMod\garrysmod\addons\mcv\work\compile_test_game\models/weapons\mcv\w_tul1.dx90.vtx":
body parts:        16 bytes
models:           132 bytes
model LODs:       108 bytes
meshes:            81 bytes
strip groups:     225 bytes
strips:           243 bytes
verts:          78669 bytes
indices:        51516 bytes
bone changes:     120 bytes
everything:    131038 bytes

Completed "w_tul1.qc"
