StudioMDL.exe (Apr 27 2026) - Garry's Mod Edition
WARNING: Failed to load keyvalues file cfg/mount.cfg!
qdir:    "c:\program files (x86)\steam\steamapps\common\garrysmod\garrysmod\addons\mcv\work\mcv_smd_port\weapons\w_type63b\"
gamedir: "C:\Program Files (x86)\Steam\steamapps\common\GarrysMod\garrysmod\addons\mcv\work\compile_test_game\"
g_path:  "C:\Program Files (x86)\Steam\steamapps\common\GarrysMod\garrysmod\addons\mcv\work\MCV_SMD_PORT\weapons\w_type63b\w_type63b.qc"
Building binary model files...
Working on "w_type63b.qc"
SMD MODEL ..\..\..\MCV_SMD_OG\weapons\w_type63b\w_type63b_lod0.smd
SMD MODEL ..\..\..\MCV_SMD_OG\weapons\w_type63b\w_type63b_vcm_lod0.smd
SMD MODEL ..\..\..\MCV_SMD_OG\weapons\w_type63b\w_type63b_vcg_lod0.smd
SMD MODEL ..\..\..\MCV_SMD_OG\weapons\w_type63b\w_type63b_lod0_lod1.smd
SMD MODEL ..\..\..\MCV_SMD_OG\weapons\w_type63b\w_type63b_vcm_lod0_lod1.smd
SMD MODEL ..\..\..\MCV_SMD_OG\weapons\w_type63b\w_type63b_vcg_lod0_lod1.smd
SMD MODEL ..\..\..\MCV_SMD_OG\weapons\w_type63b\w_type63b_lod0_lod2.smd
SMD MODEL ..\..\..\MCV_SMD_OG\weapons\w_type63b\w_type63b_vcm_lod0_lod2.smd
SMD MODEL ..\..\..\MCV_SMD_OG\weapons\w_type63b\w_type63b_vcg_lod0_lod2.smd
SMD MODEL ..\..\..\MCV_SMD_OG\weapons\w_type63b\w_type63b_anims\idle.smd
SMD MODEL ..\..\..\MCV_SMD_OG\weapons\w_type63b\w_type63b_physics.smd
Processing LOD for material: w_type63b
Lod 1: vertexes: 2406 (299 new)
Lod 2: vertexes: 2751 (345 new)
Processing LOD for material: w_rifle_glmounts_vc
Processing LOD for material: w_rifle_grenades_vc
Model has 2 convex sub-parts
Collision model completed.
---------------------
writing C:\Program Files (x86)\Steam\steamapps\common\GarrysMod\garrysmod\addons\mcv\work\compile_test_game\models/weapons\mcv\w_type63b.mdl:
Loading preexisting model: C:\Program Files (x86)\Steam\steamapps\common\GarrysMod\garrysmod\addons\mcv\work\compile_test_game\models/weapons\mcv\w_type63b.mdl
   Found 1 preexisting sequences.
bones         1956 bytes (4)
animations     132 bytes (1 anims) (1 frames) [0:00]
Building sequence index remapping table...
No re-ordering required.
sequences      232 bytes (1 seq) 
ik/pose        788 bytes
eyeballs         0 bytes (0 eyeballs)
flexes           0 bytes (0 flexes)
eyeballs         0 bytes (0 eyeballs)
flexes           0 bytes (0 flexes)
eyeballs         0 bytes (0 eyeballs)
flexes           0 bytes (0 flexes)
eyeballs         0 bytes (0 eyeballs)
flexes           0 bytes (0 flexes)
eyeballs         0 bytes (0 eyeballs)
flexes           0 bytes (0 flexes)
textures       216 bytes
keyvalues       20 bytes
bone transforms      608 bytes
bone flex driver       0 bytes
Collision model volume 243.55 in^3
collision        0 bytes
total         4640
---------------------
writing C:\Program Files (x86)\Steam\steamapps\common\GarrysMod\garrysmod\addons\mcv\work\compile_test_game\models/weapons\mcv\w_type63b.vvd:
vertices    132048 bytes (2751 vertices)
vertices     32304 bytes (673 vertices)
vertices      9600 bytes (200 vertices)
tangents     44016 bytes (2751 vertices)
tangents     10768 bytes (673 vertices)
tangents      3200 bytes (200 vertices)
total       232000 bytes
---------------------
Generating optimized mesh "C:\Program Files (x86)\Steam\steamapps\common\GarrysMod\garrysmod\addons\mcv\work\compile_test_game\models/weapons\mcv\w_type63b.dx80.vtx":
body parts:        24 bytes
models:           220 bytes
model LODs:       180 bytes
meshes:            81 bytes
strip groups:     225 bytes
strips:           243 bytes
verts:          62541 bytes
indices:        36006 bytes
bone changes:     144 bytes
everything:     99520 bytes
---------------------
Generating optimized mesh "C:\Program Files (x86)\Steam\steamapps\common\GarrysMod\garrysmod\addons\mcv\work\compile_test_game\models/weapons\mcv\w_type63b.dx90.vtx":
body parts:        24 bytes
models:           220 bytes
model LODs:       180 bytes
meshes:            81 bytes
strip groups:     225 bytes
strips:           243 bytes
verts:          62541 bytes
indices:        36006 bytes
bone changes:     144 bytes
everything:     99520 bytes

Completed "w_type63b.qc"
