StudioMDL.exe (Apr 27 2026) - Garry's Mod Edition
WARNING: Failed to load keyvalues file cfg/mount.cfg!
qdir:    "c:\program files (x86)\steam\steamapps\common\garrysmod\garrysmod\addons\mcv\work\mcv_smd_port\weapons\w_type63\"
gamedir: "C:\Program Files (x86)\Steam\steamapps\common\GarrysMod\garrysmod\addons\mcv\work\compile_test_game\"
g_path:  "C:\Program Files (x86)\Steam\steamapps\common\GarrysMod\garrysmod\addons\mcv\work\MCV_SMD_PORT\weapons\w_type63\w_type63.qc"
Building binary model files...
Working on "w_type63.qc"
SMD MODEL ..\..\..\MCV_SMD_OG\weapons\w_type63\w_type63_lod0.smd
SMD MODEL ..\..\..\MCV_SMD_OG\weapons\w_type63\w_sks_w_akb_lod0.smd
SMD MODEL ..\..\..\MCV_SMD_OG\weapons\w_type63\w_sks_vcm_lod0.smd
SMD MODEL ..\..\..\MCV_SMD_OG\weapons\w_type63\w_sks_vcg_lod0.smd
SMD MODEL ..\..\..\MCV_SMD_OG\weapons\w_type63\w_type63_lod0_lod1.smd
SMD MODEL ..\..\..\MCV_SMD_OG\weapons\w_type63\w_sks_w_akb_lod0_lod1.smd
SMD MODEL ..\..\..\MCV_SMD_OG\weapons\w_type63\w_sks_vcm_lod0_lod1.smd
SMD MODEL ..\..\..\MCV_SMD_OG\weapons\w_type63\w_sks_vcg_lod0_lod1.smd
SMD MODEL ..\..\..\MCV_SMD_OG\weapons\w_type63\w_type63_lod0_lod2.smd
SMD MODEL ..\..\..\MCV_SMD_OG\weapons\w_type63\w_sks_w_akb_lod0_lod2.smd
SMD MODEL ..\..\..\MCV_SMD_OG\weapons\w_type63\w_sks_vcm_lod0_lod2.smd
SMD MODEL ..\..\..\MCV_SMD_OG\weapons\w_type63\w_sks_vcg_lod0_lod2.smd
SMD MODEL ..\..\..\MCV_SMD_OG\weapons\w_type63\w_type63_anims\idle.smd
SMD MODEL ..\..\..\MCV_SMD_OG\weapons\w_type63\w_type63_physics.smd
Processing LOD for material: w_type63
Lod 1: vertexes: 2268 (231 new)
Lod 2: vertexes: 2520 (252 new)
Processing LOD for material: w_akb
Lod 1: vertexes: 637 (175 new)
Lod 2: vertexes: 727 (90 new)
Processing LOD for material: w_rifle_glmounts_vc
Lod 1: vertexes: 846 (172 new)
Processing LOD for material: w_rifle_grenades_vc
Model has 2 convex sub-parts
Collision model completed.
---------------------
writing C:\Program Files (x86)\Steam\steamapps\common\GarrysMod\garrysmod\addons\mcv\work\compile_test_game\models/weapons\mcv\w_type63.mdl:
Loading preexisting model: C:\Program Files (x86)\Steam\steamapps\common\GarrysMod\garrysmod\addons\mcv\work\compile_test_game\models/weapons\mcv\w_type63.mdl
   Found 1 preexisting sequences.
bones         2244 bytes (5)
animations     132 bytes (1 anims) (1 frames) [0:00]
Building sequence index remapping table...
No re-ordering required.
sequences      236 bytes (1 seq) 
ik/pose       1100 bytes
eyeballs         0 bytes (0 eyeballs)
flexes           0 bytes (0 flexes)
eyeballs         0 bytes (0 eyeballs)
flexes           0 bytes (0 flexes)
eyeballs         0 bytes (0 eyeballs)
flexes           0 bytes (0 flexes)
eyeballs         0 bytes (0 eyeballs)
flexes           0 bytes (0 flexes)
eyeballs         0 bytes (0 eyeballs)
flexes           0 bytes (0 flexes)
eyeballs         0 bytes (0 eyeballs)
flexes           0 bytes (0 flexes)
eyeballs         0 bytes (0 eyeballs)
flexes           0 bytes (0 flexes)
textures       280 bytes
keyvalues       20 bytes
bone transforms      744 bytes
bone flex driver       0 bytes
Collision model volume 243.55 in^3
collision        0 bytes
total         5596
---------------------
writing C:\Program Files (x86)\Steam\steamapps\common\GarrysMod\garrysmod\addons\mcv\work\compile_test_game\models/weapons\mcv\w_type63.vvd:
vertices    120960 bytes (2520 vertices)
vertices     34896 bytes (727 vertices)
vertices     40608 bytes (846 vertices)
vertices      9600 bytes (200 vertices)
tangents     40320 bytes (2520 vertices)
tangents     11632 bytes (727 vertices)
tangents     13536 bytes (846 vertices)
tangents      3200 bytes (200 vertices)
total       274816 bytes
---------------------
Generating optimized mesh "C:\Program Files (x86)\Steam\steamapps\common\GarrysMod\garrysmod\addons\mcv\work\compile_test_game\models/weapons\mcv\w_type63.dx80.vtx":
body parts:        32 bytes
models:           308 bytes
model LODs:       252 bytes
meshes:           108 bytes
strip groups:     300 bytes
strips:           324 bytes
verts:          62937 bytes
indices:        38670 bytes
bone changes:     168 bytes
everything:    102883 bytes
---------------------
Generating optimized mesh "C:\Program Files (x86)\Steam\steamapps\common\GarrysMod\garrysmod\addons\mcv\work\compile_test_game\models/weapons\mcv\w_type63.dx90.vtx":
body parts:        32 bytes
models:           308 bytes
model LODs:       252 bytes
meshes:           108 bytes
strip groups:     300 bytes
strips:           324 bytes
verts:          62937 bytes
indices:        38670 bytes
bone changes:     168 bytes
everything:    102883 bytes

Completed "w_type63.qc"
