StudioMDL.exe (Apr 27 2026) - Garry's Mod Edition
WARNING: Failed to load keyvalues file cfg/mount.cfg!
qdir:    "c:\program files (x86)\steam\steamapps\common\garrysmod\garrysmod\addons\mcv\work\mcv_smd_port\weapons\w_vcpistol\"
gamedir: "C:\Program Files (x86)\Steam\steamapps\common\GarrysMod\garrysmod\addons\mcv\work\compile_test_game\"
g_path:  "C:\Program Files (x86)\Steam\steamapps\common\GarrysMod\garrysmod\addons\mcv\work\MCV_SMD_PORT\weapons\w_vcpistol\w_vcpistol.qc"
Building binary model files...
Working on "w_vcpistol.qc"
SMD MODEL ..\..\..\MCV_SMD_OG\weapons\w_vcpistol\w_vcpistol_lod0.smd
SMD MODEL ..\..\..\MCV_SMD_OG\weapons\w_vcpistol\w_vcpistol_lod0_lod1.smd
SMD MODEL ..\..\..\MCV_SMD_OG\weapons\w_vcpistol\w_vcpistol_lod0_lod2.smd
SMD MODEL ..\..\..\MCV_SMD_OG\weapons\w_vcpistol\w_vcpistol_anims\idle.smd
SMD MODEL ..\..\..\MCV_SMD_OG\weapons\w_vcpistol\w_vcpistol_physics.smd
Processing LOD for material: w_vcpistol
Lod 1: vertexes: 610 (80 new)
Lod 2: vertexes: 635 (25 new)
Model has 2 convex sub-parts
Collision model completed.
---------------------
writing C:\Program Files (x86)\Steam\steamapps\common\GarrysMod\garrysmod\addons\mcv\work\compile_test_game\models/weapons\mcv\w_vcpistol.mdl:
Loading preexisting model: C:\Program Files (x86)\Steam\steamapps\common\GarrysMod\garrysmod\addons\mcv\work\compile_test_game\models/weapons\mcv\w_vcpistol.mdl
   Found 1 preexisting sequences.
bones         1672 bytes (3)
animations     128 bytes (1 anims) (1 frames) [0:00]
Building sequence index remapping table...
No re-ordering required.
sequences      228 bytes (1 seq) 
ik/pose        164 bytes
eyeballs         0 bytes (0 eyeballs)
flexes           0 bytes (0 flexes)
textures        76 bytes
keyvalues       20 bytes
bone transforms      472 bytes
bone flex driver       0 bytes
Collision model volume 18.39 in^3
collision        0 bytes
total         3080
---------------------
writing C:\Program Files (x86)\Steam\steamapps\common\GarrysMod\garrysmod\addons\mcv\work\compile_test_game\models/weapons\mcv\w_vcpistol.vvd:
vertices     30480 bytes (635 vertices)
tangents     10160 bytes (635 vertices)
total        40704 bytes
---------------------
Generating optimized mesh "C:\Program Files (x86)\Steam\steamapps\common\GarrysMod\garrysmod\addons\mcv\work\compile_test_game\models/weapons\mcv\w_vcpistol.dx80.vtx":
body parts:         8 bytes
models:            44 bytes
model LODs:        36 bytes
meshes:            27 bytes
strip groups:      75 bytes
strips:            81 bytes
verts:          11358 bytes
indices:         6036 bytes
bone changes:      72 bytes
everything:     17737 bytes
---------------------
Generating optimized mesh "C:\Program Files (x86)\Steam\steamapps\common\GarrysMod\garrysmod\addons\mcv\work\compile_test_game\models/weapons\mcv\w_vcpistol.dx90.vtx":
body parts:         8 bytes
models:            44 bytes
model LODs:        36 bytes
meshes:            27 bytes
strip groups:      75 bytes
strips:            81 bytes
verts:          11358 bytes
indices:         6036 bytes
bone changes:      72 bytes
everything:     17737 bytes

Completed "w_vcpistol.qc"
