StudioMDL.exe (Apr 27 2026) - Garry's Mod Edition
WARNING: Failed to load keyvalues file cfg/mount.cfg!
qdir:    "c:\program files (x86)\steam\steamapps\common\garrysmod\garrysmod\addons\mcv\work\mcv_smd_port\weapons\w_vcshotgun\"
gamedir: "C:\Program Files (x86)\Steam\steamapps\common\GarrysMod\garrysmod\addons\mcv\work\compile_test_game\"
g_path:  "C:\Program Files (x86)\Steam\steamapps\common\GarrysMod\garrysmod\addons\mcv\work\MCV_SMD_PORT\weapons\w_vcshotgun\w_vcshotgun.qc"
Building binary model files...
Working on "w_vcshotgun.qc"
SMD MODEL ..\..\..\MCV_SMD_OG\weapons\w_vcshotgun\w_vcshotgun_lod0.smd
SMD MODEL ..\..\..\MCV_SMD_OG\weapons\w_vcshotgun\w_vcshotgun_lod0_lod1.smd
SMD MODEL ..\..\..\MCV_SMD_OG\weapons\w_vcshotgun\w_vcshotgun_lod0_lod2.smd
SMD MODEL ..\..\..\MCV_SMD_OG\weapons\w_vcshotgun\w_vcshotgun_anims\idle.smd
SMD MODEL ..\..\..\MCV_SMD_OG\weapons\w_vcshotgun\w_vcshotgun_physics.smd
Processing LOD for material: w_vcshotgun
Lod 1: vertexes: 1618 (215 new)
Lod 2: vertexes: 1826 (208 new)
Model has 3 convex sub-parts
Collision model completed.
---------------------
writing C:\Program Files (x86)\Steam\steamapps\common\GarrysMod\garrysmod\addons\mcv\work\compile_test_game\models/weapons\mcv\w_vcshotgun.mdl:
Loading preexisting model: C:\Program Files (x86)\Steam\steamapps\common\GarrysMod\garrysmod\addons\mcv\work\compile_test_game\models/weapons\mcv\w_vcshotgun.mdl
   Found 1 preexisting sequences.
bones         1956 bytes (4)
animations     132 bytes (1 anims) (1 frames) [0:00]
Building sequence index remapping table...
No re-ordering required.
sequences      232 bytes (1 seq) 
ik/pose        164 bytes
eyeballs         0 bytes (0 eyeballs)
flexes           0 bytes (0 flexes)
textures        76 bytes
keyvalues       20 bytes
bone transforms      608 bytes
bone flex driver       0 bytes
Collision model volume 207.79 in^3
collision        0 bytes
total         3532
---------------------
writing C:\Program Files (x86)\Steam\steamapps\common\GarrysMod\garrysmod\addons\mcv\work\compile_test_game\models/weapons\mcv\w_vcshotgun.vvd:
vertices     87648 bytes (1826 vertices)
tangents     29216 bytes (1826 vertices)
total       116928 bytes
---------------------
Generating optimized mesh "C:\Program Files (x86)\Steam\steamapps\common\GarrysMod\garrysmod\addons\mcv\work\compile_test_game\models/weapons\mcv\w_vcshotgun.dx80.vtx":
body parts:         8 bytes
models:            44 bytes
model LODs:        36 bytes
meshes:            27 bytes
strip groups:      75 bytes
strips:            81 bytes
verts:          24129 bytes
indices:        14778 bytes
bone changes:      72 bytes
everything:     39250 bytes
---------------------
Generating optimized mesh "C:\Program Files (x86)\Steam\steamapps\common\GarrysMod\garrysmod\addons\mcv\work\compile_test_game\models/weapons\mcv\w_vcshotgun.dx90.vtx":
body parts:         8 bytes
models:            44 bytes
model LODs:        36 bytes
meshes:            27 bytes
strip groups:      75 bytes
strips:            81 bytes
verts:          24129 bytes
indices:        14778 bytes
bone changes:      72 bytes
everything:     39250 bytes

Completed "w_vcshotgun.qc"
