StudioMDL.exe (Apr 27 2026) - Garry's Mod Edition
WARNING: Failed to load keyvalues file cfg/mount.cfg!
qdir:    "c:\program files (x86)\steam\steamapps\common\garrysmod\garrysmod\addons\mcv\work\mcv_smd_port\weapons\w_vz58\"
gamedir: "C:\Program Files (x86)\Steam\steamapps\common\GarrysMod\garrysmod\addons\mcv\work\compile_test_game\"
g_path:  "C:\Program Files (x86)\Steam\steamapps\common\GarrysMod\garrysmod\addons\mcv\work\MCV_SMD_PORT\weapons\w_vz58\w_vz58.qc"
Building binary model files...
Working on "w_vz58.qc"
SMD MODEL ..\..\..\MCV_SMD_OG\weapons\w_vz58\w_vz58_lod0.smd
SMD MODEL ..\..\..\MCV_SMD_OG\weapons\w_vz58\w_vz58_bayonet_lod0.smd
SMD MODEL ..\..\..\MCV_SMD_OG\weapons\w_vz58\w_vz58_lod0_lod1.smd
SMD MODEL ..\..\..\MCV_SMD_OG\weapons\w_vz58\w_vz58_bayonet_lod0_lod1.smd
SMD MODEL ..\..\..\MCV_SMD_OG\weapons\w_vz58\w_vz58_lod0_lod2.smd
SMD MODEL ..\..\..\MCV_SMD_OG\weapons\w_vz58\w_vz58_bayonet_lod0_lod2.smd
SMD MODEL ..\..\..\MCV_SMD_OG\weapons\w_vz58\w_vz58_anims\idle.smd
SMD MODEL ..\..\..\MCV_SMD_OG\weapons\w_vz58\w_vz58_physics.smd
Processing LOD for material: w_vz58
Lod 1: vertexes: 1440 (107 new)
Lod 2: vertexes: 1558 (118 new)
Processing LOD for material: w_akb
Lod 1: vertexes: 626 (164 new)
Model has 4 convex sub-parts
Collision model completed.
---------------------
writing C:\Program Files (x86)\Steam\steamapps\common\GarrysMod\garrysmod\addons\mcv\work\compile_test_game\models/weapons\mcv\w_vz58.mdl:
Loading preexisting model: C:\Program Files (x86)\Steam\steamapps\common\GarrysMod\garrysmod\addons\mcv\work\compile_test_game\models/weapons\mcv\w_vz58.mdl
   Found 1 preexisting sequences.
bones         1956 bytes (4)
animations     132 bytes (1 anims) (1 frames) [0:00]
Building sequence index remapping table...
No re-ordering required.
sequences      232 bytes (1 seq) 
ik/pose        476 bytes
eyeballs         0 bytes (0 eyeballs)
flexes           0 bytes (0 flexes)
eyeballs         0 bytes (0 eyeballs)
flexes           0 bytes (0 flexes)
eyeballs         0 bytes (0 eyeballs)
flexes           0 bytes (0 flexes)
textures       140 bytes
keyvalues       20 bytes
bone transforms      608 bytes
bone flex driver       0 bytes
Collision model volume 138.41 in^3
collision        0 bytes
total         4060
---------------------
writing C:\Program Files (x86)\Steam\steamapps\common\GarrysMod\garrysmod\addons\mcv\work\compile_test_game\models/weapons\mcv\w_vz58.vvd:
vertices     74784 bytes (1558 vertices)
vertices     30048 bytes (626 vertices)
tangents     24928 bytes (1558 vertices)
tangents     10016 bytes (626 vertices)
total       139840 bytes
---------------------
Generating optimized mesh "C:\Program Files (x86)\Steam\steamapps\common\GarrysMod\garrysmod\addons\mcv\work\compile_test_game\models/weapons\mcv\w_vz58.dx80.vtx":
body parts:        16 bytes
models:           132 bytes
model LODs:       108 bytes
meshes:            54 bytes
strip groups:     150 bytes
strips:           162 bytes
verts:          35262 bytes
indices:        22818 bytes
bone changes:      96 bytes
everything:     58726 bytes
---------------------
Generating optimized mesh "C:\Program Files (x86)\Steam\steamapps\common\GarrysMod\garrysmod\addons\mcv\work\compile_test_game\models/weapons\mcv\w_vz58.dx90.vtx":
body parts:        16 bytes
models:           132 bytes
model LODs:       108 bytes
meshes:            54 bytes
strip groups:     150 bytes
strips:           162 bytes
verts:          35262 bytes
indices:        22818 bytes
bone changes:      96 bytes
everything:     58726 bytes

Completed "w_vz58.qc"
