StudioMDL.exe (Apr 27 2026) - Garry's Mod Edition
WARNING: Failed to load keyvalues file cfg/mount.cfg!
qdir:    "c:\program files (x86)\steam\steamapps\common\garrysmod\garrysmod\addons\mcv\work\mcv_smd_port\weapons\w_vz52\"
gamedir: "C:\Program Files (x86)\Steam\steamapps\common\GarrysMod\garrysmod\addons\mcv\work\compile_test_game\"
g_path:  "C:\Program Files (x86)\Steam\steamapps\common\GarrysMod\garrysmod\addons\mcv\work\MCV_SMD_PORT\weapons\w_vz52\w_vz52.qc"
Building binary model files...
Working on "w_vz52.qc"
SMD MODEL ..\..\..\MCV_SMD_OG\weapons\w_vz52\w_vz52_lod0.smd
SMD MODEL ..\..\..\MCV_SMD_OG\weapons\w_vz52\w_vz52_w_akb_lod0.smd
SMD MODEL ..\..\..\MCV_SMD_OG\weapons\w_vz52\w_vz52_vcm_lod0.smd
SMD MODEL ..\..\..\MCV_SMD_OG\weapons\w_vz52\w_vz52_vcg_lod0.smd
SMD MODEL ..\..\..\MCV_SMD_OG\weapons\w_vz52\w_vz52_lod0_lod1.smd
SMD MODEL ..\..\..\MCV_SMD_OG\weapons\w_vz52\w_vz52_w_akb_lod0_lod1.smd
SMD MODEL ..\..\..\MCV_SMD_OG\weapons\w_vz52\w_vz52_vcm_lod0_lod1.smd
SMD MODEL ..\..\..\MCV_SMD_OG\weapons\w_vz52\w_vz52_vcg_lod0_lod1.smd
SMD MODEL ..\..\..\MCV_SMD_OG\weapons\w_vz52\w_vz52_lod0_lod2.smd
SMD MODEL ..\..\..\MCV_SMD_OG\weapons\w_vz52\w_vz52_w_akb_lod0_lod2.smd
SMD MODEL ..\..\..\MCV_SMD_OG\weapons\w_vz52\w_vz52_vcm_lod0_lod2.smd
SMD MODEL ..\..\..\MCV_SMD_OG\weapons\w_vz52\w_vz52_vcg_lod0_lod2.smd
SMD MODEL ..\..\..\MCV_SMD_OG\weapons\w_vz52\w_vz52_anims\idle.smd
SMD MODEL ..\..\..\MCV_SMD_OG\weapons\w_vz52\w_vz52_physics.smd
Processing LOD for material: w_vz52
Lod 1: vertexes: 1526 (124 new)
Lod 2: vertexes: 1684 (158 new)
Processing LOD for material: w_akb
Lod 1: vertexes: 650 (187 new)
Lod 2: vertexes: 748 (98 new)
Processing LOD for material: w_rifle_glmounts_vc
Lod 1: vertexes: 865 (193 new)
Processing LOD for material: w_rifle_grenades_vc
Model has 1 convex sub-parts
Collision model completed.
---------------------
writing C:\Program Files (x86)\Steam\steamapps\common\GarrysMod\garrysmod\addons\mcv\work\compile_test_game\models/weapons\mcv\w_vz52.mdl:
Loading preexisting model: C:\Program Files (x86)\Steam\steamapps\common\GarrysMod\garrysmod\addons\mcv\work\compile_test_game\models/weapons\mcv\w_vz52.mdl
   Found 1 preexisting sequences.
bones         2312 bytes (5)
animations     128 bytes (1 anims) (1 frames) [0:00]
Building sequence index remapping table...
No re-ordering required.
sequences      236 bytes (1 seq) 
ik/pose       1100 bytes
eyeballs         0 bytes (0 eyeballs)
flexes           0 bytes (0 flexes)
eyeballs         0 bytes (0 eyeballs)
flexes           0 bytes (0 flexes)
eyeballs         0 bytes (0 eyeballs)
flexes           0 bytes (0 flexes)
eyeballs         0 bytes (0 eyeballs)
flexes           0 bytes (0 flexes)
eyeballs         0 bytes (0 eyeballs)
flexes           0 bytes (0 flexes)
eyeballs         0 bytes (0 eyeballs)
flexes           0 bytes (0 flexes)
eyeballs         0 bytes (0 eyeballs)
flexes           0 bytes (0 flexes)
textures       280 bytes
keyvalues       20 bytes
bone transforms      744 bytes
bone flex driver       0 bytes
Collision model volume 267.84 in^3
collision        0 bytes
total         5652
---------------------
writing C:\Program Files (x86)\Steam\steamapps\common\GarrysMod\garrysmod\addons\mcv\work\compile_test_game\models/weapons\mcv\w_vz52.vvd:
vertices     80832 bytes (1684 vertices)
vertices     35904 bytes (748 vertices)
vertices     41520 bytes (865 vertices)
vertices      9600 bytes (200 vertices)
tangents     26944 bytes (1684 vertices)
tangents     11968 bytes (748 vertices)
tangents     13840 bytes (865 vertices)
tangents      3200 bytes (200 vertices)
total       223872 bytes
---------------------
Generating optimized mesh "C:\Program Files (x86)\Steam\steamapps\common\GarrysMod\garrysmod\addons\mcv\work\compile_test_game\models/weapons\mcv\w_vz52.dx80.vtx":
body parts:        32 bytes
models:           308 bytes
model LODs:       252 bytes
meshes:           108 bytes
strip groups:     300 bytes
strips:           324 bytes
verts:          50571 bytes
indices:        28896 bytes
bone changes:     168 bytes
everything:     80743 bytes
---------------------
Generating optimized mesh "C:\Program Files (x86)\Steam\steamapps\common\GarrysMod\garrysmod\addons\mcv\work\compile_test_game\models/weapons\mcv\w_vz52.dx90.vtx":
body parts:        32 bytes
models:           308 bytes
model LODs:       252 bytes
meshes:           108 bytes
strip groups:     300 bytes
strips:           324 bytes
verts:          50571 bytes
indices:        28896 bytes
bone changes:     168 bytes
everything:     80743 bytes

Completed "w_vz52.qc"
