StudioMDL.exe (Apr 27 2026) - Garry's Mod Edition
WARNING: Failed to load keyvalues file cfg/mount.cfg!
qdir:    "c:\program files (x86)\steam\steamapps\common\garrysmod\garrysmod\addons\mcv\work\mcv_smd_port\weapons\w_vz59\"
gamedir: "C:\Program Files (x86)\Steam\steamapps\common\GarrysMod\garrysmod\addons\mcv\work\compile_test_game\"
g_path:  "C:\Program Files (x86)\Steam\steamapps\common\GarrysMod\garrysmod\addons\mcv\work\MCV_SMD_PORT\weapons\w_vz59\w_vz59.qc"
Building binary model files...
Working on "w_vz59.qc"
SMD MODEL ..\..\..\MCV_SMD_OG\weapons\w_vz59\w_vz59_lod0.smd
SMD MODEL ..\..\..\MCV_SMD_OG\weapons\w_vz59\w_vz59_bipod1.smd
SMD MODEL ..\..\..\MCV_SMD_OG\weapons\w_vz59\w_vz59_bipod2.smd
SMD MODEL ..\..\..\MCV_SMD_OG\weapons\w_vz59\w_vz59_lod0_lod1.smd
SMD MODEL ..\..\..\MCV_SMD_OG\weapons\w_vz59\w_vz59_bipod1_lod1.smd
SMD MODEL ..\..\..\MCV_SMD_OG\weapons\w_vz59\w_vz59_bipod2_lod1.smd
SMD MODEL ..\..\..\MCV_SMD_OG\weapons\w_vz59\w_vz59_lod0_lod2.smd
SMD MODEL ..\..\..\MCV_SMD_OG\weapons\w_vz59\w_vz59_bipod1_lod2.smd
SMD MODEL ..\..\..\MCV_SMD_OG\weapons\w_vz59\w_vz59_bipod2_lod2.smd
SMD MODEL ..\..\..\MCV_SMD_OG\weapons\w_vz59\w_vz59_anims\idle.smd
SMD MODEL ..\..\..\MCV_SMD_OG\weapons\w_vz59\w_vz59_physics.smd
Processing LOD for material: w_vz59
Lod 1: vertexes: 2986 (269 new)
Lod 2: vertexes: 3394 (408 new)
Processing LOD for material: vceq_ammobelt
Processing LOD for material: w_vz59
Processing LOD for material: w_vz59
Model has 6 convex sub-parts
Collision model completed.
---------------------
writing C:\Program Files (x86)\Steam\steamapps\common\GarrysMod\garrysmod\addons\mcv\work\compile_test_game\models/weapons\mcv\w_vz59.mdl:
Loading preexisting model: C:\Program Files (x86)\Steam\steamapps\common\GarrysMod\garrysmod\addons\mcv\work\compile_test_game\models/weapons\mcv\w_vz59.mdl
   Found 1 preexisting sequences.
bones         2024 bytes (4)
animations     128 bytes (1 anims) (1 frames) [0:00]
Building sequence index remapping table...
No re-ordering required.
sequences      232 bytes (1 seq) 
ik/pose        476 bytes
eyeballs         0 bytes (0 eyeballs)
flexes           0 bytes (0 flexes)
eyeballs         0 bytes (0 eyeballs)
flexes           0 bytes (0 flexes)
eyeballs         0 bytes (0 eyeballs)
flexes           0 bytes (0 flexes)
textures       148 bytes
keyvalues       20 bytes
bone transforms      608 bytes
bone flex driver       0 bytes
Collision model volume 283.77 in^3
collision        0 bytes
total         4384
---------------------
writing C:\Program Files (x86)\Steam\steamapps\common\GarrysMod\garrysmod\addons\mcv\work\compile_test_game\models/weapons\mcv\w_vz59.vvd:
vertices    165216 bytes (3442 vertices)
vertices     21792 bytes (454 vertices)
vertices     22176 bytes (462 vertices)
tangents     55072 bytes (3442 vertices)
tangents      7264 bytes (454 vertices)
tangents      7392 bytes (462 vertices)
total       278976 bytes
---------------------
Generating optimized mesh "C:\Program Files (x86)\Steam\steamapps\common\GarrysMod\garrysmod\addons\mcv\work\compile_test_game\models/weapons\mcv\w_vz59.dx80.vtx":
body parts:        16 bytes
models:           132 bytes
model LODs:       108 bytes
meshes:           108 bytes
strip groups:     300 bytes
strips:           324 bytes
verts:          78129 bytes
indices:        47304 bytes
bone changes:     168 bytes
everything:    126517 bytes
---------------------
Generating optimized mesh "C:\Program Files (x86)\Steam\steamapps\common\GarrysMod\garrysmod\addons\mcv\work\compile_test_game\models/weapons\mcv\w_vz59.dx90.vtx":
body parts:        16 bytes
models:           132 bytes
model LODs:       108 bytes
meshes:           108 bytes
strip groups:     300 bytes
strips:           324 bytes
verts:          78129 bytes
indices:        47304 bytes
bone changes:     168 bytes
everything:    126517 bytes

Completed "w_vz59.qc"
