StudioMDL.exe (Apr 27 2026) - Garry's Mod Edition
WARNING: Failed to load keyvalues file cfg/mount.cfg!
qdir:    "c:\program files (x86)\steam\steamapps\common\garrysmod\garrysmod\addons\mcv\work\mcv_smd\weapons\v_ptrd41_s\"
gamedir: "C:\Program Files (x86)\Steam\steamapps\common\GarrysMod\garrysmod\addons\mcv\work\MCV_SMD\weapons\v_ptrd41_s\compiled\"
g_path:  "C:\Program Files (x86)\Steam\steamapps\common\GarrysMod\garrysmod\addons\mcv\work\MCV_SMD\weapons\v_ptrd41_s\w_ptrd41_s.qc"
Building binary model files...
Working on "w_ptrd41_s.qc"
SMD MODEL assets/w_ptrd41_lod0.smd
SMD MODEL assets/scope.smd
SMD MODEL assets/idle.smd
SMD MODEL assets/w_ptrd41_physics.smd
Processing LOD for material: w_ptrd41
Processing LOD for material: shells_small
Processing LOD for material: v_vz54_scope
Processing LOD for material: crosshair_meopta256
Model has 6 convex sub-parts
Collision model completed.
---------------------
writing C:\Program Files (x86)\Steam\steamapps\common\GarrysMod\garrysmod\addons\mcv\work\MCV_SMD\weapons\v_ptrd41_s\compiled\models/weapons\mcv\w_ptrd41_s.mdl:
bones         1956 bytes (4)
animations     132 bytes (1 anims) (1 frames) [0:00]
sequences      232 bytes (1 seq) 
ik/pose        328 bytes
eyeballs         0 bytes (0 eyeballs)
flexes           0 bytes (0 flexes)
eyeballs         0 bytes (0 eyeballs)
flexes           0 bytes (0 flexes)
textures       280 bytes
keyvalues       20 bytes
bone transforms      608 bytes
bone flex driver       0 bytes
Collision model volume 318.10 in^3
collision        0 bytes
total         4376
---------------------
writing C:\Program Files (x86)\Steam\steamapps\common\GarrysMod\garrysmod\addons\mcv\work\MCV_SMD\weapons\v_ptrd41_s\compiled\models/weapons\mcv\w_ptrd41_s.vvd:
vertices     91296 bytes (1902 vertices)
vertices    160896 bytes (3352 vertices)
tangents     30432 bytes (1902 vertices)
tangents     53632 bytes (3352 vertices)
total       336320 bytes
---------------------
Generating optimized mesh "C:\Program Files (x86)\Steam\steamapps\common\GarrysMod\garrysmod\addons\mcv\work\MCV_SMD\weapons\v_ptrd41_s\compiled\models/weapons\mcv\w_ptrd41_s.dx80.vtx":
body parts:        16 bytes
models:            40 bytes
model LODs:        24 bytes
meshes:            36 bytes
strip groups:     100 bytes
strips:           108 bytes
verts:          47286 bytes
indices:        34050 bytes
bone changes:      48 bytes
everything:     81720 bytes
---------------------
Generating optimized mesh "C:\Program Files (x86)\Steam\steamapps\common\GarrysMod\garrysmod\addons\mcv\work\MCV_SMD\weapons\v_ptrd41_s\compiled\models/weapons\mcv\w_ptrd41_s.dx90.vtx":
body parts:        16 bytes
models:            40 bytes
model LODs:        24 bytes
meshes:            36 bytes
strip groups:     100 bytes
strips:           108 bytes
verts:          47286 bytes
indices:        34050 bytes
bone changes:      48 bytes
everything:     81720 bytes

Completed "w_ptrd41_s.qc"
