StudioMDL.exe (Apr 27 2026) - Garry's Mod Edition
WARNING: Failed to load keyvalues file cfg/mount.cfg!
qdir:    "c:\program files (x86)\steam\steamapps\common\garrysmod\garrysmod\addons\mcv\work\mcv_smd_port\weapons\v_ak47_bayonet\"
gamedir: "C:\Program Files (x86)\Steam\steamapps\common\GarrysMod\garrysmod\addons\mcv\work\compile_test_game\"
g_path:  "C:\Program Files (x86)\Steam\steamapps\common\GarrysMod\garrysmod\addons\mcv\work\MCV_SMD_PORT\weapons\v_ak47_bayonet\v_ak47_bayonet.qc"
Building binary model files...
Working on "v_ak47_bayonet.qc"
SMD MODEL ..\..\..\MCV_SMD_OG\weapons\v_ak47_bayonet\Ref_AK47new.smd
SMD MODEL ..\..\..\MCV_SMD_OG\weapons\v_ak47_bayonet\v_ak47_bayonet_anims\runIdle_a_corrective_animation.smd
SMD MODEL ..\..\..\MCV_SMD_OG\weapons\v_ak47_bayonet\v_ak47_bayonet_anims\run_a_corrective_animation.smd
SMD MODEL ..\..\..\MCV_SMD_OG\weapons\v_ak47_bayonet\v_ak47_bayonet_anims\walkIdle_a_corrective_animation.smd
SMD MODEL ..\..\..\MCV_SMD_OG\weapons\v_ak47_bayonet\v_ak47_bayonet_anims\walk_a_corrective_animation.smd
SMD MODEL ..\..\..\MCV_SMD_OG\weapons\v_ak47_bayonet\v_ak47_bayonet_anims\basePose_a.smd
SMD MODEL ..\..\..\MCV_SMD_OG\weapons\v_ak47_bayonet\v_ak47_bayonet_anims\runIdle_a.smd
SMD MODEL ..\..\..\MCV_SMD_OG\weapons\v_ak47_bayonet\v_ak47_bayonet_anims\run_a.smd
SMD MODEL ..\..\..\MCV_SMD_OG\weapons\v_ak47_bayonet\v_ak47_bayonet_anims\walkIdle_a.smd
SMD MODEL ..\..\..\MCV_SMD_OG\weapons\v_ak47_bayonet\v_ak47_bayonet_anims\walk_a.smd
SMD MODEL fixed_anims\proneF.smd
SMD MODEL fixed_anims\proneB.smd
SMD MODEL fixed_anims\proneL.smd
SMD MODEL ..\..\..\MCV_SMD_OG\weapons\v_ak47_bayonet\v_ak47_bayonet_anims\proneR.smd
SMD MODEL ..\..\..\MCV_SMD_OG\weapons\v_ak47_bayonet\v_ak47_bayonet_anims\idle.smd
SMD MODEL ..\..\..\MCV_SMD_OG\weapons\v_ak47_bayonet\v_ak47_bayonet_anims\draw.smd
SMD MODEL ..\..\..\MCV_SMD_OG\weapons\v_ak47_bayonet\v_ak47_bayonet_anims\slash.smd
SMD MODEL ..\..\..\MCV_SMD_OG\weapons\v_ak47_bayonet\v_ak47_bayonet_anims\miss.smd
SMD MODEL ..\..\..\MCV_SMD_OG\weapons\v_ak47_bayonet\v_ak47_bayonet_anims\stab.smd
SMD MODEL ..\..\..\MCV_SMD_OG\weapons\v_ak47_bayonet\v_ak47_bayonet_anims\throw.smd
SMD MODEL ..\..\..\MCV_SMD_OG\weapons\v_ak47_bayonet\v_ak47_bayonet_anims\throw_start.smd
SMD MODEL ..\..\..\MCV_SMD_OG\weapons\v_ak47_bayonet\v_ak47_bayonet_anims\throw_loop.smd
SMD MODEL ..\..\..\MCV_SMD_OG\weapons\v_ak47_bayonet\v_ak47_bayonet_anims\throw_hold_end.smd
SMD MODEL ..\..\..\MCV_SMD_OG\weapons\v_ak47_bayonet\v_ak47_bayonet_anims\idletonearwall.smd
SMD MODEL ..\..\..\MCV_SMD_OG\weapons\v_ak47_bayonet\v_ak47_bayonet_anims\nearwall.smd
SMD MODEL ..\..\..\MCV_SMD_OG\weapons\v_ak47_bayonet\v_ak47_bayonet_anims\nearwalltoidle.smd
SMD MODEL ..\..\..\MCV_SMD_OG\weapons\v_ak47_bayonet\v_ak47_bayonet_anims\pickupstart.smd
SMD MODEL ..\..\..\MCV_SMD_OG\weapons\v_ak47_bayonet\v_ak47_bayonet_anims\pickuploop.smd
SMD MODEL ..\..\..\MCV_SMD_OG\weapons\v_ak47_bayonet\v_ak47_bayonet_anims\pickupend.smd
SMD MODEL ..\..\..\MCV_SMD_OG\weapons\v_ak47_bayonet\v_ak47_bayonet_anims\holster.smd
Processing LOD for material: ak47_bayonet_d
---------------------
writing C:\Program Files (x86)\Steam\steamapps\common\GarrysMod\garrysmod\addons\mcv\work\compile_test_game\models/weapons/mcv/v_ak47_bayonet.mdl:
Loading preexisting model: C:\Program Files (x86)\Steam\steamapps\common\GarrysMod\garrysmod\addons\mcv\work\compile_test_game\models/weapons/mcv/v_ak47_bayonet.mdl
WARNING: LoadPreexistingSequenceOrder: Zero-size file or no sequences.
bones        20652 bytes (91)
animations  102908 bytes (29 anims) (651 frames) [0:21]
sequences     7644 bytes (24 seq) 
ik/pose        224 bytes
eyeballs         0 bytes (0 eyeballs)
flexes           0 bytes (0 flexes)
textures        72 bytes
keyvalues       20 bytes
bone transforms    12440 bytes
bone flex driver       0 bytes
collision        0 bytes
total       146840
---------------------
writing C:\Program Files (x86)\Steam\steamapps\common\GarrysMod\garrysmod\addons\mcv\work\compile_test_game\models/weapons/mcv/v_ak47_bayonet.vvd:
vertices    101328 bytes (2111 vertices)
tangents     33776 bytes (2111 vertices)
total       135168 bytes
---------------------
Generating optimized mesh "C:\Program Files (x86)\Steam\steamapps\common\GarrysMod\garrysmod\addons\mcv\work\compile_test_game\models/weapons/mcv/v_ak47_bayonet.dx80.vtx":
body parts:         8 bytes
models:            20 bytes
model LODs:        12 bytes
meshes:             9 bytes
strip groups:      25 bytes
strips:            27 bytes
verts:          18999 bytes
indices:        15768 bytes
bone changes:      16 bytes
everything:     34908 bytes
---------------------
Generating optimized mesh "C:\Program Files (x86)\Steam\steamapps\common\GarrysMod\garrysmod\addons\mcv\work\compile_test_game\models/weapons/mcv/v_ak47_bayonet.dx90.vtx":
body parts:         8 bytes
models:            20 bytes
model LODs:        12 bytes
meshes:             9 bytes
strip groups:      25 bytes
strips:            27 bytes
verts:          18999 bytes
indices:        15768 bytes
bone changes:      16 bytes
everything:     34908 bytes

Completed "v_ak47_bayonet.qc"
