StudioMDL.exe (Apr 27 2026) - Garry's Mod Edition
WARNING: Failed to load keyvalues file cfg/mount.cfg!
qdir:    "c:\program files (x86)\steam\steamapps\common\garrysmod\garrysmod\addons\mcv\work\mcv_smd_port\weapons\v_amd65\"
gamedir: "C:\Program Files (x86)\Steam\steamapps\common\GarrysMod\garrysmod\addons\mcv\work\compile_test_game\"
g_path:  "C:\Program Files (x86)\Steam\steamapps\common\GarrysMod\garrysmod\addons\mcv\work\MCV_SMD_PORT\weapons\v_amd65\v_amd65.qc"
Building binary model files...
Working on "v_amd65.qc"
SMD MODEL ..\..\..\MCV_SMD_OG\weapons\v_amd65\amd65_ref.smd
SMD MODEL ..\..\..\MCV_SMD_OG\weapons\v_amd65\v_amd65_anims\runIdle_a_corrective_animation.smd
SMD MODEL ..\..\..\MCV_SMD_OG\weapons\v_amd65\v_amd65_anims\run_a_corrective_animation.smd
SMD MODEL ..\..\..\MCV_SMD_OG\weapons\v_amd65\v_amd65_anims\walkIdle_a_corrective_animation.smd
SMD MODEL ..\..\..\MCV_SMD_OG\weapons\v_amd65\v_amd65_anims\walk_a_corrective_animation.smd
SMD MODEL ..\..\..\MCV_SMD_OG\weapons\v_amd65\v_amd65_anims\shoot1_a_corrective_animation.smd
SMD MODEL ..\..\..\MCV_SMD_OG\weapons\v_amd65\v_amd65_anims\shoot1_ironsight_a_corrective_animation.smd
SMD MODEL ..\..\..\MCV_SMD_OG\weapons\v_amd65\v_amd65_anims\shoot2_a_corrective_animation.smd
SMD MODEL ..\..\..\MCV_SMD_OG\weapons\v_amd65\v_amd65_anims\shoot2_ironsight_a_corrective_animation.smd
SMD MODEL ..\..\..\MCV_SMD_OG\weapons\v_amd65\v_amd65_anims\shoot3_a_corrective_animation.smd
SMD MODEL ..\..\..\MCV_SMD_OG\weapons\v_amd65\v_amd65_anims\shoot3_ironsight_a_corrective_animation.smd
SMD MODEL ..\..\..\MCV_SMD_OG\weapons\v_amd65\v_amd65_anims\basePose_a.smd
SMD MODEL ..\..\..\MCV_SMD_OG\weapons\v_amd65\v_amd65_anims\ironsight.smd
SMD MODEL ..\..\..\MCV_SMD_OG\weapons\v_amd65\v_amd65_anims\ironsight_transition.smd
SMD MODEL ..\..\..\MCV_SMD_OG\weapons\v_amd65\v_amd65_anims\runIdle_a.smd
SMD MODEL ..\..\..\MCV_SMD_OG\weapons\v_amd65\v_amd65_anims\run_a.smd
SMD MODEL ..\..\..\MCV_SMD_OG\weapons\v_amd65\v_amd65_anims\walkIdle_a.smd
SMD MODEL ..\..\..\MCV_SMD_OG\weapons\v_amd65\v_amd65_anims\walk_a.smd
SMD MODEL ..\..\..\MCV_SMD_OG\weapons\v_amd65\v_amd65_anims\shoot1_a.smd
SMD MODEL ..\..\..\MCV_SMD_OG\weapons\v_amd65\v_amd65_anims\shoot1_ironsight_a.smd
SMD MODEL ..\..\..\MCV_SMD_OG\weapons\v_amd65\v_amd65_anims\shoot2_a.smd
SMD MODEL ..\..\..\MCV_SMD_OG\weapons\v_amd65\v_amd65_anims\shoot2_ironsight_a.smd
SMD MODEL ..\..\..\MCV_SMD_OG\weapons\v_amd65\v_amd65_anims\shoot3_a.smd
SMD MODEL ..\..\..\MCV_SMD_OG\weapons\v_amd65\v_amd65_anims\shoot3_ironsight_a.smd
SMD MODEL ..\..\..\MCV_SMD_OG\weapons\v_amd65\v_amd65_anims\nearwall_s_a.smd
SMD MODEL ..\..\..\MCV_SMD_OG\weapons\v_amd65\v_amd65_anims\nearwall_s_a_i.smd
SMD MODEL ..\..\..\MCV_SMD_OG\weapons\v_amd65\v_amd65_anims\nearwall_a.smd
SMD MODEL ..\..\..\MCV_SMD_OG\weapons\v_amd65\v_amd65_anims\nearwall_a_i.smd
SMD MODEL ..\..\..\MCV_SMD_OG\weapons\v_amd65\v_amd65_anims\nearwall_e_a.smd
SMD MODEL ..\..\..\MCV_SMD_OG\weapons\v_amd65\v_amd65_anims\nearwall_e_a_i.smd
SMD MODEL ..\..\..\MCV_SMD_OG\weapons\v_amd65\v_amd65_anims\proneF.smd
SMD MODEL ..\..\..\MCV_SMD_OG\weapons\v_amd65\v_amd65_anims\proneB.smd
SMD MODEL ..\..\..\MCV_SMD_OG\weapons\v_amd65\v_amd65_anims\proneL.smd
SMD MODEL ..\..\..\MCV_SMD_OG\weapons\v_amd65\v_amd65_anims\proneR.smd
SMD MODEL ..\..\..\MCV_SMD_OG\weapons\v_amd65\v_amd65_anims\pickup_s_a.smd
SMD MODEL ..\..\..\MCV_SMD_OG\weapons\v_amd65\v_amd65_anims\pickup_s_a_i.smd
SMD MODEL ..\..\..\MCV_SMD_OG\weapons\v_amd65\v_amd65_anims\pickup_a.smd
SMD MODEL ..\..\..\MCV_SMD_OG\weapons\v_amd65\v_amd65_anims\pickup_a_i.smd
SMD MODEL ..\..\..\MCV_SMD_OG\weapons\v_amd65\v_amd65_anims\pickup_e_a.smd
SMD MODEL ..\..\..\MCV_SMD_OG\weapons\v_amd65\v_amd65_anims\pickup_e_a_i.smd
SMD MODEL ..\..\..\MCV_SMD_OG\weapons\v_amd65\v_amd65_anims\bayonet_e_a.smd
SMD MODEL ..\..\..\MCV_SMD_OG\weapons\v_amd65\v_amd65_anims\bayonet_e_a_i.smd
SMD MODEL ..\..\..\MCV_SMD_OG\weapons\v_amd65\v_amd65_anims\bayonet_s_a.smd
SMD MODEL ..\..\..\MCV_SMD_OG\weapons\v_amd65\v_amd65_anims\bayonet_s_a_i.smd
SMD MODEL ..\..\..\MCV_SMD_OG\weapons\v_amd65\v_amd65_anims\change_firemode_idle.smd
SMD MODEL ..\..\..\MCV_SMD_OG\weapons\v_amd65\v_amd65_anims\change_firemode_iron.smd
SMD MODEL ..\..\..\MCV_SMD_OG\weapons\v_amd65\v_amd65_anims\bayonet_attack_a.smd
SMD MODEL ..\..\..\MCV_SMD_OG\weapons\v_amd65\v_amd65_anims\bayonet_attack_a_i.smd
SMD MODEL ..\..\..\MCV_SMD_OG\weapons\v_amd65\v_amd65_anims\Charge_s_a.smd
SMD MODEL ..\..\..\MCV_SMD_OG\weapons\v_amd65\v_amd65_anims\Charge_s_a_i.smd
SMD MODEL ..\..\..\MCV_SMD_OG\weapons\v_amd65\v_amd65_anims\Charge_l_a.smd
SMD MODEL ..\..\..\MCV_SMD_OG\weapons\v_amd65\v_amd65_anims\Charge_l_a_i.smd
SMD MODEL ..\..\..\MCV_SMD_OG\weapons\v_amd65\v_amd65_anims\Charge_e_a.smd
SMD MODEL ..\..\..\MCV_SMD_OG\weapons\v_amd65\v_amd65_anims\Charge_e_a_i.smd
SMD MODEL ..\..\..\MCV_SMD_OG\weapons\v_amd65\v_amd65_anims\draw.smd
SMD MODEL ..\..\..\MCV_SMD_OG\weapons\v_amd65\v_amd65_anims\draw_2.smd
SMD MODEL ..\..\..\MCV_SMD_OG\weapons\v_amd65\v_amd65_anims\Firstdraw.smd
SMD MODEL ..\..\..\MCV_SMD_OG\weapons\v_amd65\v_amd65_anims\Firstdraw_2.smd
SMD MODEL ..\..\..\MCV_SMD_OG\weapons\v_amd65\v_amd65_anims\reload.smd
SMD MODEL ..\..\..\MCV_SMD_OG\weapons\v_amd65\v_amd65_anims\reload_2.smd
SMD MODEL ..\..\..\MCV_SMD_OG\weapons\v_amd65\v_amd65_anims\reload_empty.smd
SMD MODEL ..\..\..\MCV_SMD_OG\weapons\v_amd65\v_amd65_anims\reload_empty_2.smd
SMD MODEL ..\..\..\MCV_SMD_OG\weapons\v_amd65\v_amd65_anims\bash.smd
SMD MODEL ..\..\..\MCV_SMD_OG\weapons\v_amd65\v_amd65_anims\bash_2.smd
SMD MODEL ..\..\..\MCV_SMD_OG\weapons\v_amd65\v_amd65_anims\holster.smd
Processing LOD for material: akm_mag
Processing LOD for material: shells_small
Processing LOD for material: amd65
---------------------
writing C:\Program Files (x86)\Steam\steamapps\common\GarrysMod\garrysmod\addons\mcv\work\compile_test_game\models/weapons/mcv/v_amd65.mdl:
Loading preexisting model: C:\Program Files (x86)\Steam\steamapps\common\GarrysMod\garrysmod\addons\mcv\work\compile_test_game\models/weapons/mcv/v_amd65.mdl
WARNING: LoadPreexistingSequenceOrder: Zero-size file or no sequences.
bones        22056 bytes (96)
animations  224140 bytes (67 anims) (2029 frames) [1:07]
sequences    11524 bytes (31 seq) 
ik/pose        224 bytes
eyeballs         0 bytes (0 eyeballs)
flexes           0 bytes (0 flexes)
textures       212 bytes
keyvalues       20 bytes
bone transforms    13120 bytes
bone flex driver       0 bytes
collision        0 bytes
total       275336
---------------------
writing C:\Program Files (x86)\Steam\steamapps\common\GarrysMod\garrysmod\addons\mcv\work\compile_test_game\models/weapons/mcv/v_amd65.vvd:
vertices   1337616 bytes (27867 vertices)
tangents    445872 bytes (27867 vertices)
total      1783552 bytes
---------------------
Generating optimized mesh "C:\Program Files (x86)\Steam\steamapps\common\GarrysMod\garrysmod\addons\mcv\work\compile_test_game\models/weapons/mcv/v_amd65.dx80.vtx":
body parts:         8 bytes
models:            20 bytes
model LODs:        12 bytes
meshes:            27 bytes
strip groups:      75 bytes
strips:            81 bytes
verts:         250803 bytes
indices:       210522 bytes
bone changes:      56 bytes
everything:    461628 bytes
---------------------
Generating optimized mesh "C:\Program Files (x86)\Steam\steamapps\common\GarrysMod\garrysmod\addons\mcv\work\compile_test_game\models/weapons/mcv/v_amd65.dx90.vtx":
body parts:         8 bytes
models:            20 bytes
model LODs:        12 bytes
meshes:            27 bytes
strip groups:      75 bytes
strips:            81 bytes
verts:         250803 bytes
indices:       210522 bytes
bone changes:      56 bytes
everything:    461628 bytes

Completed "v_amd65.qc"
