StudioMDL.exe (Apr 27 2026) - Garry's Mod Edition
WARNING: Failed to load keyvalues file cfg/mount.cfg!
qdir:    "c:\program files (x86)\steam\steamapps\common\garrysmod\garrysmod\addons\mcv\work\mcv_smd_port\weapons\v_babybrowning\"
gamedir: "C:\Program Files (x86)\Steam\steamapps\common\GarrysMod\garrysmod\addons\mcv\work\compile_test_game\"
g_path:  "C:\Program Files (x86)\Steam\steamapps\common\GarrysMod\garrysmod\addons\mcv\work\MCV_SMD_PORT\weapons\v_babybrowning\v_babybrowning.qc"
Building binary model files...
Working on "v_babybrowning.qc"
SMD MODEL ..\..\..\MCV_SMD_OG\weapons\v_babybrowning\Ref_new.smd
SMD MODEL ..\..\..\MCV_SMD_OG\weapons\v_babybrowning\v_babybrowning_anims\runIdle_a_corrective_animation.smd
SMD MODEL ..\..\..\MCV_SMD_OG\weapons\v_babybrowning\v_babybrowning_anims\run_a_corrective_animation.smd
SMD MODEL ..\..\..\MCV_SMD_OG\weapons\v_babybrowning\v_babybrowning_anims\walkIdle_a_corrective_animation.smd
SMD MODEL ..\..\..\MCV_SMD_OG\weapons\v_babybrowning\v_babybrowning_anims\walk_a_corrective_animation.smd
SMD MODEL ..\..\..\MCV_SMD_OG\weapons\v_babybrowning\v_babybrowning_anims\shoot1_a_corrective_animation.smd
SMD MODEL ..\..\..\MCV_SMD_OG\weapons\v_babybrowning\v_babybrowning_anims\shoot1_ironsight_a_corrective_animation.smd
SMD MODEL ..\..\..\MCV_SMD_OG\weapons\v_babybrowning\v_babybrowning_anims\shoot2_a_corrective_animation.smd
SMD MODEL ..\..\..\MCV_SMD_OG\weapons\v_babybrowning\v_babybrowning_anims\shoot2_ironsight_a_corrective_animation.smd
SMD MODEL ..\..\..\MCV_SMD_OG\weapons\v_babybrowning\v_babybrowning_anims\shoot3_a_corrective_animation.smd
SMD MODEL ..\..\..\MCV_SMD_OG\weapons\v_babybrowning\v_babybrowning_anims\shoot3_ironsight_a_corrective_animation.smd
SMD MODEL ..\..\..\MCV_SMD_OG\weapons\v_babybrowning\v_babybrowning_anims\shootlast_a_corrective_animation.smd
SMD MODEL ..\..\..\MCV_SMD_OG\weapons\v_babybrowning\v_babybrowning_anims\shootlast_ironsight_a_corrective_animation.smd
SMD MODEL ..\..\..\MCV_SMD_OG\weapons\v_babybrowning\v_babybrowning_anims\PoseDelta.smd
SMD MODEL ..\..\..\MCV_SMD_OG\weapons\v_babybrowning\v_babybrowning_anims\basePose_a.smd
SMD MODEL ..\..\..\MCV_SMD_OG\weapons\v_babybrowning\v_babybrowning_anims\ironsight.smd
SMD MODEL ..\..\..\MCV_SMD_OG\weapons\v_babybrowning\v_babybrowning_anims\ironsight_transition.smd
SMD MODEL ..\..\..\MCV_SMD_OG\weapons\v_babybrowning\v_babybrowning_anims\runIdle_a.smd
SMD MODEL ..\..\..\MCV_SMD_OG\weapons\v_babybrowning\v_babybrowning_anims\run_a.smd
SMD MODEL ..\..\..\MCV_SMD_OG\weapons\v_babybrowning\v_babybrowning_anims\walkIdle_a.smd
SMD MODEL ..\..\..\MCV_SMD_OG\weapons\v_babybrowning\v_babybrowning_anims\walk_a.smd
SMD MODEL ..\..\..\MCV_SMD_OG\weapons\v_babybrowning\v_babybrowning_anims\shoot1_a.smd
SMD MODEL ..\..\..\MCV_SMD_OG\weapons\v_babybrowning\v_babybrowning_anims\shoot1_ironsight_a.smd
SMD MODEL ..\..\..\MCV_SMD_OG\weapons\v_babybrowning\v_babybrowning_anims\shoot2_a.smd
SMD MODEL ..\..\..\MCV_SMD_OG\weapons\v_babybrowning\v_babybrowning_anims\shoot2_ironsight_a.smd
SMD MODEL ..\..\..\MCV_SMD_OG\weapons\v_babybrowning\v_babybrowning_anims\shoot3_a.smd
SMD MODEL ..\..\..\MCV_SMD_OG\weapons\v_babybrowning\v_babybrowning_anims\shoot3_ironsight_a.smd
SMD MODEL ..\..\..\MCV_SMD_OG\weapons\v_babybrowning\v_babybrowning_anims\shootlast_a.smd
SMD MODEL ..\..\..\MCV_SMD_OG\weapons\v_babybrowning\v_babybrowning_anims\shootlast_ironsight_a.smd
SMD MODEL ..\..\..\MCV_SMD_OG\weapons\v_babybrowning\v_babybrowning_anims\nearwall_s_a.smd
SMD MODEL ..\..\..\MCV_SMD_OG\weapons\v_babybrowning\v_babybrowning_anims\nearwall_s_a_i.smd
SMD MODEL ..\..\..\MCV_SMD_OG\weapons\v_babybrowning\v_babybrowning_anims\nearwall_a.smd
SMD MODEL ..\..\..\MCV_SMD_OG\weapons\v_babybrowning\v_babybrowning_anims\nearwall_a_i.smd
SMD MODEL ..\..\..\MCV_SMD_OG\weapons\v_babybrowning\v_babybrowning_anims\nearwall_e_a.smd
SMD MODEL ..\..\..\MCV_SMD_OG\weapons\v_babybrowning\v_babybrowning_anims\nearwall_e_a_i.smd
SMD MODEL ..\..\..\MCV_SMD_OG\weapons\v_babybrowning\v_babybrowning_anims\proneF.smd
SMD MODEL ..\..\..\MCV_SMD_OG\weapons\v_babybrowning\v_babybrowning_anims\proneB.smd
SMD MODEL ..\..\..\MCV_SMD_OG\weapons\v_babybrowning\v_babybrowning_anims\proneL.smd
SMD MODEL ..\..\..\MCV_SMD_OG\weapons\v_babybrowning\v_babybrowning_anims\proneR.smd
SMD MODEL ..\..\..\MCV_SMD_OG\weapons\v_babybrowning\v_babybrowning_anims\pickup_s_a.smd
SMD MODEL ..\..\..\MCV_SMD_OG\weapons\v_babybrowning\v_babybrowning_anims\pickup_s_a_i.smd
SMD MODEL ..\..\..\MCV_SMD_OG\weapons\v_babybrowning\v_babybrowning_anims\pickup_a.smd
SMD MODEL ..\..\..\MCV_SMD_OG\weapons\v_babybrowning\v_babybrowning_anims\pickup_a_i.smd
SMD MODEL ..\..\..\MCV_SMD_OG\weapons\v_babybrowning\v_babybrowning_anims\pickup_e_a.smd
SMD MODEL ..\..\..\MCV_SMD_OG\weapons\v_babybrowning\v_babybrowning_anims\pickup_e_a_i.smd
SMD MODEL ..\..\..\MCV_SMD_OG\weapons\v_babybrowning\v_babybrowning_anims\draw.smd
SMD MODEL ..\..\..\MCV_SMD_OG\weapons\v_babybrowning\v_babybrowning_anims\draw_2.smd
SMD MODEL ..\..\..\MCV_SMD_OG\weapons\v_babybrowning\v_babybrowning_anims\Firstdraw.smd
SMD MODEL ..\..\..\MCV_SMD_OG\weapons\v_babybrowning\v_babybrowning_anims\Firstdraw_2.smd
SMD MODEL ..\..\..\MCV_SMD_OG\weapons\v_babybrowning\v_babybrowning_anims\reload.smd
SMD MODEL ..\..\..\MCV_SMD_OG\weapons\v_babybrowning\v_babybrowning_anims\reload_2.smd
SMD MODEL ..\..\..\MCV_SMD_OG\weapons\v_babybrowning\v_babybrowning_anims\reload_empty.smd
SMD MODEL ..\..\..\MCV_SMD_OG\weapons\v_babybrowning\v_babybrowning_anims\reload_empty_2.smd
SMD MODEL ..\..\..\MCV_SMD_OG\weapons\v_babybrowning\v_babybrowning_anims\bash.smd
SMD MODEL ..\..\..\MCV_SMD_OG\weapons\v_babybrowning\v_babybrowning_anims\bash_2.smd
SMD MODEL ..\..\..\MCV_SMD_OG\weapons\v_babybrowning\v_babybrowning_anims\holster.smd
Processing LOD for material: babybrowning
Processing LOD for material: shells_small
---------------------
writing C:\Program Files (x86)\Steam\steamapps\common\GarrysMod\garrysmod\addons\mcv\work\compile_test_game\models/weapons/mcv/v_babybrowning.mdl:
Loading preexisting model: C:\Program Files (x86)\Steam\steamapps\common\GarrysMod\garrysmod\addons\mcv\work\compile_test_game\models/weapons/mcv/v_babybrowning.mdl
WARNING: LoadPreexistingSequenceOrder: Zero-size file or no sequences.
bones        21920 bytes (96)
animations  180088 bytes (58 anims) (1587 frames) [0:52]
sequences     9356 bytes (25 seq) 
ik/pose        224 bytes
eyeballs         0 bytes (0 eyeballs)
flexes           0 bytes (0 flexes)
textures       140 bytes
keyvalues       20 bytes
bone transforms    13120 bytes
bone flex driver       0 bytes
collision        0 bytes
total       228484
---------------------
writing C:\Program Files (x86)\Steam\steamapps\common\GarrysMod\garrysmod\addons\mcv\work\compile_test_game\models/weapons/mcv/v_babybrowning.vvd:
vertices    389616 bytes (8117 vertices)
tangents    129872 bytes (8117 vertices)
total       519552 bytes
---------------------
Generating optimized mesh "C:\Program Files (x86)\Steam\steamapps\common\GarrysMod\garrysmod\addons\mcv\work\compile_test_game\models/weapons/mcv/v_babybrowning.dx80.vtx":
body parts:         8 bytes
models:            20 bytes
model LODs:        12 bytes
meshes:            18 bytes
strip groups:      50 bytes
strips:            54 bytes
verts:          73053 bytes
indices:        57876 bytes
bone changes:      56 bytes
everything:    131171 bytes
---------------------
Generating optimized mesh "C:\Program Files (x86)\Steam\steamapps\common\GarrysMod\garrysmod\addons\mcv\work\compile_test_game\models/weapons/mcv/v_babybrowning.dx90.vtx":
body parts:         8 bytes
models:            20 bytes
model LODs:        12 bytes
meshes:            18 bytes
strip groups:      50 bytes
strips:            54 bytes
verts:          73053 bytes
indices:        57876 bytes
bone changes:      56 bytes
everything:    131171 bytes

Completed "v_babybrowning.qc"
