StudioMDL.exe (Apr 27 2026) - Garry's Mod Edition
WARNING: Failed to load keyvalues file cfg/mount.cfg!
qdir:    "c:\program files (x86)\steam\steamapps\common\garrysmod\garrysmod\addons\mcv\work\mcv_smd_port\weapons\v_bar_l\"
gamedir: "C:\Program Files (x86)\Steam\steamapps\common\GarrysMod\garrysmod\addons\mcv\work\compile_test_game\"
g_path:  "C:\Program Files (x86)\Steam\steamapps\common\GarrysMod\garrysmod\addons\mcv\work\MCV_SMD_PORT\weapons\v_bar_l\v_bar_l.qc"
Building binary model files...
Working on "v_bar_l.qc"
SMD MODEL ..\..\..\MCV_SMD_OG\weapons\v_bar_l\ref_new.smd
SMD MODEL ..\..\..\MCV_SMD_OG\weapons\v_bar_l\var_l_new.smd
SMD MODEL ..\..\..\MCV_SMD_OG\weapons\v_bar_l\var_u_new.smd
SMD MODEL ..\..\..\MCV_SMD_OG\weapons\v_bar_l\v_bar_l_anims\runIdle_a_corrective_animation.smd
SMD MODEL ..\..\..\MCV_SMD_OG\weapons\v_bar_l\v_bar_l_anims\run_a_corrective_animation.smd
SMD MODEL ..\..\..\MCV_SMD_OG\weapons\v_bar_l\v_bar_l_anims\walkIdle_a_corrective_animation.smd
SMD MODEL ..\..\..\MCV_SMD_OG\weapons\v_bar_l\v_bar_l_anims\walk_a_corrective_animation.smd
SMD MODEL ..\..\..\MCV_SMD_OG\weapons\v_bar_l\v_bar_l_anims\shoot1_a_corrective_animation.smd
SMD MODEL ..\..\..\MCV_SMD_OG\weapons\v_bar_l\v_bar_l_anims\shoot1_ironsight_a_corrective_animation.smd
SMD MODEL ..\..\..\MCV_SMD_OG\weapons\v_bar_l\v_bar_l_anims\shoot2_a_corrective_animation.smd
SMD MODEL ..\..\..\MCV_SMD_OG\weapons\v_bar_l\v_bar_l_anims\shoot2_ironsight_a_corrective_animation.smd
SMD MODEL ..\..\..\MCV_SMD_OG\weapons\v_bar_l\v_bar_l_anims\shoot3_a_corrective_animation.smd
SMD MODEL ..\..\..\MCV_SMD_OG\weapons\v_bar_l\v_bar_l_anims\shoot3_ironsight_a_corrective_animation.smd
SMD MODEL ..\..\..\MCV_SMD_OG\weapons\v_bar_l\v_bar_l_anims\shoot1d_a_corrective_animation.smd
SMD MODEL ..\..\..\MCV_SMD_OG\weapons\v_bar_l\v_bar_l_anims\shoot1d_ironsight_a_corrective_animation.smd
SMD MODEL ..\..\..\MCV_SMD_OG\weapons\v_bar_l\v_bar_l_anims\shoot2d_a_corrective_animation.smd
SMD MODEL ..\..\..\MCV_SMD_OG\weapons\v_bar_l\v_bar_l_anims\shoot2d_ironsight_a_corrective_animation.smd
SMD MODEL ..\..\..\MCV_SMD_OG\weapons\v_bar_l\v_bar_l_anims\shoot3d_a_corrective_animation.smd
SMD MODEL ..\..\..\MCV_SMD_OG\weapons\v_bar_l\v_bar_l_anims\shoot3d_ironsight_a_corrective_animation.smd
SMD MODEL ..\..\..\MCV_SMD_OG\weapons\v_bar_l\v_bar_l_anims\basePose_a.smd
SMD MODEL ..\..\..\MCV_SMD_OG\weapons\v_bar_l\v_bar_l_anims\ironsight.smd
SMD MODEL ..\..\..\MCV_SMD_OG\weapons\v_bar_l\v_bar_l_anims\ironsight_transition.smd
SMD MODEL ..\..\..\MCV_SMD_OG\weapons\v_bar_l\v_bar_l_anims\walkDelta.smd
SMD MODEL ..\..\..\MCV_SMD_OG\weapons\v_bar_l\v_bar_l_anims\runIdle_a.smd
SMD MODEL fixed_anims\run_a.smd
SMD MODEL ..\..\..\MCV_SMD_OG\weapons\v_bar_l\v_bar_l_anims\walkIdle_a.smd
SMD MODEL fixed_anims\walk_a.smd
SMD MODEL ..\..\..\MCV_SMD_OG\weapons\v_bar_l\v_bar_l_anims\shoot1_a.smd
SMD MODEL ..\..\..\MCV_SMD_OG\weapons\v_bar_l\v_bar_l_anims\shoot1_ironsight_a.smd
SMD MODEL ..\..\..\MCV_SMD_OG\weapons\v_bar_l\v_bar_l_anims\shoot2_a.smd
SMD MODEL ..\..\..\MCV_SMD_OG\weapons\v_bar_l\v_bar_l_anims\shoot2_ironsight_a.smd
SMD MODEL ..\..\..\MCV_SMD_OG\weapons\v_bar_l\v_bar_l_anims\shoot3_a.smd
SMD MODEL ..\..\..\MCV_SMD_OG\weapons\v_bar_l\v_bar_l_anims\shoot3_ironsight_a.smd
SMD MODEL ..\..\..\MCV_SMD_OG\weapons\v_bar_l\v_bar_l_anims\nearwall_s_a.smd
SMD MODEL ..\..\..\MCV_SMD_OG\weapons\v_bar_l\v_bar_l_anims\nearwall_s_a_i.smd
SMD MODEL ..\..\..\MCV_SMD_OG\weapons\v_bar_l\v_bar_l_anims\nearwall_a.smd
SMD MODEL ..\..\..\MCV_SMD_OG\weapons\v_bar_l\v_bar_l_anims\nearwall_a_i.smd
SMD MODEL ..\..\..\MCV_SMD_OG\weapons\v_bar_l\v_bar_l_anims\nearwall_e_a.smd
SMD MODEL ..\..\..\MCV_SMD_OG\weapons\v_bar_l\v_bar_l_anims\nearwall_e_a_i.smd
SMD MODEL ..\..\..\MCV_SMD_OG\weapons\v_bar_l\v_bar_l_anims\proneF.smd
SMD MODEL ..\..\..\MCV_SMD_OG\weapons\v_bar_l\v_bar_l_anims\proneB.smd
SMD MODEL fixed_anims\proneL.smd
SMD MODEL ..\..\..\MCV_SMD_OG\weapons\v_bar_l\v_bar_l_anims\proneR.smd
SMD MODEL ..\..\..\MCV_SMD_OG\weapons\v_bar_l\v_bar_l_anims\proneF_d.smd
SMD MODEL ..\..\..\MCV_SMD_OG\weapons\v_bar_l\v_bar_l_anims\proneB_d.smd
SMD MODEL fixed_anims\proneL_d.smd
SMD MODEL ..\..\..\MCV_SMD_OG\weapons\v_bar_l\v_bar_l_anims\proneR_d.smd
SMD MODEL ..\..\..\MCV_SMD_OG\weapons\v_bar_l\v_bar_l_anims\pickup_s_a.smd
SMD MODEL ..\..\..\MCV_SMD_OG\weapons\v_bar_l\v_bar_l_anims\pickup_s_a_i.smd
SMD MODEL ..\..\..\MCV_SMD_OG\weapons\v_bar_l\v_bar_l_anims\pickup_a.smd
SMD MODEL ..\..\..\MCV_SMD_OG\weapons\v_bar_l\v_bar_l_anims\pickup_a_i.smd
SMD MODEL ..\..\..\MCV_SMD_OG\weapons\v_bar_l\v_bar_l_anims\pickup_e_a.smd
SMD MODEL ..\..\..\MCV_SMD_OG\weapons\v_bar_l\v_bar_l_anims\pickup_e_a_i.smd
SMD MODEL ..\..\..\MCV_SMD_OG\weapons\v_bar_l\v_bar_l_anims\deploy_s_a.smd
SMD MODEL ..\..\..\MCV_SMD_OG\weapons\v_bar_l\v_bar_l_anims\deploy_s_a_i.smd
SMD MODEL ..\..\..\MCV_SMD_OG\weapons\v_bar_l\v_bar_l_anims\deploy_a.smd
SMD MODEL ..\..\..\MCV_SMD_OG\weapons\v_bar_l\v_bar_l_anims\ironsightdeploy.smd
SMD MODEL ..\..\..\MCV_SMD_OG\weapons\v_bar_l\v_bar_l_anims\deploy_e_a.smd
SMD MODEL ..\..\..\MCV_SMD_OG\weapons\v_bar_l\v_bar_l_anims\deploy_e_a_i.smd
SMD MODEL ..\..\..\MCV_SMD_OG\weapons\v_bar_l\v_bar_l_anims\shoot1d_a.smd
SMD MODEL ..\..\..\MCV_SMD_OG\weapons\v_bar_l\v_bar_l_anims\shoot1d_ironsight_a.smd
SMD MODEL ..\..\..\MCV_SMD_OG\weapons\v_bar_l\v_bar_l_anims\shoot2d_a.smd
SMD MODEL ..\..\..\MCV_SMD_OG\weapons\v_bar_l\v_bar_l_anims\shoot2d_ironsight_a.smd
SMD MODEL ..\..\..\MCV_SMD_OG\weapons\v_bar_l\v_bar_l_anims\shoot3d_a.smd
SMD MODEL ..\..\..\MCV_SMD_OG\weapons\v_bar_l\v_bar_l_anims\shoot3d_ironsight_a.smd
SMD MODEL ..\..\..\MCV_SMD_OG\weapons\v_bar_l\v_bar_l_anims\change_firemode_idle_d.smd
SMD MODEL ..\..\..\MCV_SMD_OG\weapons\v_bar_l\v_bar_l_anims\change_firemode_iron_d.smd
SMD MODEL ..\..\..\MCV_SMD_OG\weapons\v_bar_l\v_bar_l_anims\change_firemode_idle.smd
SMD MODEL ..\..\..\MCV_SMD_OG\weapons\v_bar_l\v_bar_l_anims\change_firemode_iron.smd
SMD MODEL ..\..\..\MCV_SMD_OG\weapons\v_bar_l\v_bar_l_anims\draw.smd
SMD MODEL ..\..\..\MCV_SMD_OG\weapons\v_bar_l\v_bar_l_anims\draw_2.smd
SMD MODEL ..\..\..\MCV_SMD_OG\weapons\v_bar_l\v_bar_l_anims\Firstdraw.smd
SMD MODEL ..\..\..\MCV_SMD_OG\weapons\v_bar_l\v_bar_l_anims\Firstdraw_2.smd
SMD MODEL ..\..\..\MCV_SMD_OG\weapons\v_bar_l\v_bar_l_anims\reload.smd
SMD MODEL ..\..\..\MCV_SMD_OG\weapons\v_bar_l\v_bar_l_anims\reload_2.smd
SMD MODEL ..\..\..\MCV_SMD_OG\weapons\v_bar_l\v_bar_l_anims\reload_empty.smd
SMD MODEL ..\..\..\MCV_SMD_OG\weapons\v_bar_l\v_bar_l_anims\reload_empty_2.smd
SMD MODEL ..\..\..\MCV_SMD_OG\weapons\v_bar_l\v_bar_l_anims\bash.smd
SMD MODEL ..\..\..\MCV_SMD_OG\weapons\v_bar_l\v_bar_l_anims\bash_2.smd
SMD MODEL ..\..\..\MCV_SMD_OG\weapons\v_bar_l\v_bar_l_anims\reload_deploy.smd
SMD MODEL ..\..\..\MCV_SMD_OG\weapons\v_bar_l\v_bar_l_anims\reload_deploy_2.smd
SMD MODEL ..\..\..\MCV_SMD_OG\weapons\v_bar_l\v_bar_l_anims\reload_deploy_empty.smd
SMD MODEL ..\..\..\MCV_SMD_OG\weapons\v_bar_l\v_bar_l_anims\reload_deploy_empty_2.smd
SMD MODEL ..\..\..\MCV_SMD_OG\weapons\v_bar_l\v_bar_l_anims\holster.smd
Processing LOD for material: shells_small
Processing LOD for material: bar_l
Processing LOD for material: bar_l
Processing LOD for material: bar_l_mag
Processing LOD for material: bar_l
---------------------
writing C:\Program Files (x86)\Steam\steamapps\common\GarrysMod\garrysmod\addons\mcv\work\compile_test_game\models/weapons/mcv/v_bar_l.mdl:
Loading preexisting model: C:\Program Files (x86)\Steam\steamapps\common\GarrysMod\garrysmod\addons\mcv\work\compile_test_game\models/weapons/mcv/v_bar_l.mdl
WARNING: LoadPreexistingSequenceOrder: Zero-size file or no sequences.
bones        23196 bytes (100)
animations  296948 bytes (86 anims) (2634 frames) [1:26]
sequences    14208 bytes (37 seq) 
ik/pose        536 bytes
eyeballs         0 bytes (0 eyeballs)
flexes           0 bytes (0 flexes)
eyeballs         0 bytes (0 eyeballs)
flexes           0 bytes (0 flexes)
eyeballs         0 bytes (0 eyeballs)
flexes           0 bytes (0 flexes)
textures       208 bytes
keyvalues       20 bytes
bone transforms    13664 bytes
bone flex driver       0 bytes
collision        0 bytes
total       353600
---------------------
writing C:\Program Files (x86)\Steam\steamapps\common\GarrysMod\garrysmod\addons\mcv\work\compile_test_game\models/weapons/mcv/v_bar_l.vvd:
vertices    509856 bytes (10622 vertices)
vertices    341136 bytes (7107 vertices)
vertices     82848 bytes (1726 vertices)
tangents    169952 bytes (10622 vertices)
tangents    113712 bytes (7107 vertices)
tangents     27616 bytes (1726 vertices)
total      1245184 bytes
---------------------
Generating optimized mesh "C:\Program Files (x86)\Steam\steamapps\common\GarrysMod\garrysmod\addons\mcv\work\compile_test_game\models/weapons/mcv/v_bar_l.dx80.vtx":
body parts:        16 bytes
models:            60 bytes
model LODs:        36 bytes
meshes:            45 bytes
strip groups:     125 bytes
strips:           135 bytes
verts:         175095 bytes
indices:       131322 bytes
bone changes:     112 bytes
everything:    306946 bytes
---------------------
Generating optimized mesh "C:\Program Files (x86)\Steam\steamapps\common\GarrysMod\garrysmod\addons\mcv\work\compile_test_game\models/weapons/mcv/v_bar_l.dx90.vtx":
body parts:        16 bytes
models:            60 bytes
model LODs:        36 bytes
meshes:            45 bytes
strip groups:     125 bytes
strips:           135 bytes
verts:         175095 bytes
indices:       131322 bytes
bone changes:     112 bytes
everything:    306946 bytes

Completed "v_bar_l.qc"
