StudioMDL.exe (Apr 27 2026) - Garry's Mod Edition
WARNING: Failed to load keyvalues file cfg/mount.cfg!
qdir:    "c:\program files (x86)\steam\steamapps\common\garrysmod\garrysmod\addons\mcv\work\mcv_smd_port\weapons\v_browning_auto\"
gamedir: "C:\Program Files (x86)\Steam\steamapps\common\GarrysMod\garrysmod\addons\mcv\work\compile_test_game\"
g_path:  "C:\Program Files (x86)\Steam\steamapps\common\GarrysMod\garrysmod\addons\mcv\work\MCV_SMD_PORT\weapons\v_browning_auto\v_browning_auto.qc"
Building binary model files...
Working on "v_browning_auto.qc"
SMD MODEL ..\..\..\MCV_SMD_OG\weapons\v_browning_auto\Ref_new.smd
SMD MODEL ..\..\..\MCV_SMD_OG\weapons\v_browning_auto\auto5_shell.smd
SMD MODEL ..\..\..\MCV_SMD_OG\weapons\v_browning_auto\v_browning_auto_anims\Slideback_corrective_animation.smd
SMD MODEL ..\..\..\MCV_SMD_OG\weapons\v_browning_auto\v_browning_auto_anims\Default_corrective_animation.smd
SMD MODEL ..\..\..\MCV_SMD_OG\weapons\v_browning_auto\v_browning_auto_anims\ShootStill_corrective_animation.smd
SMD MODEL ..\..\..\MCV_SMD_OG\weapons\v_browning_auto\v_browning_auto_anims\ShootMove_corrective_animation.smd
SMD MODEL ..\..\..\MCV_SMD_OG\weapons\v_browning_auto\v_browning_auto_anims\runIdle_a_corrective_animation.smd
SMD MODEL ..\..\..\MCV_SMD_OG\weapons\v_browning_auto\v_browning_auto_anims\run_a_corrective_animation.smd
SMD MODEL ..\..\..\MCV_SMD_OG\weapons\v_browning_auto\v_browning_auto_anims\walkIdle_a_corrective_animation.smd
SMD MODEL ..\..\..\MCV_SMD_OG\weapons\v_browning_auto\v_browning_auto_anims\walk_a_corrective_animation.smd
SMD MODEL ..\..\..\MCV_SMD_OG\weapons\v_browning_auto\v_browning_auto_anims\shoot1_a_corrective_animation.smd
SMD MODEL ..\..\..\MCV_SMD_OG\weapons\v_browning_auto\v_browning_auto_anims\shoot1_ironsight_a_corrective_animation.smd
SMD MODEL ..\..\..\MCV_SMD_OG\weapons\v_browning_auto\v_browning_auto_anims\shoot2_a_corrective_animation.smd
SMD MODEL ..\..\..\MCV_SMD_OG\weapons\v_browning_auto\v_browning_auto_anims\shoot2_ironsight_a_corrective_animation.smd
SMD MODEL ..\..\..\MCV_SMD_OG\weapons\v_browning_auto\v_browning_auto_anims\shoot3_a_corrective_animation.smd
SMD MODEL ..\..\..\MCV_SMD_OG\weapons\v_browning_auto\v_browning_auto_anims\shoot3_ironsight_a_corrective_animation.smd
SMD MODEL ..\..\..\MCV_SMD_OG\weapons\v_browning_auto\v_browning_auto_anims\PoseDelta.smd
SMD MODEL ..\..\..\MCV_SMD_OG\weapons\v_browning_auto\v_browning_auto_anims\PoseDelta2.smd
SMD MODEL ..\..\..\MCV_SMD_OG\weapons\v_browning_auto\v_browning_auto_anims\Default.smd
SMD MODEL ..\..\..\MCV_SMD_OG\weapons\v_browning_auto\v_browning_auto_anims\Slideback.smd
SMD MODEL ..\..\..\MCV_SMD_OG\weapons\v_browning_auto\v_browning_auto_anims\ShootMove.smd
SMD MODEL ..\..\..\MCV_SMD_OG\weapons\v_browning_auto\v_browning_auto_anims\ShootStill.smd
SMD MODEL ..\..\..\MCV_SMD_OG\weapons\v_browning_auto\v_browning_auto_anims\basePose_a.smd
SMD MODEL ..\..\..\MCV_SMD_OG\weapons\v_browning_auto\v_browning_auto_anims\ironsight.smd
SMD MODEL ..\..\..\MCV_SMD_OG\weapons\v_browning_auto\v_browning_auto_anims\ironsight_transition.smd
SMD MODEL ..\..\..\MCV_SMD_OG\weapons\v_browning_auto\v_browning_auto_anims\walkDelta.smd
SMD MODEL ..\..\..\MCV_SMD_OG\weapons\v_browning_auto\v_browning_auto_anims\runIdle_a.smd
SMD MODEL fixed_anims\run_a.smd
SMD MODEL ..\..\..\MCV_SMD_OG\weapons\v_browning_auto\v_browning_auto_anims\walkIdle_a.smd
SMD MODEL fixed_anims\walk_a.smd
SMD MODEL ..\..\..\MCV_SMD_OG\weapons\v_browning_auto\v_browning_auto_anims\shoot1_a.smd
SMD MODEL ..\..\..\MCV_SMD_OG\weapons\v_browning_auto\v_browning_auto_anims\shoot1_ironsight_a.smd
SMD MODEL ..\..\..\MCV_SMD_OG\weapons\v_browning_auto\v_browning_auto_anims\shoot2_a.smd
SMD MODEL ..\..\..\MCV_SMD_OG\weapons\v_browning_auto\v_browning_auto_anims\shoot2_ironsight_a.smd
SMD MODEL ..\..\..\MCV_SMD_OG\weapons\v_browning_auto\v_browning_auto_anims\shoot3_a.smd
SMD MODEL ..\..\..\MCV_SMD_OG\weapons\v_browning_auto\v_browning_auto_anims\shoot3_ironsight_a.smd
SMD MODEL ..\..\..\MCV_SMD_OG\weapons\v_browning_auto\v_browning_auto_anims\reload_s_a.smd
SMD MODEL ..\..\..\MCV_SMD_OG\weapons\v_browning_auto\v_browning_auto_anims\reload_s_a_i.smd
SMD MODEL ..\..\..\MCV_SMD_OG\weapons\v_browning_auto\v_browning_auto_anims\reload_a.smd
SMD MODEL ..\..\..\MCV_SMD_OG\weapons\v_browning_auto\v_browning_auto_anims\reload_a_i.smd
SMD MODEL ..\..\..\MCV_SMD_OG\weapons\v_browning_auto\v_browning_auto_anims\reload_e_a.smd
SMD MODEL ..\..\..\MCV_SMD_OG\weapons\v_browning_auto\v_browning_auto_anims\reload_e_a_i.smd
SMD MODEL ..\..\..\MCV_SMD_OG\weapons\v_browning_auto\v_browning_auto_anims\reload_ep_a.smd
SMD MODEL ..\..\..\MCV_SMD_OG\weapons\v_browning_auto\v_browning_auto_anims\reload_ep_a_i.smd
SMD MODEL ..\..\..\MCV_SMD_OG\weapons\v_browning_auto\v_browning_auto_anims\nearwall_s_a.smd
SMD MODEL ..\..\..\MCV_SMD_OG\weapons\v_browning_auto\v_browning_auto_anims\nearwall_s_a_i.smd
SMD MODEL ..\..\..\MCV_SMD_OG\weapons\v_browning_auto\v_browning_auto_anims\nearwall_a.smd
SMD MODEL ..\..\..\MCV_SMD_OG\weapons\v_browning_auto\v_browning_auto_anims\nearwall_a_i.smd
SMD MODEL ..\..\..\MCV_SMD_OG\weapons\v_browning_auto\v_browning_auto_anims\nearwall_e_a.smd
SMD MODEL ..\..\..\MCV_SMD_OG\weapons\v_browning_auto\v_browning_auto_anims\nearwall_e_a_i.smd
SMD MODEL ..\..\..\MCV_SMD_OG\weapons\v_browning_auto\v_browning_auto_anims\proneF.smd
SMD MODEL ..\..\..\MCV_SMD_OG\weapons\v_browning_auto\v_browning_auto_anims\proneB.smd
SMD MODEL ..\..\..\MCV_SMD_OG\weapons\v_browning_auto\v_browning_auto_anims\proneL.smd
SMD MODEL ..\..\..\MCV_SMD_OG\weapons\v_browning_auto\v_browning_auto_anims\proneR.smd
SMD MODEL ..\..\..\MCV_SMD_OG\weapons\v_browning_auto\v_browning_auto_anims\pickup_s_a.smd
SMD MODEL ..\..\..\MCV_SMD_OG\weapons\v_browning_auto\v_browning_auto_anims\pickup_s_a_i.smd
SMD MODEL ..\..\..\MCV_SMD_OG\weapons\v_browning_auto\v_browning_auto_anims\pickup_a.smd
SMD MODEL ..\..\..\MCV_SMD_OG\weapons\v_browning_auto\v_browning_auto_anims\pickup_a_i.smd
SMD MODEL ..\..\..\MCV_SMD_OG\weapons\v_browning_auto\v_browning_auto_anims\pickup_e_a.smd
SMD MODEL ..\..\..\MCV_SMD_OG\weapons\v_browning_auto\v_browning_auto_anims\pickup_e_a_i.smd
SMD MODEL ..\..\..\MCV_SMD_OG\weapons\v_browning_auto\v_browning_auto_anims\Firstdraw.smd
SMD MODEL ..\..\..\MCV_SMD_OG\weapons\v_browning_auto\v_browning_auto_anims\Firstdraw_2.smd
SMD MODEL ..\..\..\MCV_SMD_OG\weapons\v_browning_auto\v_browning_auto_anims\draw.smd
SMD MODEL ..\..\..\MCV_SMD_OG\weapons\v_browning_auto\v_browning_auto_anims\draw_2.smd
SMD MODEL ..\..\..\MCV_SMD_OG\weapons\v_browning_auto\v_browning_auto_anims\bash.smd
SMD MODEL ..\..\..\MCV_SMD_OG\weapons\v_browning_auto\v_browning_auto_anims\bash_2.smd
SMD MODEL ..\..\..\MCV_SMD_OG\weapons\v_browning_auto\v_browning_auto_anims\holster.smd
Processing LOD for material: browning_auto_barrel
Processing LOD for material: browning_auto_receiver
Processing LOD for material: shells_big
---------------------
writing C:\Program Files (x86)\Steam\steamapps\common\GarrysMod\garrysmod\addons\mcv\work\compile_test_game\models/weapons/mcv/v_browning_auto.mdl:
Loading preexisting model: C:\Program Files (x86)\Steam\steamapps\common\GarrysMod\garrysmod\addons\mcv\work\compile_test_game\models/weapons/mcv/v_browning_auto.mdl
WARNING: LoadPreexistingSequenceOrder: Zero-size file or no sequences.
bones        22124 bytes (96)
animations  162592 bytes (68 anims) (1508 frames) [0:50]
sequences     9620 bytes (27 seq) 
ik/pose        408 bytes
eyeballs         0 bytes (0 eyeballs)
flexes           0 bytes (0 flexes)
eyeballs         0 bytes (0 eyeballs)
flexes           0 bytes (0 flexes)
textures       208 bytes
keyvalues       20 bytes
bone transforms    13120 bytes
bone flex driver       0 bytes
collision        0 bytes
total       212072
---------------------
writing C:\Program Files (x86)\Steam\steamapps\common\GarrysMod\garrysmod\addons\mcv\work\compile_test_game\models/weapons/mcv/v_browning_auto.vvd:
vertices    736944 bytes (15353 vertices)
vertices     15552 bytes (324 vertices)
tangents    245648 bytes (15353 vertices)
tangents      5184 bytes (324 vertices)
total      1003392 bytes
---------------------
Generating optimized mesh "C:\Program Files (x86)\Steam\steamapps\common\GarrysMod\garrysmod\addons\mcv\work\compile_test_game\models/weapons/mcv/v_browning_auto.dx80.vtx":
body parts:        16 bytes
models:            40 bytes
model LODs:        24 bytes
meshes:            27 bytes
strip groups:      75 bytes
strips:            81 bytes
verts:         141093 bytes
indices:       133140 bytes
bone changes:      64 bytes
everything:    274572 bytes
---------------------
Generating optimized mesh "C:\Program Files (x86)\Steam\steamapps\common\GarrysMod\garrysmod\addons\mcv\work\compile_test_game\models/weapons/mcv/v_browning_auto.dx90.vtx":
body parts:        16 bytes
models:            40 bytes
model LODs:        24 bytes
meshes:            27 bytes
strip groups:      75 bytes
strips:            81 bytes
verts:         141093 bytes
indices:       133140 bytes
bone changes:      64 bytes
everything:    274572 bytes

Completed "v_browning_auto.qc"
