StudioMDL.exe (Apr 27 2026) - Garry's Mod Edition
WARNING: Failed to load keyvalues file cfg/mount.cfg!
qdir:    "c:\program files (x86)\steam\steamapps\common\garrysmod\garrysmod\addons\mcv\work\mcv_smd_port\weapons\v_bren\"
gamedir: "C:\Program Files (x86)\Steam\steamapps\common\GarrysMod\garrysmod\addons\mcv\work\compile_test_game\"
g_path:  "C:\Program Files (x86)\Steam\steamapps\common\GarrysMod\garrysmod\addons\mcv\work\MCV_SMD_PORT\weapons\v_bren\v_bren.qc"
Building binary model files...
Working on "v_bren.qc"
SMD MODEL ..\..\..\MCV_SMD_OG\weapons\v_bren\ref_new.smd
SMD MODEL ..\..\..\MCV_SMD_OG\weapons\v_bren\v_bren_anims\runIdle_a_corrective_animation.smd
SMD MODEL ..\..\..\MCV_SMD_OG\weapons\v_bren\v_bren_anims\run_a_corrective_animation.smd
SMD MODEL ..\..\..\MCV_SMD_OG\weapons\v_bren\v_bren_anims\walkIdle_a_corrective_animation.smd
SMD MODEL ..\..\..\MCV_SMD_OG\weapons\v_bren\v_bren_anims\walk_a_corrective_animation.smd
SMD MODEL ..\..\..\MCV_SMD_OG\weapons\v_bren\v_bren_anims\shoot1_a_corrective_animation.smd
SMD MODEL ..\..\..\MCV_SMD_OG\weapons\v_bren\v_bren_anims\shoot1_ironsight_a_corrective_animation.smd
SMD MODEL ..\..\..\MCV_SMD_OG\weapons\v_bren\v_bren_anims\shoot2_a_corrective_animation.smd
SMD MODEL ..\..\..\MCV_SMD_OG\weapons\v_bren\v_bren_anims\shoot2_ironsight_a_corrective_animation.smd
SMD MODEL ..\..\..\MCV_SMD_OG\weapons\v_bren\v_bren_anims\shoot3_a_corrective_animation.smd
SMD MODEL ..\..\..\MCV_SMD_OG\weapons\v_bren\v_bren_anims\shoot3_ironsight_a_corrective_animation.smd
SMD MODEL ..\..\..\MCV_SMD_OG\weapons\v_bren\v_bren_anims\shoot1_d_a_corrective_animation.smd
SMD MODEL ..\..\..\MCV_SMD_OG\weapons\v_bren\v_bren_anims\shoot1_di_a_corrective_animation.smd
SMD MODEL ..\..\..\MCV_SMD_OG\weapons\v_bren\v_bren_anims\shoot2_d_a_corrective_animation.smd
SMD MODEL ..\..\..\MCV_SMD_OG\weapons\v_bren\v_bren_anims\shoot2_di_a_corrective_animation.smd
SMD MODEL ..\..\..\MCV_SMD_OG\weapons\v_bren\v_bren_anims\shoot3_d_a_corrective_animation.smd
SMD MODEL ..\..\..\MCV_SMD_OG\weapons\v_bren\v_bren_anims\shoot3_di_a_corrective_animation.smd
SMD MODEL ..\..\..\MCV_SMD_OG\weapons\v_bren\v_bren_anims\basePose_a.smd
SMD MODEL ..\..\..\MCV_SMD_OG\weapons\v_bren\v_bren_anims\ironsight.smd
SMD MODEL ..\..\..\MCV_SMD_OG\weapons\v_bren\v_bren_anims\ironsight_transition.smd
SMD MODEL ..\..\..\MCV_SMD_OG\weapons\v_bren\v_bren_anims\walkDelta.smd
SMD MODEL ..\..\..\MCV_SMD_OG\weapons\v_bren\v_bren_anims\runIdle_a.smd
SMD MODEL ..\..\..\MCV_SMD_OG\weapons\v_bren\v_bren_anims\run_a.smd
SMD MODEL ..\..\..\MCV_SMD_OG\weapons\v_bren\v_bren_anims\walkIdle_a.smd
SMD MODEL fixed_anims\walk_a.smd
SMD MODEL ..\..\..\MCV_SMD_OG\weapons\v_bren\v_bren_anims\shoot1_a.smd
SMD MODEL ..\..\..\MCV_SMD_OG\weapons\v_bren\v_bren_anims\shoot1_ironsight_a.smd
SMD MODEL ..\..\..\MCV_SMD_OG\weapons\v_bren\v_bren_anims\shoot2_a.smd
SMD MODEL ..\..\..\MCV_SMD_OG\weapons\v_bren\v_bren_anims\shoot2_ironsight_a.smd
SMD MODEL ..\..\..\MCV_SMD_OG\weapons\v_bren\v_bren_anims\shoot3_a.smd
SMD MODEL ..\..\..\MCV_SMD_OG\weapons\v_bren\v_bren_anims\shoot3_ironsight_a.smd
SMD MODEL ..\..\..\MCV_SMD_OG\weapons\v_bren\v_bren_anims\nearwall_s_a.smd
SMD MODEL ..\..\..\MCV_SMD_OG\weapons\v_bren\v_bren_anims\nearwall_s_a_i.smd
SMD MODEL ..\..\..\MCV_SMD_OG\weapons\v_bren\v_bren_anims\nearwall_a.smd
SMD MODEL ..\..\..\MCV_SMD_OG\weapons\v_bren\v_bren_anims\nearwall_a_i.smd
SMD MODEL ..\..\..\MCV_SMD_OG\weapons\v_bren\v_bren_anims\nearwall_e_a.smd
SMD MODEL ..\..\..\MCV_SMD_OG\weapons\v_bren\v_bren_anims\nearwall_e_a_i.smd
SMD MODEL ..\..\..\MCV_SMD_OG\weapons\v_bren\v_bren_anims\prone_deployF.smd
SMD MODEL ..\..\..\MCV_SMD_OG\weapons\v_bren\v_bren_anims\prone_deployB.smd
SMD MODEL ..\..\..\MCV_SMD_OG\weapons\v_bren\v_bren_anims\prone_deployL.smd
SMD MODEL ..\..\..\MCV_SMD_OG\weapons\v_bren\v_bren_anims\prone_deployR.smd
SMD MODEL ..\..\..\MCV_SMD_OG\weapons\v_bren\v_bren_anims\proneF.smd
SMD MODEL ..\..\..\MCV_SMD_OG\weapons\v_bren\v_bren_anims\proneB.smd
SMD MODEL ..\..\..\MCV_SMD_OG\weapons\v_bren\v_bren_anims\proneL.smd
SMD MODEL ..\..\..\MCV_SMD_OG\weapons\v_bren\v_bren_anims\proneR.smd
SMD MODEL ..\..\..\MCV_SMD_OG\weapons\v_bren\v_bren_anims\pickup_s_a.smd
SMD MODEL ..\..\..\MCV_SMD_OG\weapons\v_bren\v_bren_anims\pickup_s_a_i.smd
SMD MODEL ..\..\..\MCV_SMD_OG\weapons\v_bren\v_bren_anims\pickup_a.smd
SMD MODEL ..\..\..\MCV_SMD_OG\weapons\v_bren\v_bren_anims\pickup_a_i.smd
SMD MODEL ..\..\..\MCV_SMD_OG\weapons\v_bren\v_bren_anims\pickup_e_a.smd
SMD MODEL ..\..\..\MCV_SMD_OG\weapons\v_bren\v_bren_anims\pickup_e_a_i.smd
SMD MODEL ..\..\..\MCV_SMD_OG\weapons\v_bren\v_bren_anims\deploy_s_a.smd
SMD MODEL ..\..\..\MCV_SMD_OG\weapons\v_bren\v_bren_anims\deploy_s_a_i.smd
SMD MODEL ..\..\..\MCV_SMD_OG\weapons\v_bren\v_bren_anims\deploy_a.smd
SMD MODEL ..\..\..\MCV_SMD_OG\weapons\v_bren\v_bren_anims\ironsightdeploy.smd
SMD MODEL ..\..\..\MCV_SMD_OG\weapons\v_bren\v_bren_anims\deploy_e_a.smd
SMD MODEL ..\..\..\MCV_SMD_OG\weapons\v_bren\v_bren_anims\deploy_e_a_i.smd
SMD MODEL ..\..\..\MCV_SMD_OG\weapons\v_bren\v_bren_anims\shoot1_d_a.smd
SMD MODEL ..\..\..\MCV_SMD_OG\weapons\v_bren\v_bren_anims\shoot1_di_a.smd
SMD MODEL ..\..\..\MCV_SMD_OG\weapons\v_bren\v_bren_anims\shoot2_d_a.smd
SMD MODEL ..\..\..\MCV_SMD_OG\weapons\v_bren\v_bren_anims\shoot2_di_a.smd
SMD MODEL ..\..\..\MCV_SMD_OG\weapons\v_bren\v_bren_anims\shoot3_d_a.smd
SMD MODEL ..\..\..\MCV_SMD_OG\weapons\v_bren\v_bren_anims\shoot3_di_a.smd
SMD MODEL ..\..\..\MCV_SMD_OG\weapons\v_bren\v_bren_anims\draw.smd
SMD MODEL ..\..\..\MCV_SMD_OG\weapons\v_bren\v_bren_anims\draw_2.smd
SMD MODEL ..\..\..\MCV_SMD_OG\weapons\v_bren\v_bren_anims\Firstdraw.smd
SMD MODEL ..\..\..\MCV_SMD_OG\weapons\v_bren\v_bren_anims\Firstdraw_2.smd
SMD MODEL ..\..\..\MCV_SMD_OG\weapons\v_bren\v_bren_anims\reload.smd
SMD MODEL ..\..\..\MCV_SMD_OG\weapons\v_bren\v_bren_anims\reload_2.smd
SMD MODEL ..\..\..\MCV_SMD_OG\weapons\v_bren\v_bren_anims\reload_empty.smd
SMD MODEL ..\..\..\MCV_SMD_OG\weapons\v_bren\v_bren_anims\reload_empty_2.smd
SMD MODEL ..\..\..\MCV_SMD_OG\weapons\v_bren\v_bren_anims\bash.smd
SMD MODEL ..\..\..\MCV_SMD_OG\weapons\v_bren\v_bren_anims\bash_2.smd
SMD MODEL ..\..\..\MCV_SMD_OG\weapons\v_bren\v_bren_anims\reload_deploy.smd
SMD MODEL ..\..\..\MCV_SMD_OG\weapons\v_bren\v_bren_anims\reload_deploy_2.smd
SMD MODEL ..\..\..\MCV_SMD_OG\weapons\v_bren\v_bren_anims\reload_deploy_empty.smd
SMD MODEL ..\..\..\MCV_SMD_OG\weapons\v_bren\v_bren_anims\reload_deploy_empty_2.smd
SMD MODEL ..\..\..\MCV_SMD_OG\weapons\v_bren\v_bren_anims\holster.smd
Processing LOD for material: shells_small_additional
Processing LOD for material: bren
---------------------
writing C:\Program Files (x86)\Steam\steamapps\common\GarrysMod\garrysmod\addons\mcv\work\compile_test_game\models/weapons/mcv/v_bren.mdl:
Loading preexisting model: C:\Program Files (x86)\Steam\steamapps\common\GarrysMod\garrysmod\addons\mcv\work\compile_test_game\models/weapons/mcv/v_bren.mdl
WARNING: LoadPreexistingSequenceOrder: Zero-size file or no sequences.
bones        22844 bytes (99)
animations  330960 bytes (82 anims) (2994 frames) [1:37]
sequences    13908 bytes (35 seq) 
ik/pose        224 bytes
eyeballs         0 bytes (0 eyeballs)
flexes           0 bytes (0 flexes)
textures       140 bytes
keyvalues       20 bytes
bone transforms    13528 bytes
bone flex driver       0 bytes
collision        0 bytes
total       385932
---------------------
writing C:\Program Files (x86)\Steam\steamapps\common\GarrysMod\garrysmod\addons\mcv\work\compile_test_game\models/weapons/mcv/v_bren.vvd:
vertices   1309392 bytes (27279 vertices)
tangents    436464 bytes (27279 vertices)
total      1745920 bytes
---------------------
Generating optimized mesh "C:\Program Files (x86)\Steam\steamapps\common\GarrysMod\garrysmod\addons\mcv\work\compile_test_game\models/weapons/mcv/v_bren.dx80.vtx":
body parts:         8 bytes
models:            20 bytes
model LODs:        12 bytes
meshes:            18 bytes
strip groups:      50 bytes
strips:            54 bytes
verts:         245511 bytes
indices:       203106 bytes
bone changes:      88 bytes
everything:    448891 bytes
---------------------
Generating optimized mesh "C:\Program Files (x86)\Steam\steamapps\common\GarrysMod\garrysmod\addons\mcv\work\compile_test_game\models/weapons/mcv/v_bren.dx90.vtx":
body parts:         8 bytes
models:            20 bytes
model LODs:        12 bytes
meshes:            18 bytes
strip groups:      50 bytes
strips:            54 bytes
verts:         245511 bytes
indices:       203106 bytes
bone changes:      88 bytes
everything:    448891 bytes

Completed "v_bren.qc"
