StudioMDL.exe (Apr 27 2026) - Garry's Mod Edition
WARNING: Failed to load keyvalues file cfg/mount.cfg!
qdir:    "c:\program files (x86)\steam\steamapps\common\garrysmod\garrysmod\addons\mcv\work\mcv_smd_port\weapons\v_c4\"
gamedir: "C:\Program Files (x86)\Steam\steamapps\common\GarrysMod\garrysmod\addons\mcv\work\compile_test_game\"
g_path:  "C:\Program Files (x86)\Steam\steamapps\common\GarrysMod\garrysmod\addons\mcv\work\MCV_SMD_PORT\weapons\v_c4\v_c4.qc"
Building binary model files...
Working on "v_c4.qc"
SMD MODEL ..\..\..\MCV_SMD_OG\weapons\v_c4\Ref_new.smd
SMD MODEL ..\..\..\MCV_SMD_OG\weapons\v_c4\v_c4_anims\runIdle_a_corrective_animation.smd
SMD MODEL ..\..\..\MCV_SMD_OG\weapons\v_c4\v_c4_anims\run_a_corrective_animation.smd
SMD MODEL ..\..\..\MCV_SMD_OG\weapons\v_c4\v_c4_anims\walkIdle_a_corrective_animation.smd
SMD MODEL ..\..\..\MCV_SMD_OG\weapons\v_c4\v_c4_anims\walk_a_corrective_animation.smd
SMD MODEL ..\..\..\MCV_SMD_OG\weapons\v_c4\v_c4_anims\basePose_a.smd
SMD MODEL ..\..\..\MCV_SMD_OG\weapons\v_c4\v_c4_anims\runIdle_a.smd
SMD MODEL ..\..\..\MCV_SMD_OG\weapons\v_c4\v_c4_anims\run_a.smd
SMD MODEL ..\..\..\MCV_SMD_OG\weapons\v_c4\v_c4_anims\walkBase.smd
SMD MODEL ..\..\..\MCV_SMD_OG\weapons\v_c4\v_c4_anims\walkIdle_a.smd
SMD MODEL fixed_anims\walk_a.smd
SMD MODEL ..\..\..\MCV_SMD_OG\weapons\v_c4\v_c4_anims\proneF.smd
SMD MODEL ..\..\..\MCV_SMD_OG\weapons\v_c4\v_c4_anims\proneB.smd
SMD MODEL ..\..\..\MCV_SMD_OG\weapons\v_c4\v_c4_anims\proneL.smd
SMD MODEL ..\..\..\MCV_SMD_OG\weapons\v_c4\v_c4_anims\proneR.smd
SMD MODEL ..\..\..\MCV_SMD_OG\weapons\v_c4\v_c4_anims\drawbackhigh.smd
SMD MODEL ..\..\..\MCV_SMD_OG\weapons\v_c4\v_c4_anims\throw.smd
SMD MODEL ..\..\..\MCV_SMD_OG\weapons\v_c4\v_c4_anims\plant.smd
SMD MODEL ..\..\..\MCV_SMD_OG\weapons\v_c4\v_c4_anims\draw.smd
SMD MODEL ..\..\..\MCV_SMD_OG\weapons\v_c4\v_c4_anims\bash.smd
SMD MODEL ..\..\..\MCV_SMD_OG\weapons\v_c4\v_c4_anims\pickupstart.smd
SMD MODEL ..\..\..\MCV_SMD_OG\weapons\v_c4\v_c4_anims\pickuploop.smd
SMD MODEL ..\..\..\MCV_SMD_OG\weapons\v_c4\v_c4_anims\pickupend.smd
SMD MODEL ..\..\..\MCV_SMD_OG\weapons\v_c4\v_c4_anims\idletonearwall.smd
SMD MODEL ..\..\..\MCV_SMD_OG\weapons\v_c4\v_c4_anims\nearwall.smd
SMD MODEL ..\..\..\MCV_SMD_OG\weapons\v_c4\v_c4_anims\nearwalltoidle.smd
SMD MODEL ..\..\..\MCV_SMD_OG\weapons\v_c4\v_c4_anims\holster.smd
Processing LOD for material: v_c4
---------------------
writing C:\Program Files (x86)\Steam\steamapps\common\GarrysMod\garrysmod\addons\mcv\work\compile_test_game\models/weapons/mcv/v_c4.mdl:
Loading preexisting model: C:\Program Files (x86)\Steam\steamapps\common\GarrysMod\garrysmod\addons\mcv\work\compile_test_game\models/weapons/mcv/v_c4.mdl
WARNING: LoadPreexistingSequenceOrder: Zero-size file or no sequences.
bones        21088 bytes (93)
animations   70000 bytes (26 anims) (555 frames) [0:18]
sequences     6056 bytes (17 seq) 
ik/pose        224 bytes
eyeballs         0 bytes (0 eyeballs)
flexes           0 bytes (0 flexes)
textures        72 bytes
keyvalues       20 bytes
bone transforms    12712 bytes
bone flex driver       0 bytes
collision        0 bytes
total       112836
---------------------
writing C:\Program Files (x86)\Steam\steamapps\common\GarrysMod\garrysmod\addons\mcv\work\compile_test_game\models/weapons/mcv/v_c4.vvd:
vertices    124656 bytes (2597 vertices)
tangents     41552 bytes (2597 vertices)
total       166272 bytes
---------------------
Generating optimized mesh "C:\Program Files (x86)\Steam\steamapps\common\GarrysMod\garrysmod\addons\mcv\work\compile_test_game\models/weapons/mcv/v_c4.dx80.vtx":
body parts:         8 bytes
models:            20 bytes
model LODs:        12 bytes
meshes:             9 bytes
strip groups:      25 bytes
strips:            27 bytes
verts:          23373 bytes
indices:        22920 bytes
bone changes:      32 bytes
everything:     46450 bytes
---------------------
Generating optimized mesh "C:\Program Files (x86)\Steam\steamapps\common\GarrysMod\garrysmod\addons\mcv\work\compile_test_game\models/weapons/mcv/v_c4.dx90.vtx":
body parts:         8 bytes
models:            20 bytes
model LODs:        12 bytes
meshes:             9 bytes
strip groups:      25 bytes
strips:            27 bytes
verts:          23373 bytes
indices:        22920 bytes
bone changes:      32 bytes
everything:     46450 bytes

Completed "v_c4.qc"
