StudioMDL.exe (Apr 27 2026) - Garry's Mod Edition
WARNING: Failed to load keyvalues file cfg/mount.cfg!
qdir:    "c:\program files (x86)\steam\steamapps\common\garrysmod\garrysmod\addons\mcv\work\mcv_smd_port\weapons\v_csg2\"
gamedir: "C:\Program Files (x86)\Steam\steamapps\common\GarrysMod\garrysmod\addons\mcv\work\compile_test_game\"
g_path:  "C:\Program Files (x86)\Steam\steamapps\common\GarrysMod\garrysmod\addons\mcv\work\MCV_SMD_PORT\weapons\v_csg2\v_csg2.qc"
Building binary model files...
Working on "v_csg2.qc"
SMD MODEL ..\..\..\MCV_SMD_OG\weapons\v_csg2\CSS_newref.smd
SMD MODEL ..\..\..\MCV_SMD_OG\weapons\v_csg2\v_csg2_anims\runIdle_a_corrective_animation.smd
SMD MODEL ..\..\..\MCV_SMD_OG\weapons\v_csg2\v_csg2_anims\run_a_corrective_animation.smd
SMD MODEL ..\..\..\MCV_SMD_OG\weapons\v_csg2\v_csg2_anims\walkIdle_a_corrective_animation.smd
SMD MODEL ..\..\..\MCV_SMD_OG\weapons\v_csg2\v_csg2_anims\walk_a_corrective_animation.smd
SMD MODEL ..\..\..\MCV_SMD_OG\weapons\v_csg2\v_csg2_anims\basePose_a.smd
SMD MODEL ..\..\..\MCV_SMD_OG\weapons\v_csg2\v_csg2_anims\runIdle_a.smd
SMD MODEL ..\..\..\MCV_SMD_OG\weapons\v_csg2\v_csg2_anims\run_a.smd
SMD MODEL ..\..\..\MCV_SMD_OG\weapons\v_csg2\v_csg2_anims\walkIdle_a.smd
SMD MODEL ..\..\..\MCV_SMD_OG\weapons\v_csg2\v_csg2_anims\walk_a.smd
SMD MODEL ..\..\..\MCV_SMD_OG\weapons\v_csg2\v_csg2_anims\proneF.smd
SMD MODEL ..\..\..\MCV_SMD_OG\weapons\v_csg2\v_csg2_anims\proneB.smd
SMD MODEL ..\..\..\MCV_SMD_OG\weapons\v_csg2\v_csg2_anims\proneL.smd
SMD MODEL ..\..\..\MCV_SMD_OG\weapons\v_csg2\v_csg2_anims\proneR.smd
SMD MODEL ..\..\..\MCV_SMD_OG\weapons\v_csg2\v_csg2_anims\idle.smd
SMD MODEL ..\..\..\MCV_SMD_OG\weapons\v_csg2\v_csg2_anims\drawbackhigh.smd
SMD MODEL ..\..\..\MCV_SMD_OG\weapons\v_csg2\v_csg2_anims\drawbacklow.smd
SMD MODEL ..\..\..\MCV_SMD_OG\weapons\v_csg2\v_csg2_anims\throw.smd
SMD MODEL ..\..\..\MCV_SMD_OG\weapons\v_csg2\v_csg2_anims\roll.smd
SMD MODEL ..\..\..\MCV_SMD_OG\weapons\v_csg2\v_csg2_anims\lob.smd
SMD MODEL ..\..\..\MCV_SMD_OG\weapons\v_csg2\v_csg2_anims\draw.smd
SMD MODEL ..\..\..\MCV_SMD_OG\weapons\v_csg2\v_csg2_anims\bash.smd
SMD MODEL ..\..\..\MCV_SMD_OG\weapons\v_csg2\v_csg2_anims\pickupstart.smd
SMD MODEL ..\..\..\MCV_SMD_OG\weapons\v_csg2\v_csg2_anims\pickuploop.smd
SMD MODEL ..\..\..\MCV_SMD_OG\weapons\v_csg2\v_csg2_anims\pickupend.smd
SMD MODEL ..\..\..\MCV_SMD_OG\weapons\v_csg2\v_csg2_anims\idletonearwall.smd
SMD MODEL ..\..\..\MCV_SMD_OG\weapons\v_csg2\v_csg2_anims\nearwall.smd
SMD MODEL ..\..\..\MCV_SMD_OG\weapons\v_csg2\v_csg2_anims\nearwalltoidle.smd
SMD MODEL ..\..\..\MCV_SMD_OG\weapons\v_csg2\v_csg2_anims\holster.smd
SMD MODEL ..\..\..\MCV_SMD_OG\weapons\v_csg2\v_csg2_anims\firemode.smd
Processing LOD for material: csg2
---------------------
writing C:\Program Files (x86)\Steam\steamapps\common\GarrysMod\garrysmod\addons\mcv\work\compile_test_game\models/weapons/mcv/v_csg2.mdl:
Loading preexisting model: C:\Program Files (x86)\Steam\steamapps\common\GarrysMod\garrysmod\addons\mcv\work\compile_test_game\models/weapons/mcv/v_csg2.mdl
WARNING: LoadPreexistingSequenceOrder: Zero-size file or no sequences.
bones        20868 bytes (92)
animations   71836 bytes (29 anims) (618 frames) [0:20]
sequences     7484 bytes (20 seq) 
ik/pose        224 bytes
eyeballs         0 bytes (0 eyeballs)
flexes           0 bytes (0 flexes)
textures        72 bytes
keyvalues       20 bytes
bone transforms    12576 bytes
bone flex driver       0 bytes
collision        0 bytes
total       115852
---------------------
writing C:\Program Files (x86)\Steam\steamapps\common\GarrysMod\garrysmod\addons\mcv\work\compile_test_game\models/weapons/mcv/v_csg2.vvd:
vertices     83808 bytes (1746 vertices)
tangents     27936 bytes (1746 vertices)
total       111808 bytes
---------------------
Generating optimized mesh "C:\Program Files (x86)\Steam\steamapps\common\GarrysMod\garrysmod\addons\mcv\work\compile_test_game\models/weapons/mcv/v_csg2.dx80.vtx":
body parts:         8 bytes
models:            20 bytes
model LODs:        12 bytes
meshes:             9 bytes
strip groups:      25 bytes
strips:            27 bytes
verts:          15714 bytes
indices:        16296 bytes
bone changes:      24 bytes
everything:     32159 bytes
---------------------
Generating optimized mesh "C:\Program Files (x86)\Steam\steamapps\common\GarrysMod\garrysmod\addons\mcv\work\compile_test_game\models/weapons/mcv/v_csg2.dx90.vtx":
body parts:         8 bytes
models:            20 bytes
model LODs:        12 bytes
meshes:             9 bytes
strip groups:      25 bytes
strips:            27 bytes
verts:          15714 bytes
indices:        16296 bytes
bone changes:      24 bytes
everything:     32159 bytes

Completed "v_csg2.qc"
