StudioMDL.exe (Apr 27 2026) - Garry's Mod Edition
WARNING: Failed to load keyvalues file cfg/mount.cfg!
qdir:    "c:\program files (x86)\steam\steamapps\common\garrysmod\garrysmod\addons\mcv\work\mcv_smd_port\weapons\v_dual_m1911\"
gamedir: "C:\Program Files (x86)\Steam\steamapps\common\GarrysMod\garrysmod\addons\mcv\work\compile_test_game\"
g_path:  "C:\Program Files (x86)\Steam\steamapps\common\GarrysMod\garrysmod\addons\mcv\work\MCV_SMD_PORT\weapons\v_dual_m1911\v_dual_m1911.qc"
Building binary model files...
Working on "v_dual_m1911.qc"
SMD MODEL ..\..\..\MCV_SMD_OG\weapons\v_dual_m1911\Ref1911_Right.smd
SMD MODEL ..\..\..\MCV_SMD_OG\weapons\v_dual_m1911\Ref1911_Left.smd
SMD MODEL ..\..\..\MCV_SMD_OG\weapons\v_dual_m1911\v_dual_m1911_anims\Default_corrective_animation.smd
SMD MODEL ..\..\..\MCV_SMD_OG\weapons\v_dual_m1911\v_dual_m1911_anims\RightEmpty_corrective_animation.smd
SMD MODEL ..\..\..\MCV_SMD_OG\weapons\v_dual_m1911\v_dual_m1911_anims\BothEmpty_corrective_animation.smd
SMD MODEL ..\..\..\MCV_SMD_OG\weapons\v_dual_m1911\v_dual_m1911_anims\runIdle_a_corrective_animation.smd
SMD MODEL ..\..\..\MCV_SMD_OG\weapons\v_dual_m1911\v_dual_m1911_anims\run_a_corrective_animation.smd
SMD MODEL ..\..\..\MCV_SMD_OG\weapons\v_dual_m1911\v_dual_m1911_anims\walkIdle_a_corrective_animation.smd
SMD MODEL ..\..\..\MCV_SMD_OG\weapons\v_dual_m1911\v_dual_m1911_anims\walk_a_corrective_animation.smd
SMD MODEL ..\..\..\MCV_SMD_OG\weapons\v_dual_m1911\v_dual_m1911_anims\shoot1_r_a_corrective_animation.smd
SMD MODEL ..\..\..\MCV_SMD_OG\weapons\v_dual_m1911\v_dual_m1911_anims\shoot1_r_ironsight_a_corrective_animation.smd
SMD MODEL ..\..\..\MCV_SMD_OG\weapons\v_dual_m1911\v_dual_m1911_anims\shoot1_l_a_corrective_animation.smd
SMD MODEL ..\..\..\MCV_SMD_OG\weapons\v_dual_m1911\v_dual_m1911_anims\shoot1_l_ironsight_a_corrective_animation.smd
SMD MODEL ..\..\..\MCV_SMD_OG\weapons\v_dual_m1911\v_dual_m1911_anims\shoot2_r_a_corrective_animation.smd
SMD MODEL ..\..\..\MCV_SMD_OG\weapons\v_dual_m1911\v_dual_m1911_anims\shoot2_r_ironsight_a_corrective_animation.smd
SMD MODEL ..\..\..\MCV_SMD_OG\weapons\v_dual_m1911\v_dual_m1911_anims\shoot2_l_a_corrective_animation.smd
SMD MODEL ..\..\..\MCV_SMD_OG\weapons\v_dual_m1911\v_dual_m1911_anims\shoot2_l_ironsight_a_corrective_animation.smd
SMD MODEL ..\..\..\MCV_SMD_OG\weapons\v_dual_m1911\v_dual_m1911_anims\shootlast_r_a_corrective_animation.smd
SMD MODEL ..\..\..\MCV_SMD_OG\weapons\v_dual_m1911\v_dual_m1911_anims\shootlast_r_ironsight_a_corrective_animation.smd
SMD MODEL ..\..\..\MCV_SMD_OG\weapons\v_dual_m1911\v_dual_m1911_anims\shootlast_l_a_corrective_animation.smd
SMD MODEL ..\..\..\MCV_SMD_OG\weapons\v_dual_m1911\v_dual_m1911_anims\shootlast_l_ironsight_a_corrective_animation.smd
SMD MODEL ..\..\..\MCV_SMD_OG\weapons\v_dual_m1911\v_dual_m1911_anims\PoseDelta.smd
SMD MODEL ..\..\..\MCV_SMD_OG\weapons\v_dual_m1911\v_dual_m1911_anims\Default.smd
SMD MODEL ..\..\..\MCV_SMD_OG\weapons\v_dual_m1911\v_dual_m1911_anims\RightEmpty.smd
SMD MODEL ..\..\..\MCV_SMD_OG\weapons\v_dual_m1911\v_dual_m1911_anims\BothEmpty.smd
SMD MODEL ..\..\..\MCV_SMD_OG\weapons\v_dual_m1911\v_dual_m1911_anims\basePose_a.smd
SMD MODEL ..\..\..\MCV_SMD_OG\weapons\v_dual_m1911\v_dual_m1911_anims\ironsight.smd
SMD MODEL ..\..\..\MCV_SMD_OG\weapons\v_dual_m1911\v_dual_m1911_anims\ironsight_transition.smd
SMD MODEL ..\..\..\MCV_SMD_OG\weapons\v_dual_m1911\v_dual_m1911_anims\runIdle_a.smd
SMD MODEL ..\..\..\MCV_SMD_OG\weapons\v_dual_m1911\v_dual_m1911_anims\run_a.smd
SMD MODEL ..\..\..\MCV_SMD_OG\weapons\v_dual_m1911\v_dual_m1911_anims\walkIdle_a.smd
SMD MODEL ..\..\..\MCV_SMD_OG\weapons\v_dual_m1911\v_dual_m1911_anims\walk_a.smd
SMD MODEL ..\..\..\MCV_SMD_OG\weapons\v_dual_m1911\v_dual_m1911_anims\FirstDraw_a.smd
SMD MODEL ..\..\..\MCV_SMD_OG\weapons\v_dual_m1911\v_dual_m1911_anims\FirstDraw_a_i.smd
SMD MODEL ..\..\..\MCV_SMD_OG\weapons\v_dual_m1911\v_dual_m1911_anims\shoot1_r_a.smd
SMD MODEL ..\..\..\MCV_SMD_OG\weapons\v_dual_m1911\v_dual_m1911_anims\shoot1_r_ironsight_a.smd
SMD MODEL ..\..\..\MCV_SMD_OG\weapons\v_dual_m1911\v_dual_m1911_anims\shoot1_l_a.smd
SMD MODEL ..\..\..\MCV_SMD_OG\weapons\v_dual_m1911\v_dual_m1911_anims\shoot1_l_ironsight_a.smd
SMD MODEL ..\..\..\MCV_SMD_OG\weapons\v_dual_m1911\v_dual_m1911_anims\shoot2_r_a.smd
SMD MODEL ..\..\..\MCV_SMD_OG\weapons\v_dual_m1911\v_dual_m1911_anims\shoot2_r_ironsight_a.smd
SMD MODEL ..\..\..\MCV_SMD_OG\weapons\v_dual_m1911\v_dual_m1911_anims\shoot2_l_a.smd
SMD MODEL ..\..\..\MCV_SMD_OG\weapons\v_dual_m1911\v_dual_m1911_anims\shoot2_l_ironsight_a.smd
SMD MODEL ..\..\..\MCV_SMD_OG\weapons\v_dual_m1911\v_dual_m1911_anims\shootlast_r_a.smd
SMD MODEL ..\..\..\MCV_SMD_OG\weapons\v_dual_m1911\v_dual_m1911_anims\shootlast_r_ironsight_a.smd
SMD MODEL ..\..\..\MCV_SMD_OG\weapons\v_dual_m1911\v_dual_m1911_anims\shootlast_l_a.smd
SMD MODEL ..\..\..\MCV_SMD_OG\weapons\v_dual_m1911\v_dual_m1911_anims\shootlast_l_ironsight_a.smd
SMD MODEL ..\..\..\MCV_SMD_OG\weapons\v_dual_m1911\v_dual_m1911_anims\reload_a.smd
SMD MODEL ..\..\..\MCV_SMD_OG\weapons\v_dual_m1911\v_dual_m1911_anims\reload_a_i.smd
SMD MODEL ..\..\..\MCV_SMD_OG\weapons\v_dual_m1911\v_dual_m1911_anims\reload_r_a.smd
SMD MODEL ..\..\..\MCV_SMD_OG\weapons\v_dual_m1911\v_dual_m1911_anims\reload_r_a_i.smd
SMD MODEL ..\..\..\MCV_SMD_OG\weapons\v_dual_m1911\v_dual_m1911_anims\reload_er_a.smd
SMD MODEL ..\..\..\MCV_SMD_OG\weapons\v_dual_m1911\v_dual_m1911_anims\reload_er_a_i.smd
SMD MODEL ..\..\..\MCV_SMD_OG\weapons\v_dual_m1911\v_dual_m1911_anims\reload_e_a.smd
SMD MODEL ..\..\..\MCV_SMD_OG\weapons\v_dual_m1911\v_dual_m1911_anims\reload_e_a_i.smd
SMD MODEL ..\..\..\MCV_SMD_OG\weapons\v_dual_m1911\v_dual_m1911_anims\nearwall_s_a.smd
SMD MODEL ..\..\..\MCV_SMD_OG\weapons\v_dual_m1911\v_dual_m1911_anims\nearwall_s_a_i.smd
SMD MODEL ..\..\..\MCV_SMD_OG\weapons\v_dual_m1911\v_dual_m1911_anims\nearwall_a.smd
SMD MODEL ..\..\..\MCV_SMD_OG\weapons\v_dual_m1911\v_dual_m1911_anims\nearwall_a_i.smd
SMD MODEL ..\..\..\MCV_SMD_OG\weapons\v_dual_m1911\v_dual_m1911_anims\nearwall_e_a.smd
SMD MODEL ..\..\..\MCV_SMD_OG\weapons\v_dual_m1911\v_dual_m1911_anims\nearwall_e_a_i.smd
SMD MODEL ..\..\..\MCV_SMD_OG\weapons\v_dual_m1911\v_dual_m1911_anims\proneF.smd
SMD MODEL ..\..\..\MCV_SMD_OG\weapons\v_dual_m1911\v_dual_m1911_anims\proneB.smd
SMD MODEL ..\..\..\MCV_SMD_OG\weapons\v_dual_m1911\v_dual_m1911_anims\proneL.smd
SMD MODEL ..\..\..\MCV_SMD_OG\weapons\v_dual_m1911\v_dual_m1911_anims\proneR.smd
SMD MODEL ..\..\..\MCV_SMD_OG\weapons\v_dual_m1911\v_dual_m1911_anims\pickup_s_a.smd
SMD MODEL ..\..\..\MCV_SMD_OG\weapons\v_dual_m1911\v_dual_m1911_anims\pickup_s_a_i.smd
SMD MODEL ..\..\..\MCV_SMD_OG\weapons\v_dual_m1911\v_dual_m1911_anims\pickup_a.smd
SMD MODEL ..\..\..\MCV_SMD_OG\weapons\v_dual_m1911\v_dual_m1911_anims\pickup_a_i.smd
SMD MODEL ..\..\..\MCV_SMD_OG\weapons\v_dual_m1911\v_dual_m1911_anims\pickup_e_a.smd
SMD MODEL ..\..\..\MCV_SMD_OG\weapons\v_dual_m1911\v_dual_m1911_anims\pickup_e_a_i.smd
SMD MODEL ..\..\..\MCV_SMD_OG\weapons\v_dual_m1911\v_dual_m1911_anims\draw.smd
SMD MODEL ..\..\..\MCV_SMD_OG\weapons\v_dual_m1911\v_dual_m1911_anims\draw_2.smd
SMD MODEL ..\..\..\MCV_SMD_OG\weapons\v_dual_m1911\v_dual_m1911_anims\bash.smd
SMD MODEL ..\..\..\MCV_SMD_OG\weapons\v_dual_m1911\v_dual_m1911_anims\bash_2.smd
SMD MODEL ..\..\..\MCV_SMD_OG\weapons\v_dual_m1911\v_dual_m1911_anims\holster.smd
Processing LOD for material: m1911
Processing LOD for material: shells_small
Processing LOD for material: m1911
Processing LOD for material: shells_small
---------------------
writing C:\Program Files (x86)\Steam\steamapps\common\GarrysMod\garrysmod\addons\mcv\work\compile_test_game\models/weapons/mcv/v_dual_m1911.mdl:
Loading preexisting model: C:\Program Files (x86)\Steam\steamapps\common\GarrysMod\garrysmod\addons\mcv\work\compile_test_game\models/weapons/mcv/v_dual_m1911.mdl
   Found 34 preexisting sequences.
bones        24400 bytes (105)
animations  206232 bytes (128 anims) (2149 frames) [1:11]
Building sequence index remapping table...
No re-ordering required.
sequences    14300 bytes (34 seq) 
ik/pose        448 bytes
eyeballs         0 bytes (0 eyeballs)
flexes           0 bytes (0 flexes)
eyeballs         0 bytes (0 eyeballs)
flexes           0 bytes (0 flexes)
textures       140 bytes
keyvalues       20 bytes
bone transforms    14344 bytes
bone flex driver       0 bytes
collision        0 bytes
total       265872
---------------------
writing C:\Program Files (x86)\Steam\steamapps\common\GarrysMod\garrysmod\addons\mcv\work\compile_test_game\models/weapons/mcv/v_dual_m1911.vvd:
vertices    245280 bytes (5110 vertices)
vertices    245280 bytes (5110 vertices)
tangents     81760 bytes (5110 vertices)
tangents     81760 bytes (5110 vertices)
total       654144 bytes
---------------------
Generating optimized mesh "C:\Program Files (x86)\Steam\steamapps\common\GarrysMod\garrysmod\addons\mcv\work\compile_test_game\models/weapons/mcv/v_dual_m1911.dx80.vtx":
body parts:        16 bytes
models:            40 bytes
model LODs:        24 bytes
meshes:            36 bytes
strip groups:     100 bytes
strips:           108 bytes
verts:          91980 bytes
indices:        67824 bytes
bone changes:     136 bytes
everything:    160276 bytes
---------------------
Generating optimized mesh "C:\Program Files (x86)\Steam\steamapps\common\GarrysMod\garrysmod\addons\mcv\work\compile_test_game\models/weapons/mcv/v_dual_m1911.dx90.vtx":
body parts:        16 bytes
models:            40 bytes
model LODs:        24 bytes
meshes:            36 bytes
strip groups:     100 bytes
strips:           108 bytes
verts:          91980 bytes
indices:        67824 bytes
bone changes:     136 bytes
everything:    160276 bytes

Completed "v_dual_m1911.qc"
