StudioMDL.exe (Apr 27 2026) - Garry's Mod Edition
WARNING: Failed to load keyvalues file cfg/mount.cfg!
qdir:    "c:\program files (x86)\steam\steamapps\common\garrysmod\garrysmod\addons\mcv\work\mcv_smd_port\weapons\v_dual_mk22\"
gamedir: "C:\Program Files (x86)\Steam\steamapps\common\GarrysMod\garrysmod\addons\mcv\work\compile_test_game\"
g_path:  "C:\Program Files (x86)\Steam\steamapps\common\GarrysMod\garrysmod\addons\mcv\work\MCV_SMD_PORT\weapons\v_dual_mk22\v_dual_mk22.qc"
Building binary model files...
Working on "v_dual_mk22.qc"
SMD MODEL ..\..\..\MCV_SMD_OG\weapons\v_dual_mk22\RefMk22_Right.smd
SMD MODEL ..\..\..\MCV_SMD_OG\weapons\v_dual_mk22\RefMk22_Left.smd
SMD MODEL ..\..\..\MCV_SMD_OG\weapons\v_dual_mk22\bg_basic_Right.smd
SMD MODEL ..\..\..\MCV_SMD_OG\weapons\v_dual_mk22\v_dual_mk22_anims\Default_corrective_animation.smd
SMD MODEL ..\..\..\MCV_SMD_OG\weapons\v_dual_mk22\v_dual_mk22_anims\RightEmpty_corrective_animation.smd
SMD MODEL ..\..\..\MCV_SMD_OG\weapons\v_dual_mk22\v_dual_mk22_anims\BothEmpty_corrective_animation.smd
SMD MODEL ..\..\..\MCV_SMD_OG\weapons\v_dual_mk22\v_dual_mk22_anims\runIdle_a_corrective_animation.smd
SMD MODEL ..\..\..\MCV_SMD_OG\weapons\v_dual_mk22\v_dual_mk22_anims\run_a_corrective_animation.smd
SMD MODEL ..\..\..\MCV_SMD_OG\weapons\v_dual_mk22\v_dual_mk22_anims\walkIdle_a_corrective_animation.smd
SMD MODEL ..\..\..\MCV_SMD_OG\weapons\v_dual_mk22\v_dual_mk22_anims\walk_a_corrective_animation.smd
SMD MODEL ..\..\..\MCV_SMD_OG\weapons\v_dual_mk22\v_dual_mk22_anims\shoot1_r_a_corrective_animation.smd
SMD MODEL ..\..\..\MCV_SMD_OG\weapons\v_dual_mk22\v_dual_mk22_anims\shoot1_r_ironsight_a_corrective_animation.smd
SMD MODEL ..\..\..\MCV_SMD_OG\weapons\v_dual_mk22\v_dual_mk22_anims\shoot1_l_a_corrective_animation.smd
SMD MODEL ..\..\..\MCV_SMD_OG\weapons\v_dual_mk22\v_dual_mk22_anims\shoot1_l_ironsight_a_corrective_animation.smd
SMD MODEL ..\..\..\MCV_SMD_OG\weapons\v_dual_mk22\v_dual_mk22_anims\shoot2_r_a_corrective_animation.smd
SMD MODEL ..\..\..\MCV_SMD_OG\weapons\v_dual_mk22\v_dual_mk22_anims\shoot2_r_ironsight_a_corrective_animation.smd
SMD MODEL ..\..\..\MCV_SMD_OG\weapons\v_dual_mk22\v_dual_mk22_anims\shoot2_l_a_corrective_animation.smd
SMD MODEL ..\..\..\MCV_SMD_OG\weapons\v_dual_mk22\v_dual_mk22_anims\shoot2_l_ironsight_a_corrective_animation.smd
SMD MODEL ..\..\..\MCV_SMD_OG\weapons\v_dual_mk22\v_dual_mk22_anims\shootlast_r_a_corrective_animation.smd
SMD MODEL ..\..\..\MCV_SMD_OG\weapons\v_dual_mk22\v_dual_mk22_anims\shootlast_r_ironsight_a_corrective_animation.smd
SMD MODEL ..\..\..\MCV_SMD_OG\weapons\v_dual_mk22\v_dual_mk22_anims\shootlast_l_a_corrective_animation.smd
SMD MODEL ..\..\..\MCV_SMD_OG\weapons\v_dual_mk22\v_dual_mk22_anims\shootlast_l_ironsight_a_corrective_animation.smd
SMD MODEL ..\..\..\MCV_SMD_OG\weapons\v_dual_mk22\v_dual_mk22_anims\PoseDelta.smd
SMD MODEL ..\..\..\MCV_SMD_OG\weapons\v_dual_mk22\v_dual_mk22_anims\Default.smd
SMD MODEL ..\..\..\MCV_SMD_OG\weapons\v_dual_mk22\v_dual_mk22_anims\RightEmpty.smd
SMD MODEL ..\..\..\MCV_SMD_OG\weapons\v_dual_mk22\v_dual_mk22_anims\BothEmpty.smd
SMD MODEL ..\..\..\MCV_SMD_OG\weapons\v_dual_mk22\v_dual_mk22_anims\basePose_a.smd
SMD MODEL ..\..\..\MCV_SMD_OG\weapons\v_dual_mk22\v_dual_mk22_anims\ironsight.smd
SMD MODEL ..\..\..\MCV_SMD_OG\weapons\v_dual_mk22\v_dual_mk22_anims\ironsight_transition.smd
SMD MODEL ..\..\..\MCV_SMD_OG\weapons\v_dual_mk22\v_dual_mk22_anims\runIdle_a.smd
SMD MODEL ..\..\..\MCV_SMD_OG\weapons\v_dual_mk22\v_dual_mk22_anims\run_a.smd
SMD MODEL ..\..\..\MCV_SMD_OG\weapons\v_dual_mk22\v_dual_mk22_anims\walkIdle_a.smd
SMD MODEL ..\..\..\MCV_SMD_OG\weapons\v_dual_mk22\v_dual_mk22_anims\walk_a.smd
SMD MODEL ..\..\..\MCV_SMD_OG\weapons\v_dual_mk22\v_dual_mk22_anims\FirstDraw_a.smd
SMD MODEL ..\..\..\MCV_SMD_OG\weapons\v_dual_mk22\v_dual_mk22_anims\FirstDraw_a_i.smd
SMD MODEL ..\..\..\MCV_SMD_OG\weapons\v_dual_mk22\v_dual_mk22_anims\shoot1_r_a.smd
SMD MODEL ..\..\..\MCV_SMD_OG\weapons\v_dual_mk22\v_dual_mk22_anims\shoot1_r_ironsight_a.smd
SMD MODEL ..\..\..\MCV_SMD_OG\weapons\v_dual_mk22\v_dual_mk22_anims\shoot1_l_a.smd
SMD MODEL ..\..\..\MCV_SMD_OG\weapons\v_dual_mk22\v_dual_mk22_anims\shoot1_l_ironsight_a.smd
SMD MODEL ..\..\..\MCV_SMD_OG\weapons\v_dual_mk22\v_dual_mk22_anims\shoot2_r_a.smd
SMD MODEL ..\..\..\MCV_SMD_OG\weapons\v_dual_mk22\v_dual_mk22_anims\shoot2_r_ironsight_a.smd
SMD MODEL ..\..\..\MCV_SMD_OG\weapons\v_dual_mk22\v_dual_mk22_anims\shoot2_l_a.smd
SMD MODEL ..\..\..\MCV_SMD_OG\weapons\v_dual_mk22\v_dual_mk22_anims\shoot2_l_ironsight_a.smd
SMD MODEL ..\..\..\MCV_SMD_OG\weapons\v_dual_mk22\v_dual_mk22_anims\shootlast_r_a.smd
SMD MODEL ..\..\..\MCV_SMD_OG\weapons\v_dual_mk22\v_dual_mk22_anims\shootlast_r_ironsight_a.smd
SMD MODEL ..\..\..\MCV_SMD_OG\weapons\v_dual_mk22\v_dual_mk22_anims\shootlast_l_a.smd
SMD MODEL ..\..\..\MCV_SMD_OG\weapons\v_dual_mk22\v_dual_mk22_anims\shootlast_l_ironsight_a.smd
SMD MODEL ..\..\..\MCV_SMD_OG\weapons\v_dual_mk22\v_dual_mk22_anims\reload_a.smd
SMD MODEL ..\..\..\MCV_SMD_OG\weapons\v_dual_mk22\v_dual_mk22_anims\reload_a_i.smd
SMD MODEL ..\..\..\MCV_SMD_OG\weapons\v_dual_mk22\v_dual_mk22_anims\reload_r_a.smd
SMD MODEL ..\..\..\MCV_SMD_OG\weapons\v_dual_mk22\v_dual_mk22_anims\reload_r_a_i.smd
SMD MODEL ..\..\..\MCV_SMD_OG\weapons\v_dual_mk22\v_dual_mk22_anims\reload_er_a.smd
SMD MODEL ..\..\..\MCV_SMD_OG\weapons\v_dual_mk22\v_dual_mk22_anims\reload_er_a_i.smd
SMD MODEL ..\..\..\MCV_SMD_OG\weapons\v_dual_mk22\v_dual_mk22_anims\reload_e_a.smd
SMD MODEL ..\..\..\MCV_SMD_OG\weapons\v_dual_mk22\v_dual_mk22_anims\reload_e_a_i.smd
SMD MODEL ..\..\..\MCV_SMD_OG\weapons\v_dual_mk22\v_dual_mk22_anims\nearwall_s_a.smd
SMD MODEL ..\..\..\MCV_SMD_OG\weapons\v_dual_mk22\v_dual_mk22_anims\nearwall_s_a_i.smd
SMD MODEL ..\..\..\MCV_SMD_OG\weapons\v_dual_mk22\v_dual_mk22_anims\nearwall_a.smd
SMD MODEL ..\..\..\MCV_SMD_OG\weapons\v_dual_mk22\v_dual_mk22_anims\nearwall_a_i.smd
SMD MODEL ..\..\..\MCV_SMD_OG\weapons\v_dual_mk22\v_dual_mk22_anims\nearwall_e_a.smd
SMD MODEL ..\..\..\MCV_SMD_OG\weapons\v_dual_mk22\v_dual_mk22_anims\nearwall_e_a_i.smd
SMD MODEL ..\..\..\MCV_SMD_OG\weapons\v_dual_mk22\v_dual_mk22_anims\proneF.smd
SMD MODEL ..\..\..\MCV_SMD_OG\weapons\v_dual_mk22\v_dual_mk22_anims\proneB.smd
SMD MODEL ..\..\..\MCV_SMD_OG\weapons\v_dual_mk22\v_dual_mk22_anims\proneL.smd
SMD MODEL ..\..\..\MCV_SMD_OG\weapons\v_dual_mk22\v_dual_mk22_anims\proneR.smd
SMD MODEL ..\..\..\MCV_SMD_OG\weapons\v_dual_mk22\v_dual_mk22_anims\pickup_s_a.smd
SMD MODEL ..\..\..\MCV_SMD_OG\weapons\v_dual_mk22\v_dual_mk22_anims\pickup_s_a_i.smd
SMD MODEL ..\..\..\MCV_SMD_OG\weapons\v_dual_mk22\v_dual_mk22_anims\pickup_a.smd
SMD MODEL ..\..\..\MCV_SMD_OG\weapons\v_dual_mk22\v_dual_mk22_anims\pickup_a_i.smd
SMD MODEL ..\..\..\MCV_SMD_OG\weapons\v_dual_mk22\v_dual_mk22_anims\pickup_e_a.smd
SMD MODEL ..\..\..\MCV_SMD_OG\weapons\v_dual_mk22\v_dual_mk22_anims\pickup_e_a_i.smd
SMD MODEL ..\..\..\MCV_SMD_OG\weapons\v_dual_mk22\v_dual_mk22_anims\draw.smd
SMD MODEL ..\..\..\MCV_SMD_OG\weapons\v_dual_mk22\v_dual_mk22_anims\draw_2.smd
SMD MODEL ..\..\..\MCV_SMD_OG\weapons\v_dual_mk22\v_dual_mk22_anims\bash.smd
SMD MODEL ..\..\..\MCV_SMD_OG\weapons\v_dual_mk22\v_dual_mk22_anims\bash_2.smd
SMD MODEL ..\..\..\MCV_SMD_OG\weapons\v_dual_mk22\v_dual_mk22_anims\holster.smd
Processing LOD for material: mk22
Processing LOD for material: shells_small
Processing LOD for material: mk22
Processing LOD for material: shells_small
Processing LOD for material: mk22
Processing LOD for material: mod0
---------------------
writing C:\Program Files (x86)\Steam\steamapps\common\GarrysMod\garrysmod\addons\mcv\work\compile_test_game\models/weapons/mcv/v_dual_mk22.mdl:
Loading preexisting model: C:\Program Files (x86)\Steam\steamapps\common\GarrysMod\garrysmod\addons\mcv\work\compile_test_game\models/weapons/mcv/v_dual_mk22.mdl
   Found 34 preexisting sequences.
bones        23964 bytes (103)
animations  204332 bytes (128 anims) (2149 frames) [1:11]
Building sequence index remapping table...
No re-ordering required.
sequences    14284 bytes (34 seq) 
ik/pose        612 bytes
eyeballs         0 bytes (0 eyeballs)
flexes           0 bytes (0 flexes)
eyeballs         0 bytes (0 eyeballs)
flexes           0 bytes (0 flexes)
eyeballs         0 bytes (0 eyeballs)
flexes           0 bytes (0 flexes)
textures       208 bytes
keyvalues       20 bytes
bone transforms    14072 bytes
bone flex driver       0 bytes
collision        0 bytes
total       263692
---------------------
writing C:\Program Files (x86)\Steam\steamapps\common\GarrysMod\garrysmod\addons\mcv\work\compile_test_game\models/weapons/mcv/v_dual_mk22.vvd:
vertices    165840 bytes (3455 vertices)
vertices    165840 bytes (3455 vertices)
vertices    121728 bytes (2536 vertices)
tangents     55280 bytes (3455 vertices)
tangents     55280 bytes (3455 vertices)
tangents     40576 bytes (2536 vertices)
total       604608 bytes
---------------------
Generating optimized mesh "C:\Program Files (x86)\Steam\steamapps\common\GarrysMod\garrysmod\addons\mcv\work\compile_test_game\models/weapons/mcv/v_dual_mk22.dx80.vtx":
body parts:        24 bytes
models:            60 bytes
model LODs:        36 bytes
meshes:            54 bytes
strip groups:     150 bytes
strips:           162 bytes
verts:          85014 bytes
indices:        68256 bytes
bone changes:     184 bytes
everything:    153940 bytes
---------------------
Generating optimized mesh "C:\Program Files (x86)\Steam\steamapps\common\GarrysMod\garrysmod\addons\mcv\work\compile_test_game\models/weapons/mcv/v_dual_mk22.dx90.vtx":
body parts:        24 bytes
models:            60 bytes
model LODs:        36 bytes
meshes:            54 bytes
strip groups:     150 bytes
strips:           162 bytes
verts:          85014 bytes
indices:        68256 bytes
bone changes:     184 bytes
everything:    153940 bytes

Completed "v_dual_mk22.qc"
