StudioMDL.exe (Apr 27 2026) - Garry's Mod Edition
WARNING: Failed to load keyvalues file cfg/mount.cfg!
qdir:    "c:\program files (x86)\steam\steamapps\common\garrysmod\garrysmod\addons\mcv\work\mcv_smd_port\weapons\v_dual_mk22_mod0\"
gamedir: "C:\Program Files (x86)\Steam\steamapps\common\GarrysMod\garrysmod\addons\mcv\work\compile_test_game\"
g_path:  "C:\Program Files (x86)\Steam\steamapps\common\GarrysMod\garrysmod\addons\mcv\work\MCV_SMD_PORT\weapons\v_dual_mk22_mod0\v_dual_mk22_mod0.qc"
Building binary model files...
Working on "v_dual_mk22_mod0.qc"
SMD MODEL ..\..\..\MCV_SMD_OG\weapons\v_dual_mk22_mod0\RefMk22_Right.smd
SMD MODEL ..\..\..\MCV_SMD_OG\weapons\v_dual_mk22_mod0\RefMk22_Left.smd
SMD MODEL ..\..\..\MCV_SMD_OG\weapons\v_dual_mk22_mod0\bg_mod0_Right.smd
SMD MODEL ..\..\..\MCV_SMD_OG\weapons\v_dual_mk22_mod0\v_dual_mk22_mod0_anims\Default_corrective_animation.smd
SMD MODEL ..\..\..\MCV_SMD_OG\weapons\v_dual_mk22_mod0\v_dual_mk22_mod0_anims\RightEmpty_corrective_animation.smd
SMD MODEL ..\..\..\MCV_SMD_OG\weapons\v_dual_mk22_mod0\v_dual_mk22_mod0_anims\BothEmpty_corrective_animation.smd
SMD MODEL ..\..\..\MCV_SMD_OG\weapons\v_dual_mk22_mod0\v_dual_mk22_mod0_anims\runIdle_a_corrective_animation.smd
SMD MODEL ..\..\..\MCV_SMD_OG\weapons\v_dual_mk22_mod0\v_dual_mk22_mod0_anims\run_a_corrective_animation.smd
SMD MODEL ..\..\..\MCV_SMD_OG\weapons\v_dual_mk22_mod0\v_dual_mk22_mod0_anims\walkIdle_a_corrective_animation.smd
SMD MODEL ..\..\..\MCV_SMD_OG\weapons\v_dual_mk22_mod0\v_dual_mk22_mod0_anims\walk_a_corrective_animation.smd
SMD MODEL ..\..\..\MCV_SMD_OG\weapons\v_dual_mk22_mod0\v_dual_mk22_mod0_anims\shoot1_r_a_corrective_animation.smd
SMD MODEL ..\..\..\MCV_SMD_OG\weapons\v_dual_mk22_mod0\v_dual_mk22_mod0_anims\shoot1_r_ironsight_a_corrective_animation.smd
SMD MODEL ..\..\..\MCV_SMD_OG\weapons\v_dual_mk22_mod0\v_dual_mk22_mod0_anims\shoot1_l_a_corrective_animation.smd
SMD MODEL ..\..\..\MCV_SMD_OG\weapons\v_dual_mk22_mod0\v_dual_mk22_mod0_anims\shoot1_l_ironsight_a_corrective_animation.smd
SMD MODEL ..\..\..\MCV_SMD_OG\weapons\v_dual_mk22_mod0\v_dual_mk22_mod0_anims\shoot2_r_a_corrective_animation.smd
SMD MODEL ..\..\..\MCV_SMD_OG\weapons\v_dual_mk22_mod0\v_dual_mk22_mod0_anims\shoot2_r_ironsight_a_corrective_animation.smd
SMD MODEL ..\..\..\MCV_SMD_OG\weapons\v_dual_mk22_mod0\v_dual_mk22_mod0_anims\shoot2_l_a_corrective_animation.smd
SMD MODEL ..\..\..\MCV_SMD_OG\weapons\v_dual_mk22_mod0\v_dual_mk22_mod0_anims\shoot2_l_ironsight_a_corrective_animation.smd
SMD MODEL ..\..\..\MCV_SMD_OG\weapons\v_dual_mk22_mod0\v_dual_mk22_mod0_anims\shootlast_r_a_corrective_animation.smd
SMD MODEL ..\..\..\MCV_SMD_OG\weapons\v_dual_mk22_mod0\v_dual_mk22_mod0_anims\shootlast_r_ironsight_a_corrective_animation.smd
SMD MODEL ..\..\..\MCV_SMD_OG\weapons\v_dual_mk22_mod0\v_dual_mk22_mod0_anims\shootlast_l_a_corrective_animation.smd
SMD MODEL ..\..\..\MCV_SMD_OG\weapons\v_dual_mk22_mod0\v_dual_mk22_mod0_anims\shootlast_l_ironsight_a_corrective_animation.smd
SMD MODEL ..\..\..\MCV_SMD_OG\weapons\v_dual_mk22_mod0\v_dual_mk22_mod0_anims\PoseDelta.smd
SMD MODEL ..\..\..\MCV_SMD_OG\weapons\v_dual_mk22_mod0\v_dual_mk22_mod0_anims\Default.smd
SMD MODEL ..\..\..\MCV_SMD_OG\weapons\v_dual_mk22_mod0\v_dual_mk22_mod0_anims\RightEmpty.smd
SMD MODEL ..\..\..\MCV_SMD_OG\weapons\v_dual_mk22_mod0\v_dual_mk22_mod0_anims\BothEmpty.smd
SMD MODEL ..\..\..\MCV_SMD_OG\weapons\v_dual_mk22_mod0\v_dual_mk22_mod0_anims\basePose_a.smd
SMD MODEL ..\..\..\MCV_SMD_OG\weapons\v_dual_mk22_mod0\v_dual_mk22_mod0_anims\ironsight.smd
SMD MODEL ..\..\..\MCV_SMD_OG\weapons\v_dual_mk22_mod0\v_dual_mk22_mod0_anims\ironsight_transition.smd
SMD MODEL ..\..\..\MCV_SMD_OG\weapons\v_dual_mk22_mod0\v_dual_mk22_mod0_anims\runIdle_a.smd
SMD MODEL ..\..\..\MCV_SMD_OG\weapons\v_dual_mk22_mod0\v_dual_mk22_mod0_anims\run_a.smd
SMD MODEL ..\..\..\MCV_SMD_OG\weapons\v_dual_mk22_mod0\v_dual_mk22_mod0_anims\walkIdle_a.smd
SMD MODEL ..\..\..\MCV_SMD_OG\weapons\v_dual_mk22_mod0\v_dual_mk22_mod0_anims\walk_a.smd
SMD MODEL ..\..\..\MCV_SMD_OG\weapons\v_dual_mk22_mod0\v_dual_mk22_mod0_anims\FirstDraw_a.smd
SMD MODEL ..\..\..\MCV_SMD_OG\weapons\v_dual_mk22_mod0\v_dual_mk22_mod0_anims\FirstDraw_a_i.smd
SMD MODEL ..\..\..\MCV_SMD_OG\weapons\v_dual_mk22_mod0\v_dual_mk22_mod0_anims\shoot1_r_a.smd
SMD MODEL ..\..\..\MCV_SMD_OG\weapons\v_dual_mk22_mod0\v_dual_mk22_mod0_anims\shoot1_r_ironsight_a.smd
SMD MODEL ..\..\..\MCV_SMD_OG\weapons\v_dual_mk22_mod0\v_dual_mk22_mod0_anims\shoot1_l_a.smd
SMD MODEL ..\..\..\MCV_SMD_OG\weapons\v_dual_mk22_mod0\v_dual_mk22_mod0_anims\shoot1_l_ironsight_a.smd
SMD MODEL ..\..\..\MCV_SMD_OG\weapons\v_dual_mk22_mod0\v_dual_mk22_mod0_anims\shoot2_r_a.smd
SMD MODEL ..\..\..\MCV_SMD_OG\weapons\v_dual_mk22_mod0\v_dual_mk22_mod0_anims\shoot2_r_ironsight_a.smd
SMD MODEL ..\..\..\MCV_SMD_OG\weapons\v_dual_mk22_mod0\v_dual_mk22_mod0_anims\shoot2_l_a.smd
SMD MODEL ..\..\..\MCV_SMD_OG\weapons\v_dual_mk22_mod0\v_dual_mk22_mod0_anims\shoot2_l_ironsight_a.smd
SMD MODEL ..\..\..\MCV_SMD_OG\weapons\v_dual_mk22_mod0\v_dual_mk22_mod0_anims\shootlast_r_a.smd
SMD MODEL ..\..\..\MCV_SMD_OG\weapons\v_dual_mk22_mod0\v_dual_mk22_mod0_anims\shootlast_r_ironsight_a.smd
SMD MODEL ..\..\..\MCV_SMD_OG\weapons\v_dual_mk22_mod0\v_dual_mk22_mod0_anims\shootlast_l_a.smd
SMD MODEL ..\..\..\MCV_SMD_OG\weapons\v_dual_mk22_mod0\v_dual_mk22_mod0_anims\shootlast_l_ironsight_a.smd
SMD MODEL ..\..\..\MCV_SMD_OG\weapons\v_dual_mk22_mod0\v_dual_mk22_mod0_anims\reload_a.smd
SMD MODEL ..\..\..\MCV_SMD_OG\weapons\v_dual_mk22_mod0\v_dual_mk22_mod0_anims\reload_a_i.smd
SMD MODEL ..\..\..\MCV_SMD_OG\weapons\v_dual_mk22_mod0\v_dual_mk22_mod0_anims\reload_r_a.smd
SMD MODEL ..\..\..\MCV_SMD_OG\weapons\v_dual_mk22_mod0\v_dual_mk22_mod0_anims\reload_r_a_i.smd
SMD MODEL ..\..\..\MCV_SMD_OG\weapons\v_dual_mk22_mod0\v_dual_mk22_mod0_anims\reload_er_a.smd
SMD MODEL ..\..\..\MCV_SMD_OG\weapons\v_dual_mk22_mod0\v_dual_mk22_mod0_anims\reload_er_a_i.smd
SMD MODEL ..\..\..\MCV_SMD_OG\weapons\v_dual_mk22_mod0\v_dual_mk22_mod0_anims\reload_e_a.smd
SMD MODEL ..\..\..\MCV_SMD_OG\weapons\v_dual_mk22_mod0\v_dual_mk22_mod0_anims\reload_e_a_i.smd
SMD MODEL ..\..\..\MCV_SMD_OG\weapons\v_dual_mk22_mod0\v_dual_mk22_mod0_anims\nearwall_s_a.smd
SMD MODEL ..\..\..\MCV_SMD_OG\weapons\v_dual_mk22_mod0\v_dual_mk22_mod0_anims\nearwall_s_a_i.smd
SMD MODEL ..\..\..\MCV_SMD_OG\weapons\v_dual_mk22_mod0\v_dual_mk22_mod0_anims\nearwall_a.smd
SMD MODEL ..\..\..\MCV_SMD_OG\weapons\v_dual_mk22_mod0\v_dual_mk22_mod0_anims\nearwall_a_i.smd
SMD MODEL ..\..\..\MCV_SMD_OG\weapons\v_dual_mk22_mod0\v_dual_mk22_mod0_anims\nearwall_e_a.smd
SMD MODEL ..\..\..\MCV_SMD_OG\weapons\v_dual_mk22_mod0\v_dual_mk22_mod0_anims\nearwall_e_a_i.smd
SMD MODEL ..\..\..\MCV_SMD_OG\weapons\v_dual_mk22_mod0\v_dual_mk22_mod0_anims\proneF.smd
SMD MODEL ..\..\..\MCV_SMD_OG\weapons\v_dual_mk22_mod0\v_dual_mk22_mod0_anims\proneB.smd
SMD MODEL ..\..\..\MCV_SMD_OG\weapons\v_dual_mk22_mod0\v_dual_mk22_mod0_anims\proneL.smd
SMD MODEL ..\..\..\MCV_SMD_OG\weapons\v_dual_mk22_mod0\v_dual_mk22_mod0_anims\proneR.smd
SMD MODEL ..\..\..\MCV_SMD_OG\weapons\v_dual_mk22_mod0\v_dual_mk22_mod0_anims\pickup_s_a.smd
SMD MODEL ..\..\..\MCV_SMD_OG\weapons\v_dual_mk22_mod0\v_dual_mk22_mod0_anims\pickup_s_a_i.smd
SMD MODEL ..\..\..\MCV_SMD_OG\weapons\v_dual_mk22_mod0\v_dual_mk22_mod0_anims\pickup_a.smd
SMD MODEL ..\..\..\MCV_SMD_OG\weapons\v_dual_mk22_mod0\v_dual_mk22_mod0_anims\pickup_a_i.smd
SMD MODEL ..\..\..\MCV_SMD_OG\weapons\v_dual_mk22_mod0\v_dual_mk22_mod0_anims\pickup_e_a.smd
SMD MODEL ..\..\..\MCV_SMD_OG\weapons\v_dual_mk22_mod0\v_dual_mk22_mod0_anims\pickup_e_a_i.smd
SMD MODEL ..\..\..\MCV_SMD_OG\weapons\v_dual_mk22_mod0\v_dual_mk22_mod0_anims\draw.smd
SMD MODEL ..\..\..\MCV_SMD_OG\weapons\v_dual_mk22_mod0\v_dual_mk22_mod0_anims\draw_2.smd
SMD MODEL ..\..\..\MCV_SMD_OG\weapons\v_dual_mk22_mod0\v_dual_mk22_mod0_anims\bash.smd
SMD MODEL ..\..\..\MCV_SMD_OG\weapons\v_dual_mk22_mod0\v_dual_mk22_mod0_anims\bash_2.smd
SMD MODEL ..\..\..\MCV_SMD_OG\weapons\v_dual_mk22_mod0\v_dual_mk22_mod0_anims\holster.smd
Processing LOD for material: mk22
Processing LOD for material: shells_small
Processing LOD for material: mk22
Processing LOD for material: shells_small
Processing LOD for material: mk22
Processing LOD for material: mod0
---------------------
writing C:\Program Files (x86)\Steam\steamapps\common\GarrysMod\garrysmod\addons\mcv\work\compile_test_game\models/weapons/mcv/v_dual_mk22_mod0.mdl:
Loading preexisting model: C:\Program Files (x86)\Steam\steamapps\common\GarrysMod\garrysmod\addons\mcv\work\compile_test_game\models/weapons/mcv/v_dual_mk22_mod0.mdl
   Found 34 preexisting sequences.
bones        23964 bytes (103)
animations  204332 bytes (128 anims) (2149 frames) [1:11]
Building sequence index remapping table...
No re-ordering required.
sequences    14284 bytes (34 seq) 
ik/pose        612 bytes
eyeballs         0 bytes (0 eyeballs)
flexes           0 bytes (0 flexes)
eyeballs         0 bytes (0 eyeballs)
flexes           0 bytes (0 flexes)
eyeballs         0 bytes (0 eyeballs)
flexes           0 bytes (0 flexes)
textures       208 bytes
keyvalues       20 bytes
bone transforms    14072 bytes
bone flex driver       0 bytes
collision        0 bytes
total       263696
---------------------
writing C:\Program Files (x86)\Steam\steamapps\common\GarrysMod\garrysmod\addons\mcv\work\compile_test_game\models/weapons/mcv/v_dual_mk22_mod0.vvd:
vertices    165840 bytes (3455 vertices)
vertices    165840 bytes (3455 vertices)
vertices    209424 bytes (4363 vertices)
tangents     55280 bytes (3455 vertices)
tangents     55280 bytes (3455 vertices)
tangents     69808 bytes (4363 vertices)
total       721536 bytes
---------------------
Generating optimized mesh "C:\Program Files (x86)\Steam\steamapps\common\GarrysMod\garrysmod\addons\mcv\work\compile_test_game\models/weapons/mcv/v_dual_mk22_mod0.dx80.vtx":
body parts:        24 bytes
models:            60 bytes
model LODs:        36 bytes
meshes:            54 bytes
strip groups:     150 bytes
strips:           162 bytes
verts:         101457 bytes
indices:        79596 bytes
bone changes:     200 bytes
everything:    181739 bytes
---------------------
Generating optimized mesh "C:\Program Files (x86)\Steam\steamapps\common\GarrysMod\garrysmod\addons\mcv\work\compile_test_game\models/weapons/mcv/v_dual_mk22_mod0.dx90.vtx":
body parts:        24 bytes
models:            60 bytes
model LODs:        36 bytes
meshes:            54 bytes
strip groups:     150 bytes
strips:           162 bytes
verts:         101457 bytes
indices:        79596 bytes
bone changes:     200 bytes
everything:    181739 bytes

Completed "v_dual_mk22_mod0.qc"
