StudioMDL.exe (Apr 27 2026) - Garry's Mod Edition
WARNING: Failed to load keyvalues file cfg/mount.cfg!
qdir:    "c:\program files (x86)\steam\steamapps\common\garrysmod\garrysmod\addons\mcv\work\mcv_smd_port\weapons\v_dual_lacoste\"
gamedir: "C:\Program Files (x86)\Steam\steamapps\common\GarrysMod\garrysmod\addons\mcv\work\compile_test_game\"
g_path:  "C:\Program Files (x86)\Steam\steamapps\common\GarrysMod\garrysmod\addons\mcv\work\MCV_SMD_PORT\weapons\v_dual_lacoste\v_dual_lacoste.qc"
Building binary model files...
Working on "v_dual_lacoste.qc"
SMD MODEL ..\..\..\MCV_SMD_OG\weapons\v_dual_lacoste\RefDualLacoste.smd
SMD MODEL ..\..\..\MCV_SMD_OG\weapons\v_dual_lacoste\body1_model0.smd
SMD MODEL ..\..\..\MCV_SMD_OG\weapons\v_dual_lacoste\v_dual_lacoste_anims\Default_corrective_animation.smd
SMD MODEL ..\..\..\MCV_SMD_OG\weapons\v_dual_lacoste\v_dual_lacoste_anims\RightEmpty_corrective_animation.smd
SMD MODEL ..\..\..\MCV_SMD_OG\weapons\v_dual_lacoste\v_dual_lacoste_anims\BothEmpty_corrective_animation.smd
SMD MODEL ..\..\..\MCV_SMD_OG\weapons\v_dual_lacoste\v_dual_lacoste_anims\runIdle_a_corrective_animation.smd
SMD MODEL ..\..\..\MCV_SMD_OG\weapons\v_dual_lacoste\v_dual_lacoste_anims\run_a_corrective_animation.smd
SMD MODEL ..\..\..\MCV_SMD_OG\weapons\v_dual_lacoste\v_dual_lacoste_anims\walkIdle_a_corrective_animation.smd
SMD MODEL ..\..\..\MCV_SMD_OG\weapons\v_dual_lacoste\v_dual_lacoste_anims\walk_a_corrective_animation.smd
SMD MODEL ..\..\..\MCV_SMD_OG\weapons\v_dual_lacoste\v_dual_lacoste_anims\shoot1_r_a_corrective_animation.smd
SMD MODEL ..\..\..\MCV_SMD_OG\weapons\v_dual_lacoste\v_dual_lacoste_anims\shoot1_r_ironsight_a_corrective_animation.smd
SMD MODEL ..\..\..\MCV_SMD_OG\weapons\v_dual_lacoste\v_dual_lacoste_anims\shoot1_l_a_corrective_animation.smd
SMD MODEL ..\..\..\MCV_SMD_OG\weapons\v_dual_lacoste\v_dual_lacoste_anims\shoot1_l_ironsight_a_corrective_animation.smd
SMD MODEL ..\..\..\MCV_SMD_OG\weapons\v_dual_lacoste\v_dual_lacoste_anims\shoot2_r_a_corrective_animation.smd
SMD MODEL ..\..\..\MCV_SMD_OG\weapons\v_dual_lacoste\v_dual_lacoste_anims\shoot2_r_ironsight_a_corrective_animation.smd
SMD MODEL ..\..\..\MCV_SMD_OG\weapons\v_dual_lacoste\v_dual_lacoste_anims\shoot2_l_a_corrective_animation.smd
SMD MODEL ..\..\..\MCV_SMD_OG\weapons\v_dual_lacoste\v_dual_lacoste_anims\shoot2_l_ironsight_a_corrective_animation.smd
SMD MODEL ..\..\..\MCV_SMD_OG\weapons\v_dual_lacoste\v_dual_lacoste_anims\shootlast_r_a_corrective_animation.smd
SMD MODEL ..\..\..\MCV_SMD_OG\weapons\v_dual_lacoste\v_dual_lacoste_anims\shootlast_r_ironsight_a_corrective_animation.smd
SMD MODEL ..\..\..\MCV_SMD_OG\weapons\v_dual_lacoste\v_dual_lacoste_anims\shootlast_l_a_corrective_animation.smd
SMD MODEL ..\..\..\MCV_SMD_OG\weapons\v_dual_lacoste\v_dual_lacoste_anims\shootlast_l_ironsight_a_corrective_animation.smd
SMD MODEL ..\..\..\MCV_SMD_OG\weapons\v_dual_lacoste\v_dual_lacoste_anims\PoseDelta.smd
SMD MODEL ..\..\..\MCV_SMD_OG\weapons\v_dual_lacoste\v_dual_lacoste_anims\Default.smd
SMD MODEL ..\..\..\MCV_SMD_OG\weapons\v_dual_lacoste\v_dual_lacoste_anims\RightEmpty.smd
SMD MODEL ..\..\..\MCV_SMD_OG\weapons\v_dual_lacoste\v_dual_lacoste_anims\BothEmpty.smd
SMD MODEL ..\..\..\MCV_SMD_OG\weapons\v_dual_lacoste\v_dual_lacoste_anims\basePose_a.smd
SMD MODEL ..\..\..\MCV_SMD_OG\weapons\v_dual_lacoste\v_dual_lacoste_anims\ironsight.smd
SMD MODEL ..\..\..\MCV_SMD_OG\weapons\v_dual_lacoste\v_dual_lacoste_anims\ironsight_transition.smd
SMD MODEL ..\..\..\MCV_SMD_OG\weapons\v_dual_lacoste\v_dual_lacoste_anims\runIdle_a.smd
SMD MODEL ..\..\..\MCV_SMD_OG\weapons\v_dual_lacoste\v_dual_lacoste_anims\run_a.smd
SMD MODEL ..\..\..\MCV_SMD_OG\weapons\v_dual_lacoste\v_dual_lacoste_anims\walkIdle_a.smd
SMD MODEL ..\..\..\MCV_SMD_OG\weapons\v_dual_lacoste\v_dual_lacoste_anims\walk_a.smd
SMD MODEL ..\..\..\MCV_SMD_OG\weapons\v_dual_lacoste\v_dual_lacoste_anims\FirstDraw_a.smd
SMD MODEL ..\..\..\MCV_SMD_OG\weapons\v_dual_lacoste\v_dual_lacoste_anims\FirstDraw_a_i.smd
SMD MODEL ..\..\..\MCV_SMD_OG\weapons\v_dual_lacoste\v_dual_lacoste_anims\shoot1_r_a.smd
SMD MODEL ..\..\..\MCV_SMD_OG\weapons\v_dual_lacoste\v_dual_lacoste_anims\shoot1_r_ironsight_a.smd
SMD MODEL ..\..\..\MCV_SMD_OG\weapons\v_dual_lacoste\v_dual_lacoste_anims\shoot1_l_a.smd
SMD MODEL ..\..\..\MCV_SMD_OG\weapons\v_dual_lacoste\v_dual_lacoste_anims\shoot1_l_ironsight_a.smd
SMD MODEL ..\..\..\MCV_SMD_OG\weapons\v_dual_lacoste\v_dual_lacoste_anims\shoot2_r_a.smd
SMD MODEL ..\..\..\MCV_SMD_OG\weapons\v_dual_lacoste\v_dual_lacoste_anims\shoot2_r_ironsight_a.smd
SMD MODEL ..\..\..\MCV_SMD_OG\weapons\v_dual_lacoste\v_dual_lacoste_anims\shoot2_l_a.smd
SMD MODEL ..\..\..\MCV_SMD_OG\weapons\v_dual_lacoste\v_dual_lacoste_anims\shoot2_l_ironsight_a.smd
SMD MODEL ..\..\..\MCV_SMD_OG\weapons\v_dual_lacoste\v_dual_lacoste_anims\shootlast_r_a.smd
SMD MODEL ..\..\..\MCV_SMD_OG\weapons\v_dual_lacoste\v_dual_lacoste_anims\shootlast_r_ironsight_a.smd
SMD MODEL ..\..\..\MCV_SMD_OG\weapons\v_dual_lacoste\v_dual_lacoste_anims\shootlast_l_a.smd
SMD MODEL ..\..\..\MCV_SMD_OG\weapons\v_dual_lacoste\v_dual_lacoste_anims\shootlast_l_ironsight_a.smd
SMD MODEL ..\..\..\MCV_SMD_OG\weapons\v_dual_lacoste\v_dual_lacoste_anims\reload_a.smd
SMD MODEL ..\..\..\MCV_SMD_OG\weapons\v_dual_lacoste\v_dual_lacoste_anims\reload_a_i.smd
SMD MODEL ..\..\..\MCV_SMD_OG\weapons\v_dual_lacoste\v_dual_lacoste_anims\reload_ra.smd
SMD MODEL ..\..\..\MCV_SMD_OG\weapons\v_dual_lacoste\v_dual_lacoste_anims\reload_ra_i.smd
SMD MODEL ..\..\..\MCV_SMD_OG\weapons\v_dual_lacoste\v_dual_lacoste_anims\reload_er_a.smd
SMD MODEL ..\..\..\MCV_SMD_OG\weapons\v_dual_lacoste\v_dual_lacoste_anims\reload_er_a_i.smd
SMD MODEL ..\..\..\MCV_SMD_OG\weapons\v_dual_lacoste\v_dual_lacoste_anims\reload_e_a.smd
SMD MODEL ..\..\..\MCV_SMD_OG\weapons\v_dual_lacoste\v_dual_lacoste_anims\reload_e_a_i.smd
SMD MODEL ..\..\..\MCV_SMD_OG\weapons\v_dual_lacoste\v_dual_lacoste_anims\nearwall_s_a.smd
SMD MODEL ..\..\..\MCV_SMD_OG\weapons\v_dual_lacoste\v_dual_lacoste_anims\nearwall_s_a_i.smd
SMD MODEL ..\..\..\MCV_SMD_OG\weapons\v_dual_lacoste\v_dual_lacoste_anims\nearwall_a.smd
SMD MODEL ..\..\..\MCV_SMD_OG\weapons\v_dual_lacoste\v_dual_lacoste_anims\nearwall_a_i.smd
SMD MODEL ..\..\..\MCV_SMD_OG\weapons\v_dual_lacoste\v_dual_lacoste_anims\nearwall_e_a.smd
SMD MODEL ..\..\..\MCV_SMD_OG\weapons\v_dual_lacoste\v_dual_lacoste_anims\nearwall_e_a_i.smd
SMD MODEL ..\..\..\MCV_SMD_OG\weapons\v_dual_lacoste\v_dual_lacoste_anims\proneF.smd
SMD MODEL ..\..\..\MCV_SMD_OG\weapons\v_dual_lacoste\v_dual_lacoste_anims\proneB.smd
SMD MODEL ..\..\..\MCV_SMD_OG\weapons\v_dual_lacoste\v_dual_lacoste_anims\proneL.smd
SMD MODEL ..\..\..\MCV_SMD_OG\weapons\v_dual_lacoste\v_dual_lacoste_anims\proneR.smd
SMD MODEL ..\..\..\MCV_SMD_OG\weapons\v_dual_lacoste\v_dual_lacoste_anims\pickup_s_a.smd
SMD MODEL ..\..\..\MCV_SMD_OG\weapons\v_dual_lacoste\v_dual_lacoste_anims\pickup_s_a_i.smd
SMD MODEL ..\..\..\MCV_SMD_OG\weapons\v_dual_lacoste\v_dual_lacoste_anims\pickup_a.smd
SMD MODEL ..\..\..\MCV_SMD_OG\weapons\v_dual_lacoste\v_dual_lacoste_anims\pickup_a_i.smd
SMD MODEL ..\..\..\MCV_SMD_OG\weapons\v_dual_lacoste\v_dual_lacoste_anims\pickup_e_a.smd
SMD MODEL ..\..\..\MCV_SMD_OG\weapons\v_dual_lacoste\v_dual_lacoste_anims\pickup_e_a_i.smd
SMD MODEL ..\..\..\MCV_SMD_OG\weapons\v_dual_lacoste\v_dual_lacoste_anims\draw.smd
SMD MODEL ..\..\..\MCV_SMD_OG\weapons\v_dual_lacoste\v_dual_lacoste_anims\draw_2.smd
SMD MODEL ..\..\..\MCV_SMD_OG\weapons\v_dual_lacoste\v_dual_lacoste_anims\bash.smd
SMD MODEL ..\..\..\MCV_SMD_OG\weapons\v_dual_lacoste\v_dual_lacoste_anims\bash_2.smd
SMD MODEL ..\..\..\MCV_SMD_OG\weapons\v_dual_lacoste\v_dual_lacoste_anims\holster.smd
Processing LOD for material: lacoste
Processing LOD for material: lacoste
Processing LOD for material: shells_small
---------------------
writing C:\Program Files (x86)\Steam\steamapps\common\GarrysMod\garrysmod\addons\mcv\work\compile_test_game\models/weapons/mcv/v_dual_lacoste.mdl:
Loading preexisting model: C:\Program Files (x86)\Steam\steamapps\common\GarrysMod\garrysmod\addons\mcv\work\compile_test_game\models/weapons/mcv/v_dual_lacoste.mdl
   Found 34 preexisting sequences.
bones        23668 bytes (101)
animations  291068 bytes (128 anims) (2523 frames) [1:24]
Building sequence index remapping table...
No re-ordering required.
sequences    14428 bytes (34 seq) 
ik/pose        596 bytes
eyeballs         0 bytes (0 eyeballs)
flexes           0 bytes (0 flexes)
eyeballs         0 bytes (0 eyeballs)
flexes           0 bytes (0 flexes)
eyeballs         0 bytes (0 eyeballs)
flexes           0 bytes (0 flexes)
textures       144 bytes
keyvalues       20 bytes
bone transforms    13800 bytes
bone flex driver       0 bytes
collision        0 bytes
total       349564
---------------------
writing C:\Program Files (x86)\Steam\steamapps\common\GarrysMod\garrysmod\addons\mcv\work\compile_test_game\models/weapons/mcv/v_dual_lacoste.vvd:
vertices   1572768 bytes (32766 vertices)
vertices    404448 bytes (8426 vertices)
tangents    524256 bytes (32766 vertices)
tangents    134816 bytes (8426 vertices)
total      2636352 bytes
---------------------
Generating optimized mesh "C:\Program Files (x86)\Steam\steamapps\common\GarrysMod\garrysmod\addons\mcv\work\compile_test_game\models/weapons/mcv/v_dual_lacoste.dx80.vtx":
body parts:        16 bytes
models:            60 bytes
model LODs:        36 bytes
meshes:            27 bytes
strip groups:      75 bytes
strips:            81 bytes
verts:         370728 bytes
indices:       362784 bytes
bone changes:     112 bytes
everything:    733919 bytes
---------------------
Generating optimized mesh "C:\Program Files (x86)\Steam\steamapps\common\GarrysMod\garrysmod\addons\mcv\work\compile_test_game\models/weapons/mcv/v_dual_lacoste.dx90.vtx":
body parts:        16 bytes
models:            60 bytes
model LODs:        36 bytes
meshes:            27 bytes
strip groups:      75 bytes
strips:            81 bytes
verts:         370728 bytes
indices:       362784 bytes
bone changes:     112 bytes
everything:    733919 bytes

Completed "v_dual_lacoste.qc"
