StudioMDL.exe (Apr 27 2026) - Garry's Mod Edition
WARNING: Failed to load keyvalues file cfg/mount.cfg!
qdir:    "c:\program files (x86)\steam\steamapps\common\garrysmod\garrysmod\addons\mcv\work\mcv_smd_port\weapons\v_dual_izh43\"
gamedir: "C:\Program Files (x86)\Steam\steamapps\common\GarrysMod\garrysmod\addons\mcv\work\compile_test_game\"
g_path:  "C:\Program Files (x86)\Steam\steamapps\common\GarrysMod\garrysmod\addons\mcv\work\MCV_SMD_PORT\weapons\v_dual_izh43\v_dual_izh43.qc"
Building binary model files...
Working on "v_dual_izh43.qc"
SMD MODEL ..\..\..\MCV_SMD_OG\weapons\v_dual_izh43\Ref_new.smd
SMD MODEL ..\..\..\MCV_SMD_OG\weapons\v_dual_izh43\v_dual_izh43_anims\runIdle_a_corrective_animation.smd
SMD MODEL ..\..\..\MCV_SMD_OG\weapons\v_dual_izh43\v_dual_izh43_anims\run_a_corrective_animation.smd
SMD MODEL ..\..\..\MCV_SMD_OG\weapons\v_dual_izh43\v_dual_izh43_anims\walkIdle_a_corrective_animation.smd
SMD MODEL ..\..\..\MCV_SMD_OG\weapons\v_dual_izh43\v_dual_izh43_anims\walk_a_corrective_animation.smd
SMD MODEL ..\..\..\MCV_SMD_OG\weapons\v_dual_izh43\v_dual_izh43_anims\shoot1_r_a_corrective_animation.smd
SMD MODEL ..\..\..\MCV_SMD_OG\weapons\v_dual_izh43\v_dual_izh43_anims\shoot1_r_ironsight_a_corrective_animation.smd
SMD MODEL ..\..\..\MCV_SMD_OG\weapons\v_dual_izh43\v_dual_izh43_anims\shoot1_l_a_corrective_animation.smd
SMD MODEL ..\..\..\MCV_SMD_OG\weapons\v_dual_izh43\v_dual_izh43_anims\shoot1_l_ironsight_a_corrective_animation.smd
SMD MODEL ..\..\..\MCV_SMD_OG\weapons\v_dual_izh43\v_dual_izh43_anims\shoot_double_corrective_animation.smd
SMD MODEL ..\..\..\MCV_SMD_OG\weapons\v_dual_izh43\v_dual_izh43_anims\shoot_double_ironsight_corrective_animation.smd
SMD MODEL ..\..\..\MCV_SMD_OG\weapons\v_dual_izh43\v_dual_izh43_anims\shootlast_r_a_corrective_animation.smd
SMD MODEL ..\..\..\MCV_SMD_OG\weapons\v_dual_izh43\v_dual_izh43_anims\shootlast_r_ironsight_a_corrective_animation.smd
SMD MODEL ..\..\..\MCV_SMD_OG\weapons\v_dual_izh43\v_dual_izh43_anims\shootlast_l_a_corrective_animation.smd
SMD MODEL ..\..\..\MCV_SMD_OG\weapons\v_dual_izh43\v_dual_izh43_anims\shootlast_l_ironsight_a_corrective_animation.smd
SMD MODEL ..\..\..\MCV_SMD_OG\weapons\v_dual_izh43\v_dual_izh43_anims\PoseDelta.smd
SMD MODEL ..\..\..\MCV_SMD_OG\weapons\v_dual_izh43\v_dual_izh43_anims\Default.smd
SMD MODEL ..\..\..\MCV_SMD_OG\weapons\v_dual_izh43\v_dual_izh43_anims\basePose_a.smd
SMD MODEL ..\..\..\MCV_SMD_OG\weapons\v_dual_izh43\v_dual_izh43_anims\ironsight.smd
SMD MODEL ..\..\..\MCV_SMD_OG\weapons\v_dual_izh43\v_dual_izh43_anims\ironsight_transition.smd
SMD MODEL ..\..\..\MCV_SMD_OG\weapons\v_dual_izh43\v_dual_izh43_anims\runIdle_a.smd
SMD MODEL ..\..\..\MCV_SMD_OG\weapons\v_dual_izh43\v_dual_izh43_anims\run_a.smd
SMD MODEL ..\..\..\MCV_SMD_OG\weapons\v_dual_izh43\v_dual_izh43_anims\walkIdle_a.smd
SMD MODEL ..\..\..\MCV_SMD_OG\weapons\v_dual_izh43\v_dual_izh43_anims\walk_a.smd
SMD MODEL ..\..\..\MCV_SMD_OG\weapons\v_dual_izh43\v_dual_izh43_anims\basePoseidle.smd
SMD MODEL ..\..\..\MCV_SMD_OG\weapons\v_dual_izh43\v_dual_izh43_anims\FirstDraw_a.smd
SMD MODEL ..\..\..\MCV_SMD_OG\weapons\v_dual_izh43\v_dual_izh43_anims\FirstDraw_a_i.smd
SMD MODEL ..\..\..\MCV_SMD_OG\weapons\v_dual_izh43\v_dual_izh43_anims\shoot1_r_a.smd
SMD MODEL ..\..\..\MCV_SMD_OG\weapons\v_dual_izh43\v_dual_izh43_anims\shoot1_r_ironsight_a.smd
SMD MODEL ..\..\..\MCV_SMD_OG\weapons\v_dual_izh43\v_dual_izh43_anims\shoot1_l_a.smd
SMD MODEL ..\..\..\MCV_SMD_OG\weapons\v_dual_izh43\v_dual_izh43_anims\shoot1_l_ironsight_a.smd
SMD MODEL ..\..\..\MCV_SMD_OG\weapons\v_dual_izh43\v_dual_izh43_anims\shoot_double.smd
SMD MODEL ..\..\..\MCV_SMD_OG\weapons\v_dual_izh43\v_dual_izh43_anims\shoot_double_ironsight.smd
SMD MODEL ..\..\..\MCV_SMD_OG\weapons\v_dual_izh43\v_dual_izh43_anims\shootlast_r_a.smd
SMD MODEL ..\..\..\MCV_SMD_OG\weapons\v_dual_izh43\v_dual_izh43_anims\shootlast_r_ironsight_a.smd
SMD MODEL ..\..\..\MCV_SMD_OG\weapons\v_dual_izh43\v_dual_izh43_anims\shootlast_l_a.smd
SMD MODEL ..\..\..\MCV_SMD_OG\weapons\v_dual_izh43\v_dual_izh43_anims\shootlast_l_ironsight_a.smd
SMD MODEL ..\..\..\MCV_SMD_OG\weapons\v_dual_izh43\v_dual_izh43_anims\reload_a.smd
SMD MODEL ..\..\..\MCV_SMD_OG\weapons\v_dual_izh43\v_dual_izh43_anims\reload_a_i.smd
SMD MODEL ..\..\..\MCV_SMD_OG\weapons\v_dual_izh43\v_dual_izh43_anims\reload_r_a.smd
SMD MODEL ..\..\..\MCV_SMD_OG\weapons\v_dual_izh43\v_dual_izh43_anims\reload_r_a_i.smd
SMD MODEL ..\..\..\MCV_SMD_OG\weapons\v_dual_izh43\v_dual_izh43_anims\reload_er_a.smd
SMD MODEL ..\..\..\MCV_SMD_OG\weapons\v_dual_izh43\v_dual_izh43_anims\reload_er_a_i.smd
SMD MODEL ..\..\..\MCV_SMD_OG\weapons\v_dual_izh43\v_dual_izh43_anims\reload_e_a.smd
SMD MODEL ..\..\..\MCV_SMD_OG\weapons\v_dual_izh43\v_dual_izh43_anims\reload_e_a_i.smd
SMD MODEL ..\..\..\MCV_SMD_OG\weapons\v_dual_izh43\v_dual_izh43_anims\nearwall_s_a.smd
SMD MODEL ..\..\..\MCV_SMD_OG\weapons\v_dual_izh43\v_dual_izh43_anims\nearwall_s_a_i.smd
SMD MODEL ..\..\..\MCV_SMD_OG\weapons\v_dual_izh43\v_dual_izh43_anims\nearwall_a.smd
SMD MODEL ..\..\..\MCV_SMD_OG\weapons\v_dual_izh43\v_dual_izh43_anims\nearwall_a_i.smd
SMD MODEL ..\..\..\MCV_SMD_OG\weapons\v_dual_izh43\v_dual_izh43_anims\nearwall_e_a.smd
SMD MODEL ..\..\..\MCV_SMD_OG\weapons\v_dual_izh43\v_dual_izh43_anims\nearwall_e_a_i.smd
SMD MODEL ..\..\..\MCV_SMD_OG\weapons\v_dual_izh43\v_dual_izh43_anims\proneF.smd
SMD MODEL ..\..\..\MCV_SMD_OG\weapons\v_dual_izh43\v_dual_izh43_anims\proneB.smd
SMD MODEL ..\..\..\MCV_SMD_OG\weapons\v_dual_izh43\v_dual_izh43_anims\proneL.smd
SMD MODEL ..\..\..\MCV_SMD_OG\weapons\v_dual_izh43\v_dual_izh43_anims\proneR.smd
SMD MODEL ..\..\..\MCV_SMD_OG\weapons\v_dual_izh43\v_dual_izh43_anims\pickup_s_a.smd
SMD MODEL ..\..\..\MCV_SMD_OG\weapons\v_dual_izh43\v_dual_izh43_anims\pickup_s_a_i.smd
SMD MODEL ..\..\..\MCV_SMD_OG\weapons\v_dual_izh43\v_dual_izh43_anims\pickup_a.smd
SMD MODEL ..\..\..\MCV_SMD_OG\weapons\v_dual_izh43\v_dual_izh43_anims\pickup_a_i.smd
SMD MODEL ..\..\..\MCV_SMD_OG\weapons\v_dual_izh43\v_dual_izh43_anims\pickup_e_a.smd
SMD MODEL ..\..\..\MCV_SMD_OG\weapons\v_dual_izh43\v_dual_izh43_anims\pickup_e_a_i.smd
SMD MODEL ..\..\..\MCV_SMD_OG\weapons\v_dual_izh43\v_dual_izh43_anims\draw.smd
SMD MODEL ..\..\..\MCV_SMD_OG\weapons\v_dual_izh43\v_dual_izh43_anims\draw_2.smd
SMD MODEL ..\..\..\MCV_SMD_OG\weapons\v_dual_izh43\v_dual_izh43_anims\bash.smd
SMD MODEL ..\..\..\MCV_SMD_OG\weapons\v_dual_izh43\v_dual_izh43_anims\bash_2.smd
SMD MODEL ..\..\..\MCV_SMD_OG\weapons\v_dual_izh43\v_dual_izh43_anims\holster.smd
Processing LOD for material: shells_big_additional
Processing LOD for material: fusilrobust
Processing LOD for material: sawnoffbarrel
---------------------
writing C:\Program Files (x86)\Steam\steamapps\common\GarrysMod\garrysmod\addons\mcv\work\compile_test_game\models/weapons/mcv/v_dual_izh43.mdl:
Loading preexisting model: C:\Program Files (x86)\Steam\steamapps\common\GarrysMod\garrysmod\addons\mcv\work\compile_test_game\models/weapons/mcv/v_dual_izh43.mdl
   Found 31 preexisting sequences.
bones        23804 bytes (101)
animations  259820 bytes (120 anims) (2521 frames) [1:24]
Building sequence index remapping table...
No re-ordering required.
sequences    14740 bytes (31 seq) 
ik/pose        264 bytes
eyeballs         0 bytes (0 eyeballs)
flexes           0 bytes (0 flexes)
textures       208 bytes
keyvalues       20 bytes
bone transforms    13800 bytes
bone flex driver       0 bytes
collision        0 bytes
total       318328
---------------------
writing C:\Program Files (x86)\Steam\steamapps\common\GarrysMod\garrysmod\addons\mcv\work\compile_test_game\models/weapons/mcv/v_dual_izh43.vvd:
vertices   1274688 bytes (26556 vertices)
tangents    424896 bytes (26556 vertices)
total      1699648 bytes
---------------------
Generating optimized mesh "C:\Program Files (x86)\Steam\steamapps\common\GarrysMod\garrysmod\addons\mcv\work\compile_test_game\models/weapons/mcv/v_dual_izh43.dx80.vtx":
body parts:         8 bytes
models:            20 bytes
model LODs:        12 bytes
meshes:            27 bytes
strip groups:      75 bytes
strips:            81 bytes
verts:         239004 bytes
indices:       209400 bytes
bone changes:     120 bytes
everything:    448771 bytes
---------------------
Generating optimized mesh "C:\Program Files (x86)\Steam\steamapps\common\GarrysMod\garrysmod\addons\mcv\work\compile_test_game\models/weapons/mcv/v_dual_izh43.dx90.vtx":
body parts:         8 bytes
models:            20 bytes
model LODs:        12 bytes
meshes:            27 bytes
strip groups:      75 bytes
strips:            81 bytes
verts:         239004 bytes
indices:       209400 bytes
bone changes:     120 bytes
everything:    448771 bytes

Completed "v_dual_izh43.qc"
