StudioMDL.exe (Apr 27 2026) - Garry's Mod Edition
WARNING: Failed to load keyvalues file cfg/mount.cfg!
qdir:    "c:\program files (x86)\steam\steamapps\common\garrysmod\garrysmod\addons\mcv\work\mcv_smd_port\weapons\v_dual_uzi_sog\"
gamedir: "C:\Program Files (x86)\Steam\steamapps\common\GarrysMod\garrysmod\addons\mcv\work\compile_test_game\"
g_path:  "C:\Program Files (x86)\Steam\steamapps\common\GarrysMod\garrysmod\addons\mcv\work\MCV_SMD_PORT\weapons\v_dual_uzi_sog\v_dual_uzi_sog.qc"
Building binary model files...
Working on "v_dual_uzi_sog.qc"
SMD MODEL ..\..\..\MCV_SMD_OG\weapons\v_dual_uzi_sog\RefDualUzi_sog.smd
SMD MODEL ..\..\..\MCV_SMD_OG\weapons\v_dual_uzi_sog\v_dual_uzi_sog_anims\Default_corrective_animation.smd
SMD MODEL ..\..\..\MCV_SMD_OG\weapons\v_dual_uzi_sog\v_dual_uzi_sog_anims\RightEmpty_corrective_animation.smd
SMD MODEL ..\..\..\MCV_SMD_OG\weapons\v_dual_uzi_sog\v_dual_uzi_sog_anims\BothEmpty_corrective_animation.smd
SMD MODEL ..\..\..\MCV_SMD_OG\weapons\v_dual_uzi_sog\v_dual_uzi_sog_anims\runIdle_a_corrective_animation.smd
SMD MODEL ..\..\..\MCV_SMD_OG\weapons\v_dual_uzi_sog\v_dual_uzi_sog_anims\run_a_corrective_animation.smd
SMD MODEL ..\..\..\MCV_SMD_OG\weapons\v_dual_uzi_sog\v_dual_uzi_sog_anims\walkIdle_a_corrective_animation.smd
SMD MODEL ..\..\..\MCV_SMD_OG\weapons\v_dual_uzi_sog\v_dual_uzi_sog_anims\walk_a_corrective_animation.smd
SMD MODEL ..\..\..\MCV_SMD_OG\weapons\v_dual_uzi_sog\v_dual_uzi_sog_anims\shoot1_r_a_corrective_animation.smd
SMD MODEL ..\..\..\MCV_SMD_OG\weapons\v_dual_uzi_sog\v_dual_uzi_sog_anims\shoot1_r_ironsight_a_corrective_animation.smd
SMD MODEL ..\..\..\MCV_SMD_OG\weapons\v_dual_uzi_sog\v_dual_uzi_sog_anims\shoot1_l_a_corrective_animation.smd
SMD MODEL ..\..\..\MCV_SMD_OG\weapons\v_dual_uzi_sog\v_dual_uzi_sog_anims\shoot1_l_ironsight_a_corrective_animation.smd
SMD MODEL ..\..\..\MCV_SMD_OG\weapons\v_dual_uzi_sog\v_dual_uzi_sog_anims\shoot2_r_a_corrective_animation.smd
SMD MODEL ..\..\..\MCV_SMD_OG\weapons\v_dual_uzi_sog\v_dual_uzi_sog_anims\shoot2_r_ironsight_a_corrective_animation.smd
SMD MODEL ..\..\..\MCV_SMD_OG\weapons\v_dual_uzi_sog\v_dual_uzi_sog_anims\shoot2_l_a_corrective_animation.smd
SMD MODEL ..\..\..\MCV_SMD_OG\weapons\v_dual_uzi_sog\v_dual_uzi_sog_anims\shoot2_l_ironsight_a_corrective_animation.smd
SMD MODEL ..\..\..\MCV_SMD_OG\weapons\v_dual_uzi_sog\v_dual_uzi_sog_anims\shootlast_r_a_corrective_animation.smd
SMD MODEL ..\..\..\MCV_SMD_OG\weapons\v_dual_uzi_sog\v_dual_uzi_sog_anims\shootlast_r_ironsight_a_corrective_animation.smd
SMD MODEL ..\..\..\MCV_SMD_OG\weapons\v_dual_uzi_sog\v_dual_uzi_sog_anims\shootlast_l_a_corrective_animation.smd
SMD MODEL ..\..\..\MCV_SMD_OG\weapons\v_dual_uzi_sog\v_dual_uzi_sog_anims\shootlast_l_ironsight_a_corrective_animation.smd
SMD MODEL ..\..\..\MCV_SMD_OG\weapons\v_dual_uzi_sog\v_dual_uzi_sog_anims\PoseDelta.smd
SMD MODEL ..\..\..\MCV_SMD_OG\weapons\v_dual_uzi_sog\v_dual_uzi_sog_anims\Default.smd
SMD MODEL ..\..\..\MCV_SMD_OG\weapons\v_dual_uzi_sog\v_dual_uzi_sog_anims\RightEmpty.smd
SMD MODEL ..\..\..\MCV_SMD_OG\weapons\v_dual_uzi_sog\v_dual_uzi_sog_anims\BothEmpty.smd
SMD MODEL ..\..\..\MCV_SMD_OG\weapons\v_dual_uzi_sog\v_dual_uzi_sog_anims\basePose_a.smd
SMD MODEL ..\..\..\MCV_SMD_OG\weapons\v_dual_uzi_sog\v_dual_uzi_sog_anims\ironsight.smd
SMD MODEL ..\..\..\MCV_SMD_OG\weapons\v_dual_uzi_sog\v_dual_uzi_sog_anims\ironsight_transition.smd
SMD MODEL ..\..\..\MCV_SMD_OG\weapons\v_dual_uzi_sog\v_dual_uzi_sog_anims\runIdle_a.smd
SMD MODEL ..\..\..\MCV_SMD_OG\weapons\v_dual_uzi_sog\v_dual_uzi_sog_anims\run_a.smd
SMD MODEL ..\..\..\MCV_SMD_OG\weapons\v_dual_uzi_sog\v_dual_uzi_sog_anims\walkIdle_a.smd
SMD MODEL ..\..\..\MCV_SMD_OG\weapons\v_dual_uzi_sog\v_dual_uzi_sog_anims\walk_a.smd
SMD MODEL ..\..\..\MCV_SMD_OG\weapons\v_dual_uzi_sog\v_dual_uzi_sog_anims\FirstDraw_a.smd
SMD MODEL ..\..\..\MCV_SMD_OG\weapons\v_dual_uzi_sog\v_dual_uzi_sog_anims\FirstDraw_a_i.smd
SMD MODEL ..\..\..\MCV_SMD_OG\weapons\v_dual_uzi_sog\v_dual_uzi_sog_anims\shoot1_r_a.smd
SMD MODEL ..\..\..\MCV_SMD_OG\weapons\v_dual_uzi_sog\v_dual_uzi_sog_anims\shoot1_r_ironsight_a.smd
SMD MODEL ..\..\..\MCV_SMD_OG\weapons\v_dual_uzi_sog\v_dual_uzi_sog_anims\shoot1_l_a.smd
SMD MODEL ..\..\..\MCV_SMD_OG\weapons\v_dual_uzi_sog\v_dual_uzi_sog_anims\shoot1_l_ironsight_a.smd
SMD MODEL ..\..\..\MCV_SMD_OG\weapons\v_dual_uzi_sog\v_dual_uzi_sog_anims\shoot2_r_a.smd
SMD MODEL ..\..\..\MCV_SMD_OG\weapons\v_dual_uzi_sog\v_dual_uzi_sog_anims\shoot2_r_ironsight_a.smd
SMD MODEL ..\..\..\MCV_SMD_OG\weapons\v_dual_uzi_sog\v_dual_uzi_sog_anims\shoot2_l_a.smd
SMD MODEL ..\..\..\MCV_SMD_OG\weapons\v_dual_uzi_sog\v_dual_uzi_sog_anims\shoot2_l_ironsight_a.smd
SMD MODEL ..\..\..\MCV_SMD_OG\weapons\v_dual_uzi_sog\v_dual_uzi_sog_anims\shootlast_r_a.smd
SMD MODEL ..\..\..\MCV_SMD_OG\weapons\v_dual_uzi_sog\v_dual_uzi_sog_anims\shootlast_r_ironsight_a.smd
SMD MODEL ..\..\..\MCV_SMD_OG\weapons\v_dual_uzi_sog\v_dual_uzi_sog_anims\shootlast_l_a.smd
SMD MODEL ..\..\..\MCV_SMD_OG\weapons\v_dual_uzi_sog\v_dual_uzi_sog_anims\shootlast_l_ironsight_a.smd
SMD MODEL ..\..\..\MCV_SMD_OG\weapons\v_dual_uzi_sog\v_dual_uzi_sog_anims\reload_a.smd
SMD MODEL ..\..\..\MCV_SMD_OG\weapons\v_dual_uzi_sog\v_dual_uzi_sog_anims\reload_a_i.smd
SMD MODEL ..\..\..\MCV_SMD_OG\weapons\v_dual_uzi_sog\v_dual_uzi_sog_anims\reload_ra.smd
SMD MODEL ..\..\..\MCV_SMD_OG\weapons\v_dual_uzi_sog\v_dual_uzi_sog_anims\reload_ra_i.smd
SMD MODEL ..\..\..\MCV_SMD_OG\weapons\v_dual_uzi_sog\v_dual_uzi_sog_anims\reload_er_a.smd
SMD MODEL ..\..\..\MCV_SMD_OG\weapons\v_dual_uzi_sog\v_dual_uzi_sog_anims\reload_er_a_i.smd
SMD MODEL ..\..\..\MCV_SMD_OG\weapons\v_dual_uzi_sog\v_dual_uzi_sog_anims\reload_e_a.smd
SMD MODEL ..\..\..\MCV_SMD_OG\weapons\v_dual_uzi_sog\v_dual_uzi_sog_anims\reload_e_a_i.smd
SMD MODEL ..\..\..\MCV_SMD_OG\weapons\v_dual_uzi_sog\v_dual_uzi_sog_anims\nearwall_s_a.smd
SMD MODEL ..\..\..\MCV_SMD_OG\weapons\v_dual_uzi_sog\v_dual_uzi_sog_anims\nearwall_s_a_i.smd
SMD MODEL ..\..\..\MCV_SMD_OG\weapons\v_dual_uzi_sog\v_dual_uzi_sog_anims\nearwall_a.smd
SMD MODEL ..\..\..\MCV_SMD_OG\weapons\v_dual_uzi_sog\v_dual_uzi_sog_anims\nearwall_a_i.smd
SMD MODEL ..\..\..\MCV_SMD_OG\weapons\v_dual_uzi_sog\v_dual_uzi_sog_anims\nearwall_e_a.smd
SMD MODEL ..\..\..\MCV_SMD_OG\weapons\v_dual_uzi_sog\v_dual_uzi_sog_anims\nearwall_e_a_i.smd
SMD MODEL ..\..\..\MCV_SMD_OG\weapons\v_dual_uzi_sog\v_dual_uzi_sog_anims\proneF.smd
SMD MODEL ..\..\..\MCV_SMD_OG\weapons\v_dual_uzi_sog\v_dual_uzi_sog_anims\proneB.smd
SMD MODEL ..\..\..\MCV_SMD_OG\weapons\v_dual_uzi_sog\v_dual_uzi_sog_anims\proneL.smd
SMD MODEL ..\..\..\MCV_SMD_OG\weapons\v_dual_uzi_sog\v_dual_uzi_sog_anims\proneR.smd
SMD MODEL ..\..\..\MCV_SMD_OG\weapons\v_dual_uzi_sog\v_dual_uzi_sog_anims\pickup_s_a.smd
SMD MODEL ..\..\..\MCV_SMD_OG\weapons\v_dual_uzi_sog\v_dual_uzi_sog_anims\pickup_s_a_i.smd
SMD MODEL ..\..\..\MCV_SMD_OG\weapons\v_dual_uzi_sog\v_dual_uzi_sog_anims\pickup_a.smd
SMD MODEL ..\..\..\MCV_SMD_OG\weapons\v_dual_uzi_sog\v_dual_uzi_sog_anims\pickup_a_i.smd
SMD MODEL ..\..\..\MCV_SMD_OG\weapons\v_dual_uzi_sog\v_dual_uzi_sog_anims\pickup_e_a.smd
SMD MODEL ..\..\..\MCV_SMD_OG\weapons\v_dual_uzi_sog\v_dual_uzi_sog_anims\pickup_e_a_i.smd
SMD MODEL ..\..\..\MCV_SMD_OG\weapons\v_dual_uzi_sog\v_dual_uzi_sog_anims\draw.smd
SMD MODEL ..\..\..\MCV_SMD_OG\weapons\v_dual_uzi_sog\v_dual_uzi_sog_anims\draw_2.smd
SMD MODEL ..\..\..\MCV_SMD_OG\weapons\v_dual_uzi_sog\v_dual_uzi_sog_anims\bash.smd
SMD MODEL ..\..\..\MCV_SMD_OG\weapons\v_dual_uzi_sog\v_dual_uzi_sog_anims\bash_2.smd
SMD MODEL ..\..\..\MCV_SMD_OG\weapons\v_dual_uzi_sog\v_dual_uzi_sog_anims\holster.smd
Processing LOD for material: uzi_silenser
Processing LOD for material: uzi
Processing LOD for material: shells_small
Processing LOD for material: uzi_stock
---------------------
writing C:\Program Files (x86)\Steam\steamapps\common\GarrysMod\garrysmod\addons\mcv\work\compile_test_game\models/weapons/mcv/v_dual_uzi_sog.mdl:
Loading preexisting model: C:\Program Files (x86)\Steam\steamapps\common\GarrysMod\garrysmod\addons\mcv\work\compile_test_game\models/weapons/mcv/v_dual_uzi_sog.mdl
   Found 34 preexisting sequences.
bones        23232 bytes (99)
animations  262652 bytes (128 anims) (2523 frames) [1:24]
Building sequence index remapping table...
No re-ordering required.
sequences    14172 bytes (34 seq) 
ik/pose        284 bytes
eyeballs         0 bytes (0 eyeballs)
flexes           0 bytes (0 flexes)
textures       272 bytes
keyvalues       20 bytes
bone transforms    13528 bytes
bone flex driver       0 bytes
collision        0 bytes
total       320076
---------------------
writing C:\Program Files (x86)\Steam\steamapps\common\GarrysMod\garrysmod\addons\mcv\work\compile_test_game\models/weapons/mcv/v_dual_uzi_sog.vvd:
vertices   1315776 bytes (27412 vertices)
tangents    438592 bytes (27412 vertices)
total      1754432 bytes
---------------------
Generating optimized mesh "C:\Program Files (x86)\Steam\steamapps\common\GarrysMod\garrysmod\addons\mcv\work\compile_test_game\models/weapons/mcv/v_dual_uzi_sog.dx80.vtx":
body parts:         8 bytes
models:            20 bytes
model LODs:        12 bytes
meshes:            36 bytes
strip groups:     100 bytes
strips:           108 bytes
verts:         246708 bytes
indices:       184176 bytes
bone changes:     120 bytes
everything:    431312 bytes
---------------------
Generating optimized mesh "C:\Program Files (x86)\Steam\steamapps\common\GarrysMod\garrysmod\addons\mcv\work\compile_test_game\models/weapons/mcv/v_dual_uzi_sog.dx90.vtx":
body parts:         8 bytes
models:            20 bytes
model LODs:        12 bytes
meshes:            36 bytes
strip groups:     100 bytes
strips:           108 bytes
verts:         246708 bytes
indices:       184176 bytes
bone changes:     120 bytes
everything:    431312 bytes

Completed "v_dual_uzi_sog.qc"
