StudioMDL.exe (Apr 27 2026) - Garry's Mod Edition
WARNING: Failed to load keyvalues file cfg/mount.cfg!
qdir:    "c:\program files (x86)\steam\steamapps\common\garrysmod\garrysmod\addons\mcv\work\mcv_smd_port\weapons\v_dual_babybrowning\"
gamedir: "C:\Program Files (x86)\Steam\steamapps\common\GarrysMod\garrysmod\addons\mcv\work\compile_test_game\"
g_path:  "C:\Program Files (x86)\Steam\steamapps\common\GarrysMod\garrysmod\addons\mcv\work\MCV_SMD_PORT\weapons\v_dual_babybrowning\v_dual_babybrowning.qc"
Building binary model files...
Working on "v_dual_babybrowning.qc"
SMD MODEL ..\..\..\MCV_SMD_OG\weapons\v_dual_babybrowning\RefDualBaby.smd
SMD MODEL ..\..\..\MCV_SMD_OG\weapons\v_dual_babybrowning\v_dual_babybrowning_anims\runIdle_a_corrective_animation.smd
SMD MODEL ..\..\..\MCV_SMD_OG\weapons\v_dual_babybrowning\v_dual_babybrowning_anims\run_a_corrective_animation.smd
SMD MODEL ..\..\..\MCV_SMD_OG\weapons\v_dual_babybrowning\v_dual_babybrowning_anims\walkIdle_a_corrective_animation.smd
SMD MODEL ..\..\..\MCV_SMD_OG\weapons\v_dual_babybrowning\v_dual_babybrowning_anims\walk_a_corrective_animation.smd
SMD MODEL ..\..\..\MCV_SMD_OG\weapons\v_dual_babybrowning\v_dual_babybrowning_anims\shoot1_r_a_corrective_animation.smd
SMD MODEL ..\..\..\MCV_SMD_OG\weapons\v_dual_babybrowning\v_dual_babybrowning_anims\shoot1_r_ironsight_a_corrective_animation.smd
SMD MODEL ..\..\..\MCV_SMD_OG\weapons\v_dual_babybrowning\v_dual_babybrowning_anims\shoot1_l_a_corrective_animation.smd
SMD MODEL ..\..\..\MCV_SMD_OG\weapons\v_dual_babybrowning\v_dual_babybrowning_anims\shoot1_l_ironsight_a_corrective_animation.smd
SMD MODEL ..\..\..\MCV_SMD_OG\weapons\v_dual_babybrowning\v_dual_babybrowning_anims\shoot2_r_a_corrective_animation.smd
SMD MODEL ..\..\..\MCV_SMD_OG\weapons\v_dual_babybrowning\v_dual_babybrowning_anims\shoot2_r_ironsight_a_corrective_animation.smd
SMD MODEL ..\..\..\MCV_SMD_OG\weapons\v_dual_babybrowning\v_dual_babybrowning_anims\shoot2_l_a_corrective_animation.smd
SMD MODEL ..\..\..\MCV_SMD_OG\weapons\v_dual_babybrowning\v_dual_babybrowning_anims\shoot2_l_ironsight_a_corrective_animation.smd
SMD MODEL ..\..\..\MCV_SMD_OG\weapons\v_dual_babybrowning\v_dual_babybrowning_anims\shootlast_r_a_corrective_animation.smd
SMD MODEL ..\..\..\MCV_SMD_OG\weapons\v_dual_babybrowning\v_dual_babybrowning_anims\shootlast_r_ironsight_a_corrective_animation.smd
SMD MODEL ..\..\..\MCV_SMD_OG\weapons\v_dual_babybrowning\v_dual_babybrowning_anims\shootlast_l_a_corrective_animation.smd
SMD MODEL ..\..\..\MCV_SMD_OG\weapons\v_dual_babybrowning\v_dual_babybrowning_anims\shootlast_l_ironsight_a_corrective_animation.smd
SMD MODEL ..\..\..\MCV_SMD_OG\weapons\v_dual_babybrowning\v_dual_babybrowning_anims\PoseDelta.smd
SMD MODEL ..\..\..\MCV_SMD_OG\weapons\v_dual_babybrowning\v_dual_babybrowning_anims\DefaultSlide.smd
SMD MODEL ..\..\..\MCV_SMD_OG\weapons\v_dual_babybrowning\v_dual_babybrowning_anims\RightEmpty.smd
SMD MODEL ..\..\..\MCV_SMD_OG\weapons\v_dual_babybrowning\v_dual_babybrowning_anims\BothEmpty.smd
SMD MODEL ..\..\..\MCV_SMD_OG\weapons\v_dual_babybrowning\v_dual_babybrowning_anims\basePose_a.smd
SMD MODEL ..\..\..\MCV_SMD_OG\weapons\v_dual_babybrowning\v_dual_babybrowning_anims\ironsight.smd
SMD MODEL ..\..\..\MCV_SMD_OG\weapons\v_dual_babybrowning\v_dual_babybrowning_anims\ironsight_transition.smd
SMD MODEL ..\..\..\MCV_SMD_OG\weapons\v_dual_babybrowning\v_dual_babybrowning_anims\runIdle_a.smd
SMD MODEL ..\..\..\MCV_SMD_OG\weapons\v_dual_babybrowning\v_dual_babybrowning_anims\run_a.smd
SMD MODEL ..\..\..\MCV_SMD_OG\weapons\v_dual_babybrowning\v_dual_babybrowning_anims\walkIdle_a.smd
SMD MODEL ..\..\..\MCV_SMD_OG\weapons\v_dual_babybrowning\v_dual_babybrowning_anims\walk_a.smd
SMD MODEL ..\..\..\MCV_SMD_OG\weapons\v_dual_babybrowning\v_dual_babybrowning_anims\FirstDraw_a.smd
SMD MODEL ..\..\..\MCV_SMD_OG\weapons\v_dual_babybrowning\v_dual_babybrowning_anims\FirstDraw_a_i.smd
SMD MODEL ..\..\..\MCV_SMD_OG\weapons\v_dual_babybrowning\v_dual_babybrowning_anims\shoot1_r_a.smd
SMD MODEL ..\..\..\MCV_SMD_OG\weapons\v_dual_babybrowning\v_dual_babybrowning_anims\shoot1_r_ironsight_a.smd
SMD MODEL ..\..\..\MCV_SMD_OG\weapons\v_dual_babybrowning\v_dual_babybrowning_anims\shoot1_l_a.smd
SMD MODEL ..\..\..\MCV_SMD_OG\weapons\v_dual_babybrowning\v_dual_babybrowning_anims\shoot1_l_ironsight_a.smd
SMD MODEL ..\..\..\MCV_SMD_OG\weapons\v_dual_babybrowning\v_dual_babybrowning_anims\shoot2_r_a.smd
SMD MODEL ..\..\..\MCV_SMD_OG\weapons\v_dual_babybrowning\v_dual_babybrowning_anims\shoot2_r_ironsight_a.smd
SMD MODEL ..\..\..\MCV_SMD_OG\weapons\v_dual_babybrowning\v_dual_babybrowning_anims\shoot2_l_a.smd
SMD MODEL ..\..\..\MCV_SMD_OG\weapons\v_dual_babybrowning\v_dual_babybrowning_anims\shoot2_l_ironsight_a.smd
SMD MODEL ..\..\..\MCV_SMD_OG\weapons\v_dual_babybrowning\v_dual_babybrowning_anims\shootlast_r_a.smd
SMD MODEL ..\..\..\MCV_SMD_OG\weapons\v_dual_babybrowning\v_dual_babybrowning_anims\shootlast_r_ironsight_a.smd
SMD MODEL ..\..\..\MCV_SMD_OG\weapons\v_dual_babybrowning\v_dual_babybrowning_anims\shootlast_l_a.smd
SMD MODEL ..\..\..\MCV_SMD_OG\weapons\v_dual_babybrowning\v_dual_babybrowning_anims\shootlast_l_ironsight_a.smd
SMD MODEL ..\..\..\MCV_SMD_OG\weapons\v_dual_babybrowning\v_dual_babybrowning_anims\reload_a.smd
SMD MODEL ..\..\..\MCV_SMD_OG\weapons\v_dual_babybrowning\v_dual_babybrowning_anims\reload_a_i.smd
SMD MODEL fixed_anims\reload_r_a.smd
SMD MODEL ..\..\..\MCV_SMD_OG\weapons\v_dual_babybrowning\v_dual_babybrowning_anims\reload_r_a_i.smd
SMD MODEL fixed_anims\reload_re_a.smd
SMD MODEL ..\..\..\MCV_SMD_OG\weapons\v_dual_babybrowning\v_dual_babybrowning_anims\reload_re_a_i.smd
SMD MODEL fixed_anims\reload_e_a.smd
SMD MODEL ..\..\..\MCV_SMD_OG\weapons\v_dual_babybrowning\v_dual_babybrowning_anims\reload_e_a_i.smd
SMD MODEL ..\..\..\MCV_SMD_OG\weapons\v_dual_babybrowning\v_dual_babybrowning_anims\nearwall_s_a.smd
SMD MODEL ..\..\..\MCV_SMD_OG\weapons\v_dual_babybrowning\v_dual_babybrowning_anims\nearwall_s_a_i.smd
SMD MODEL ..\..\..\MCV_SMD_OG\weapons\v_dual_babybrowning\v_dual_babybrowning_anims\nearwall_a.smd
SMD MODEL ..\..\..\MCV_SMD_OG\weapons\v_dual_babybrowning\v_dual_babybrowning_anims\nearwall_a_i.smd
SMD MODEL ..\..\..\MCV_SMD_OG\weapons\v_dual_babybrowning\v_dual_babybrowning_anims\nearwall_e_a.smd
SMD MODEL ..\..\..\MCV_SMD_OG\weapons\v_dual_babybrowning\v_dual_babybrowning_anims\nearwall_e_a_i.smd
SMD MODEL ..\..\..\MCV_SMD_OG\weapons\v_dual_babybrowning\v_dual_babybrowning_anims\proneF.smd
SMD MODEL ..\..\..\MCV_SMD_OG\weapons\v_dual_babybrowning\v_dual_babybrowning_anims\proneB.smd
SMD MODEL ..\..\..\MCV_SMD_OG\weapons\v_dual_babybrowning\v_dual_babybrowning_anims\proneL.smd
SMD MODEL ..\..\..\MCV_SMD_OG\weapons\v_dual_babybrowning\v_dual_babybrowning_anims\proneR.smd
SMD MODEL ..\..\..\MCV_SMD_OG\weapons\v_dual_babybrowning\v_dual_babybrowning_anims\pickup_s_a.smd
SMD MODEL ..\..\..\MCV_SMD_OG\weapons\v_dual_babybrowning\v_dual_babybrowning_anims\pickup_s_a_i.smd
SMD MODEL ..\..\..\MCV_SMD_OG\weapons\v_dual_babybrowning\v_dual_babybrowning_anims\pickup_a.smd
SMD MODEL ..\..\..\MCV_SMD_OG\weapons\v_dual_babybrowning\v_dual_babybrowning_anims\pickup_a_i.smd
SMD MODEL ..\..\..\MCV_SMD_OG\weapons\v_dual_babybrowning\v_dual_babybrowning_anims\pickup_e_a.smd
SMD MODEL ..\..\..\MCV_SMD_OG\weapons\v_dual_babybrowning\v_dual_babybrowning_anims\pickup_e_a_i.smd
SMD MODEL ..\..\..\MCV_SMD_OG\weapons\v_dual_babybrowning\v_dual_babybrowning_anims\draw.smd
SMD MODEL ..\..\..\MCV_SMD_OG\weapons\v_dual_babybrowning\v_dual_babybrowning_anims\draw_2.smd
SMD MODEL ..\..\..\MCV_SMD_OG\weapons\v_dual_babybrowning\v_dual_babybrowning_anims\bash.smd
SMD MODEL ..\..\..\MCV_SMD_OG\weapons\v_dual_babybrowning\v_dual_babybrowning_anims\bash_2.smd
SMD MODEL ..\..\..\MCV_SMD_OG\weapons\v_dual_babybrowning\v_dual_babybrowning_anims\holster.smd
Processing LOD for material: babybrowning
Processing LOD for material: shells_small
---------------------
writing C:\Program Files (x86)\Steam\steamapps\common\GarrysMod\garrysmod\addons\mcv\work\compile_test_game\models/weapons/mcv/v_dual_babybrowning.mdl:
Loading preexisting model: C:\Program Files (x86)\Steam\steamapps\common\GarrysMod\garrysmod\addons\mcv\work\compile_test_game\models/weapons/mcv/v_dual_babybrowning.mdl
   Found 33 preexisting sequences.
bones        23328 bytes (101)
animations  319076 bytes (125 anims) (2505 frames) [1:23]
Building sequence index remapping table...
No re-ordering required.
sequences    15860 bytes (33 seq) 
ik/pose        264 bytes
eyeballs         0 bytes (0 eyeballs)
flexes           0 bytes (0 flexes)
textures       140 bytes
keyvalues       20 bytes
bone transforms    13800 bytes
bone flex driver       0 bytes
collision        0 bytes
total       378100
---------------------
writing C:\Program Files (x86)\Steam\steamapps\common\GarrysMod\garrysmod\addons\mcv\work\compile_test_game\models/weapons/mcv/v_dual_babybrowning.vvd:
vertices    778848 bytes (16226 vertices)
tangents    259616 bytes (16226 vertices)
total      1038528 bytes
---------------------
Generating optimized mesh "C:\Program Files (x86)\Steam\steamapps\common\GarrysMod\garrysmod\addons\mcv\work\compile_test_game\models/weapons/mcv/v_dual_babybrowning.dx80.vtx":
body parts:         8 bytes
models:            20 bytes
model LODs:        12 bytes
meshes:            18 bytes
strip groups:      50 bytes
strips:            54 bytes
verts:         146034 bytes
indices:       115752 bytes
bone changes:     104 bytes
everything:    262076 bytes
---------------------
Generating optimized mesh "C:\Program Files (x86)\Steam\steamapps\common\GarrysMod\garrysmod\addons\mcv\work\compile_test_game\models/weapons/mcv/v_dual_babybrowning.dx90.vtx":
body parts:         8 bytes
models:            20 bytes
model LODs:        12 bytes
meshes:            18 bytes
strip groups:      50 bytes
strips:            54 bytes
verts:         146034 bytes
indices:       115752 bytes
bone changes:     104 bytes
everything:    262076 bytes

Completed "v_dual_babybrowning.qc"
