StudioMDL.exe (Apr 27 2026) - Garry's Mod Edition
WARNING: Failed to load keyvalues file cfg/mount.cfg!
qdir:    "c:\program files (x86)\steam\steamapps\common\garrysmod\garrysmod\addons\mcv\work\mcv_smd_port\weapons\v_dual_lebel\"
gamedir: "C:\Program Files (x86)\Steam\steamapps\common\GarrysMod\garrysmod\addons\mcv\work\compile_test_game\"
g_path:  "C:\Program Files (x86)\Steam\steamapps\common\GarrysMod\garrysmod\addons\mcv\work\MCV_SMD_PORT\weapons\v_dual_lebel\v_dual_lebel.qc"
Building binary model files...
Working on "v_dual_lebel.qc"
SMD MODEL ..\..\..\MCV_SMD_OG\weapons\v_dual_lebel\DualLebel.smd
SMD MODEL ..\..\..\MCV_SMD_OG\weapons\v_dual_lebel\8mm_lebel_ammo_dual.smd
SMD MODEL ..\..\..\MCV_SMD_OG\weapons\v_dual_lebel\v_dual_lebel_anims\Bullet0_corrective_animation.smd
SMD MODEL ..\..\..\MCV_SMD_OG\weapons\v_dual_lebel\v_dual_lebel_anims\Bullet1_corrective_animation.smd
SMD MODEL ..\..\..\MCV_SMD_OG\weapons\v_dual_lebel\v_dual_lebel_anims\Bullet2_corrective_animation.smd
SMD MODEL ..\..\..\MCV_SMD_OG\weapons\v_dual_lebel\v_dual_lebel_anims\Bullet3_corrective_animation.smd
SMD MODEL ..\..\..\MCV_SMD_OG\weapons\v_dual_lebel\v_dual_lebel_anims\Bullet4_corrective_animation.smd
SMD MODEL ..\..\..\MCV_SMD_OG\weapons\v_dual_lebel\v_dual_lebel_anims\Bullet5_corrective_animation.smd
SMD MODEL ..\..\..\MCV_SMD_OG\weapons\v_dual_lebel\v_dual_lebel_anims\Bullet6_corrective_animation.smd
SMD MODEL ..\..\..\MCV_SMD_OG\weapons\v_dual_lebel\v_dual_lebel_anims\Bullet7_corrective_animation.smd
SMD MODEL ..\..\..\MCV_SMD_OG\weapons\v_dual_lebel\v_dual_lebel_anims\Bullet8_corrective_animation.smd
SMD MODEL ..\..\..\MCV_SMD_OG\weapons\v_dual_lebel\v_dual_lebel_anims\Bullet9_corrective_animation.smd
SMD MODEL ..\..\..\MCV_SMD_OG\weapons\v_dual_lebel\v_dual_lebel_anims\Bullet10_corrective_animation.smd
SMD MODEL ..\..\..\MCV_SMD_OG\weapons\v_dual_lebel\v_dual_lebel_anims\Bullet11_corrective_animation.smd
SMD MODEL ..\..\..\MCV_SMD_OG\weapons\v_dual_lebel\v_dual_lebel_anims\Default_corrective_animation.smd
SMD MODEL ..\..\..\MCV_SMD_OG\weapons\v_dual_lebel\v_dual_lebel_anims\runIdle_a_corrective_animation.smd
SMD MODEL ..\..\..\MCV_SMD_OG\weapons\v_dual_lebel\v_dual_lebel_anims\run_a_corrective_animation.smd
SMD MODEL ..\..\..\MCV_SMD_OG\weapons\v_dual_lebel\v_dual_lebel_anims\walkIdle_a_corrective_animation.smd
SMD MODEL ..\..\..\MCV_SMD_OG\weapons\v_dual_lebel\v_dual_lebel_anims\walk_a_corrective_animation.smd
SMD MODEL ..\..\..\MCV_SMD_OG\weapons\v_dual_lebel\v_dual_lebel_anims\shoot_r_a_corrective_animation.smd
SMD MODEL ..\..\..\MCV_SMD_OG\weapons\v_dual_lebel\v_dual_lebel_anims\shoot_r_ironsight_a_corrective_animation.smd
SMD MODEL ..\..\..\MCV_SMD_OG\weapons\v_dual_lebel\v_dual_lebel_anims\shoot_l_a_corrective_animation.smd
SMD MODEL ..\..\..\MCV_SMD_OG\weapons\v_dual_lebel\v_dual_lebel_anims\shoot_l_ironsight_a_corrective_animation.smd
SMD MODEL ..\..\..\MCV_SMD_OG\weapons\v_dual_lebel\v_dual_lebel_anims\shoot_p_r_a_corrective_animation.smd
SMD MODEL ..\..\..\MCV_SMD_OG\weapons\v_dual_lebel\v_dual_lebel_anims\shoot_p_r_ironsight_a_corrective_animation.smd
SMD MODEL ..\..\..\MCV_SMD_OG\weapons\v_dual_lebel\v_dual_lebel_anims\shoot_p_l_a_corrective_animation.smd
SMD MODEL ..\..\..\MCV_SMD_OG\weapons\v_dual_lebel\v_dual_lebel_anims\shoot_p_l_ironsight_a_corrective_animation.smd
SMD MODEL ..\..\..\MCV_SMD_OG\weapons\v_dual_lebel\v_dual_lebel_anims\shoot_d_r_a_corrective_animation.smd
SMD MODEL ..\..\..\MCV_SMD_OG\weapons\v_dual_lebel\v_dual_lebel_anims\shoot_d_r_ironsight_a_corrective_animation.smd
SMD MODEL ..\..\..\MCV_SMD_OG\weapons\v_dual_lebel\v_dual_lebel_anims\shoot_d_l_a_corrective_animation.smd
SMD MODEL ..\..\..\MCV_SMD_OG\weapons\v_dual_lebel\v_dual_lebel_anims\shoot_d_l_ironsight_a_corrective_animation.smd
SMD MODEL ..\..\..\MCV_SMD_OG\weapons\v_dual_lebel\v_dual_lebel_anims\PoseDelta.smd
SMD MODEL ..\..\..\MCV_SMD_OG\weapons\v_dual_lebel\v_dual_lebel_anims\Default.smd
SMD MODEL ..\..\..\MCV_SMD_OG\weapons\v_dual_lebel\v_dual_lebel_anims\Bullet11.smd
SMD MODEL ..\..\..\MCV_SMD_OG\weapons\v_dual_lebel\v_dual_lebel_anims\Bullet10.smd
SMD MODEL ..\..\..\MCV_SMD_OG\weapons\v_dual_lebel\v_dual_lebel_anims\Bullet9.smd
SMD MODEL ..\..\..\MCV_SMD_OG\weapons\v_dual_lebel\v_dual_lebel_anims\Bullet8.smd
SMD MODEL ..\..\..\MCV_SMD_OG\weapons\v_dual_lebel\v_dual_lebel_anims\Bullet7.smd
SMD MODEL ..\..\..\MCV_SMD_OG\weapons\v_dual_lebel\v_dual_lebel_anims\Bullet6.smd
SMD MODEL ..\..\..\MCV_SMD_OG\weapons\v_dual_lebel\v_dual_lebel_anims\Bullet5.smd
SMD MODEL ..\..\..\MCV_SMD_OG\weapons\v_dual_lebel\v_dual_lebel_anims\Bullet4.smd
SMD MODEL ..\..\..\MCV_SMD_OG\weapons\v_dual_lebel\v_dual_lebel_anims\Bullet3.smd
SMD MODEL ..\..\..\MCV_SMD_OG\weapons\v_dual_lebel\v_dual_lebel_anims\Bullet2.smd
SMD MODEL ..\..\..\MCV_SMD_OG\weapons\v_dual_lebel\v_dual_lebel_anims\Bullet1.smd
SMD MODEL ..\..\..\MCV_SMD_OG\weapons\v_dual_lebel\v_dual_lebel_anims\Bullet0.smd
SMD MODEL ..\..\..\MCV_SMD_OG\weapons\v_dual_lebel\v_dual_lebel_anims\basePose_a.smd
SMD MODEL ..\..\..\MCV_SMD_OG\weapons\v_dual_lebel\v_dual_lebel_anims\ironsight.smd
SMD MODEL ..\..\..\MCV_SMD_OG\weapons\v_dual_lebel\v_dual_lebel_anims\ironsight_transition.smd
SMD MODEL ..\..\..\MCV_SMD_OG\weapons\v_dual_lebel\v_dual_lebel_anims\runIdle_a.smd
SMD MODEL ..\..\..\MCV_SMD_OG\weapons\v_dual_lebel\v_dual_lebel_anims\run_a.smd
SMD MODEL ..\..\..\MCV_SMD_OG\weapons\v_dual_lebel\v_dual_lebel_anims\walkIdle_a.smd
SMD MODEL ..\..\..\MCV_SMD_OG\weapons\v_dual_lebel\v_dual_lebel_anims\walk_a.smd
SMD MODEL ..\..\..\MCV_SMD_OG\weapons\v_dual_lebel\v_dual_lebel_anims\idle_delayed_a.smd
SMD MODEL ..\..\..\MCV_SMD_OG\weapons\v_dual_lebel\v_dual_lebel_anims\ironsight_delayed.smd
SMD MODEL ..\..\..\MCV_SMD_OG\weapons\v_dual_lebel\v_dual_lebel_anims\ironsight_transition_delayed.smd
SMD MODEL ..\..\..\MCV_SMD_OG\weapons\v_dual_lebel\v_dual_lebel_anims\shoot_r_a.smd
SMD MODEL fixed_anims\shoot_r_a_tail01.smd
SMD MODEL fixed_anims\shoot_r_a_tail02.smd
SMD MODEL fixed_anims\shoot_r_a_tail03.smd
SMD MODEL ..\..\..\MCV_SMD_OG\weapons\v_dual_lebel\v_dual_lebel_anims\shoot_r_ironsight_a.smd
SMD MODEL fixed_anims\shoot_r_ironsight_a_tail01.smd
SMD MODEL fixed_anims\shoot_r_ironsight_a_tail02.smd
SMD MODEL fixed_anims\shoot_r_ironsight_a_tail03.smd
SMD MODEL ..\..\..\MCV_SMD_OG\weapons\v_dual_lebel\v_dual_lebel_anims\shoot_l_a.smd
SMD MODEL fixed_anims\shoot_l_a_tail01.smd
SMD MODEL fixed_anims\shoot_l_a_tail02.smd
SMD MODEL fixed_anims\shoot_l_a_tail03.smd
SMD MODEL ..\..\..\MCV_SMD_OG\weapons\v_dual_lebel\v_dual_lebel_anims\shoot_l_ironsight_a.smd
SMD MODEL fixed_anims\shoot_l_ironsight_a_tail01.smd
SMD MODEL fixed_anims\shoot_l_ironsight_a_tail02.smd
SMD MODEL fixed_anims\shoot_l_ironsight_a_tail03.smd
SMD MODEL ..\..\..\MCV_SMD_OG\weapons\v_dual_lebel\v_dual_lebel_anims\shoot_p_r_a.smd
SMD MODEL ..\..\..\MCV_SMD_OG\weapons\v_dual_lebel\v_dual_lebel_anims\shoot_p_r_ironsight_a.smd
SMD MODEL ..\..\..\MCV_SMD_OG\weapons\v_dual_lebel\v_dual_lebel_anims\shoot_p_l_a.smd
SMD MODEL ..\..\..\MCV_SMD_OG\weapons\v_dual_lebel\v_dual_lebel_anims\shoot_p_l_ironsight_a.smd
SMD MODEL ..\..\..\MCV_SMD_OG\weapons\v_dual_lebel\v_dual_lebel_anims\shoot_d_r_a.smd
SMD MODEL ..\..\..\MCV_SMD_OG\weapons\v_dual_lebel\v_dual_lebel_anims\shoot_d_r_ironsight_a.smd
SMD MODEL ..\..\..\MCV_SMD_OG\weapons\v_dual_lebel\v_dual_lebel_anims\shoot_d_l_a.smd
SMD MODEL ..\..\..\MCV_SMD_OG\weapons\v_dual_lebel\v_dual_lebel_anims\shoot_d_l_ironsight_a.smd
SMD MODEL ..\..\..\MCV_SMD_OG\weapons\v_dual_lebel\v_dual_lebel_anims\reload_a.smd
SMD MODEL ..\..\..\MCV_SMD_OG\weapons\v_dual_lebel\v_dual_lebel_anims\reload_a_i.smd
SMD MODEL ..\..\..\MCV_SMD_OG\weapons\v_dual_lebel\v_dual_lebel_anims\reload_d_a.smd
SMD MODEL ..\..\..\MCV_SMD_OG\weapons\v_dual_lebel\v_dual_lebel_anims\reload_d_a_i.smd
SMD MODEL ..\..\..\MCV_SMD_OG\weapons\v_dual_lebel\v_dual_lebel_anims\reload_r_a.smd
SMD MODEL ..\..\..\MCV_SMD_OG\weapons\v_dual_lebel\v_dual_lebel_anims\reload_r_a_i.smd
SMD MODEL ..\..\..\MCV_SMD_OG\weapons\v_dual_lebel\v_dual_lebel_anims\reload_d_r_a.smd
SMD MODEL ..\..\..\MCV_SMD_OG\weapons\v_dual_lebel\v_dual_lebel_anims\reload_d_r_a_i.smd
SMD MODEL ..\..\..\MCV_SMD_OG\weapons\v_dual_lebel\v_dual_lebel_anims\nearwall_s_a.smd
SMD MODEL ..\..\..\MCV_SMD_OG\weapons\v_dual_lebel\v_dual_lebel_anims\nearwall_s_a_i.smd
SMD MODEL ..\..\..\MCV_SMD_OG\weapons\v_dual_lebel\v_dual_lebel_anims\nearwall_d_s_a.smd
SMD MODEL ..\..\..\MCV_SMD_OG\weapons\v_dual_lebel\v_dual_lebel_anims\nearwall_d_s_a_i.smd
SMD MODEL ..\..\..\MCV_SMD_OG\weapons\v_dual_lebel\v_dual_lebel_anims\nearwall_a.smd
SMD MODEL ..\..\..\MCV_SMD_OG\weapons\v_dual_lebel\v_dual_lebel_anims\nearwall_a_i.smd
SMD MODEL ..\..\..\MCV_SMD_OG\weapons\v_dual_lebel\v_dual_lebel_anims\nearwall_d_a.smd
SMD MODEL ..\..\..\MCV_SMD_OG\weapons\v_dual_lebel\v_dual_lebel_anims\nearwall_d_a_i.smd
SMD MODEL ..\..\..\MCV_SMD_OG\weapons\v_dual_lebel\v_dual_lebel_anims\nearwall_e_a.smd
SMD MODEL ..\..\..\MCV_SMD_OG\weapons\v_dual_lebel\v_dual_lebel_anims\nearwall_e_a_i.smd
SMD MODEL ..\..\..\MCV_SMD_OG\weapons\v_dual_lebel\v_dual_lebel_anims\nearwall_d_e_a.smd
SMD MODEL ..\..\..\MCV_SMD_OG\weapons\v_dual_lebel\v_dual_lebel_anims\nearwall_d_e_a_i.smd
SMD MODEL ..\..\..\MCV_SMD_OG\weapons\v_dual_lebel\v_dual_lebel_anims\proneF.smd
SMD MODEL ..\..\..\MCV_SMD_OG\weapons\v_dual_lebel\v_dual_lebel_anims\proneB.smd
SMD MODEL ..\..\..\MCV_SMD_OG\weapons\v_dual_lebel\v_dual_lebel_anims\proneL.smd
SMD MODEL ..\..\..\MCV_SMD_OG\weapons\v_dual_lebel\v_dual_lebel_anims\proneR.smd
SMD MODEL ..\..\..\MCV_SMD_OG\weapons\v_dual_lebel\v_dual_lebel_anims\pronedF.smd
SMD MODEL ..\..\..\MCV_SMD_OG\weapons\v_dual_lebel\v_dual_lebel_anims\pronedB.smd
SMD MODEL ..\..\..\MCV_SMD_OG\weapons\v_dual_lebel\v_dual_lebel_anims\pronedL.smd
SMD MODEL ..\..\..\MCV_SMD_OG\weapons\v_dual_lebel\v_dual_lebel_anims\pronedR.smd
SMD MODEL ..\..\..\MCV_SMD_OG\weapons\v_dual_lebel\v_dual_lebel_anims\pickup_s_a.smd
SMD MODEL ..\..\..\MCV_SMD_OG\weapons\v_dual_lebel\v_dual_lebel_anims\pickup_s_a_i.smd
SMD MODEL ..\..\..\MCV_SMD_OG\weapons\v_dual_lebel\v_dual_lebel_anims\pickup_d_s_a.smd
SMD MODEL ..\..\..\MCV_SMD_OG\weapons\v_dual_lebel\v_dual_lebel_anims\pickup_d_s_a_i.smd
SMD MODEL ..\..\..\MCV_SMD_OG\weapons\v_dual_lebel\v_dual_lebel_anims\pickup_a.smd
SMD MODEL ..\..\..\MCV_SMD_OG\weapons\v_dual_lebel\v_dual_lebel_anims\pickup_a_i.smd
SMD MODEL ..\..\..\MCV_SMD_OG\weapons\v_dual_lebel\v_dual_lebel_anims\pickup_d_a.smd
SMD MODEL ..\..\..\MCV_SMD_OG\weapons\v_dual_lebel\v_dual_lebel_anims\pickup_d_a_i.smd
SMD MODEL ..\..\..\MCV_SMD_OG\weapons\v_dual_lebel\v_dual_lebel_anims\pickup_e_a.smd
SMD MODEL ..\..\..\MCV_SMD_OG\weapons\v_dual_lebel\v_dual_lebel_anims\pickup_e_a_i.smd
SMD MODEL ..\..\..\MCV_SMD_OG\weapons\v_dual_lebel\v_dual_lebel_anims\pickup_d_e_a.smd
SMD MODEL ..\..\..\MCV_SMD_OG\weapons\v_dual_lebel\v_dual_lebel_anims\pickup_d_e_a_i.smd
SMD MODEL ..\..\..\MCV_SMD_OG\weapons\v_dual_lebel\v_dual_lebel_anims\change_firemode_todelayed_a.smd
SMD MODEL ..\..\..\MCV_SMD_OG\weapons\v_dual_lebel\v_dual_lebel_anims\change_firemode_todelayed_iron_a.smd
SMD MODEL ..\..\..\MCV_SMD_OG\weapons\v_dual_lebel\v_dual_lebel_anims\change_firemode_tonormal_a.smd
SMD MODEL ..\..\..\MCV_SMD_OG\weapons\v_dual_lebel\v_dual_lebel_anims\change_firemode_tonormal_iron_a.smd
SMD MODEL ..\..\..\MCV_SMD_OG\weapons\v_dual_lebel\v_dual_lebel_anims\FirstDraw.smd
SMD MODEL ..\..\..\MCV_SMD_OG\weapons\v_dual_lebel\v_dual_lebel_anims\FirstDraw_2.smd
SMD MODEL ..\..\..\MCV_SMD_OG\weapons\v_dual_lebel\v_dual_lebel_anims\draw.smd
SMD MODEL ..\..\..\MCV_SMD_OG\weapons\v_dual_lebel\v_dual_lebel_anims\draw_2.smd
SMD MODEL ..\..\..\MCV_SMD_OG\weapons\v_dual_lebel\v_dual_lebel_anims\draw_3.smd
SMD MODEL ..\..\..\MCV_SMD_OG\weapons\v_dual_lebel\v_dual_lebel_anims\draw_4.smd
SMD MODEL ..\..\..\MCV_SMD_OG\weapons\v_dual_lebel\v_dual_lebel_anims\bash.smd
SMD MODEL ..\..\..\MCV_SMD_OG\weapons\v_dual_lebel\v_dual_lebel_anims\bash_2.smd
SMD MODEL ..\..\..\MCV_SMD_OG\weapons\v_dual_lebel\v_dual_lebel_anims\bash_3.smd
SMD MODEL ..\..\..\MCV_SMD_OG\weapons\v_dual_lebel\v_dual_lebel_anims\bash_4.smd
SMD MODEL ..\..\..\MCV_SMD_OG\weapons\v_dual_lebel\v_dual_lebel_anims\holster.smd
SMD MODEL ..\..\..\MCV_SMD_OG\weapons\v_dual_lebel\v_dual_lebel_anims\holster_2.smd
Processing LOD for material: v_lebel
Processing LOD for material: shells_small_additional
---------------------
writing C:\Program Files (x86)\Steam\steamapps\common\GarrysMod\garrysmod\addons\mcv\work\compile_test_game\models/weapons/mcv/v_dual_lebel.mdl:
Loading preexisting model: C:\Program Files (x86)\Steam\steamapps\common\GarrysMod\garrysmod\addons\mcv\work\compile_test_game\models/weapons/mcv/v_dual_lebel.mdl
   Found 34 preexisting sequences.
bones        30028 bytes (130)
animations  530408 bytes (191 anims) (3871 frames) [2:06]
Building sequence index remapping table...
No re-ordering required.
sequences    16644 bytes (34 seq) 
ik/pose        468 bytes
eyeballs         0 bytes (0 eyeballs)
flexes           0 bytes (0 flexes)
eyeballs         0 bytes (0 eyeballs)
flexes           0 bytes (0 flexes)
textures       140 bytes
keyvalues       20 bytes
bone transforms    17744 bytes
bone flex driver       0 bytes
collision        0 bytes
total       602876
---------------------
writing C:\Program Files (x86)\Steam\steamapps\common\GarrysMod\garrysmod\addons\mcv\work\compile_test_game\models/weapons/mcv/v_dual_lebel.vvd:
vertices    763488 bytes (15906 vertices)
vertices    164736 bytes (3432 vertices)
tangents    254496 bytes (15906 vertices)
tangents     54912 bytes (3432 vertices)
total      1237696 bytes
---------------------
Generating optimized mesh "C:\Program Files (x86)\Steam\steamapps\common\GarrysMod\garrysmod\addons\mcv\work\compile_test_game\models/weapons/mcv/v_dual_lebel.dx80.vtx":
body parts:        16 bytes
models:            40 bytes
model LODs:        24 bytes
meshes:            18 bytes
strip groups:      50 bytes
strips:            81 bytes
verts:         174042 bytes
indices:       140328 bytes
bone changes:     312 bytes
everything:    314923 bytes
---------------------
Generating optimized mesh "C:\Program Files (x86)\Steam\steamapps\common\GarrysMod\garrysmod\addons\mcv\work\compile_test_game\models/weapons/mcv/v_dual_lebel.dx90.vtx":
body parts:        16 bytes
models:            40 bytes
model LODs:        24 bytes
meshes:            18 bytes
strip groups:      50 bytes
strips:            54 bytes
verts:         174042 bytes
indices:       140328 bytes
bone changes:     312 bytes
everything:    314896 bytes

Completed "v_dual_lebel.qc"
