StudioMDL.exe (Apr 27 2026) - Garry's Mod Edition
WARNING: Failed to load keyvalues file cfg/mount.cfg!
qdir:    "c:\program files (x86)\steam\steamapps\common\garrysmod\garrysmod\addons\mcv\work\mcv_smd_port\weapons\v_dual_pm63\"
gamedir: "C:\Program Files (x86)\Steam\steamapps\common\GarrysMod\garrysmod\addons\mcv\work\compile_test_game\"
g_path:  "C:\Program Files (x86)\Steam\steamapps\common\GarrysMod\garrysmod\addons\mcv\work\MCV_SMD_PORT\weapons\v_dual_pm63\v_dual_pm63.qc"
Building binary model files...
Working on "v_dual_pm63.qc"
SMD MODEL ..\..\..\MCV_SMD_OG\weapons\v_dual_pm63\DualPm63.smd
SMD MODEL ..\..\..\MCV_SMD_OG\weapons\v_dual_pm63\body1_model0.smd
SMD MODEL ..\..\..\MCV_SMD_OG\weapons\v_dual_pm63\v_dual_pm63_anims\Default_corrective_animation.smd
SMD MODEL ..\..\..\MCV_SMD_OG\weapons\v_dual_pm63\v_dual_pm63_anims\RightEmpty_corrective_animation.smd
SMD MODEL ..\..\..\MCV_SMD_OG\weapons\v_dual_pm63\v_dual_pm63_anims\BothEmpty_corrective_animation.smd
SMD MODEL ..\..\..\MCV_SMD_OG\weapons\v_dual_pm63\v_dual_pm63_anims\runIdle_a_corrective_animation.smd
SMD MODEL ..\..\..\MCV_SMD_OG\weapons\v_dual_pm63\v_dual_pm63_anims\run_a_corrective_animation.smd
SMD MODEL ..\..\..\MCV_SMD_OG\weapons\v_dual_pm63\v_dual_pm63_anims\walkIdle_a_corrective_animation.smd
SMD MODEL ..\..\..\MCV_SMD_OG\weapons\v_dual_pm63\v_dual_pm63_anims\walk_a_corrective_animation.smd
SMD MODEL ..\..\..\MCV_SMD_OG\weapons\v_dual_pm63\v_dual_pm63_anims\shoot1_r_a_corrective_animation.smd
SMD MODEL ..\..\..\MCV_SMD_OG\weapons\v_dual_pm63\v_dual_pm63_anims\shoot1_r_ironsight_a_corrective_animation.smd
SMD MODEL ..\..\..\MCV_SMD_OG\weapons\v_dual_pm63\v_dual_pm63_anims\shoot1_l_a_corrective_animation.smd
SMD MODEL ..\..\..\MCV_SMD_OG\weapons\v_dual_pm63\v_dual_pm63_anims\shoot1_l_ironsight_a_corrective_animation.smd
SMD MODEL ..\..\..\MCV_SMD_OG\weapons\v_dual_pm63\v_dual_pm63_anims\shoot2_r_a_corrective_animation.smd
SMD MODEL ..\..\..\MCV_SMD_OG\weapons\v_dual_pm63\v_dual_pm63_anims\shoot2_r_ironsight_a_corrective_animation.smd
SMD MODEL ..\..\..\MCV_SMD_OG\weapons\v_dual_pm63\v_dual_pm63_anims\shoot2_l_a_corrective_animation.smd
SMD MODEL ..\..\..\MCV_SMD_OG\weapons\v_dual_pm63\v_dual_pm63_anims\shoot2_l_ironsight_a_corrective_animation.smd
SMD MODEL ..\..\..\MCV_SMD_OG\weapons\v_dual_pm63\v_dual_pm63_anims\shootlast_r_a_corrective_animation.smd
SMD MODEL ..\..\..\MCV_SMD_OG\weapons\v_dual_pm63\v_dual_pm63_anims\shootlast_r_ironsight_a_corrective_animation.smd
SMD MODEL ..\..\..\MCV_SMD_OG\weapons\v_dual_pm63\v_dual_pm63_anims\shootlast_l_a_corrective_animation.smd
SMD MODEL ..\..\..\MCV_SMD_OG\weapons\v_dual_pm63\v_dual_pm63_anims\shootlast_l_ironsight_a_corrective_animation.smd
SMD MODEL ..\..\..\MCV_SMD_OG\weapons\v_dual_pm63\v_dual_pm63_anims\PoseDelta.smd
SMD MODEL ..\..\..\MCV_SMD_OG\weapons\v_dual_pm63\v_dual_pm63_anims\Default.smd
SMD MODEL ..\..\..\MCV_SMD_OG\weapons\v_dual_pm63\v_dual_pm63_anims\RightEmpty.smd
SMD MODEL ..\..\..\MCV_SMD_OG\weapons\v_dual_pm63\v_dual_pm63_anims\BothEmpty.smd
SMD MODEL ..\..\..\MCV_SMD_OG\weapons\v_dual_pm63\v_dual_pm63_anims\basePose_a.smd
SMD MODEL ..\..\..\MCV_SMD_OG\weapons\v_dual_pm63\v_dual_pm63_anims\ironsight.smd
SMD MODEL ..\..\..\MCV_SMD_OG\weapons\v_dual_pm63\v_dual_pm63_anims\ironsight_transition.smd
SMD MODEL ..\..\..\MCV_SMD_OG\weapons\v_dual_pm63\v_dual_pm63_anims\runIdle_a.smd
SMD MODEL ..\..\..\MCV_SMD_OG\weapons\v_dual_pm63\v_dual_pm63_anims\run_a.smd
SMD MODEL ..\..\..\MCV_SMD_OG\weapons\v_dual_pm63\v_dual_pm63_anims\walkIdle_a.smd
SMD MODEL ..\..\..\MCV_SMD_OG\weapons\v_dual_pm63\v_dual_pm63_anims\walk_a.smd
SMD MODEL ..\..\..\MCV_SMD_OG\weapons\v_dual_pm63\v_dual_pm63_anims\FirstDraw_a.smd
SMD MODEL ..\..\..\MCV_SMD_OG\weapons\v_dual_pm63\v_dual_pm63_anims\FirstDraw_a_i.smd
SMD MODEL ..\..\..\MCV_SMD_OG\weapons\v_dual_pm63\v_dual_pm63_anims\shoot1_r_a.smd
SMD MODEL ..\..\..\MCV_SMD_OG\weapons\v_dual_pm63\v_dual_pm63_anims\shoot1_r_ironsight_a.smd
SMD MODEL ..\..\..\MCV_SMD_OG\weapons\v_dual_pm63\v_dual_pm63_anims\shoot1_l_a.smd
SMD MODEL ..\..\..\MCV_SMD_OG\weapons\v_dual_pm63\v_dual_pm63_anims\shoot1_l_ironsight_a.smd
SMD MODEL ..\..\..\MCV_SMD_OG\weapons\v_dual_pm63\v_dual_pm63_anims\shoot2_r_a.smd
SMD MODEL ..\..\..\MCV_SMD_OG\weapons\v_dual_pm63\v_dual_pm63_anims\shoot2_r_ironsight_a.smd
SMD MODEL ..\..\..\MCV_SMD_OG\weapons\v_dual_pm63\v_dual_pm63_anims\shoot2_l_a.smd
SMD MODEL ..\..\..\MCV_SMD_OG\weapons\v_dual_pm63\v_dual_pm63_anims\shoot2_l_ironsight_a.smd
SMD MODEL ..\..\..\MCV_SMD_OG\weapons\v_dual_pm63\v_dual_pm63_anims\shootlast_r_a.smd
SMD MODEL ..\..\..\MCV_SMD_OG\weapons\v_dual_pm63\v_dual_pm63_anims\shootlast_r_ironsight_a.smd
SMD MODEL ..\..\..\MCV_SMD_OG\weapons\v_dual_pm63\v_dual_pm63_anims\shootlast_l_a.smd
SMD MODEL ..\..\..\MCV_SMD_OG\weapons\v_dual_pm63\v_dual_pm63_anims\shootlast_l_ironsight_a.smd
SMD MODEL ..\..\..\MCV_SMD_OG\weapons\v_dual_pm63\v_dual_pm63_anims\reload_a.smd
SMD MODEL ..\..\..\MCV_SMD_OG\weapons\v_dual_pm63\v_dual_pm63_anims\reload_a_i.smd
SMD MODEL ..\..\..\MCV_SMD_OG\weapons\v_dual_pm63\v_dual_pm63_anims\reload_ra.smd
SMD MODEL ..\..\..\MCV_SMD_OG\weapons\v_dual_pm63\v_dual_pm63_anims\reload_ra_i.smd
SMD MODEL ..\..\..\MCV_SMD_OG\weapons\v_dual_pm63\v_dual_pm63_anims\reload_er_a.smd
SMD MODEL ..\..\..\MCV_SMD_OG\weapons\v_dual_pm63\v_dual_pm63_anims\reload_er_a_i.smd
SMD MODEL ..\..\..\MCV_SMD_OG\weapons\v_dual_pm63\v_dual_pm63_anims\reload_e_a.smd
SMD MODEL ..\..\..\MCV_SMD_OG\weapons\v_dual_pm63\v_dual_pm63_anims\reload_e_a_i.smd
SMD MODEL ..\..\..\MCV_SMD_OG\weapons\v_dual_pm63\v_dual_pm63_anims\nearwall_s_a.smd
SMD MODEL ..\..\..\MCV_SMD_OG\weapons\v_dual_pm63\v_dual_pm63_anims\nearwall_s_a_i.smd
SMD MODEL ..\..\..\MCV_SMD_OG\weapons\v_dual_pm63\v_dual_pm63_anims\nearwall_a.smd
SMD MODEL ..\..\..\MCV_SMD_OG\weapons\v_dual_pm63\v_dual_pm63_anims\nearwall_a_i.smd
SMD MODEL ..\..\..\MCV_SMD_OG\weapons\v_dual_pm63\v_dual_pm63_anims\nearwall_e_a.smd
SMD MODEL ..\..\..\MCV_SMD_OG\weapons\v_dual_pm63\v_dual_pm63_anims\nearwall_e_a_i.smd
SMD MODEL ..\..\..\MCV_SMD_OG\weapons\v_dual_pm63\v_dual_pm63_anims\proneF.smd
SMD MODEL ..\..\..\MCV_SMD_OG\weapons\v_dual_pm63\v_dual_pm63_anims\proneB.smd
SMD MODEL ..\..\..\MCV_SMD_OG\weapons\v_dual_pm63\v_dual_pm63_anims\proneL.smd
SMD MODEL ..\..\..\MCV_SMD_OG\weapons\v_dual_pm63\v_dual_pm63_anims\proneR.smd
SMD MODEL ..\..\..\MCV_SMD_OG\weapons\v_dual_pm63\v_dual_pm63_anims\pickup_s_a.smd
SMD MODEL ..\..\..\MCV_SMD_OG\weapons\v_dual_pm63\v_dual_pm63_anims\pickup_s_a_i.smd
SMD MODEL ..\..\..\MCV_SMD_OG\weapons\v_dual_pm63\v_dual_pm63_anims\pickup_a.smd
SMD MODEL ..\..\..\MCV_SMD_OG\weapons\v_dual_pm63\v_dual_pm63_anims\pickup_a_i.smd
SMD MODEL ..\..\..\MCV_SMD_OG\weapons\v_dual_pm63\v_dual_pm63_anims\pickup_e_a.smd
SMD MODEL ..\..\..\MCV_SMD_OG\weapons\v_dual_pm63\v_dual_pm63_anims\pickup_e_a_i.smd
SMD MODEL ..\..\..\MCV_SMD_OG\weapons\v_dual_pm63\v_dual_pm63_anims\draw.smd
SMD MODEL ..\..\..\MCV_SMD_OG\weapons\v_dual_pm63\v_dual_pm63_anims\draw_2.smd
SMD MODEL ..\..\..\MCV_SMD_OG\weapons\v_dual_pm63\v_dual_pm63_anims\bash.smd
SMD MODEL ..\..\..\MCV_SMD_OG\weapons\v_dual_pm63\v_dual_pm63_anims\bash_2.smd
SMD MODEL ..\..\..\MCV_SMD_OG\weapons\v_dual_pm63\v_dual_pm63_anims\holster.smd
Processing LOD for material: shells_small_additional
Processing LOD for material: pm63
Processing LOD for material: pm63
Processing LOD for material: pm63_mag
---------------------
writing C:\Program Files (x86)\Steam\steamapps\common\GarrysMod\garrysmod\addons\mcv\work\compile_test_game\models/weapons/mcv/v_dual_pm63.mdl:
Loading preexisting model: C:\Program Files (x86)\Steam\steamapps\common\GarrysMod\garrysmod\addons\mcv\work\compile_test_game\models/weapons/mcv/v_dual_pm63.mdl
   Found 34 preexisting sequences.
bones        23668 bytes (101)
animations  268132 bytes (128 anims) (2479 frames) [1:22]
Building sequence index remapping table...
No re-ordering required.
sequences    13868 bytes (34 seq) 
ik/pose        596 bytes
eyeballs         0 bytes (0 eyeballs)
flexes           0 bytes (0 flexes)
eyeballs         0 bytes (0 eyeballs)
flexes           0 bytes (0 flexes)
eyeballs         0 bytes (0 eyeballs)
flexes           0 bytes (0 flexes)
textures       208 bytes
keyvalues       20 bytes
bone transforms    13800 bytes
bone flex driver       0 bytes
collision        0 bytes
total       326204
---------------------
writing C:\Program Files (x86)\Steam\steamapps\common\GarrysMod\garrysmod\addons\mcv\work\compile_test_game\models/weapons/mcv/v_dual_pm63.vvd:
vertices   1572768 bytes (32766 vertices)
vertices    549072 bytes (11439 vertices)
tangents    524256 bytes (32766 vertices)
tangents    183024 bytes (11439 vertices)
total      2829184 bytes
---------------------
Generating optimized mesh "C:\Program Files (x86)\Steam\steamapps\common\GarrysMod\garrysmod\addons\mcv\work\compile_test_game\models/weapons/mcv/v_dual_pm63.dx80.vtx":
body parts:        16 bytes
models:            60 bytes
model LODs:        36 bytes
meshes:            36 bytes
strip groups:     100 bytes
strips:           108 bytes
verts:         397845 bytes
indices:       268200 bytes
bone changes:     128 bytes
everything:    666529 bytes
---------------------
Generating optimized mesh "C:\Program Files (x86)\Steam\steamapps\common\GarrysMod\garrysmod\addons\mcv\work\compile_test_game\models/weapons/mcv/v_dual_pm63.dx90.vtx":
body parts:        16 bytes
models:            60 bytes
model LODs:        36 bytes
meshes:            36 bytes
strip groups:     100 bytes
strips:           108 bytes
verts:         397845 bytes
indices:       268200 bytes
bone changes:     128 bytes
everything:    666529 bytes

Completed "v_dual_pm63.qc"
