StudioMDL.exe (Apr 27 2026) - Garry's Mod Edition
WARNING: Failed to load keyvalues file cfg/mount.cfg!
qdir:    "c:\program files (x86)\steam\steamapps\common\garrysmod\garrysmod\addons\mcv\work\mcv_smd_port\weapons\v_dual_type64_pistol\"
gamedir: "C:\Program Files (x86)\Steam\steamapps\common\GarrysMod\garrysmod\addons\mcv\work\compile_test_game\"
g_path:  "C:\Program Files (x86)\Steam\steamapps\common\GarrysMod\garrysmod\addons\mcv\work\MCV_SMD_PORT\weapons\v_dual_type64_pistol\v_dual_type64_pistol.qc"
Building binary model files...
Working on "v_dual_type64_pistol.qc"
SMD MODEL ..\..\..\MCV_SMD_OG\weapons\v_dual_type64_pistol\DualType64.smd
SMD MODEL ..\..\..\MCV_SMD_OG\weapons\v_dual_type64_pistol\v_dual_type64_pistol_anims\DefaultSlide_corrective_animation.smd
SMD MODEL ..\..\..\MCV_SMD_OG\weapons\v_dual_type64_pistol\v_dual_type64_pistol_anims\RightEmpty_corrective_animation.smd
SMD MODEL ..\..\..\MCV_SMD_OG\weapons\v_dual_type64_pistol\v_dual_type64_pistol_anims\BothEmpty_corrective_animation.smd
SMD MODEL ..\..\..\MCV_SMD_OG\weapons\v_dual_type64_pistol\v_dual_type64_pistol_anims\Bullet17_corrective_animation.smd
SMD MODEL ..\..\..\MCV_SMD_OG\weapons\v_dual_type64_pistol\v_dual_type64_pistol_anims\Bullet15_corrective_animation.smd
SMD MODEL ..\..\..\MCV_SMD_OG\weapons\v_dual_type64_pistol\v_dual_type64_pistol_anims\Bullet13_corrective_animation.smd
SMD MODEL ..\..\..\MCV_SMD_OG\weapons\v_dual_type64_pistol\v_dual_type64_pistol_anims\Bullet11_corrective_animation.smd
SMD MODEL ..\..\..\MCV_SMD_OG\weapons\v_dual_type64_pistol\v_dual_type64_pistol_anims\Bullet09_corrective_animation.smd
SMD MODEL ..\..\..\MCV_SMD_OG\weapons\v_dual_type64_pistol\v_dual_type64_pistol_anims\Bullet07_corrective_animation.smd
SMD MODEL ..\..\..\MCV_SMD_OG\weapons\v_dual_type64_pistol\v_dual_type64_pistol_anims\Bullet05_corrective_animation.smd
SMD MODEL ..\..\..\MCV_SMD_OG\weapons\v_dual_type64_pistol\v_dual_type64_pistol_anims\Bullet03_corrective_animation.smd
SMD MODEL ..\..\..\MCV_SMD_OG\weapons\v_dual_type64_pistol\v_dual_type64_pistol_anims\Bullet01_corrective_animation.smd
SMD MODEL ..\..\..\MCV_SMD_OG\weapons\v_dual_type64_pistol\v_dual_type64_pistol_anims\Default_corrective_animation.smd
SMD MODEL ..\..\..\MCV_SMD_OG\weapons\v_dual_type64_pistol\v_dual_type64_pistol_anims\Bullet18_corrective_animation.smd
SMD MODEL ..\..\..\MCV_SMD_OG\weapons\v_dual_type64_pistol\v_dual_type64_pistol_anims\Bullet16_corrective_animation.smd
SMD MODEL ..\..\..\MCV_SMD_OG\weapons\v_dual_type64_pistol\v_dual_type64_pistol_anims\Bullet14_corrective_animation.smd
SMD MODEL ..\..\..\MCV_SMD_OG\weapons\v_dual_type64_pistol\v_dual_type64_pistol_anims\Bullet12_corrective_animation.smd
SMD MODEL ..\..\..\MCV_SMD_OG\weapons\v_dual_type64_pistol\v_dual_type64_pistol_anims\Bullet10_corrective_animation.smd
SMD MODEL ..\..\..\MCV_SMD_OG\weapons\v_dual_type64_pistol\v_dual_type64_pistol_anims\Bullet08_corrective_animation.smd
SMD MODEL ..\..\..\MCV_SMD_OG\weapons\v_dual_type64_pistol\v_dual_type64_pistol_anims\Bullet06_corrective_animation.smd
SMD MODEL ..\..\..\MCV_SMD_OG\weapons\v_dual_type64_pistol\v_dual_type64_pistol_anims\Bullet04_corrective_animation.smd
SMD MODEL ..\..\..\MCV_SMD_OG\weapons\v_dual_type64_pistol\v_dual_type64_pistol_anims\Bullet02_corrective_animation.smd
SMD MODEL ..\..\..\MCV_SMD_OG\weapons\v_dual_type64_pistol\v_dual_type64_pistol_anims\DefaultLeft_corrective_animation.smd
SMD MODEL ..\..\..\MCV_SMD_OG\weapons\v_dual_type64_pistol\v_dual_type64_pistol_anims\runIdle_a_corrective_animation.smd
SMD MODEL ..\..\..\MCV_SMD_OG\weapons\v_dual_type64_pistol\v_dual_type64_pistol_anims\run_a_corrective_animation.smd
SMD MODEL ..\..\..\MCV_SMD_OG\weapons\v_dual_type64_pistol\v_dual_type64_pistol_anims\walkIdle_a_corrective_animation.smd
SMD MODEL ..\..\..\MCV_SMD_OG\weapons\v_dual_type64_pistol\v_dual_type64_pistol_anims\walk_a_corrective_animation.smd
SMD MODEL ..\..\..\MCV_SMD_OG\weapons\v_dual_type64_pistol\v_dual_type64_pistol_anims\shoot1_r_a_corrective_animation.smd
SMD MODEL ..\..\..\MCV_SMD_OG\weapons\v_dual_type64_pistol\v_dual_type64_pistol_anims\shoot1_r_ironsight_a_corrective_animation.smd
SMD MODEL ..\..\..\MCV_SMD_OG\weapons\v_dual_type64_pistol\v_dual_type64_pistol_anims\shoot1_l_a_corrective_animation.smd
SMD MODEL ..\..\..\MCV_SMD_OG\weapons\v_dual_type64_pistol\v_dual_type64_pistol_anims\shoot1_l_ironsight_a_corrective_animation.smd
SMD MODEL ..\..\..\MCV_SMD_OG\weapons\v_dual_type64_pistol\v_dual_type64_pistol_anims\shoot2_r_a_corrective_animation.smd
SMD MODEL ..\..\..\MCV_SMD_OG\weapons\v_dual_type64_pistol\v_dual_type64_pistol_anims\shoot2_r_ironsight_a_corrective_animation.smd
SMD MODEL ..\..\..\MCV_SMD_OG\weapons\v_dual_type64_pistol\v_dual_type64_pistol_anims\shoot2_l_a_corrective_animation.smd
SMD MODEL ..\..\..\MCV_SMD_OG\weapons\v_dual_type64_pistol\v_dual_type64_pistol_anims\shoot2_l_ironsight_a_corrective_animation.smd
SMD MODEL ..\..\..\MCV_SMD_OG\weapons\v_dual_type64_pistol\v_dual_type64_pistol_anims\shootlast_r_a_corrective_animation.smd
SMD MODEL ..\..\..\MCV_SMD_OG\weapons\v_dual_type64_pistol\v_dual_type64_pistol_anims\shootlast_r_ironsight_a_corrective_animation.smd
SMD MODEL ..\..\..\MCV_SMD_OG\weapons\v_dual_type64_pistol\v_dual_type64_pistol_anims\shootlast_l_a_corrective_animation.smd
SMD MODEL ..\..\..\MCV_SMD_OG\weapons\v_dual_type64_pistol\v_dual_type64_pistol_anims\shootlast_l_ironsight_a_corrective_animation.smd
SMD MODEL ..\..\..\MCV_SMD_OG\weapons\v_dual_type64_pistol\v_dual_type64_pistol_anims\PoseDelta.smd
SMD MODEL ..\..\..\MCV_SMD_OG\weapons\v_dual_type64_pistol\v_dual_type64_pistol_anims\DefaultSlide.smd
SMD MODEL ..\..\..\MCV_SMD_OG\weapons\v_dual_type64_pistol\v_dual_type64_pistol_anims\RightEmpty.smd
SMD MODEL ..\..\..\MCV_SMD_OG\weapons\v_dual_type64_pistol\v_dual_type64_pistol_anims\BothEmpty.smd
SMD MODEL ..\..\..\MCV_SMD_OG\weapons\v_dual_type64_pistol\v_dual_type64_pistol_anims\Default.smd
SMD MODEL ..\..\..\MCV_SMD_OG\weapons\v_dual_type64_pistol\v_dual_type64_pistol_anims\Bullet01.smd
SMD MODEL ..\..\..\MCV_SMD_OG\weapons\v_dual_type64_pistol\v_dual_type64_pistol_anims\Bullet03.smd
SMD MODEL ..\..\..\MCV_SMD_OG\weapons\v_dual_type64_pistol\v_dual_type64_pistol_anims\Bullet05.smd
SMD MODEL ..\..\..\MCV_SMD_OG\weapons\v_dual_type64_pistol\v_dual_type64_pistol_anims\Bullet07.smd
SMD MODEL ..\..\..\MCV_SMD_OG\weapons\v_dual_type64_pistol\v_dual_type64_pistol_anims\Bullet09.smd
SMD MODEL ..\..\..\MCV_SMD_OG\weapons\v_dual_type64_pistol\v_dual_type64_pistol_anims\Bullet11.smd
SMD MODEL ..\..\..\MCV_SMD_OG\weapons\v_dual_type64_pistol\v_dual_type64_pistol_anims\Bullet13.smd
SMD MODEL ..\..\..\MCV_SMD_OG\weapons\v_dual_type64_pistol\v_dual_type64_pistol_anims\Bullet15.smd
SMD MODEL ..\..\..\MCV_SMD_OG\weapons\v_dual_type64_pistol\v_dual_type64_pistol_anims\Bullet17.smd
SMD MODEL ..\..\..\MCV_SMD_OG\weapons\v_dual_type64_pistol\v_dual_type64_pistol_anims\DefaultLeft.smd
SMD MODEL ..\..\..\MCV_SMD_OG\weapons\v_dual_type64_pistol\v_dual_type64_pistol_anims\Bullet02.smd
SMD MODEL ..\..\..\MCV_SMD_OG\weapons\v_dual_type64_pistol\v_dual_type64_pistol_anims\Bullet04.smd
SMD MODEL ..\..\..\MCV_SMD_OG\weapons\v_dual_type64_pistol\v_dual_type64_pistol_anims\Bullet06.smd
SMD MODEL ..\..\..\MCV_SMD_OG\weapons\v_dual_type64_pistol\v_dual_type64_pistol_anims\Bullet08.smd
SMD MODEL ..\..\..\MCV_SMD_OG\weapons\v_dual_type64_pistol\v_dual_type64_pistol_anims\Bullet10.smd
SMD MODEL ..\..\..\MCV_SMD_OG\weapons\v_dual_type64_pistol\v_dual_type64_pistol_anims\Bullet12.smd
SMD MODEL ..\..\..\MCV_SMD_OG\weapons\v_dual_type64_pistol\v_dual_type64_pistol_anims\Bullet14.smd
SMD MODEL ..\..\..\MCV_SMD_OG\weapons\v_dual_type64_pistol\v_dual_type64_pistol_anims\Bullet16.smd
SMD MODEL ..\..\..\MCV_SMD_OG\weapons\v_dual_type64_pistol\v_dual_type64_pistol_anims\Bullet18.smd
SMD MODEL ..\..\..\MCV_SMD_OG\weapons\v_dual_type64_pistol\v_dual_type64_pistol_anims\basePose_a.smd
SMD MODEL ..\..\..\MCV_SMD_OG\weapons\v_dual_type64_pistol\v_dual_type64_pistol_anims\ironsight.smd
SMD MODEL ..\..\..\MCV_SMD_OG\weapons\v_dual_type64_pistol\v_dual_type64_pistol_anims\ironsight_transition.smd
SMD MODEL ..\..\..\MCV_SMD_OG\weapons\v_dual_type64_pistol\v_dual_type64_pistol_anims\runIdle_a.smd
SMD MODEL ..\..\..\MCV_SMD_OG\weapons\v_dual_type64_pistol\v_dual_type64_pistol_anims\run_a.smd
SMD MODEL ..\..\..\MCV_SMD_OG\weapons\v_dual_type64_pistol\v_dual_type64_pistol_anims\walkIdle_a.smd
SMD MODEL ..\..\..\MCV_SMD_OG\weapons\v_dual_type64_pistol\v_dual_type64_pistol_anims\walk_a.smd
SMD MODEL ..\..\..\MCV_SMD_OG\weapons\v_dual_type64_pistol\v_dual_type64_pistol_anims\FirstDraw_a.smd
SMD MODEL ..\..\..\MCV_SMD_OG\weapons\v_dual_type64_pistol\v_dual_type64_pistol_anims\FirstDraw_a_i.smd
SMD MODEL ..\..\..\MCV_SMD_OG\weapons\v_dual_type64_pistol\v_dual_type64_pistol_anims\shoot1_r_a.smd
SMD MODEL ..\..\..\MCV_SMD_OG\weapons\v_dual_type64_pistol\v_dual_type64_pistol_anims\shoot1_r_ironsight_a.smd
SMD MODEL ..\..\..\MCV_SMD_OG\weapons\v_dual_type64_pistol\v_dual_type64_pistol_anims\shoot1_l_a.smd
SMD MODEL ..\..\..\MCV_SMD_OG\weapons\v_dual_type64_pistol\v_dual_type64_pistol_anims\shoot1_l_ironsight_a.smd
SMD MODEL ..\..\..\MCV_SMD_OG\weapons\v_dual_type64_pistol\v_dual_type64_pistol_anims\shoot2_r_a.smd
SMD MODEL ..\..\..\MCV_SMD_OG\weapons\v_dual_type64_pistol\v_dual_type64_pistol_anims\shoot2_r_ironsight_a.smd
SMD MODEL ..\..\..\MCV_SMD_OG\weapons\v_dual_type64_pistol\v_dual_type64_pistol_anims\shoot2_l_a.smd
SMD MODEL ..\..\..\MCV_SMD_OG\weapons\v_dual_type64_pistol\v_dual_type64_pistol_anims\shoot2_l_ironsight_a.smd
SMD MODEL ..\..\..\MCV_SMD_OG\weapons\v_dual_type64_pistol\v_dual_type64_pistol_anims\shootlast_r_a.smd
SMD MODEL ..\..\..\MCV_SMD_OG\weapons\v_dual_type64_pistol\v_dual_type64_pistol_anims\shootlast_r_ironsight_a.smd
SMD MODEL ..\..\..\MCV_SMD_OG\weapons\v_dual_type64_pistol\v_dual_type64_pistol_anims\shootlast_l_a.smd
SMD MODEL ..\..\..\MCV_SMD_OG\weapons\v_dual_type64_pistol\v_dual_type64_pistol_anims\shootlast_l_ironsight_a.smd
SMD MODEL ..\..\..\MCV_SMD_OG\weapons\v_dual_type64_pistol\v_dual_type64_pistol_anims\reload_a.smd
SMD MODEL ..\..\..\MCV_SMD_OG\weapons\v_dual_type64_pistol\v_dual_type64_pistol_anims\reload_a_i.smd
SMD MODEL ..\..\..\MCV_SMD_OG\weapons\v_dual_type64_pistol\v_dual_type64_pistol_anims\reload_ra.smd
SMD MODEL ..\..\..\MCV_SMD_OG\weapons\v_dual_type64_pistol\v_dual_type64_pistol_anims\reload_ra_i.smd
SMD MODEL ..\..\..\MCV_SMD_OG\weapons\v_dual_type64_pistol\v_dual_type64_pistol_anims\reload_er_a.smd
SMD MODEL ..\..\..\MCV_SMD_OG\weapons\v_dual_type64_pistol\v_dual_type64_pistol_anims\reload_er_a_i.smd
SMD MODEL ..\..\..\MCV_SMD_OG\weapons\v_dual_type64_pistol\v_dual_type64_pistol_anims\reload_e_a.smd
SMD MODEL ..\..\..\MCV_SMD_OG\weapons\v_dual_type64_pistol\v_dual_type64_pistol_anims\reload_e_a_i.smd
SMD MODEL ..\..\..\MCV_SMD_OG\weapons\v_dual_type64_pistol\v_dual_type64_pistol_anims\nearwall_s_a.smd
SMD MODEL ..\..\..\MCV_SMD_OG\weapons\v_dual_type64_pistol\v_dual_type64_pistol_anims\nearwall_s_a_i.smd
SMD MODEL ..\..\..\MCV_SMD_OG\weapons\v_dual_type64_pistol\v_dual_type64_pistol_anims\nearwall_a.smd
SMD MODEL ..\..\..\MCV_SMD_OG\weapons\v_dual_type64_pistol\v_dual_type64_pistol_anims\nearwall_a_i.smd
SMD MODEL ..\..\..\MCV_SMD_OG\weapons\v_dual_type64_pistol\v_dual_type64_pistol_anims\nearwall_e_a.smd
SMD MODEL ..\..\..\MCV_SMD_OG\weapons\v_dual_type64_pistol\v_dual_type64_pistol_anims\nearwall_e_a_i.smd
SMD MODEL ..\..\..\MCV_SMD_OG\weapons\v_dual_type64_pistol\v_dual_type64_pistol_anims\proneF.smd
SMD MODEL ..\..\..\MCV_SMD_OG\weapons\v_dual_type64_pistol\v_dual_type64_pistol_anims\proneB.smd
SMD MODEL ..\..\..\MCV_SMD_OG\weapons\v_dual_type64_pistol\v_dual_type64_pistol_anims\proneL.smd
SMD MODEL ..\..\..\MCV_SMD_OG\weapons\v_dual_type64_pistol\v_dual_type64_pistol_anims\proneR.smd
SMD MODEL ..\..\..\MCV_SMD_OG\weapons\v_dual_type64_pistol\v_dual_type64_pistol_anims\pickup_s_a.smd
SMD MODEL ..\..\..\MCV_SMD_OG\weapons\v_dual_type64_pistol\v_dual_type64_pistol_anims\pickup_s_a_i.smd
SMD MODEL ..\..\..\MCV_SMD_OG\weapons\v_dual_type64_pistol\v_dual_type64_pistol_anims\pickup_a.smd
SMD MODEL ..\..\..\MCV_SMD_OG\weapons\v_dual_type64_pistol\v_dual_type64_pistol_anims\pickup_a_i.smd
SMD MODEL ..\..\..\MCV_SMD_OG\weapons\v_dual_type64_pistol\v_dual_type64_pistol_anims\pickup_e_a.smd
SMD MODEL ..\..\..\MCV_SMD_OG\weapons\v_dual_type64_pistol\v_dual_type64_pistol_anims\pickup_e_a_i.smd
SMD MODEL ..\..\..\MCV_SMD_OG\weapons\v_dual_type64_pistol\v_dual_type64_pistol_anims\draw.smd
SMD MODEL ..\..\..\MCV_SMD_OG\weapons\v_dual_type64_pistol\v_dual_type64_pistol_anims\draw_2.smd
SMD MODEL ..\..\..\MCV_SMD_OG\weapons\v_dual_type64_pistol\v_dual_type64_pistol_anims\bash.smd
SMD MODEL ..\..\..\MCV_SMD_OG\weapons\v_dual_type64_pistol\v_dual_type64_pistol_anims\bash_2.smd
SMD MODEL ..\..\..\MCV_SMD_OG\weapons\v_dual_type64_pistol\v_dual_type64_pistol_anims\holster.smd
Processing LOD for material: shells_small_additional
Processing LOD for material: v_type67
Processing LOD for material: v_type64
---------------------
writing C:\Program Files (x86)\Steam\steamapps\common\GarrysMod\garrysmod\addons\mcv\work\compile_test_game\models/weapons/mcv/v_dual_type64_pistol.mdl:
Loading preexisting model: C:\Program Files (x86)\Steam\steamapps\common\GarrysMod\garrysmod\addons\mcv\work\compile_test_game\models/weapons/mcv/v_dual_type64_pistol.mdl
   Found 36 preexisting sequences.
bones        27436 bytes (119)
animations  290696 bytes (168 anims) (2563 frames) [1:25]
Building sequence index remapping table...
No re-ordering required.
sequences    19036 bytes (36 seq) 
ik/pose        324 bytes
eyeballs         0 bytes (0 eyeballs)
flexes           0 bytes (0 flexes)
textures       208 bytes
keyvalues       20 bytes
bone transforms    16248 bytes
bone flex driver       0 bytes
collision        0 bytes
total       360892
---------------------
writing C:\Program Files (x86)\Steam\steamapps\common\GarrysMod\garrysmod\addons\mcv\work\compile_test_game\models/weapons/mcv/v_dual_type64_pistol.vvd:
vertices    679728 bytes (14161 vertices)
tangents    226576 bytes (14161 vertices)
total       906368 bytes
---------------------
Generating optimized mesh "C:\Program Files (x86)\Steam\steamapps\common\GarrysMod\garrysmod\addons\mcv\work\compile_test_game\models/weapons/mcv/v_dual_type64_pistol.dx80.vtx":
body parts:         8 bytes
models:            20 bytes
model LODs:        12 bytes
meshes:            27 bytes
strip groups:      75 bytes
strips:           108 bytes
verts:         127449 bytes
indices:       103488 bytes
bone changes:     264 bytes
everything:    231475 bytes
---------------------
Generating optimized mesh "C:\Program Files (x86)\Steam\steamapps\common\GarrysMod\garrysmod\addons\mcv\work\compile_test_game\models/weapons/mcv/v_dual_type64_pistol.dx90.vtx":
body parts:         8 bytes
models:            20 bytes
model LODs:        12 bytes
meshes:            27 bytes
strip groups:      75 bytes
strips:            81 bytes
verts:         127449 bytes
indices:       103488 bytes
bone changes:     264 bytes
everything:    231448 bytes

Completed "v_dual_type64_pistol.qc"
