StudioMDL.exe (Apr 27 2026) - Garry's Mod Edition
WARNING: Failed to load keyvalues file cfg/mount.cfg!
qdir:    "c:\program files (x86)\steam\steamapps\common\garrysmod\garrysmod\addons\mcv\work\mcv_smd_port\weapons\v_f1\"
gamedir: "C:\Program Files (x86)\Steam\steamapps\common\GarrysMod\garrysmod\addons\mcv\work\compile_test_game\"
g_path:  "C:\Program Files (x86)\Steam\steamapps\common\GarrysMod\garrysmod\addons\mcv\work\MCV_SMD_PORT\weapons\v_f1\v_f1.qc"
Building binary model files...
Working on "v_f1.qc"
SMD MODEL ..\..\..\MCV_SMD_OG\weapons\v_f1\Ref_new.smd
SMD MODEL ..\..\..\MCV_SMD_OG\weapons\v_f1\v_f1_anims\Default_corrective_animation.smd
SMD MODEL ..\..\..\MCV_SMD_OG\weapons\v_f1\v_f1_anims\Slideback_corrective_animation.smd
SMD MODEL ..\..\..\MCV_SMD_OG\weapons\v_f1\v_f1_anims\runIdle_a_corrective_animation.smd
SMD MODEL ..\..\..\MCV_SMD_OG\weapons\v_f1\v_f1_anims\run_a_corrective_animation.smd
SMD MODEL ..\..\..\MCV_SMD_OG\weapons\v_f1\v_f1_anims\walkIdle_a_corrective_animation.smd
SMD MODEL ..\..\..\MCV_SMD_OG\weapons\v_f1\v_f1_anims\walk_a_corrective_animation.smd
SMD MODEL ..\..\..\MCV_SMD_OG\weapons\v_f1\v_f1_anims\ShootMove_corrective_animation.smd
SMD MODEL ..\..\..\MCV_SMD_OG\weapons\v_f1\v_f1_anims\ShootStill_corrective_animation.smd
SMD MODEL ..\..\..\MCV_SMD_OG\weapons\v_f1\v_f1_anims\shoot1_a_corrective_animation.smd
SMD MODEL ..\..\..\MCV_SMD_OG\weapons\v_f1\v_f1_anims\shoot1_ironsight_a_corrective_animation.smd
SMD MODEL ..\..\..\MCV_SMD_OG\weapons\v_f1\v_f1_anims\shoot2_a_corrective_animation.smd
SMD MODEL ..\..\..\MCV_SMD_OG\weapons\v_f1\v_f1_anims\shoot2_ironsight_a_corrective_animation.smd
SMD MODEL ..\..\..\MCV_SMD_OG\weapons\v_f1\v_f1_anims\shoot3_a_corrective_animation.smd
SMD MODEL ..\..\..\MCV_SMD_OG\weapons\v_f1\v_f1_anims\shoot3_ironsight_a_corrective_animation.smd
SMD MODEL ..\..\..\MCV_SMD_OG\weapons\v_f1\v_f1_anims\PoseDelta.smd
SMD MODEL ..\..\..\MCV_SMD_OG\weapons\v_f1\v_f1_anims\PoseDelta2.smd
SMD MODEL ..\..\..\MCV_SMD_OG\weapons\v_f1\v_f1_anims\Default.smd
SMD MODEL ..\..\..\MCV_SMD_OG\weapons\v_f1\v_f1_anims\Slideback.smd
SMD MODEL ..\..\..\MCV_SMD_OG\weapons\v_f1\v_f1_anims\ShootMove.smd
SMD MODEL ..\..\..\MCV_SMD_OG\weapons\v_f1\v_f1_anims\ShootStill.smd
SMD MODEL ..\..\..\MCV_SMD_OG\weapons\v_f1\v_f1_anims\basePose_a.smd
SMD MODEL ..\..\..\MCV_SMD_OG\weapons\v_f1\v_f1_anims\ironsight.smd
SMD MODEL ..\..\..\MCV_SMD_OG\weapons\v_f1\v_f1_anims\ironsight_transition.smd
SMD MODEL ..\..\..\MCV_SMD_OG\weapons\v_f1\v_f1_anims\movesubtract.smd
SMD MODEL ..\..\..\MCV_SMD_OG\weapons\v_f1\v_f1_anims\runIdle_a.smd
SMD MODEL fixed_anims\run_a.smd
SMD MODEL ..\..\..\MCV_SMD_OG\weapons\v_f1\v_f1_anims\walkIdle_a.smd
SMD MODEL fixed_anims\walk_a.smd
SMD MODEL ..\..\..\MCV_SMD_OG\weapons\v_f1\v_f1_anims\shoot1_a.smd
SMD MODEL ..\..\..\MCV_SMD_OG\weapons\v_f1\v_f1_anims\shoot1_ironsight_a.smd
SMD MODEL ..\..\..\MCV_SMD_OG\weapons\v_f1\v_f1_anims\shoot2_a.smd
SMD MODEL ..\..\..\MCV_SMD_OG\weapons\v_f1\v_f1_anims\shoot2_ironsight_a.smd
SMD MODEL ..\..\..\MCV_SMD_OG\weapons\v_f1\v_f1_anims\shoot3_a.smd
SMD MODEL ..\..\..\MCV_SMD_OG\weapons\v_f1\v_f1_anims\shoot3_ironsight_a.smd
SMD MODEL ..\..\..\MCV_SMD_OG\weapons\v_f1\v_f1_anims\nearwall_s_a.smd
SMD MODEL ..\..\..\MCV_SMD_OG\weapons\v_f1\v_f1_anims\nearwall_s_a_i.smd
SMD MODEL ..\..\..\MCV_SMD_OG\weapons\v_f1\v_f1_anims\nearwall_a.smd
SMD MODEL ..\..\..\MCV_SMD_OG\weapons\v_f1\v_f1_anims\nearwall_a_i.smd
SMD MODEL ..\..\..\MCV_SMD_OG\weapons\v_f1\v_f1_anims\nearwall_e_a.smd
SMD MODEL ..\..\..\MCV_SMD_OG\weapons\v_f1\v_f1_anims\nearwall_e_a_i.smd
SMD MODEL ..\..\..\MCV_SMD_OG\weapons\v_f1\v_f1_anims\proneF.smd
SMD MODEL ..\..\..\MCV_SMD_OG\weapons\v_f1\v_f1_anims\proneB.smd
SMD MODEL ..\..\..\MCV_SMD_OG\weapons\v_f1\v_f1_anims\proneL.smd
SMD MODEL ..\..\..\MCV_SMD_OG\weapons\v_f1\v_f1_anims\proneR.smd
SMD MODEL ..\..\..\MCV_SMD_OG\weapons\v_f1\v_f1_anims\pickup_s_a.smd
SMD MODEL ..\..\..\MCV_SMD_OG\weapons\v_f1\v_f1_anims\pickup_s_a_i.smd
SMD MODEL ..\..\..\MCV_SMD_OG\weapons\v_f1\v_f1_anims\pickup_a.smd
SMD MODEL ..\..\..\MCV_SMD_OG\weapons\v_f1\v_f1_anims\pickup_a_i.smd
SMD MODEL ..\..\..\MCV_SMD_OG\weapons\v_f1\v_f1_anims\pickup_e_a.smd
SMD MODEL ..\..\..\MCV_SMD_OG\weapons\v_f1\v_f1_anims\pickup_e_a_i.smd
SMD MODEL ..\..\..\MCV_SMD_OG\weapons\v_f1\v_f1_anims\draw.smd
SMD MODEL ..\..\..\MCV_SMD_OG\weapons\v_f1\v_f1_anims\draw_2.smd
SMD MODEL ..\..\..\MCV_SMD_OG\weapons\v_f1\v_f1_anims\Firstdraw.smd
SMD MODEL ..\..\..\MCV_SMD_OG\weapons\v_f1\v_f1_anims\Firstdraw_2.smd
SMD MODEL ..\..\..\MCV_SMD_OG\weapons\v_f1\v_f1_anims\reload.smd
SMD MODEL ..\..\..\MCV_SMD_OG\weapons\v_f1\v_f1_anims\reload_2.smd
SMD MODEL ..\..\..\MCV_SMD_OG\weapons\v_f1\v_f1_anims\reload_empty.smd
SMD MODEL ..\..\..\MCV_SMD_OG\weapons\v_f1\v_f1_anims\reload_empty_2.smd
SMD MODEL ..\..\..\MCV_SMD_OG\weapons\v_f1\v_f1_anims\bash.smd
SMD MODEL ..\..\..\MCV_SMD_OG\weapons\v_f1\v_f1_anims\bash_2.smd
SMD MODEL ..\..\..\MCV_SMD_OG\weapons\v_f1\v_f1_anims\holster.smd
Processing LOD for material: f1
Processing LOD for material: shells_small
---------------------
writing C:\Program Files (x86)\Steam\steamapps\common\GarrysMod\garrysmod\addons\mcv\work\compile_test_game\models/weapons/mcv/v_f1.mdl:
Loading preexisting model: C:\Program Files (x86)\Steam\steamapps\common\GarrysMod\garrysmod\addons\mcv\work\compile_test_game\models/weapons/mcv/v_f1.mdl
WARNING: LoadPreexistingSequenceOrder: Zero-size file or no sequences.
bones        22276 bytes (97)
animations  170460 bytes (64 anims) (1680 frames) [0:55]
sequences     9640 bytes (25 seq) 
ik/pose        244 bytes
eyeballs         0 bytes (0 eyeballs)
flexes           0 bytes (0 flexes)
textures       140 bytes
keyvalues       20 bytes
bone transforms    13256 bytes
bone flex driver       0 bytes
collision        0 bytes
total       219708
---------------------
writing C:\Program Files (x86)\Steam\steamapps\common\GarrysMod\garrysmod\addons\mcv\work\compile_test_game\models/weapons/mcv/v_f1.vvd:
vertices   1179696 bytes (24577 vertices)
tangents    393232 bytes (24577 vertices)
total      1572992 bytes
---------------------
Generating optimized mesh "C:\Program Files (x86)\Steam\steamapps\common\GarrysMod\garrysmod\addons\mcv\work\compile_test_game\models/weapons/mcv/v_f1.dx80.vtx":
body parts:         8 bytes
models:            20 bytes
model LODs:        12 bytes
meshes:            18 bytes
strip groups:      50 bytes
strips:            54 bytes
verts:         221193 bytes
indices:       166242 bytes
bone changes:      64 bytes
everything:    387685 bytes
---------------------
Generating optimized mesh "C:\Program Files (x86)\Steam\steamapps\common\GarrysMod\garrysmod\addons\mcv\work\compile_test_game\models/weapons/mcv/v_f1.dx90.vtx":
body parts:         8 bytes
models:            20 bytes
model LODs:        12 bytes
meshes:            18 bytes
strip groups:      50 bytes
strips:            54 bytes
verts:         221193 bytes
indices:       166242 bytes
bone changes:      64 bytes
everything:    387685 bytes

Completed "v_f1.qc"
