StudioMDL.exe (Apr 27 2026) - Garry's Mod Edition
WARNING: Failed to load keyvalues file cfg/mount.cfg!
qdir:    "c:\program files (x86)\steam\steamapps\common\garrysmod\garrysmod\addons\mcv\work\mcv_smd_port\weapons\v_fist\"
gamedir: "C:\Program Files (x86)\Steam\steamapps\common\GarrysMod\garrysmod\addons\mcv\work\compile_test_game\"
g_path:  "C:\Program Files (x86)\Steam\steamapps\common\GarrysMod\garrysmod\addons\mcv\work\MCV_SMD_PORT\weapons\v_fist\v_fist.qc"
Building binary model files...
Working on "v_fist.qc"
SMD MODEL ..\..\..\MCV_SMD_OG\weapons\v_fist\savedBones.smd
SMD MODEL ..\..\..\MCV_SMD_OG\weapons\v_fist\v_fist_anims\runIdle_a_corrective_animation.smd
SMD MODEL ..\..\..\MCV_SMD_OG\weapons\v_fist\v_fist_anims\run_a_corrective_animation.smd
SMD MODEL ..\..\..\MCV_SMD_OG\weapons\v_fist\v_fist_anims\walkIdle_a_corrective_animation.smd
SMD MODEL ..\..\..\MCV_SMD_OG\weapons\v_fist\v_fist_anims\walk_a_corrective_animation.smd
SMD MODEL ..\..\..\MCV_SMD_OG\weapons\v_fist\v_fist_anims\basePose_a.smd
SMD MODEL ..\..\..\MCV_SMD_OG\weapons\v_fist\v_fist_anims\runIdle_a.smd
SMD MODEL ..\..\..\MCV_SMD_OG\weapons\v_fist\v_fist_anims\run_a.smd
SMD MODEL ..\..\..\MCV_SMD_OG\weapons\v_fist\v_fist_anims\walkIdle_a.smd
SMD MODEL ..\..\..\MCV_SMD_OG\weapons\v_fist\v_fist_anims\walk_a.smd
SMD MODEL fixed_anims\proneF.smd
SMD MODEL fixed_anims\proneB.smd
SMD MODEL fixed_anims\proneL.smd
SMD MODEL fixed_anims\proneR.smd
SMD MODEL ..\..\..\MCV_SMD_OG\weapons\v_fist\v_fist_anims\idle.smd
SMD MODEL ..\..\..\MCV_SMD_OG\weapons\v_fist\v_fist_anims\draw.smd
SMD MODEL ..\..\..\MCV_SMD_OG\weapons\v_fist\v_fist_anims\slash.smd
SMD MODEL ..\..\..\MCV_SMD_OG\weapons\v_fist\v_fist_anims\slash2.smd
SMD MODEL ..\..\..\MCV_SMD_OG\weapons\v_fist\v_fist_anims\miss.smd
SMD MODEL ..\..\..\MCV_SMD_OG\weapons\v_fist\v_fist_anims\miss2.smd
SMD MODEL ..\..\..\MCV_SMD_OG\weapons\v_fist\v_fist_anims\stab_charge.smd
SMD MODEL ..\..\..\MCV_SMD_OG\weapons\v_fist\v_fist_anims\stab_charge_loop.smd
SMD MODEL ..\..\..\MCV_SMD_OG\weapons\v_fist\v_fist_anims\stab.smd
SMD MODEL ..\..\..\MCV_SMD_OG\weapons\v_fist\v_fist_anims\idletonearwall.smd
SMD MODEL ..\..\..\MCV_SMD_OG\weapons\v_fist\v_fist_anims\nearwall.smd
SMD MODEL ..\..\..\MCV_SMD_OG\weapons\v_fist\v_fist_anims\nearwalltoidle.smd
SMD MODEL ..\..\..\MCV_SMD_OG\weapons\v_fist\v_fist_anims\pickupstart.smd
SMD MODEL ..\..\..\MCV_SMD_OG\weapons\v_fist\v_fist_anims\pickuploop.smd
SMD MODEL ..\..\..\MCV_SMD_OG\weapons\v_fist\v_fist_anims\pickupend.smd
SMD MODEL ..\..\..\MCV_SMD_OG\weapons\v_fist\v_fist_anims\holster.smd
Processing LOD for material: m7_d
---------------------
writing C:\Program Files (x86)\Steam\steamapps\common\GarrysMod\garrysmod\addons\mcv\work\compile_test_game\models/weapons/mcv/v_fist.mdl:
Loading preexisting model: C:\Program Files (x86)\Steam\steamapps\common\GarrysMod\garrysmod\addons\mcv\work\compile_test_game\models/weapons/mcv/v_fist.mdl
WARNING: LoadPreexistingSequenceOrder: Zero-size file or no sequences.
bones        20652 bytes (91)
animations   92508 bytes (29 anims) (680 frames) [0:22]
sequences     6828 bytes (20 seq) 
ik/pose        224 bytes
eyeballs         0 bytes (0 eyeballs)
flexes           0 bytes (0 flexes)
textures        72 bytes
keyvalues       20 bytes
bone transforms    12440 bytes
bone flex driver       0 bytes
collision        0 bytes
total       135552
---------------------
writing C:\Program Files (x86)\Steam\steamapps\common\GarrysMod\garrysmod\addons\mcv\work\compile_test_game\models/weapons/mcv/v_fist.vvd:
vertices       144 bytes (3 vertices)
tangents        48 bytes (3 vertices)
total          256 bytes
---------------------
Generating optimized mesh "C:\Program Files (x86)\Steam\steamapps\common\GarrysMod\garrysmod\addons\mcv\work\compile_test_game\models/weapons/mcv/v_fist.dx80.vtx":
body parts:         8 bytes
models:            20 bytes
model LODs:        12 bytes
meshes:             9 bytes
strip groups:      25 bytes
strips:            27 bytes
verts:             27 bytes
indices:            6 bytes
bone changes:      16 bytes
everything:       174 bytes
---------------------
Generating optimized mesh "C:\Program Files (x86)\Steam\steamapps\common\GarrysMod\garrysmod\addons\mcv\work\compile_test_game\models/weapons/mcv/v_fist.dx90.vtx":
body parts:         8 bytes
models:            20 bytes
model LODs:        12 bytes
meshes:             9 bytes
strip groups:      25 bytes
strips:            27 bytes
verts:             27 bytes
indices:            6 bytes
bone changes:      16 bytes
everything:       174 bytes

Completed "v_fist.qc"
