StudioMDL.exe (Apr 27 2026) - Garry's Mod Edition
WARNING: Failed to load keyvalues file cfg/mount.cfg!
qdir:    "c:\program files (x86)\steam\steamapps\common\garrysmod\garrysmod\addons\mcv\work\mcv_smd_port\weapons\v_g3\"
gamedir: "C:\Program Files (x86)\Steam\steamapps\common\GarrysMod\garrysmod\addons\mcv\work\compile_test_game\"
g_path:  "C:\Program Files (x86)\Steam\steamapps\common\GarrysMod\garrysmod\addons\mcv\work\MCV_SMD_PORT\weapons\v_g3\v_g3.qc"
Building binary model files...
Working on "v_g3.qc"
SMD MODEL ..\..\..\MCV_SMD_OG\weapons\v_g3\ref_g3.smd
SMD MODEL ..\..\..\MCV_SMD_OG\weapons\v_g3\hk33_v_bayonet.smd
SMD MODEL ..\..\..\MCV_SMD_OG\weapons\v_g3\v_g3_anims\runIdle_a_corrective_animation.smd
SMD MODEL ..\..\..\MCV_SMD_OG\weapons\v_g3\v_g3_anims\run_a_corrective_animation.smd
SMD MODEL ..\..\..\MCV_SMD_OG\weapons\v_g3\v_g3_anims\walkIdle_a_corrective_animation.smd
SMD MODEL ..\..\..\MCV_SMD_OG\weapons\v_g3\v_g3_anims\walk_a_corrective_animation.smd
SMD MODEL ..\..\..\MCV_SMD_OG\weapons\v_g3\v_g3_anims\shoot1_a_corrective_animation.smd
SMD MODEL ..\..\..\MCV_SMD_OG\weapons\v_g3\v_g3_anims\shoot1_ironsight_a_corrective_animation.smd
SMD MODEL ..\..\..\MCV_SMD_OG\weapons\v_g3\v_g3_anims\shoot2_a_corrective_animation.smd
SMD MODEL ..\..\..\MCV_SMD_OG\weapons\v_g3\v_g3_anims\shoot2_ironsight_a_corrective_animation.smd
SMD MODEL ..\..\..\MCV_SMD_OG\weapons\v_g3\v_g3_anims\shoot3_a_corrective_animation.smd
SMD MODEL ..\..\..\MCV_SMD_OG\weapons\v_g3\v_g3_anims\shoot3_ironsight_a_corrective_animation.smd
SMD MODEL ..\..\..\MCV_SMD_OG\weapons\v_g3\v_g3_anims\basePose_a.smd
SMD MODEL ..\..\..\MCV_SMD_OG\weapons\v_g3\v_g3_anims\ironsight.smd
SMD MODEL ..\..\..\MCV_SMD_OG\weapons\v_g3\v_g3_anims\ironsight_transition.smd
SMD MODEL ..\..\..\MCV_SMD_OG\weapons\v_g3\v_g3_anims\runIdle_a.smd
SMD MODEL ..\..\..\MCV_SMD_OG\weapons\v_g3\v_g3_anims\run_a.smd
SMD MODEL ..\..\..\MCV_SMD_OG\weapons\v_g3\v_g3_anims\walkIdle_a.smd
SMD MODEL ..\..\..\MCV_SMD_OG\weapons\v_g3\v_g3_anims\walk_a.smd
SMD MODEL ..\..\..\MCV_SMD_OG\weapons\v_g3\v_g3_anims\shoot1_a.smd
SMD MODEL ..\..\..\MCV_SMD_OG\weapons\v_g3\v_g3_anims\shoot1_ironsight_a.smd
SMD MODEL ..\..\..\MCV_SMD_OG\weapons\v_g3\v_g3_anims\shoot2_a.smd
SMD MODEL ..\..\..\MCV_SMD_OG\weapons\v_g3\v_g3_anims\shoot2_ironsight_a.smd
SMD MODEL ..\..\..\MCV_SMD_OG\weapons\v_g3\v_g3_anims\shoot3_a.smd
SMD MODEL ..\..\..\MCV_SMD_OG\weapons\v_g3\v_g3_anims\shoot3_ironsight_a.smd
SMD MODEL ..\..\..\MCV_SMD_OG\weapons\v_g3\v_g3_anims\nearwall_s_a.smd
SMD MODEL ..\..\..\MCV_SMD_OG\weapons\v_g3\v_g3_anims\nearwall_s_a_i.smd
SMD MODEL ..\..\..\MCV_SMD_OG\weapons\v_g3\v_g3_anims\nearwall_a.smd
SMD MODEL ..\..\..\MCV_SMD_OG\weapons\v_g3\v_g3_anims\nearwall_a_i.smd
SMD MODEL ..\..\..\MCV_SMD_OG\weapons\v_g3\v_g3_anims\nearwall_e_a.smd
SMD MODEL ..\..\..\MCV_SMD_OG\weapons\v_g3\v_g3_anims\nearwall_e_a_i.smd
SMD MODEL fixed_anims\proneF.smd
SMD MODEL fixed_anims\proneB.smd
SMD MODEL fixed_anims\proneL.smd
SMD MODEL fixed_anims\proneR.smd
SMD MODEL ..\..\..\MCV_SMD_OG\weapons\v_g3\v_g3_anims\pickup_s_a.smd
SMD MODEL ..\..\..\MCV_SMD_OG\weapons\v_g3\v_g3_anims\pickup_s_a_i.smd
SMD MODEL ..\..\..\MCV_SMD_OG\weapons\v_g3\v_g3_anims\pickup_a.smd
SMD MODEL ..\..\..\MCV_SMD_OG\weapons\v_g3\v_g3_anims\pickup_a_i.smd
SMD MODEL ..\..\..\MCV_SMD_OG\weapons\v_g3\v_g3_anims\pickup_e_a.smd
SMD MODEL ..\..\..\MCV_SMD_OG\weapons\v_g3\v_g3_anims\pickup_e_a_i.smd
SMD MODEL ..\..\..\MCV_SMD_OG\weapons\v_g3\v_g3_anims\change_firemode_idle.smd
SMD MODEL ..\..\..\MCV_SMD_OG\weapons\v_g3\v_g3_anims\change_firemode_iron.smd
SMD MODEL ..\..\..\MCV_SMD_OG\weapons\v_g3\v_g3_anims\bayonet_attack_a.smd
SMD MODEL ..\..\..\MCV_SMD_OG\weapons\v_g3\v_g3_anims\bayonet_attack_a_i.smd
SMD MODEL ..\..\..\MCV_SMD_OG\weapons\v_g3\v_g3_anims\bayonet_e_a.smd
SMD MODEL ..\..\..\MCV_SMD_OG\weapons\v_g3\v_g3_anims\bayonet_e_a_i.smd
SMD MODEL ..\..\..\MCV_SMD_OG\weapons\v_g3\v_g3_anims\bayonet_s_a.smd
SMD MODEL ..\..\..\MCV_SMD_OG\weapons\v_g3\v_g3_anims\bayonet_s_a_i.smd
SMD MODEL ..\..\..\MCV_SMD_OG\weapons\v_g3\v_g3_anims\draw.smd
SMD MODEL ..\..\..\MCV_SMD_OG\weapons\v_g3\v_g3_anims\draw_2.smd
SMD MODEL ..\..\..\MCV_SMD_OG\weapons\v_g3\v_g3_anims\Firstdraw.smd
SMD MODEL ..\..\..\MCV_SMD_OG\weapons\v_g3\v_g3_anims\Firstdraw_2.smd
SMD MODEL ..\..\..\MCV_SMD_OG\weapons\v_g3\v_g3_anims\reload.smd
SMD MODEL ..\..\..\MCV_SMD_OG\weapons\v_g3\v_g3_anims\reload_2.smd
SMD MODEL ..\..\..\MCV_SMD_OG\weapons\v_g3\v_g3_anims\reload_empty.smd
SMD MODEL ..\..\..\MCV_SMD_OG\weapons\v_g3\v_g3_anims\reload_empty_2.smd
SMD MODEL ..\..\..\MCV_SMD_OG\weapons\v_g3\v_g3_anims\bash.smd
SMD MODEL ..\..\..\MCV_SMD_OG\weapons\v_g3\v_g3_anims\bash_2.smd
SMD MODEL ..\..\..\MCV_SMD_OG\weapons\v_g3\v_g3_anims\holster.smd
Processing LOD for material: shells_small
Processing LOD for material: g3_body
Processing LOD for material: g3_mag
Processing LOD for material: m7_d
---------------------
writing C:\Program Files (x86)\Steam\steamapps\common\GarrysMod\garrysmod\addons\mcv\work\compile_test_game\models/weapons/mcv/v_g3.mdl:
Loading preexisting model: C:\Program Files (x86)\Steam\steamapps\common\GarrysMod\garrysmod\addons\mcv\work\compile_test_game\models/weapons/mcv/v_g3.mdl
WARNING: LoadPreexistingSequenceOrder: Zero-size file or no sequences.
bones        22776 bytes (99)
animations  241340 bytes (61 anims) (2057 frames) [1:08]
sequences    11012 bytes (28 seq) 
ik/pose        536 bytes
eyeballs         0 bytes (0 eyeballs)
flexes           0 bytes (0 flexes)
eyeballs         0 bytes (0 eyeballs)
flexes           0 bytes (0 flexes)
eyeballs         0 bytes (0 eyeballs)
flexes           0 bytes (0 flexes)
textures       276 bytes
keyvalues       20 bytes
bone transforms    13528 bytes
bone flex driver       0 bytes
collision        0 bytes
total       293560
---------------------
writing C:\Program Files (x86)\Steam\steamapps\common\GarrysMod\garrysmod\addons\mcv\work\compile_test_game\models/weapons/mcv/v_g3.vvd:
vertices   1343424 bytes (27988 vertices)
vertices     98160 bytes (2045 vertices)
tangents    447808 bytes (27988 vertices)
tangents     32720 bytes (2045 vertices)
total      1922176 bytes
---------------------
Generating optimized mesh "C:\Program Files (x86)\Steam\steamapps\common\GarrysMod\garrysmod\addons\mcv\work\compile_test_game\models/weapons/mcv/v_g3.dx80.vtx":
body parts:        16 bytes
models:            60 bytes
model LODs:        36 bytes
meshes:            36 bytes
strip groups:     100 bytes
strips:           108 bytes
verts:         270297 bytes
indices:       237516 bytes
bone changes:      80 bytes
everything:    508249 bytes
---------------------
Generating optimized mesh "C:\Program Files (x86)\Steam\steamapps\common\GarrysMod\garrysmod\addons\mcv\work\compile_test_game\models/weapons/mcv/v_g3.dx90.vtx":
body parts:        16 bytes
models:            60 bytes
model LODs:        36 bytes
meshes:            36 bytes
strip groups:     100 bytes
strips:           108 bytes
verts:         270297 bytes
indices:       237516 bytes
bone changes:      80 bytes
everything:    508249 bytes

Completed "v_g3.qc"
