StudioMDL.exe (Apr 27 2026) - Garry's Mod Edition
WARNING: Failed to load keyvalues file cfg/mount.cfg!
qdir:    "c:\program files (x86)\steam\steamapps\common\garrysmod\garrysmod\addons\mcv\work\mcv_smd_port\weapons\v_gp25\"
gamedir: "C:\Program Files (x86)\Steam\steamapps\common\GarrysMod\garrysmod\addons\mcv\work\compile_test_game\"
g_path:  "C:\Program Files (x86)\Steam\steamapps\common\GarrysMod\garrysmod\addons\mcv\work\MCV_SMD_PORT\weapons\v_gp25\v_gp25.qc"
Building binary model files...
Working on "v_gp25.qc"
SMD MODEL ..\..\..\MCV_SMD_OG\weapons\v_gp25\RefGP25_new.smd
SMD MODEL ..\..\..\MCV_SMD_OG\weapons\v_gp25\v_bayonetAKM.smd
SMD MODEL ..\..\..\MCV_SMD_OG\weapons\v_gp25\v_gp25_anims\runIdle_a_corrective_animation.smd
SMD MODEL ..\..\..\MCV_SMD_OG\weapons\v_gp25\v_gp25_anims\run_a_corrective_animation.smd
SMD MODEL ..\..\..\MCV_SMD_OG\weapons\v_gp25\v_gp25_anims\walkIdle_a_corrective_animation.smd
SMD MODEL ..\..\..\MCV_SMD_OG\weapons\v_gp25\v_gp25_anims\walk_a_corrective_animation.smd
SMD MODEL ..\..\..\MCV_SMD_OG\weapons\v_gp25\v_gp25_anims\shoot1_a_corrective_animation.smd
SMD MODEL ..\..\..\MCV_SMD_OG\weapons\v_gp25\v_gp25_anims\shoot1_ironsight_a_corrective_animation.smd
SMD MODEL ..\..\..\MCV_SMD_OG\weapons\v_gp25\v_gp25_anims\shoot2_a_corrective_animation.smd
SMD MODEL ..\..\..\MCV_SMD_OG\weapons\v_gp25\v_gp25_anims\shoot2_ironsight_a_corrective_animation.smd
SMD MODEL ..\..\..\MCV_SMD_OG\weapons\v_gp25\v_gp25_anims\shoot3_a_corrective_animation.smd
SMD MODEL ..\..\..\MCV_SMD_OG\weapons\v_gp25\v_gp25_anims\shoot3_ironsight_a_corrective_animation.smd
SMD MODEL ..\..\..\MCV_SMD_OG\weapons\v_gp25\v_gp25_anims\walkIdle_gren_a_corrective_animation.smd
SMD MODEL ..\..\..\MCV_SMD_OG\weapons\v_gp25\v_gp25_anims\walk_gren_a_corrective_animation.smd
SMD MODEL ..\..\..\MCV_SMD_OG\weapons\v_gp25\v_gp25_anims\gl_shoot_a_corrective_animation.smd
SMD MODEL ..\..\..\MCV_SMD_OG\weapons\v_gp25\v_gp25_anims\gl_shoot_ironsight_a_corrective_animation.smd
SMD MODEL ..\..\..\MCV_SMD_OG\weapons\v_gp25\v_gp25_anims\basePose_a.smd
SMD MODEL ..\..\..\MCV_SMD_OG\weapons\v_gp25\v_gp25_anims\ironsight.smd
SMD MODEL ..\..\..\MCV_SMD_OG\weapons\v_gp25\v_gp25_anims\ironsight_transition.smd
SMD MODEL ..\..\..\MCV_SMD_OG\weapons\v_gp25\v_gp25_anims\runIdle_a.smd
SMD MODEL ..\..\..\MCV_SMD_OG\weapons\v_gp25\v_gp25_anims\run_a.smd
SMD MODEL ..\..\..\MCV_SMD_OG\weapons\v_gp25\v_gp25_anims\walkIdle_a.smd
SMD MODEL ..\..\..\MCV_SMD_OG\weapons\v_gp25\v_gp25_anims\walk_a.smd
SMD MODEL ..\..\..\MCV_SMD_OG\weapons\v_gp25\v_gp25_anims\shoot1_a.smd
SMD MODEL ..\..\..\MCV_SMD_OG\weapons\v_gp25\v_gp25_anims\shoot1_ironsight_a.smd
SMD MODEL ..\..\..\MCV_SMD_OG\weapons\v_gp25\v_gp25_anims\shoot2_a.smd
SMD MODEL ..\..\..\MCV_SMD_OG\weapons\v_gp25\v_gp25_anims\shoot2_ironsight_a.smd
SMD MODEL ..\..\..\MCV_SMD_OG\weapons\v_gp25\v_gp25_anims\shoot3_a.smd
SMD MODEL ..\..\..\MCV_SMD_OG\weapons\v_gp25\v_gp25_anims\shoot3_ironsight_a.smd
SMD MODEL ..\..\..\MCV_SMD_OG\weapons\v_gp25\v_gp25_anims\nearwall_s_a.smd
SMD MODEL ..\..\..\MCV_SMD_OG\weapons\v_gp25\v_gp25_anims\nearwall_s_a_i.smd
SMD MODEL ..\..\..\MCV_SMD_OG\weapons\v_gp25\v_gp25_anims\nearwall_a.smd
SMD MODEL ..\..\..\MCV_SMD_OG\weapons\v_gp25\v_gp25_anims\nearwall_a_i.smd
SMD MODEL ..\..\..\MCV_SMD_OG\weapons\v_gp25\v_gp25_anims\nearwall_e_a.smd
SMD MODEL ..\..\..\MCV_SMD_OG\weapons\v_gp25\v_gp25_anims\nearwall_e_a_i.smd
SMD MODEL ..\..\..\MCV_SMD_OG\weapons\v_gp25\v_gp25_anims\proneF.smd
SMD MODEL ..\..\..\MCV_SMD_OG\weapons\v_gp25\v_gp25_anims\proneB.smd
SMD MODEL ..\..\..\MCV_SMD_OG\weapons\v_gp25\v_gp25_anims\proneL.smd
SMD MODEL ..\..\..\MCV_SMD_OG\weapons\v_gp25\v_gp25_anims\proneR.smd
SMD MODEL ..\..\..\MCV_SMD_OG\weapons\v_gp25\v_gp25_anims\pickup_s_a.smd
SMD MODEL ..\..\..\MCV_SMD_OG\weapons\v_gp25\v_gp25_anims\pickup_s_a_i.smd
SMD MODEL ..\..\..\MCV_SMD_OG\weapons\v_gp25\v_gp25_anims\pickup_a.smd
SMD MODEL ..\..\..\MCV_SMD_OG\weapons\v_gp25\v_gp25_anims\pickup_a_i.smd
SMD MODEL ..\..\..\MCV_SMD_OG\weapons\v_gp25\v_gp25_anims\pickup_e_a.smd
SMD MODEL ..\..\..\MCV_SMD_OG\weapons\v_gp25\v_gp25_anims\pickup_e_a_i.smd
SMD MODEL ..\..\..\MCV_SMD_OG\weapons\v_gp25\v_gp25_anims\change_firemode_idle.smd
SMD MODEL ..\..\..\MCV_SMD_OG\weapons\v_gp25\v_gp25_anims\change_firemode_iron.smd
SMD MODEL ..\..\..\MCV_SMD_OG\weapons\v_gp25\v_gp25_anims\gl_a.smd
SMD MODEL ..\..\..\MCV_SMD_OG\weapons\v_gp25\v_gp25_anims\irongl.smd
SMD MODEL ..\..\..\MCV_SMD_OG\weapons\v_gp25\v_gp25_anims\walkIdle_gren_a.smd
SMD MODEL fixed_anims\walk_gren_a.smd
SMD MODEL ..\..\..\MCV_SMD_OG\weapons\v_gp25\v_gp25_anims\gl_s_a.smd
SMD MODEL ..\..\..\MCV_SMD_OG\weapons\v_gp25\v_gp25_anims\gl_s_a_i.smd
SMD MODEL ..\..\..\MCV_SMD_OG\weapons\v_gp25\v_gp25_anims\gl_e_a.smd
SMD MODEL ..\..\..\MCV_SMD_OG\weapons\v_gp25\v_gp25_anims\gl_e_a_i.smd
SMD MODEL ..\..\..\MCV_SMD_OG\weapons\v_gp25\v_gp25_anims\gl_shoot_a.smd
SMD MODEL ..\..\..\MCV_SMD_OG\weapons\v_gp25\v_gp25_anims\gl_shoot_ironsight_a.smd
SMD MODEL ..\..\..\MCV_SMD_OG\weapons\v_gp25\v_gp25_anims\gl_reload_a.smd
SMD MODEL ..\..\..\MCV_SMD_OG\weapons\v_gp25\v_gp25_anims\gl_reload_a_i.smd
SMD MODEL ..\..\..\MCV_SMD_OG\weapons\v_gp25\v_gp25_anims\gl_draw_a.smd
SMD MODEL ..\..\..\MCV_SMD_OG\weapons\v_gp25\v_gp25_anims\gl_draw_a_i.smd
SMD MODEL ..\..\..\MCV_SMD_OG\weapons\v_gp25\v_gp25_anims\nearwall_gren_s_a.smd
SMD MODEL ..\..\..\MCV_SMD_OG\weapons\v_gp25\v_gp25_anims\nearwall_gren_s_i_a.smd
SMD MODEL ..\..\..\MCV_SMD_OG\weapons\v_gp25\v_gp25_anims\nearwall_gren_a.smd
SMD MODEL ..\..\..\MCV_SMD_OG\weapons\v_gp25\v_gp25_anims\nearwall_gren_i_a.smd
SMD MODEL ..\..\..\MCV_SMD_OG\weapons\v_gp25\v_gp25_anims\nearwall_gren_e_a.smd
SMD MODEL ..\..\..\MCV_SMD_OG\weapons\v_gp25\v_gp25_anims\nearwall_gren_e_i_a.smd
SMD MODEL ..\..\..\MCV_SMD_OG\weapons\v_gp25\v_gp25_anims\prone_g_F.smd
SMD MODEL ..\..\..\MCV_SMD_OG\weapons\v_gp25\v_gp25_anims\prone_g_B.smd
SMD MODEL ..\..\..\MCV_SMD_OG\weapons\v_gp25\v_gp25_anims\prone_g_L.smd
SMD MODEL ..\..\..\MCV_SMD_OG\weapons\v_gp25\v_gp25_anims\prone_g_R.smd
SMD MODEL ..\..\..\MCV_SMD_OG\weapons\v_gp25\v_gp25_anims\bashGrenade_a.smd
SMD MODEL ..\..\..\MCV_SMD_OG\weapons\v_gp25\v_gp25_anims\bashGrenade_i_a.smd
SMD MODEL ..\..\..\MCV_SMD_OG\weapons\v_gp25\v_gp25_anims\pickupstart_gren_a.smd
SMD MODEL ..\..\..\MCV_SMD_OG\weapons\v_gp25\v_gp25_anims\pickupstart_gren_i_a.smd
SMD MODEL ..\..\..\MCV_SMD_OG\weapons\v_gp25\v_gp25_anims\pickupend_gren_a.smd
SMD MODEL ..\..\..\MCV_SMD_OG\weapons\v_gp25\v_gp25_anims\pickupend_gren_i_a.smd
SMD MODEL ..\..\..\MCV_SMD_OG\weapons\v_gp25\v_gp25_anims\pickup_gren_a.smd
SMD MODEL ..\..\..\MCV_SMD_OG\weapons\v_gp25\v_gp25_anims\pickup_gren_i_a.smd
SMD MODEL ..\..\..\MCV_SMD_OG\weapons\v_gp25\v_gp25_anims\draw.smd
SMD MODEL ..\..\..\MCV_SMD_OG\weapons\v_gp25\v_gp25_anims\draw_2.smd
SMD MODEL ..\..\..\MCV_SMD_OG\weapons\v_gp25\v_gp25_anims\Firstdraw.smd
SMD MODEL ..\..\..\MCV_SMD_OG\weapons\v_gp25\v_gp25_anims\Firstdraw_2.smd
SMD MODEL ..\..\..\MCV_SMD_OG\weapons\v_gp25\v_gp25_anims\reload.smd
SMD MODEL ..\..\..\MCV_SMD_OG\weapons\v_gp25\v_gp25_anims\reload_2.smd
SMD MODEL ..\..\..\MCV_SMD_OG\weapons\v_gp25\v_gp25_anims\reload_empty.smd
SMD MODEL ..\..\..\MCV_SMD_OG\weapons\v_gp25\v_gp25_anims\reload_empty_2.smd
SMD MODEL ..\..\..\MCV_SMD_OG\weapons\v_gp25\v_gp25_anims\bash.smd
SMD MODEL ..\..\..\MCV_SMD_OG\weapons\v_gp25\v_gp25_anims\bash_2.smd
SMD MODEL ..\..\..\MCV_SMD_OG\weapons\v_gp25\v_gp25_anims\holster.smd
SMD MODEL ..\..\..\MCV_SMD_OG\weapons\v_gp25\v_gp25_anims\holster_grenade.smd
Processing LOD for material: gren_vog25
Processing LOD for material: gp25
Processing LOD for material: akm
Processing LOD for material: shells_small
Processing LOD for material: akm_mag
Processing LOD for material: ak47_bayonet_d
---------------------
writing C:\Program Files (x86)\Steam\steamapps\common\GarrysMod\garrysmod\addons\mcv\work\compile_test_game\models/weapons/mcv/v_gp25.mdl:
Loading preexisting model: C:\Program Files (x86)\Steam\steamapps\common\GarrysMod\garrysmod\addons\mcv\work\compile_test_game\models/weapons/mcv/v_gp25.mdl
WARNING: LoadPreexistingSequenceOrder: Zero-size file or no sequences.
bones        23440 bytes (101)
animations  311728 bytes (92 anims) (2794 frames) [1:33]
sequences    14756 bytes (42 seq) 
ik/pose        536 bytes
eyeballs         0 bytes (0 eyeballs)
flexes           0 bytes (0 flexes)
eyeballs         0 bytes (0 eyeballs)
flexes           0 bytes (0 flexes)
eyeballs         0 bytes (0 eyeballs)
flexes           0 bytes (0 flexes)
textures       404 bytes
keyvalues       20 bytes
bone transforms    13800 bytes
bone flex driver       0 bytes
collision        0 bytes
total       369920
---------------------
writing C:\Program Files (x86)\Steam\steamapps\common\GarrysMod\garrysmod\addons\mcv\work\compile_test_game\models/weapons/mcv/v_gp25.vvd:
vertices   1470336 bytes (30632 vertices)
vertices    101376 bytes (2112 vertices)
tangents    490112 bytes (30632 vertices)
tangents     33792 bytes (2112 vertices)
total      2095680 bytes
---------------------
Generating optimized mesh "C:\Program Files (x86)\Steam\steamapps\common\GarrysMod\garrysmod\addons\mcv\work\compile_test_game\models/weapons/mcv/v_gp25.dx80.vtx":
body parts:        16 bytes
models:            60 bytes
model LODs:        36 bytes
meshes:            54 bytes
strip groups:     150 bytes
strips:           162 bytes
verts:         294696 bytes
indices:       236346 bytes
bone changes:     104 bytes
everything:    531624 bytes
---------------------
Generating optimized mesh "C:\Program Files (x86)\Steam\steamapps\common\GarrysMod\garrysmod\addons\mcv\work\compile_test_game\models/weapons/mcv/v_gp25.dx90.vtx":
body parts:        16 bytes
models:            60 bytes
model LODs:        36 bytes
meshes:            54 bytes
strip groups:     150 bytes
strips:           162 bytes
verts:         294696 bytes
indices:       236346 bytes
bone changes:     104 bytes
everything:    531624 bytes

Completed "v_gp25.qc"
