StudioMDL.exe (Apr 27 2026) - Garry's Mod Edition
WARNING: Failed to load keyvalues file cfg/mount.cfg!
qdir:    "c:\program files (x86)\steam\steamapps\common\garrysmod\garrysmod\addons\mcv\work\mcv_smd_port\weapons\v_izh43\"
gamedir: "C:\Program Files (x86)\Steam\steamapps\common\GarrysMod\garrysmod\addons\mcv\work\compile_test_game\"
g_path:  "C:\Program Files (x86)\Steam\steamapps\common\GarrysMod\garrysmod\addons\mcv\work\MCV_SMD_PORT\weapons\v_izh43\v_izh43.qc"
Building binary model files...
Working on "v_izh43.qc"
SMD MODEL ..\..\..\MCV_SMD_OG\weapons\v_izh43\ref_new.smd
SMD MODEL ..\..\..\MCV_SMD_OG\weapons\v_izh43\LongBarrelRef.smd
SMD MODEL ..\..\..\MCV_SMD_OG\weapons\v_izh43\v_izh43_anims\runIdle_a_corrective_animation.smd
SMD MODEL ..\..\..\MCV_SMD_OG\weapons\v_izh43\v_izh43_anims\run_a_corrective_animation.smd
SMD MODEL ..\..\..\MCV_SMD_OG\weapons\v_izh43\v_izh43_anims\walkIdle_a_corrective_animation.smd
SMD MODEL ..\..\..\MCV_SMD_OG\weapons\v_izh43\v_izh43_anims\walk_a_corrective_animation.smd
SMD MODEL ..\..\..\MCV_SMD_OG\weapons\v_izh43\v_izh43_anims\shoot1_a_corrective_animation.smd
SMD MODEL ..\..\..\MCV_SMD_OG\weapons\v_izh43\v_izh43_anims\shoot1_ironsight_a_corrective_animation.smd
SMD MODEL ..\..\..\MCV_SMD_OG\weapons\v_izh43\v_izh43_anims\shoot2_a_corrective_animation.smd
SMD MODEL ..\..\..\MCV_SMD_OG\weapons\v_izh43\v_izh43_anims\shoot2_ironsight_a_corrective_animation.smd
SMD MODEL ..\..\..\MCV_SMD_OG\weapons\v_izh43\v_izh43_anims\basePose_a.smd
SMD MODEL ..\..\..\MCV_SMD_OG\weapons\v_izh43\v_izh43_anims\ironsight.smd
SMD MODEL ..\..\..\MCV_SMD_OG\weapons\v_izh43\v_izh43_anims\ironsight_transition.smd
SMD MODEL ..\..\..\MCV_SMD_OG\weapons\v_izh43\v_izh43_anims\runIdle_a.smd
SMD MODEL ..\..\..\MCV_SMD_OG\weapons\v_izh43\v_izh43_anims\run_a.smd
SMD MODEL ..\..\..\MCV_SMD_OG\weapons\v_izh43\v_izh43_anims\walkIdle_a.smd
SMD MODEL ..\..\..\MCV_SMD_OG\weapons\v_izh43\v_izh43_anims\walk_a.smd
SMD MODEL ..\..\..\MCV_SMD_OG\weapons\v_izh43\v_izh43_anims\shoot1_a.smd
SMD MODEL ..\..\..\MCV_SMD_OG\weapons\v_izh43\v_izh43_anims\shoot1_ironsight_a.smd
SMD MODEL ..\..\..\MCV_SMD_OG\weapons\v_izh43\v_izh43_anims\shoot2_a.smd
SMD MODEL ..\..\..\MCV_SMD_OG\weapons\v_izh43\v_izh43_anims\shoot2_ironsight_a.smd
SMD MODEL ..\..\..\MCV_SMD_OG\weapons\v_izh43\v_izh43_anims\nearwall_s_a.smd
SMD MODEL ..\..\..\MCV_SMD_OG\weapons\v_izh43\v_izh43_anims\nearwall_s_a_i.smd
SMD MODEL ..\..\..\MCV_SMD_OG\weapons\v_izh43\v_izh43_anims\nearwall_a.smd
SMD MODEL ..\..\..\MCV_SMD_OG\weapons\v_izh43\v_izh43_anims\nearwall_a_i.smd
SMD MODEL ..\..\..\MCV_SMD_OG\weapons\v_izh43\v_izh43_anims\nearwall_e_a.smd
SMD MODEL ..\..\..\MCV_SMD_OG\weapons\v_izh43\v_izh43_anims\nearwall_e_a_i.smd
SMD MODEL ..\..\..\MCV_SMD_OG\weapons\v_izh43\v_izh43_anims\proneF.smd
SMD MODEL ..\..\..\MCV_SMD_OG\weapons\v_izh43\v_izh43_anims\proneB.smd
SMD MODEL ..\..\..\MCV_SMD_OG\weapons\v_izh43\v_izh43_anims\proneL.smd
SMD MODEL ..\..\..\MCV_SMD_OG\weapons\v_izh43\v_izh43_anims\proneR.smd
SMD MODEL ..\..\..\MCV_SMD_OG\weapons\v_izh43\v_izh43_anims\pickup_s_a.smd
SMD MODEL ..\..\..\MCV_SMD_OG\weapons\v_izh43\v_izh43_anims\pickup_s_a_i.smd
SMD MODEL ..\..\..\MCV_SMD_OG\weapons\v_izh43\v_izh43_anims\pickup_a.smd
SMD MODEL ..\..\..\MCV_SMD_OG\weapons\v_izh43\v_izh43_anims\pickup_a_i.smd
SMD MODEL ..\..\..\MCV_SMD_OG\weapons\v_izh43\v_izh43_anims\pickup_e_a.smd
SMD MODEL ..\..\..\MCV_SMD_OG\weapons\v_izh43\v_izh43_anims\pickup_e_a_i.smd
SMD MODEL ..\..\..\MCV_SMD_OG\weapons\v_izh43\v_izh43_anims\draw.smd
SMD MODEL ..\..\..\MCV_SMD_OG\weapons\v_izh43\v_izh43_anims\draw_2.smd
SMD MODEL ..\..\..\MCV_SMD_OG\weapons\v_izh43\v_izh43_anims\Firstdraw.smd
SMD MODEL ..\..\..\MCV_SMD_OG\weapons\v_izh43\v_izh43_anims\Firstdraw_2.smd
SMD MODEL ..\..\..\MCV_SMD_OG\weapons\v_izh43\v_izh43_anims\reload.smd
SMD MODEL ..\..\..\MCV_SMD_OG\weapons\v_izh43\v_izh43_anims\reload_2.smd
SMD MODEL ..\..\..\MCV_SMD_OG\weapons\v_izh43\v_izh43_anims\reload_empty.smd
SMD MODEL ..\..\..\MCV_SMD_OG\weapons\v_izh43\v_izh43_anims\reload_empty_2.smd
SMD MODEL ..\..\..\MCV_SMD_OG\weapons\v_izh43\v_izh43_anims\bash.smd
SMD MODEL ..\..\..\MCV_SMD_OG\weapons\v_izh43\v_izh43_anims\bash_2.smd
SMD MODEL ..\..\..\MCV_SMD_OG\weapons\v_izh43\v_izh43_anims\holster.smd
Processing LOD for material: shells_big_additional
Processing LOD for material: fusilrobust
Processing LOD for material: longbarrel
---------------------
writing C:\Program Files (x86)\Steam\steamapps\common\GarrysMod\garrysmod\addons\mcv\work\compile_test_game\models/weapons/mcv/v_izh43.mdl:
Loading preexisting model: C:\Program Files (x86)\Steam\steamapps\common\GarrysMod\garrysmod\addons\mcv\work\compile_test_game\models/weapons/mcv/v_izh43.mdl
WARNING: LoadPreexistingSequenceOrder: Zero-size file or no sequences.
bones        22436 bytes (97)
animations  163784 bytes (49 anims) (1545 frames) [0:51]
sequences     8080 bytes (21 seq) 
ik/pose        388 bytes
eyeballs         0 bytes (0 eyeballs)
flexes           0 bytes (0 flexes)
eyeballs         0 bytes (0 eyeballs)
flexes           0 bytes (0 flexes)
textures       208 bytes
keyvalues       20 bytes
bone transforms    13256 bytes
bone flex driver       0 bytes
collision        0 bytes
total       211684
---------------------
writing C:\Program Files (x86)\Steam\steamapps\common\GarrysMod\garrysmod\addons\mcv\work\compile_test_game\models/weapons/mcv/v_izh43.vvd:
vertices    502176 bytes (10462 vertices)
vertices    312624 bytes (6513 vertices)
tangents    167392 bytes (10462 vertices)
tangents    104208 bytes (6513 vertices)
total      1086464 bytes
---------------------
Generating optimized mesh "C:\Program Files (x86)\Steam\steamapps\common\GarrysMod\garrysmod\addons\mcv\work\compile_test_game\models/weapons/mcv/v_izh43.dx80.vtx":
body parts:        16 bytes
models:            40 bytes
model LODs:        24 bytes
meshes:            27 bytes
strip groups:      75 bytes
strips:            81 bytes
verts:         152775 bytes
indices:       129438 bytes
bone changes:      64 bytes
everything:    282552 bytes
---------------------
Generating optimized mesh "C:\Program Files (x86)\Steam\steamapps\common\GarrysMod\garrysmod\addons\mcv\work\compile_test_game\models/weapons/mcv/v_izh43.dx90.vtx":
body parts:        16 bytes
models:            40 bytes
model LODs:        24 bytes
meshes:            27 bytes
strip groups:      75 bytes
strips:            81 bytes
verts:         152775 bytes
indices:       129438 bytes
bone changes:      64 bytes
everything:    282552 bytes

Completed "v_izh43.qc"
