StudioMDL.exe (Apr 27 2026) - Garry's Mod Edition
WARNING: Failed to load keyvalues file cfg/mount.cfg!
qdir:    "c:\program files (x86)\steam\steamapps\common\garrysmod\garrysmod\addons\mcv\work\mcv_smd_port\weapons\v_k50m\"
gamedir: "C:\Program Files (x86)\Steam\steamapps\common\GarrysMod\garrysmod\addons\mcv\work\compile_test_game\"
g_path:  "C:\Program Files (x86)\Steam\steamapps\common\GarrysMod\garrysmod\addons\mcv\work\MCV_SMD_PORT\weapons\v_k50m\v_k50m.qc"
Building binary model files...
Working on "v_k50m.qc"
SMD MODEL ..\..\..\MCV_SMD_OG\weapons\v_k50m\Ref_new.smd
SMD MODEL fixed_anims\Default_corrective_animation.smd
SMD MODEL fixed_anims\Slideback_corrective_animation.smd
SMD MODEL fixed_anims\runIdle_a_corrective_animation.smd
SMD MODEL fixed_anims\run_a_corrective_animation.smd
SMD MODEL fixed_anims\walkIdle_a_corrective_animation.smd
SMD MODEL fixed_anims\walk_a_corrective_animation.smd
SMD MODEL fixed_anims\ShootMove_corrective_animation.smd
SMD MODEL fixed_anims\ShootStill_corrective_animation.smd
SMD MODEL fixed_anims\shoot1_a_corrective_animation.smd
SMD MODEL fixed_anims\shoot1_ironsight_a_corrective_animation.smd
SMD MODEL fixed_anims\shoot2_a_corrective_animation.smd
SMD MODEL fixed_anims\shoot2_ironsight_a_corrective_animation.smd
SMD MODEL fixed_anims\shoot3_a_corrective_animation.smd
SMD MODEL fixed_anims\shoot3_ironsight_a_corrective_animation.smd
SMD MODEL ..\..\..\MCV_SMD_OG\weapons\v_k50m\v_k50m_anims\PoseDelta.smd
SMD MODEL ..\..\..\MCV_SMD_OG\weapons\v_k50m\v_k50m_anims\PoseDelta2.smd
SMD MODEL ..\..\..\MCV_SMD_OG\weapons\v_k50m\v_k50m_anims\Default.smd
SMD MODEL ..\..\..\MCV_SMD_OG\weapons\v_k50m\v_k50m_anims\Slideback.smd
SMD MODEL ..\..\..\MCV_SMD_OG\weapons\v_k50m\v_k50m_anims\ShootMove.smd
SMD MODEL ..\..\..\MCV_SMD_OG\weapons\v_k50m\v_k50m_anims\ShootStill.smd
SMD MODEL ..\..\..\MCV_SMD_OG\weapons\v_k50m\v_k50m_anims\basePose_a.smd
SMD MODEL ..\..\..\MCV_SMD_OG\weapons\v_k50m\v_k50m_anims\ironsight.smd
SMD MODEL ..\..\..\MCV_SMD_OG\weapons\v_k50m\v_k50m_anims\ironsight_transition.smd
SMD MODEL ..\..\..\MCV_SMD_OG\weapons\v_k50m\v_k50m_anims\runIdle_a.smd
SMD MODEL ..\..\..\MCV_SMD_OG\weapons\v_k50m\v_k50m_anims\run_a.smd
SMD MODEL ..\..\..\MCV_SMD_OG\weapons\v_k50m\v_k50m_anims\walkIdle_a.smd
SMD MODEL ..\..\..\MCV_SMD_OG\weapons\v_k50m\v_k50m_anims\walk_a.smd
SMD MODEL ..\..\..\MCV_SMD_OG\weapons\v_k50m\v_k50m_anims\shoot1_a.smd
SMD MODEL ..\..\..\MCV_SMD_OG\weapons\v_k50m\v_k50m_anims\shoot1_ironsight_a.smd
SMD MODEL ..\..\..\MCV_SMD_OG\weapons\v_k50m\v_k50m_anims\shoot2_a.smd
SMD MODEL ..\..\..\MCV_SMD_OG\weapons\v_k50m\v_k50m_anims\shoot2_ironsight_a.smd
SMD MODEL ..\..\..\MCV_SMD_OG\weapons\v_k50m\v_k50m_anims\shoot3_a.smd
SMD MODEL ..\..\..\MCV_SMD_OG\weapons\v_k50m\v_k50m_anims\shoot3_ironsight_a.smd
SMD MODEL ..\..\..\MCV_SMD_OG\weapons\v_k50m\v_k50m_anims\nearwall_s_a.smd
SMD MODEL ..\..\..\MCV_SMD_OG\weapons\v_k50m\v_k50m_anims\nearwall_s_a_i.smd
SMD MODEL ..\..\..\MCV_SMD_OG\weapons\v_k50m\v_k50m_anims\nearwall_a.smd
SMD MODEL ..\..\..\MCV_SMD_OG\weapons\v_k50m\v_k50m_anims\nearwall_a_i.smd
SMD MODEL ..\..\..\MCV_SMD_OG\weapons\v_k50m\v_k50m_anims\nearwall_e_a.smd
SMD MODEL ..\..\..\MCV_SMD_OG\weapons\v_k50m\v_k50m_anims\nearwall_e_a_i.smd
SMD MODEL ..\..\..\MCV_SMD_OG\weapons\v_k50m\v_k50m_anims\proneF.smd
SMD MODEL ..\..\..\MCV_SMD_OG\weapons\v_k50m\v_k50m_anims\proneB.smd
SMD MODEL ..\..\..\MCV_SMD_OG\weapons\v_k50m\v_k50m_anims\proneL.smd
SMD MODEL ..\..\..\MCV_SMD_OG\weapons\v_k50m\v_k50m_anims\proneR.smd
SMD MODEL ..\..\..\MCV_SMD_OG\weapons\v_k50m\v_k50m_anims\pickup_s_a.smd
SMD MODEL ..\..\..\MCV_SMD_OG\weapons\v_k50m\v_k50m_anims\pickup_s_a_i.smd
SMD MODEL ..\..\..\MCV_SMD_OG\weapons\v_k50m\v_k50m_anims\pickup_a.smd
SMD MODEL ..\..\..\MCV_SMD_OG\weapons\v_k50m\v_k50m_anims\pickup_a_i.smd
SMD MODEL ..\..\..\MCV_SMD_OG\weapons\v_k50m\v_k50m_anims\pickup_e_a.smd
SMD MODEL ..\..\..\MCV_SMD_OG\weapons\v_k50m\v_k50m_anims\pickup_e_a_i.smd
SMD MODEL ..\..\..\MCV_SMD_OG\weapons\v_k50m\v_k50m_anims\change_firemode_idle.smd
SMD MODEL ..\..\..\MCV_SMD_OG\weapons\v_k50m\v_k50m_anims\change_firemode_iron.smd
SMD MODEL ..\..\..\MCV_SMD_OG\weapons\v_k50m\v_k50m_anims\draw.smd
SMD MODEL ..\..\..\MCV_SMD_OG\weapons\v_k50m\v_k50m_anims\draw_2.smd
SMD MODEL ..\..\..\MCV_SMD_OG\weapons\v_k50m\v_k50m_anims\Firstdraw.smd
SMD MODEL ..\..\..\MCV_SMD_OG\weapons\v_k50m\v_k50m_anims\Firstdraw_2.smd
SMD MODEL ..\..\..\MCV_SMD_OG\weapons\v_k50m\v_k50m_anims\reload.smd
SMD MODEL ..\..\..\MCV_SMD_OG\weapons\v_k50m\v_k50m_anims\reload_2.smd
SMD MODEL ..\..\..\MCV_SMD_OG\weapons\v_k50m\v_k50m_anims\reload_empty.smd
SMD MODEL ..\..\..\MCV_SMD_OG\weapons\v_k50m\v_k50m_anims\reload_empty_2.smd
SMD MODEL ..\..\..\MCV_SMD_OG\weapons\v_k50m\v_k50m_anims\bash.smd
SMD MODEL ..\..\..\MCV_SMD_OG\weapons\v_k50m\v_k50m_anims\bash_2.smd
SMD MODEL ..\..\..\MCV_SMD_OG\weapons\v_k50m\v_k50m_anims\holster.smd
Processing LOD for material: shells_small
Processing LOD for material: k50m
---------------------
writing C:\Program Files (x86)\Steam\steamapps\common\GarrysMod\garrysmod\addons\mcv\work\compile_test_game\models/weapons/mcv/v_k50m.mdl:
Loading preexisting model: C:\Program Files (x86)\Steam\steamapps\common\GarrysMod\garrysmod\addons\mcv\work\compile_test_game\models/weapons/mcv/v_k50m.mdl
WARNING: LoadPreexistingSequenceOrder: Zero-size file or no sequences.
bones        21988 bytes (96)
animations  172328 bytes (65 anims) (1657 frames) [0:55]
sequences     9984 bytes (26 seq) 
ik/pose        244 bytes
eyeballs         0 bytes (0 eyeballs)
flexes           0 bytes (0 flexes)
textures       140 bytes
keyvalues       20 bytes
bone transforms    13120 bytes
bone flex driver       0 bytes
collision        0 bytes
total       221552
---------------------
writing C:\Program Files (x86)\Steam\steamapps\common\GarrysMod\garrysmod\addons\mcv\work\compile_test_game\models/weapons/mcv/v_k50m.vvd:
vertices    734016 bytes (15292 vertices)
tangents    244672 bytes (15292 vertices)
total       978752 bytes
---------------------
Generating optimized mesh "C:\Program Files (x86)\Steam\steamapps\common\GarrysMod\garrysmod\addons\mcv\work\compile_test_game\models/weapons/mcv/v_k50m.dx80.vtx":
body parts:         8 bytes
models:            20 bytes
model LODs:        12 bytes
meshes:            18 bytes
strip groups:      50 bytes
strips:            54 bytes
verts:         137628 bytes
indices:        96492 bytes
bone changes:      56 bytes
everything:    234362 bytes
---------------------
Generating optimized mesh "C:\Program Files (x86)\Steam\steamapps\common\GarrysMod\garrysmod\addons\mcv\work\compile_test_game\models/weapons/mcv/v_k50m.dx90.vtx":
body parts:         8 bytes
models:            20 bytes
model LODs:        12 bytes
meshes:            18 bytes
strip groups:      50 bytes
strips:            54 bytes
verts:         137628 bytes
indices:        96492 bytes
bone changes:      56 bytes
everything:    234362 bytes

Completed "v_k50m.qc"
