StudioMDL.exe (Apr 27 2026) - Garry's Mod Edition
WARNING: Failed to load keyvalues file cfg/mount.cfg!
qdir:    "c:\program files (x86)\steam\steamapps\common\garrysmod\garrysmod\addons\mcv\work\mcv_smd_port\weapons\v_katana\"
gamedir: "C:\Program Files (x86)\Steam\steamapps\common\GarrysMod\garrysmod\addons\mcv\work\compile_test_game\"
g_path:  "C:\Program Files (x86)\Steam\steamapps\common\GarrysMod\garrysmod\addons\mcv\work\MCV_SMD_PORT\weapons\v_katana\v_katana.qc"
Building binary model files...
Working on "v_katana.qc"
SMD MODEL ..\..\..\MCV_SMD_OG\weapons\v_katana\v_katana.smd
SMD MODEL ..\..\..\MCV_SMD_OG\weapons\v_katana\v_katana_anims\runIdle_a_corrective_animation.smd
SMD MODEL ..\..\..\MCV_SMD_OG\weapons\v_katana\v_katana_anims\run_a_corrective_animation.smd
SMD MODEL ..\..\..\MCV_SMD_OG\weapons\v_katana\v_katana_anims\walkIdle_a_corrective_animation.smd
SMD MODEL ..\..\..\MCV_SMD_OG\weapons\v_katana\v_katana_anims\walk_a_corrective_animation.smd
SMD MODEL ..\..\..\MCV_SMD_OG\weapons\v_katana\v_katana_anims\basePose_a.smd
SMD MODEL ..\..\..\MCV_SMD_OG\weapons\v_katana\v_katana_anims\idle_a.smd
SMD MODEL ..\..\..\MCV_SMD_OG\weapons\v_katana\v_katana_anims\runIdle_a.smd
SMD MODEL ..\..\..\MCV_SMD_OG\weapons\v_katana\v_katana_anims\run_a.smd
SMD MODEL ..\..\..\MCV_SMD_OG\weapons\v_katana\v_katana_anims\walkIdle_a.smd
SMD MODEL ..\..\..\MCV_SMD_OG\weapons\v_katana\v_katana_anims\walk_a.smd
SMD MODEL ..\..\..\MCV_SMD_OG\weapons\v_katana\v_katana_anims\proneF.smd
SMD MODEL ..\..\..\MCV_SMD_OG\weapons\v_katana\v_katana_anims\proneB.smd
SMD MODEL fixed_anims\proneL.smd
SMD MODEL ..\..\..\MCV_SMD_OG\weapons\v_katana\v_katana_anims\proneR.smd
SMD MODEL ..\..\..\MCV_SMD_OG\weapons\v_katana\v_katana_anims\draw.smd
SMD MODEL ..\..\..\MCV_SMD_OG\weapons\v_katana\v_katana_anims\firstdraw.smd
SMD MODEL ..\..\..\MCV_SMD_OG\weapons\v_katana\v_katana_anims\swing_a.smd
SMD MODEL ..\..\..\MCV_SMD_OG\weapons\v_katana\v_katana_anims\swing_b.smd
SMD MODEL ..\..\..\MCV_SMD_OG\weapons\v_katana\v_katana_anims\swing_c.smd
SMD MODEL ..\..\..\MCV_SMD_OG\weapons\v_katana\v_katana_anims\swing_hard.smd
SMD MODEL ..\..\..\MCV_SMD_OG\weapons\v_katana\v_katana_anims\stab_charge.smd
SMD MODEL ..\..\..\MCV_SMD_OG\weapons\v_katana\v_katana_anims\stab_charge_loop.smd
SMD MODEL ..\..\..\MCV_SMD_OG\weapons\v_katana\v_katana_anims\stab_charge_attack.smd
SMD MODEL ..\..\..\MCV_SMD_OG\weapons\v_katana\v_katana_anims\idletonearwall.smd
SMD MODEL ..\..\..\MCV_SMD_OG\weapons\v_katana\v_katana_anims\nearwall.smd
SMD MODEL ..\..\..\MCV_SMD_OG\weapons\v_katana\v_katana_anims\nearwalltoidle.smd
SMD MODEL ..\..\..\MCV_SMD_OG\weapons\v_katana\v_katana_anims\pickupstart.smd
SMD MODEL ..\..\..\MCV_SMD_OG\weapons\v_katana\v_katana_anims\pickuploop.smd
SMD MODEL ..\..\..\MCV_SMD_OG\weapons\v_katana\v_katana_anims\pickupend.smd
SMD MODEL ..\..\..\MCV_SMD_OG\weapons\v_katana\v_katana_anims\holster.smd
Processing LOD for material: v_katana
---------------------
writing C:\Program Files (x86)\Steam\steamapps\common\GarrysMod\garrysmod\addons\mcv\work\compile_test_game\models/weapons/mcv/v_katana.mdl:
Loading preexisting model: C:\Program Files (x86)\Steam\steamapps\common\GarrysMod\garrysmod\addons\mcv\work\compile_test_game\models/weapons/mcv/v_katana.mdl
WARNING: LoadPreexistingSequenceOrder: Zero-size file or no sequences.
bones        20652 bytes (91)
animations  115328 bytes (30 anims) (949 frames) [0:31]
sequences     8084 bytes (25 seq) 
ik/pose        224 bytes
eyeballs         0 bytes (0 eyeballs)
flexes           0 bytes (0 flexes)
textures        72 bytes
keyvalues       20 bytes
bone transforms    12440 bytes
bone flex driver       0 bytes
collision        0 bytes
total       159800
---------------------
writing C:\Program Files (x86)\Steam\steamapps\common\GarrysMod\garrysmod\addons\mcv\work\compile_test_game\models/weapons/mcv/v_katana.vvd:
vertices    248736 bytes (5182 vertices)
tangents     82912 bytes (5182 vertices)
total       331712 bytes
---------------------
Generating optimized mesh "C:\Program Files (x86)\Steam\steamapps\common\GarrysMod\garrysmod\addons\mcv\work\compile_test_game\models/weapons/mcv/v_katana.dx80.vtx":
body parts:         8 bytes
models:            20 bytes
model LODs:        12 bytes
meshes:             9 bytes
strip groups:      25 bytes
strips:            27 bytes
verts:          46638 bytes
indices:        34440 bytes
bone changes:      16 bytes
everything:     81219 bytes
---------------------
Generating optimized mesh "C:\Program Files (x86)\Steam\steamapps\common\GarrysMod\garrysmod\addons\mcv\work\compile_test_game\models/weapons/mcv/v_katana.dx90.vtx":
body parts:         8 bytes
models:            20 bytes
model LODs:        12 bytes
meshes:             9 bytes
strip groups:      25 bytes
strips:            27 bytes
verts:          46638 bytes
indices:        34440 bytes
bone changes:      16 bytes
everything:     81219 bytes

Completed "v_katana.qc"
