StudioMDL.exe (Apr 27 2026) - Garry's Mod Edition
WARNING: Failed to load keyvalues file cfg/mount.cfg!
qdir:    "c:\program files (x86)\steam\steamapps\common\garrysmod\garrysmod\addons\mcv\work\mcv_smd_port\weapons\v_kar98_dov\"
gamedir: "C:\Program Files (x86)\Steam\steamapps\common\GarrysMod\garrysmod\addons\mcv\work\compile_test_game\"
g_path:  "C:\Program Files (x86)\Steam\steamapps\common\GarrysMod\garrysmod\addons\mcv\work\MCV_SMD_PORT\weapons\v_kar98_dov\v_kar98_dov.qc"
Building binary model files...
Working on "v_kar98_dov.qc"
SMD MODEL ..\..\..\MCV_SMD_OG\weapons\v_kar98_dov\kar98_prewar.smd
SMD MODEL ..\..\..\MCV_SMD_OG\weapons\v_kar98_dov\v_bayonet_ww2.smd
SMD MODEL ..\..\..\MCV_SMD_OG\weapons\v_kar98_dov\kar98_scope_new.smd
SMD MODEL ..\..\..\MCV_SMD_OG\weapons\v_kar98_dov\kar98_ZF41.smd
SMD MODEL ..\..\..\MCV_SMD_OG\weapons\v_kar98_dov\kar98_mount_ww2.smd
SMD MODEL ..\..\..\MCV_SMD_OG\weapons\v_kar98_dov\kar98_grenade_ww2.smd
SMD MODEL ..\..\..\MCV_SMD_OG\weapons\v_kar98_dov\v_kar98_dov_anims\runIdle_a_corrective_animation.smd
SMD MODEL ..\..\..\MCV_SMD_OG\weapons\v_kar98_dov\v_kar98_dov_anims\run_a_corrective_animation.smd
SMD MODEL ..\..\..\MCV_SMD_OG\weapons\v_kar98_dov\v_kar98_dov_anims\walkIdle_a_corrective_animation.smd
SMD MODEL ..\..\..\MCV_SMD_OG\weapons\v_kar98_dov\v_kar98_dov_anims\walk_a_corrective_animation.smd
SMD MODEL ..\..\..\MCV_SMD_OG\weapons\v_kar98_dov\v_kar98_dov_anims\shoot1_a_corrective_animation.smd
SMD MODEL ..\..\..\MCV_SMD_OG\weapons\v_kar98_dov\v_kar98_dov_anims\shoot1_ironsight_a_corrective_animation.smd
SMD MODEL ..\..\..\MCV_SMD_OG\weapons\v_kar98_dov\v_kar98_dov_anims\shoot2_a_corrective_animation.smd
SMD MODEL ..\..\..\MCV_SMD_OG\weapons\v_kar98_dov\v_kar98_dov_anims\shoot2_ironsight_a_corrective_animation.smd
SMD MODEL ..\..\..\MCV_SMD_OG\weapons\v_kar98_dov\v_kar98_dov_anims\shoot3_a_corrective_animation.smd
SMD MODEL ..\..\..\MCV_SMD_OG\weapons\v_kar98_dov\v_kar98_dov_anims\shoot3_ironsight_a_corrective_animation.smd
SMD MODEL ..\..\..\MCV_SMD_OG\weapons\v_kar98_dov\v_kar98_dov_anims\boltpull_a_corrective_animation.smd
SMD MODEL ..\..\..\MCV_SMD_OG\weapons\v_kar98_dov\v_kar98_dov_anims\boltpullIron_a_corrective_animation.smd
SMD MODEL ..\..\..\MCV_SMD_OG\weapons\v_kar98_dov\v_kar98_dov_anims\gren_shoot1_a_corrective_animation.smd
SMD MODEL ..\..\..\MCV_SMD_OG\weapons\v_kar98_dov\v_kar98_dov_anims\gren_shoot1_ironsight_a_corrective_animation.smd
SMD MODEL ..\..\..\MCV_SMD_OG\weapons\v_kar98_dov\v_kar98_dov_anims\basePose_a.smd
SMD MODEL ..\..\..\MCV_SMD_OG\weapons\v_kar98_dov\v_kar98_dov_anims\ironsight.smd
SMD MODEL ..\..\..\MCV_SMD_OG\weapons\v_kar98_dov\v_kar98_dov_anims\ironsight_transition.smd
SMD MODEL ..\..\..\MCV_SMD_OG\weapons\v_kar98_dov\v_kar98_dov_anims\runIdle_a.smd
SMD MODEL ..\..\..\MCV_SMD_OG\weapons\v_kar98_dov\v_kar98_dov_anims\run_a.smd
SMD MODEL ..\..\..\MCV_SMD_OG\weapons\v_kar98_dov\v_kar98_dov_anims\walkIdle_a.smd
SMD MODEL ..\..\..\MCV_SMD_OG\weapons\v_kar98_dov\v_kar98_dov_anims\walk_a.smd
SMD MODEL ..\..\..\MCV_SMD_OG\weapons\v_kar98_dov\v_kar98_dov_anims\shoot1_a.smd
SMD MODEL ..\..\..\MCV_SMD_OG\weapons\v_kar98_dov\v_kar98_dov_anims\shoot1_ironsight_a.smd
SMD MODEL ..\..\..\MCV_SMD_OG\weapons\v_kar98_dov\v_kar98_dov_anims\shoot2_a.smd
SMD MODEL ..\..\..\MCV_SMD_OG\weapons\v_kar98_dov\v_kar98_dov_anims\shoot2_ironsight_a.smd
SMD MODEL ..\..\..\MCV_SMD_OG\weapons\v_kar98_dov\v_kar98_dov_anims\shoot3_a.smd
SMD MODEL ..\..\..\MCV_SMD_OG\weapons\v_kar98_dov\v_kar98_dov_anims\shoot3_ironsight_a.smd
SMD MODEL ..\..\..\MCV_SMD_OG\weapons\v_kar98_dov\v_kar98_dov_anims\boltpull_a.smd
SMD MODEL ..\..\..\MCV_SMD_OG\weapons\v_kar98_dov\v_kar98_dov_anims\boltpullIron_a.smd
SMD MODEL ..\..\..\MCV_SMD_OG\weapons\v_kar98_dov\v_kar98_dov_anims\reload01.smd
SMD MODEL ..\..\..\MCV_SMD_OG\weapons\v_kar98_dov\v_kar98_dov_anims\reload02.smd
SMD MODEL ..\..\..\MCV_SMD_OG\weapons\v_kar98_dov\v_kar98_dov_anims\reload03.smd
SMD MODEL ..\..\..\MCV_SMD_OG\weapons\v_kar98_dov\v_kar98_dov_anims\reload04.smd
SMD MODEL ..\..\..\MCV_SMD_OG\weapons\v_kar98_dov\v_kar98_dov_anims\reload05.smd
SMD MODEL ..\..\..\MCV_SMD_OG\weapons\v_kar98_dov\v_kar98_dov_anims\reload01_i.smd
SMD MODEL ..\..\..\MCV_SMD_OG\weapons\v_kar98_dov\v_kar98_dov_anims\reload02_i.smd
SMD MODEL ..\..\..\MCV_SMD_OG\weapons\v_kar98_dov\v_kar98_dov_anims\reload03_i.smd
SMD MODEL ..\..\..\MCV_SMD_OG\weapons\v_kar98_dov\v_kar98_dov_anims\reload04_i.smd
SMD MODEL ..\..\..\MCV_SMD_OG\weapons\v_kar98_dov\v_kar98_dov_anims\reload05_i.smd
SMD MODEL ..\..\..\MCV_SMD_OG\weapons\v_kar98_dov\v_kar98_dov_anims\reload01_e.smd
SMD MODEL ..\..\..\MCV_SMD_OG\weapons\v_kar98_dov\v_kar98_dov_anims\reload02_e.smd
SMD MODEL ..\..\..\MCV_SMD_OG\weapons\v_kar98_dov\v_kar98_dov_anims\reload03_e.smd
SMD MODEL ..\..\..\MCV_SMD_OG\weapons\v_kar98_dov\v_kar98_dov_anims\reload04_e.smd
SMD MODEL ..\..\..\MCV_SMD_OG\weapons\v_kar98_dov\v_kar98_dov_anims\reload01_e_i.smd
SMD MODEL ..\..\..\MCV_SMD_OG\weapons\v_kar98_dov\v_kar98_dov_anims\reload02_e_i.smd
SMD MODEL ..\..\..\MCV_SMD_OG\weapons\v_kar98_dov\v_kar98_dov_anims\reload03_e_i.smd
SMD MODEL ..\..\..\MCV_SMD_OG\weapons\v_kar98_dov\v_kar98_dov_anims\reload04_e_i.smd
SMD MODEL ..\..\..\MCV_SMD_OG\weapons\v_kar98_dov\v_kar98_dov_anims\reloadstart_empty.smd
SMD MODEL ..\..\..\MCV_SMD_OG\weapons\v_kar98_dov\v_kar98_dov_anims\reloadstart_full.smd
SMD MODEL ..\..\..\MCV_SMD_OG\weapons\v_kar98_dov\v_kar98_dov_anims\reloadstart_empty_i.smd
SMD MODEL ..\..\..\MCV_SMD_OG\weapons\v_kar98_dov\v_kar98_dov_anims\reloadstart_full_i.smd
SMD MODEL ..\..\..\MCV_SMD_OG\weapons\v_kar98_dov\v_kar98_dov_anims\reloadinsert_empty.smd
SMD MODEL ..\..\..\MCV_SMD_OG\weapons\v_kar98_dov\v_kar98_dov_anims\reloadinsert_full.smd
SMD MODEL ..\..\..\MCV_SMD_OG\weapons\v_kar98_dov\v_kar98_dov_anims\reloadinsert_empty_i.smd
SMD MODEL ..\..\..\MCV_SMD_OG\weapons\v_kar98_dov\v_kar98_dov_anims\reloadinsert_full_i.smd
SMD MODEL ..\..\..\MCV_SMD_OG\weapons\v_kar98_dov\v_kar98_dov_anims\reloadend_e.smd
SMD MODEL ..\..\..\MCV_SMD_OG\weapons\v_kar98_dov\v_kar98_dov_anims\reloadend_e_i.smd
SMD MODEL ..\..\..\MCV_SMD_OG\weapons\v_kar98_dov\v_kar98_dov_anims\reloadend.smd
SMD MODEL ..\..\..\MCV_SMD_OG\weapons\v_kar98_dov\v_kar98_dov_anims\reloadend_i.smd
SMD MODEL ..\..\..\MCV_SMD_OG\weapons\v_kar98_dov\v_kar98_dov_anims\nearwall_s_a.smd
SMD MODEL ..\..\..\MCV_SMD_OG\weapons\v_kar98_dov\v_kar98_dov_anims\nearwall_s_a_i.smd
SMD MODEL ..\..\..\MCV_SMD_OG\weapons\v_kar98_dov\v_kar98_dov_anims\nearwall_a.smd
SMD MODEL ..\..\..\MCV_SMD_OG\weapons\v_kar98_dov\v_kar98_dov_anims\nearwall_a_i.smd
SMD MODEL ..\..\..\MCV_SMD_OG\weapons\v_kar98_dov\v_kar98_dov_anims\nearwall_e_a.smd
SMD MODEL ..\..\..\MCV_SMD_OG\weapons\v_kar98_dov\v_kar98_dov_anims\nearwall_e_a_i.smd
SMD MODEL ..\..\..\MCV_SMD_OG\weapons\v_kar98_dov\v_kar98_dov_anims\proneF.smd
SMD MODEL ..\..\..\MCV_SMD_OG\weapons\v_kar98_dov\v_kar98_dov_anims\proneB.smd
SMD MODEL ..\..\..\MCV_SMD_OG\weapons\v_kar98_dov\v_kar98_dov_anims\proneL.smd
SMD MODEL ..\..\..\MCV_SMD_OG\weapons\v_kar98_dov\v_kar98_dov_anims\proneR.smd
SMD MODEL ..\..\..\MCV_SMD_OG\weapons\v_kar98_dov\v_kar98_dov_anims\pickup_s_a.smd
SMD MODEL ..\..\..\MCV_SMD_OG\weapons\v_kar98_dov\v_kar98_dov_anims\pickup_s_a_i.smd
SMD MODEL ..\..\..\MCV_SMD_OG\weapons\v_kar98_dov\v_kar98_dov_anims\pickup_a.smd
SMD MODEL ..\..\..\MCV_SMD_OG\weapons\v_kar98_dov\v_kar98_dov_anims\pickup_a_i.smd
SMD MODEL ..\..\..\MCV_SMD_OG\weapons\v_kar98_dov\v_kar98_dov_anims\pickup_e_a.smd
SMD MODEL ..\..\..\MCV_SMD_OG\weapons\v_kar98_dov\v_kar98_dov_anims\pickup_e_a_i.smd
SMD MODEL ..\..\..\MCV_SMD_OG\weapons\v_kar98_dov\v_kar98_dov_anims\grenade_ironsight.smd
SMD MODEL ..\..\..\MCV_SMD_OG\weapons\v_kar98_dov\v_kar98_dov_anims\gren_shoot1_a.smd
SMD MODEL ..\..\..\MCV_SMD_OG\weapons\v_kar98_dov\v_kar98_dov_anims\gren_shoot1_ironsight_a.smd
SMD MODEL ..\..\..\MCV_SMD_OG\weapons\v_kar98_dov\v_kar98_dov_anims\gren_reload_a.smd
SMD MODEL ..\..\..\MCV_SMD_OG\weapons\v_kar98_dov\v_kar98_dov_anims\gren_reload_a_i.smd
SMD MODEL ..\..\..\MCV_SMD_OG\weapons\v_kar98_dov\v_kar98_dov_anims\bash_a.smd
SMD MODEL ..\..\..\MCV_SMD_OG\weapons\v_kar98_dov\v_kar98_dov_anims\bash_a_i.smd
SMD MODEL ..\..\..\MCV_SMD_OG\weapons\v_kar98_dov\v_kar98_dov_anims\bayonet_unequip_a.smd
SMD MODEL ..\..\..\MCV_SMD_OG\weapons\v_kar98_dov\v_kar98_dov_anims\bayonet_unequip_a_i.smd
SMD MODEL ..\..\..\MCV_SMD_OG\weapons\v_kar98_dov\v_kar98_dov_anims\bayonet_equip_a.smd
SMD MODEL ..\..\..\MCV_SMD_OG\weapons\v_kar98_dov\v_kar98_dov_anims\bayonet_equip_a_i.smd
SMD MODEL ..\..\..\MCV_SMD_OG\weapons\v_kar98_dov\v_kar98_dov_anims\scope_adjust_idle.smd
SMD MODEL ..\..\..\MCV_SMD_OG\weapons\v_kar98_dov\v_kar98_dov_anims\scope_adjust_iron.smd
SMD MODEL ..\..\..\MCV_SMD_OG\weapons\v_kar98_dov\v_kar98_dov_anims\charge_s_a.smd
SMD MODEL ..\..\..\MCV_SMD_OG\weapons\v_kar98_dov\v_kar98_dov_anims\charge_s_a_i.smd
SMD MODEL ..\..\..\MCV_SMD_OG\weapons\v_kar98_dov\v_kar98_dov_anims\charge_a.smd
SMD MODEL ..\..\..\MCV_SMD_OG\weapons\v_kar98_dov\v_kar98_dov_anims\charge_a_i.smd
SMD MODEL ..\..\..\MCV_SMD_OG\weapons\v_kar98_dov\v_kar98_dov_anims\charge_e.smd
SMD MODEL ..\..\..\MCV_SMD_OG\weapons\v_kar98_dov\v_kar98_dov_anims\charge_e_i.smd
SMD MODEL ..\..\..\MCV_SMD_OG\weapons\v_kar98_dov\v_kar98_dov_anims\draw.smd
SMD MODEL ..\..\..\MCV_SMD_OG\weapons\v_kar98_dov\v_kar98_dov_anims\draw_2.smd
SMD MODEL ..\..\..\MCV_SMD_OG\weapons\v_kar98_dov\v_kar98_dov_anims\Firstdraw.smd
SMD MODEL ..\..\..\MCV_SMD_OG\weapons\v_kar98_dov\v_kar98_dov_anims\Firstdraw_2.smd
SMD MODEL ..\..\..\MCV_SMD_OG\weapons\v_kar98_dov\v_kar98_dov_anims\bash.smd
SMD MODEL ..\..\..\MCV_SMD_OG\weapons\v_kar98_dov\v_kar98_dov_anims\bash_2.smd
SMD MODEL ..\..\..\MCV_SMD_OG\weapons\v_kar98_dov\v_kar98_dov_anims\grenade_draw.smd
SMD MODEL ..\..\..\MCV_SMD_OG\weapons\v_kar98_dov\v_kar98_dov_anims\grenade_draw_2.smd
SMD MODEL ..\..\..\MCV_SMD_OG\weapons\v_kar98_dov\v_kar98_dov_anims\Grenade_draw_empty.smd
SMD MODEL ..\..\..\MCV_SMD_OG\weapons\v_kar98_dov\v_kar98_dov_anims\Grenade_draw_empty_2.smd
SMD MODEL ..\..\..\MCV_SMD_OG\weapons\v_kar98_dov\v_kar98_dov_anims\holster.smd
Processing LOD for material: kar98_s
Processing LOD for material: shells_small
Processing LOD for material: v_s8498_bayonet
Processing LOD for material: kar98_scope
Processing LOD for material: lens_zf39
Processing LOD for material: kar98_s
Processing LOD for material: zf41
Processing LOD for material: crosshair_zf41
Processing LOD for material: crosshair_zf41a
Processing LOD for material: zf41_mount
Processing LOD for material: german_riflegrenade
Processing LOD for material: german_riflegrenade
---------------------
writing C:\Program Files (x86)\Steam\steamapps\common\GarrysMod\garrysmod\addons\mcv\work\compile_test_game\models/weapons/mcv/v_kar98_dov.mdl:
Loading preexisting model: C:\Program Files (x86)\Steam\steamapps\common\GarrysMod\garrysmod\addons\mcv\work\compile_test_game\models/weapons/mcv/v_kar98_dov.mdl
WARNING: LoadPreexistingSequenceOrder: Zero-size file or no sequences.
bones        23644 bytes (103)
animations  711152 bytes (109 anims) (4157 frames) [2:18]
sequences    17872 bytes (45 seq) 
ik/pose       1640 bytes
eyeballs         0 bytes (0 eyeballs)
flexes           0 bytes (0 flexes)
eyeballs         0 bytes (0 eyeballs)
flexes           0 bytes (0 flexes)
eyeballs         0 bytes (0 eyeballs)
flexes           0 bytes (0 flexes)
eyeballs         0 bytes (0 eyeballs)
flexes           0 bytes (0 flexes)
eyeballs         0 bytes (0 eyeballs)
flexes           0 bytes (0 flexes)
eyeballs         0 bytes (0 eyeballs)
flexes           0 bytes (0 flexes)
eyeballs         0 bytes (0 eyeballs)
flexes           0 bytes (0 flexes)
eyeballs         0 bytes (0 eyeballs)
flexes           0 bytes (0 flexes)
eyeballs         0 bytes (0 eyeballs)
flexes           0 bytes (0 flexes)
eyeballs         0 bytes (0 eyeballs)
flexes           0 bytes (0 flexes)
textures       680 bytes
keyvalues       20 bytes
bone transforms    14072 bytes
bone flex driver       0 bytes
collision        0 bytes
total       775628
---------------------
writing C:\Program Files (x86)\Steam\steamapps\common\GarrysMod\garrysmod\addons\mcv\work\compile_test_game\models/weapons/mcv/v_kar98_dov.vvd:
vertices    500544 bytes (10428 vertices)
vertices     28608 bytes (596 vertices)
vertices    175392 bytes (3654 vertices)
vertices    280224 bytes (5838 vertices)
vertices    103056 bytes (2147 vertices)
vertices     46128 bytes (961 vertices)
tangents    166848 bytes (10428 vertices)
tangents      9536 bytes (596 vertices)
tangents     58464 bytes (3654 vertices)
tangents     93408 bytes (5838 vertices)
tangents     34352 bytes (2147 vertices)
tangents     15376 bytes (961 vertices)
total      1512000 bytes
---------------------
Generating optimized mesh "C:\Program Files (x86)\Steam\steamapps\common\GarrysMod\garrysmod\addons\mcv\work\compile_test_game\models/weapons/mcv/v_kar98_dov.dx80.vtx":
body parts:        40 bytes
models:           200 bytes
model LODs:       120 bytes
meshes:           108 bytes
strip groups:     300 bytes
strips:           324 bytes
verts:         212616 bytes
indices:       159090 bytes
bone changes:     168 bytes
everything:    372882 bytes
---------------------
Generating optimized mesh "C:\Program Files (x86)\Steam\steamapps\common\GarrysMod\garrysmod\addons\mcv\work\compile_test_game\models/weapons/mcv/v_kar98_dov.dx90.vtx":
body parts:        40 bytes
models:           200 bytes
model LODs:       120 bytes
meshes:           108 bytes
strip groups:     300 bytes
strips:           324 bytes
verts:         212616 bytes
indices:       159090 bytes
bone changes:     168 bytes
everything:    372882 bytes

Completed "v_kar98_dov.qc"
