StudioMDL.exe (Apr 27 2026) - Garry's Mod Edition
WARNING: Failed to load keyvalues file cfg/mount.cfg!
qdir:    "c:\program files (x86)\steam\steamapps\common\garrysmod\garrysmod\addons\mcv\work\mcv_smd_port\weapons\v_kbkg60\"
gamedir: "C:\Program Files (x86)\Steam\steamapps\common\GarrysMod\garrysmod\addons\mcv\work\compile_test_game\"
g_path:  "C:\Program Files (x86)\Steam\steamapps\common\GarrysMod\garrysmod\addons\mcv\work\MCV_SMD_PORT\weapons\v_kbkg60\v_kbkg60.qc"
Building binary model files...
Working on "v_kbkg60.qc"
SMD MODEL ..\..\..\MCV_SMD_OG\weapons\v_kbkg60\ref_KBKG60.smd
SMD MODEL ..\..\..\MCV_SMD_OG\weapons\v_kbkg60\v_bayonetAK.smd
SMD MODEL ..\..\..\MCV_SMD_OG\weapons\v_kbkg60\kbkg60_mount.smd
SMD MODEL ..\..\..\MCV_SMD_OG\weapons\v_kbkg60\kbkg60_grenade.smd
SMD MODEL ..\..\..\MCV_SMD_OG\weapons\v_kbkg60\kbkg60_mag_default.smd
SMD MODEL ..\..\..\MCV_SMD_OG\weapons\v_kbkg60\kbkg60_mag_20.smd
SMD MODEL ..\..\..\MCV_SMD_OG\weapons\v_kbkg60\kbkg60_mag_grenade.smd
SMD MODEL ..\..\..\MCV_SMD_OG\weapons\v_kbkg60\v_kbkg60_anims\runIdle_a_corrective_animation.smd
SMD MODEL ..\..\..\MCV_SMD_OG\weapons\v_kbkg60\v_kbkg60_anims\run_a_corrective_animation.smd
SMD MODEL ..\..\..\MCV_SMD_OG\weapons\v_kbkg60\v_kbkg60_anims\walkIdle_a_corrective_animation.smd
SMD MODEL ..\..\..\MCV_SMD_OG\weapons\v_kbkg60\v_kbkg60_anims\walk_a_corrective_animation.smd
SMD MODEL ..\..\..\MCV_SMD_OG\weapons\v_kbkg60\v_kbkg60_anims\shoot1_a_corrective_animation.smd
SMD MODEL ..\..\..\MCV_SMD_OG\weapons\v_kbkg60\v_kbkg60_anims\shoot1_ironsight_a_corrective_animation.smd
SMD MODEL ..\..\..\MCV_SMD_OG\weapons\v_kbkg60\v_kbkg60_anims\shoot2_a_corrective_animation.smd
SMD MODEL ..\..\..\MCV_SMD_OG\weapons\v_kbkg60\v_kbkg60_anims\shoot2_ironsight_a_corrective_animation.smd
SMD MODEL ..\..\..\MCV_SMD_OG\weapons\v_kbkg60\v_kbkg60_anims\shoot3_a_corrective_animation.smd
SMD MODEL ..\..\..\MCV_SMD_OG\weapons\v_kbkg60\v_kbkg60_anims\shoot3_ironsight_a_corrective_animation.smd
SMD MODEL ..\..\..\MCV_SMD_OG\weapons\v_kbkg60\v_kbkg60_anims\gren_shoot1_a_corrective_animation.smd
SMD MODEL ..\..\..\MCV_SMD_OG\weapons\v_kbkg60\v_kbkg60_anims\gren_shoot1_ironsight_a_corrective_animation.smd
SMD MODEL ..\..\..\MCV_SMD_OG\weapons\v_kbkg60\v_kbkg60_anims\basePose_a.smd
SMD MODEL ..\..\..\MCV_SMD_OG\weapons\v_kbkg60\v_kbkg60_anims\ironsight.smd
SMD MODEL ..\..\..\MCV_SMD_OG\weapons\v_kbkg60\v_kbkg60_anims\ironsight_transition.smd
SMD MODEL ..\..\..\MCV_SMD_OG\weapons\v_kbkg60\v_kbkg60_anims\runIdle_a.smd
SMD MODEL ..\..\..\MCV_SMD_OG\weapons\v_kbkg60\v_kbkg60_anims\run_a.smd
SMD MODEL ..\..\..\MCV_SMD_OG\weapons\v_kbkg60\v_kbkg60_anims\walkIdle_a.smd
SMD MODEL ..\..\..\MCV_SMD_OG\weapons\v_kbkg60\v_kbkg60_anims\walk_a.smd
SMD MODEL ..\..\..\MCV_SMD_OG\weapons\v_kbkg60\v_kbkg60_anims\shoot1_a.smd
SMD MODEL ..\..\..\MCV_SMD_OG\weapons\v_kbkg60\v_kbkg60_anims\shoot1_ironsight_a.smd
SMD MODEL ..\..\..\MCV_SMD_OG\weapons\v_kbkg60\v_kbkg60_anims\shoot2_a.smd
SMD MODEL ..\..\..\MCV_SMD_OG\weapons\v_kbkg60\v_kbkg60_anims\shoot2_ironsight_a.smd
SMD MODEL ..\..\..\MCV_SMD_OG\weapons\v_kbkg60\v_kbkg60_anims\shoot3_a.smd
SMD MODEL ..\..\..\MCV_SMD_OG\weapons\v_kbkg60\v_kbkg60_anims\shoot3_ironsight_a.smd
SMD MODEL ..\..\..\MCV_SMD_OG\weapons\v_kbkg60\v_kbkg60_anims\nearwall_s_a.smd
SMD MODEL ..\..\..\MCV_SMD_OG\weapons\v_kbkg60\v_kbkg60_anims\nearwall_s_a_i.smd
SMD MODEL ..\..\..\MCV_SMD_OG\weapons\v_kbkg60\v_kbkg60_anims\nearwall_a.smd
SMD MODEL ..\..\..\MCV_SMD_OG\weapons\v_kbkg60\v_kbkg60_anims\nearwall_a_i.smd
SMD MODEL ..\..\..\MCV_SMD_OG\weapons\v_kbkg60\v_kbkg60_anims\nearwall_e_a.smd
SMD MODEL ..\..\..\MCV_SMD_OG\weapons\v_kbkg60\v_kbkg60_anims\nearwall_e_a_i.smd
SMD MODEL ..\..\..\MCV_SMD_OG\weapons\v_kbkg60\v_kbkg60_anims\proneF.smd
SMD MODEL ..\..\..\MCV_SMD_OG\weapons\v_kbkg60\v_kbkg60_anims\proneB.smd
SMD MODEL ..\..\..\MCV_SMD_OG\weapons\v_kbkg60\v_kbkg60_anims\proneL.smd
SMD MODEL ..\..\..\MCV_SMD_OG\weapons\v_kbkg60\v_kbkg60_anims\proneR.smd
SMD MODEL ..\..\..\MCV_SMD_OG\weapons\v_kbkg60\v_kbkg60_anims\pickup_s_a.smd
SMD MODEL ..\..\..\MCV_SMD_OG\weapons\v_kbkg60\v_kbkg60_anims\pickup_s_a_i.smd
SMD MODEL ..\..\..\MCV_SMD_OG\weapons\v_kbkg60\v_kbkg60_anims\pickup_a.smd
SMD MODEL ..\..\..\MCV_SMD_OG\weapons\v_kbkg60\v_kbkg60_anims\pickup_a_i.smd
SMD MODEL ..\..\..\MCV_SMD_OG\weapons\v_kbkg60\v_kbkg60_anims\pickup_e_a.smd
SMD MODEL ..\..\..\MCV_SMD_OG\weapons\v_kbkg60\v_kbkg60_anims\pickup_e_a_i.smd
SMD MODEL ..\..\..\MCV_SMD_OG\weapons\v_kbkg60\v_kbkg60_anims\bayonet_e_a.smd
SMD MODEL ..\..\..\MCV_SMD_OG\weapons\v_kbkg60\v_kbkg60_anims\bayonet_e_a_i.smd
SMD MODEL ..\..\..\MCV_SMD_OG\weapons\v_kbkg60\v_kbkg60_anims\bayonet_s_a.smd
SMD MODEL ..\..\..\MCV_SMD_OG\weapons\v_kbkg60\v_kbkg60_anims\bayonet_s_a_i.smd
SMD MODEL ..\..\..\MCV_SMD_OG\weapons\v_kbkg60\v_kbkg60_anims\change_firemode_idle.smd
SMD MODEL ..\..\..\MCV_SMD_OG\weapons\v_kbkg60\v_kbkg60_anims\change_firemode_iron.smd
SMD MODEL ..\..\..\MCV_SMD_OG\weapons\v_kbkg60\v_kbkg60_anims\bayonet_attack_a.smd
SMD MODEL ..\..\..\MCV_SMD_OG\weapons\v_kbkg60\v_kbkg60_anims\bayonet_attack_a_i.smd
SMD MODEL ..\..\..\MCV_SMD_OG\weapons\v_kbkg60\v_kbkg60_anims\Charge_s_a.smd
SMD MODEL ..\..\..\MCV_SMD_OG\weapons\v_kbkg60\v_kbkg60_anims\Charge_s_a_i.smd
SMD MODEL ..\..\..\MCV_SMD_OG\weapons\v_kbkg60\v_kbkg60_anims\Charge_l_a.smd
SMD MODEL ..\..\..\MCV_SMD_OG\weapons\v_kbkg60\v_kbkg60_anims\Charge_l_a_i.smd
SMD MODEL ..\..\..\MCV_SMD_OG\weapons\v_kbkg60\v_kbkg60_anims\Charge_e_a.smd
SMD MODEL ..\..\..\MCV_SMD_OG\weapons\v_kbkg60\v_kbkg60_anims\Charge_e_a_i.smd
SMD MODEL ..\..\..\MCV_SMD_OG\weapons\v_kbkg60\v_kbkg60_anims\grenade_ironsight.smd
SMD MODEL ..\..\..\MCV_SMD_OG\weapons\v_kbkg60\v_kbkg60_anims\gren_shoot1_a.smd
SMD MODEL ..\..\..\MCV_SMD_OG\weapons\v_kbkg60\v_kbkg60_anims\gren_shoot1_ironsight_a.smd
SMD MODEL ..\..\..\MCV_SMD_OG\weapons\v_kbkg60\v_kbkg60_anims\gren_reload_a.smd
SMD MODEL ..\..\..\MCV_SMD_OG\weapons\v_kbkg60\v_kbkg60_anims\gren_reload_a_i.smd
SMD MODEL ..\..\..\MCV_SMD_OG\weapons\v_kbkg60\v_kbkg60_anims\draw.smd
SMD MODEL ..\..\..\MCV_SMD_OG\weapons\v_kbkg60\v_kbkg60_anims\draw_2.smd
SMD MODEL ..\..\..\MCV_SMD_OG\weapons\v_kbkg60\v_kbkg60_anims\Firstdraw.smd
SMD MODEL ..\..\..\MCV_SMD_OG\weapons\v_kbkg60\v_kbkg60_anims\Firstdraw_2.smd
SMD MODEL ..\..\..\MCV_SMD_OG\weapons\v_kbkg60\v_kbkg60_anims\reload.smd
SMD MODEL ..\..\..\MCV_SMD_OG\weapons\v_kbkg60\v_kbkg60_anims\reload_2.smd
SMD MODEL ..\..\..\MCV_SMD_OG\weapons\v_kbkg60\v_kbkg60_anims\reload_empty.smd
SMD MODEL ..\..\..\MCV_SMD_OG\weapons\v_kbkg60\v_kbkg60_anims\reload_empty_2.smd
SMD MODEL ..\..\..\MCV_SMD_OG\weapons\v_kbkg60\v_kbkg60_anims\bash.smd
SMD MODEL ..\..\..\MCV_SMD_OG\weapons\v_kbkg60\v_kbkg60_anims\bash_2.smd
SMD MODEL ..\..\..\MCV_SMD_OG\weapons\v_kbkg60\v_kbkg60_anims\holster.smd
SMD MODEL ..\..\..\MCV_SMD_OG\weapons\v_kbkg60\v_kbkg60_anims\grenade_draw.smd
SMD MODEL ..\..\..\MCV_SMD_OG\weapons\v_kbkg60\v_kbkg60_anims\grenade_draw_2.smd
SMD MODEL ..\..\..\MCV_SMD_OG\weapons\v_kbkg60\v_kbkg60_anims\Grenade_draw_empty.smd
SMD MODEL ..\..\..\MCV_SMD_OG\weapons\v_kbkg60\v_kbkg60_anims\Grenade_draw_empty_2.smd
Processing LOD for material: kbkg60
Processing LOD for material: shells_small
Processing LOD for material: kbkg60details
Processing LOD for material: ak47_bayonet_d
Processing LOD for material: kbkg60details
Processing LOD for material: rifle_glmounts_vc
Processing LOD for material: rifle_grenades_vc
Processing LOD for material: akm_mag
Processing LOD for material: akm_mag
Processing LOD for material: akm_mag
Processing LOD for material: akm_mag2
---------------------
writing C:\Program Files (x86)\Steam\steamapps\common\GarrysMod\garrysmod\addons\mcv\work\compile_test_game\models/weapons/mcv/v_kbkg60.mdl:
Loading preexisting model: C:\Program Files (x86)\Steam\steamapps\common\GarrysMod\garrysmod\addons\mcv\work\compile_test_game\models/weapons/mcv/v_kbkg60.mdl
WARNING: LoadPreexistingSequenceOrder: Zero-size file or no sequences.
bones        22628 bytes (98)
animations  304312 bytes (79 anims) (2435 frames) [1:21]
sequences    13772 bytes (37 seq) 
ik/pose       1620 bytes
eyeballs         0 bytes (0 eyeballs)
flexes           0 bytes (0 flexes)
eyeballs         0 bytes (0 eyeballs)
flexes           0 bytes (0 flexes)
eyeballs         0 bytes (0 eyeballs)
flexes           0 bytes (0 flexes)
eyeballs         0 bytes (0 eyeballs)
flexes           0 bytes (0 flexes)
eyeballs         0 bytes (0 eyeballs)
flexes           0 bytes (0 flexes)
eyeballs         0 bytes (0 eyeballs)
flexes           0 bytes (0 flexes)
eyeballs         0 bytes (0 eyeballs)
flexes           0 bytes (0 flexes)
eyeballs         0 bytes (0 eyeballs)
flexes           0 bytes (0 flexes)
eyeballs         0 bytes (0 eyeballs)
flexes           0 bytes (0 flexes)
eyeballs         0 bytes (0 eyeballs)
flexes           0 bytes (0 flexes)
textures       548 bytes
keyvalues       20 bytes
bone transforms    13392 bytes
bone flex driver       0 bytes
collision        0 bytes
total       361880
---------------------
writing C:\Program Files (x86)\Steam\steamapps\common\GarrysMod\garrysmod\addons\mcv\work\compile_test_game\models/weapons/mcv/v_kbkg60.vvd:
vertices    952512 bytes (19844 vertices)
vertices    101376 bytes (2112 vertices)
vertices    201552 bytes (4199 vertices)
vertices    108096 bytes (2252 vertices)
vertices    168768 bytes (3516 vertices)
vertices    161088 bytes (3356 vertices)
vertices    128592 bytes (2679 vertices)
tangents    317504 bytes (19844 vertices)
tangents     33792 bytes (2112 vertices)
tangents     67184 bytes (4199 vertices)
tangents     36032 bytes (2252 vertices)
tangents     56256 bytes (3516 vertices)
tangents     53696 bytes (3356 vertices)
tangents     42864 bytes (2679 vertices)
total      2429376 bytes
---------------------
Generating optimized mesh "C:\Program Files (x86)\Steam\steamapps\common\GarrysMod\garrysmod\addons\mcv\work\compile_test_game\models/weapons/mcv/v_kbkg60.dx80.vtx":
body parts:        40 bytes
models:           200 bytes
model LODs:       120 bytes
meshes:            99 bytes
strip groups:     275 bytes
strips:           297 bytes
verts:         341622 bytes
indices:       278400 bytes
bone changes:     120 bytes
everything:    621089 bytes
---------------------
Generating optimized mesh "C:\Program Files (x86)\Steam\steamapps\common\GarrysMod\garrysmod\addons\mcv\work\compile_test_game\models/weapons/mcv/v_kbkg60.dx90.vtx":
body parts:        40 bytes
models:           200 bytes
model LODs:       120 bytes
meshes:            99 bytes
strip groups:     275 bytes
strips:           297 bytes
verts:         341622 bytes
indices:       278400 bytes
bone changes:     120 bytes
everything:    621089 bytes

Completed "v_kbkg60.qc"
