StudioMDL.exe (Apr 27 2026) - Garry's Mod Edition
WARNING: Failed to load keyvalues file cfg/mount.cfg!
qdir:    "c:\program files (x86)\steam\steamapps\common\garrysmod\garrysmod\addons\mcv\work\mcv_smd_port\weapons\v_l1a1_sog\"
gamedir: "C:\Program Files (x86)\Steam\steamapps\common\GarrysMod\garrysmod\addons\mcv\work\compile_test_game\"
g_path:  "C:\Program Files (x86)\Steam\steamapps\common\GarrysMod\garrysmod\addons\mcv\work\MCV_SMD_PORT\weapons\v_l1a1_sog\v_l1a1_sog.qc"
Building binary model files...
Working on "v_l1a1_sog.qc"
SMD MODEL ..\..\..\MCV_SMD_OG\weapons\v_l1a1_sog\l1a1_sog.smd
SMD MODEL ..\..\..\MCV_SMD_OG\weapons\v_l1a1_sog\l1a1_sog_v_bayonet.smd
SMD MODEL fixed_anims\runIdle_a_corrective_animation.smd
SMD MODEL fixed_anims\run_a_corrective_animation.smd
SMD MODEL fixed_anims\walkIdle_a_corrective_animation.smd
SMD MODEL fixed_anims\walk_a_corrective_animation.smd
SMD MODEL fixed_anims\shoot1_a_corrective_animation.smd
SMD MODEL fixed_anims\shoot1_ironsight_a_corrective_animation.smd
SMD MODEL fixed_anims\shoot2_a_corrective_animation.smd
SMD MODEL fixed_anims\shoot2_ironsight_a_corrective_animation.smd
SMD MODEL fixed_anims\shoot3_a_corrective_animation.smd
SMD MODEL fixed_anims\shoot3_ironsight_a_corrective_animation.smd
SMD MODEL ..\..\..\MCV_SMD_OG\weapons\v_l1a1_sog\v_l1a1_sog_anims\basePose_a.smd
SMD MODEL ..\..\..\MCV_SMD_OG\weapons\v_l1a1_sog\v_l1a1_sog_anims\ironsight.smd
SMD MODEL ..\..\..\MCV_SMD_OG\weapons\v_l1a1_sog\v_l1a1_sog_anims\ironsight_transition.smd
SMD MODEL ..\..\..\MCV_SMD_OG\weapons\v_l1a1_sog\v_l1a1_sog_anims\runIdle_a.smd
SMD MODEL ..\..\..\MCV_SMD_OG\weapons\v_l1a1_sog\v_l1a1_sog_anims\run_a.smd
SMD MODEL ..\..\..\MCV_SMD_OG\weapons\v_l1a1_sog\v_l1a1_sog_anims\walkIdle_a.smd
SMD MODEL ..\..\..\MCV_SMD_OG\weapons\v_l1a1_sog\v_l1a1_sog_anims\walk_a.smd
SMD MODEL ..\..\..\MCV_SMD_OG\weapons\v_l1a1_sog\v_l1a1_sog_anims\shoot1_a.smd
SMD MODEL ..\..\..\MCV_SMD_OG\weapons\v_l1a1_sog\v_l1a1_sog_anims\shoot1_ironsight_a.smd
SMD MODEL ..\..\..\MCV_SMD_OG\weapons\v_l1a1_sog\v_l1a1_sog_anims\shoot2_a.smd
SMD MODEL ..\..\..\MCV_SMD_OG\weapons\v_l1a1_sog\v_l1a1_sog_anims\shoot2_ironsight_a.smd
SMD MODEL ..\..\..\MCV_SMD_OG\weapons\v_l1a1_sog\v_l1a1_sog_anims\shoot3_a.smd
SMD MODEL ..\..\..\MCV_SMD_OG\weapons\v_l1a1_sog\v_l1a1_sog_anims\shoot3_ironsight_a.smd
SMD MODEL ..\..\..\MCV_SMD_OG\weapons\v_l1a1_sog\v_l1a1_sog_anims\nearwall_s_a.smd
SMD MODEL ..\..\..\MCV_SMD_OG\weapons\v_l1a1_sog\v_l1a1_sog_anims\nearwall_s_a_i.smd
SMD MODEL ..\..\..\MCV_SMD_OG\weapons\v_l1a1_sog\v_l1a1_sog_anims\nearwall_a.smd
SMD MODEL ..\..\..\MCV_SMD_OG\weapons\v_l1a1_sog\v_l1a1_sog_anims\nearwall_a_i.smd
SMD MODEL ..\..\..\MCV_SMD_OG\weapons\v_l1a1_sog\v_l1a1_sog_anims\nearwall_e_a.smd
SMD MODEL ..\..\..\MCV_SMD_OG\weapons\v_l1a1_sog\v_l1a1_sog_anims\nearwall_e_a_i.smd
SMD MODEL ..\..\..\MCV_SMD_OG\weapons\v_l1a1_sog\v_l1a1_sog_anims\proneF.smd
SMD MODEL ..\..\..\MCV_SMD_OG\weapons\v_l1a1_sog\v_l1a1_sog_anims\proneB.smd
SMD MODEL ..\..\..\MCV_SMD_OG\weapons\v_l1a1_sog\v_l1a1_sog_anims\proneL.smd
SMD MODEL ..\..\..\MCV_SMD_OG\weapons\v_l1a1_sog\v_l1a1_sog_anims\proneR.smd
SMD MODEL ..\..\..\MCV_SMD_OG\weapons\v_l1a1_sog\v_l1a1_sog_anims\pickup_s_a.smd
SMD MODEL ..\..\..\MCV_SMD_OG\weapons\v_l1a1_sog\v_l1a1_sog_anims\pickup_s_a_i.smd
SMD MODEL ..\..\..\MCV_SMD_OG\weapons\v_l1a1_sog\v_l1a1_sog_anims\pickup_a.smd
SMD MODEL ..\..\..\MCV_SMD_OG\weapons\v_l1a1_sog\v_l1a1_sog_anims\pickup_a_i.smd
SMD MODEL ..\..\..\MCV_SMD_OG\weapons\v_l1a1_sog\v_l1a1_sog_anims\pickup_e_a.smd
SMD MODEL ..\..\..\MCV_SMD_OG\weapons\v_l1a1_sog\v_l1a1_sog_anims\pickup_e_a_i.smd
SMD MODEL ..\..\..\MCV_SMD_OG\weapons\v_l1a1_sog\v_l1a1_sog_anims\change_firemode_idle.smd
SMD MODEL ..\..\..\MCV_SMD_OG\weapons\v_l1a1_sog\v_l1a1_sog_anims\change_firemode_iron.smd
SMD MODEL ..\..\..\MCV_SMD_OG\weapons\v_l1a1_sog\v_l1a1_sog_anims\bayonet_attack_a.smd
SMD MODEL ..\..\..\MCV_SMD_OG\weapons\v_l1a1_sog\v_l1a1_sog_anims\bayonet_attack_a_i.smd
SMD MODEL ..\..\..\MCV_SMD_OG\weapons\v_l1a1_sog\v_l1a1_sog_anims\bayonet_e_a.smd
SMD MODEL ..\..\..\MCV_SMD_OG\weapons\v_l1a1_sog\v_l1a1_sog_anims\bayonet_e_a_i.smd
SMD MODEL ..\..\..\MCV_SMD_OG\weapons\v_l1a1_sog\v_l1a1_sog_anims\bayonet_s_a.smd
SMD MODEL ..\..\..\MCV_SMD_OG\weapons\v_l1a1_sog\v_l1a1_sog_anims\bayonet_s_a_i.smd
SMD MODEL ..\..\..\MCV_SMD_OG\weapons\v_l1a1_sog\v_l1a1_sog_anims\draw.smd
SMD MODEL ..\..\..\MCV_SMD_OG\weapons\v_l1a1_sog\v_l1a1_sog_anims\draw_2.smd
SMD MODEL ..\..\..\MCV_SMD_OG\weapons\v_l1a1_sog\v_l1a1_sog_anims\Firstdraw.smd
SMD MODEL ..\..\..\MCV_SMD_OG\weapons\v_l1a1_sog\v_l1a1_sog_anims\Firstdraw_2.smd
SMD MODEL ..\..\..\MCV_SMD_OG\weapons\v_l1a1_sog\v_l1a1_sog_anims\reload.smd
SMD MODEL ..\..\..\MCV_SMD_OG\weapons\v_l1a1_sog\v_l1a1_sog_anims\reload_2.smd
SMD MODEL ..\..\..\MCV_SMD_OG\weapons\v_l1a1_sog\v_l1a1_sog_anims\reload_empty.smd
SMD MODEL ..\..\..\MCV_SMD_OG\weapons\v_l1a1_sog\v_l1a1_sog_anims\reload_empty_2.smd
SMD MODEL ..\..\..\MCV_SMD_OG\weapons\v_l1a1_sog\v_l1a1_sog_anims\bash.smd
SMD MODEL ..\..\..\MCV_SMD_OG\weapons\v_l1a1_sog\v_l1a1_sog_anims\bash_2.smd
SMD MODEL ..\..\..\MCV_SMD_OG\weapons\v_l1a1_sog\v_l1a1_sog_anims\holster.smd
Processing LOD for material: shells_small
Processing LOD for material: barrels
Processing LOD for material: l1a1
Processing LOD for material: l2a1
Processing LOD for material: l2a1_details
Processing LOD for material: m7_d
---------------------
writing C:\Program Files (x86)\Steam\steamapps\common\GarrysMod\garrysmod\addons\mcv\work\compile_test_game\models/weapons/mcv/v_l1a1_sog.mdl:
Loading preexisting model: C:\Program Files (x86)\Steam\steamapps\common\GarrysMod\garrysmod\addons\mcv\work\compile_test_game\models/weapons/mcv/v_l1a1_sog.mdl
WARNING: LoadPreexistingSequenceOrder: Zero-size file or no sequences.
bones        22560 bytes (98)
animations  240176 bytes (61 anims) (2015 frames) [1:07]
sequences    10848 bytes (28 seq) 
ik/pose        536 bytes
eyeballs         0 bytes (0 eyeballs)
flexes           0 bytes (0 flexes)
eyeballs         0 bytes (0 eyeballs)
flexes           0 bytes (0 flexes)
eyeballs         0 bytes (0 eyeballs)
flexes           0 bytes (0 flexes)
textures       408 bytes
keyvalues       20 bytes
bone transforms    13392 bytes
bone flex driver       0 bytes
collision        0 bytes
total       292224
---------------------
writing C:\Program Files (x86)\Steam\steamapps\common\GarrysMod\garrysmod\addons\mcv\work\compile_test_game\models/weapons/mcv/v_l1a1_sog.vvd:
vertices   1216752 bytes (25349 vertices)
vertices     98160 bytes (2045 vertices)
tangents    405584 bytes (25349 vertices)
tangents     32720 bytes (2045 vertices)
total      1753280 bytes
---------------------
Generating optimized mesh "C:\Program Files (x86)\Steam\steamapps\common\GarrysMod\garrysmod\addons\mcv\work\compile_test_game\models/weapons/mcv/v_l1a1_sog.dx80.vtx":
body parts:        16 bytes
models:            60 bytes
model LODs:        36 bytes
meshes:            54 bytes
strip groups:     150 bytes
strips:           162 bytes
verts:         246546 bytes
indices:       224280 bytes
bone changes:      88 bytes
everything:    471392 bytes
---------------------
Generating optimized mesh "C:\Program Files (x86)\Steam\steamapps\common\GarrysMod\garrysmod\addons\mcv\work\compile_test_game\models/weapons/mcv/v_l1a1_sog.dx90.vtx":
body parts:        16 bytes
models:            60 bytes
model LODs:        36 bytes
meshes:            54 bytes
strip groups:     150 bytes
strips:           162 bytes
verts:         246546 bytes
indices:       224280 bytes
bone changes:      88 bytes
everything:    471392 bytes

Completed "v_l1a1_sog.qc"
