StudioMDL.exe (Apr 27 2026) - Garry's Mod Edition
WARNING: Failed to load keyvalues file cfg/mount.cfg!
qdir:    "c:\program files (x86)\steam\steamapps\common\garrysmod\garrysmod\addons\mcv\work\mcv_smd_port\weapons\v_l2a1\"
gamedir: "C:\Program Files (x86)\Steam\steamapps\common\GarrysMod\garrysmod\addons\mcv\work\compile_test_game\"
g_path:  "C:\Program Files (x86)\Steam\steamapps\common\GarrysMod\garrysmod\addons\mcv\work\MCV_SMD_PORT\weapons\v_l2a1\v_l2a1.qc"
Building binary model files...
Working on "v_l2a1.qc"
SMD MODEL ..\..\..\MCV_SMD_OG\weapons\v_l2a1\l2a1_ref.smd
SMD MODEL ..\..\..\MCV_SMD_OG\weapons\v_l2a1\v_l2a1_anims\runIdle_a_corrective_animation.smd
SMD MODEL ..\..\..\MCV_SMD_OG\weapons\v_l2a1\v_l2a1_anims\run_a_corrective_animation.smd
SMD MODEL ..\..\..\MCV_SMD_OG\weapons\v_l2a1\v_l2a1_anims\walkIdle_a_corrective_animation.smd
SMD MODEL ..\..\..\MCV_SMD_OG\weapons\v_l2a1\v_l2a1_anims\walk_a_corrective_animation.smd
SMD MODEL ..\..\..\MCV_SMD_OG\weapons\v_l2a1\v_l2a1_anims\shoot1_a_corrective_animation.smd
SMD MODEL ..\..\..\MCV_SMD_OG\weapons\v_l2a1\v_l2a1_anims\shoot1_ironsight_a_corrective_animation.smd
SMD MODEL ..\..\..\MCV_SMD_OG\weapons\v_l2a1\v_l2a1_anims\shoot2_a_corrective_animation.smd
SMD MODEL ..\..\..\MCV_SMD_OG\weapons\v_l2a1\v_l2a1_anims\shoot2_ironsight_a_corrective_animation.smd
SMD MODEL ..\..\..\MCV_SMD_OG\weapons\v_l2a1\v_l2a1_anims\shoot3_a_corrective_animation.smd
SMD MODEL ..\..\..\MCV_SMD_OG\weapons\v_l2a1\v_l2a1_anims\shoot3_ironsight_a_corrective_animation.smd
SMD MODEL ..\..\..\MCV_SMD_OG\weapons\v_l2a1\v_l2a1_anims\shoot1d_a_corrective_animation.smd
SMD MODEL ..\..\..\MCV_SMD_OG\weapons\v_l2a1\v_l2a1_anims\shoot1d_ironsight_a_corrective_animation.smd
SMD MODEL ..\..\..\MCV_SMD_OG\weapons\v_l2a1\v_l2a1_anims\shoot2d_a_corrective_animation.smd
SMD MODEL ..\..\..\MCV_SMD_OG\weapons\v_l2a1\v_l2a1_anims\shoot2d_ironsight_a_corrective_animation.smd
SMD MODEL ..\..\..\MCV_SMD_OG\weapons\v_l2a1\v_l2a1_anims\shoot3d_a_corrective_animation.smd
SMD MODEL ..\..\..\MCV_SMD_OG\weapons\v_l2a1\v_l2a1_anims\shoot3d_ironsight_a_corrective_animation.smd
SMD MODEL ..\..\..\MCV_SMD_OG\weapons\v_l2a1\v_l2a1_anims\basePose_a.smd
SMD MODEL ..\..\..\MCV_SMD_OG\weapons\v_l2a1\v_l2a1_anims\ironsight.smd
SMD MODEL ..\..\..\MCV_SMD_OG\weapons\v_l2a1\v_l2a1_anims\ironsight_transition.smd
SMD MODEL ..\..\..\MCV_SMD_OG\weapons\v_l2a1\v_l2a1_anims\runIdle_a.smd
SMD MODEL ..\..\..\MCV_SMD_OG\weapons\v_l2a1\v_l2a1_anims\run_a.smd
SMD MODEL ..\..\..\MCV_SMD_OG\weapons\v_l2a1\v_l2a1_anims\walkIdle_a.smd
SMD MODEL ..\..\..\MCV_SMD_OG\weapons\v_l2a1\v_l2a1_anims\walk_a.smd
SMD MODEL ..\..\..\MCV_SMD_OG\weapons\v_l2a1\v_l2a1_anims\shoot1_a.smd
SMD MODEL ..\..\..\MCV_SMD_OG\weapons\v_l2a1\v_l2a1_anims\shoot1_ironsight_a.smd
SMD MODEL ..\..\..\MCV_SMD_OG\weapons\v_l2a1\v_l2a1_anims\shoot2_a.smd
SMD MODEL ..\..\..\MCV_SMD_OG\weapons\v_l2a1\v_l2a1_anims\shoot2_ironsight_a.smd
SMD MODEL ..\..\..\MCV_SMD_OG\weapons\v_l2a1\v_l2a1_anims\shoot3_a.smd
SMD MODEL ..\..\..\MCV_SMD_OG\weapons\v_l2a1\v_l2a1_anims\shoot3_ironsight_a.smd
SMD MODEL ..\..\..\MCV_SMD_OG\weapons\v_l2a1\v_l2a1_anims\nearwall_s_a.smd
SMD MODEL ..\..\..\MCV_SMD_OG\weapons\v_l2a1\v_l2a1_anims\nearwall_s_a_i.smd
SMD MODEL ..\..\..\MCV_SMD_OG\weapons\v_l2a1\v_l2a1_anims\nearwall_a.smd
SMD MODEL ..\..\..\MCV_SMD_OG\weapons\v_l2a1\v_l2a1_anims\nearwall_a_i.smd
SMD MODEL ..\..\..\MCV_SMD_OG\weapons\v_l2a1\v_l2a1_anims\nearwall_e_a.smd
SMD MODEL ..\..\..\MCV_SMD_OG\weapons\v_l2a1\v_l2a1_anims\nearwall_e_a_i.smd
SMD MODEL ..\..\..\MCV_SMD_OG\weapons\v_l2a1\v_l2a1_anims\prone_deployF.smd
SMD MODEL ..\..\..\MCV_SMD_OG\weapons\v_l2a1\v_l2a1_anims\prone_deployB.smd
SMD MODEL fixed_anims\prone_deployL.smd
SMD MODEL ..\..\..\MCV_SMD_OG\weapons\v_l2a1\v_l2a1_anims\prone_deployR.smd
SMD MODEL ..\..\..\MCV_SMD_OG\weapons\v_l2a1\v_l2a1_anims\proneF.smd
SMD MODEL ..\..\..\MCV_SMD_OG\weapons\v_l2a1\v_l2a1_anims\proneB.smd
SMD MODEL ..\..\..\MCV_SMD_OG\weapons\v_l2a1\v_l2a1_anims\proneL.smd
SMD MODEL ..\..\..\MCV_SMD_OG\weapons\v_l2a1\v_l2a1_anims\proneR.smd
SMD MODEL ..\..\..\MCV_SMD_OG\weapons\v_l2a1\v_l2a1_anims\pickup_s_a.smd
SMD MODEL ..\..\..\MCV_SMD_OG\weapons\v_l2a1\v_l2a1_anims\pickup_s_a_i.smd
SMD MODEL ..\..\..\MCV_SMD_OG\weapons\v_l2a1\v_l2a1_anims\pickup_a.smd
SMD MODEL ..\..\..\MCV_SMD_OG\weapons\v_l2a1\v_l2a1_anims\pickup_a_i.smd
SMD MODEL ..\..\..\MCV_SMD_OG\weapons\v_l2a1\v_l2a1_anims\pickup_e_a.smd
SMD MODEL ..\..\..\MCV_SMD_OG\weapons\v_l2a1\v_l2a1_anims\pickup_e_a_i.smd
SMD MODEL ..\..\..\MCV_SMD_OG\weapons\v_l2a1\v_l2a1_anims\deploy_s_a.smd
SMD MODEL ..\..\..\MCV_SMD_OG\weapons\v_l2a1\v_l2a1_anims\deploy_s_a_i.smd
SMD MODEL ..\..\..\MCV_SMD_OG\weapons\v_l2a1\v_l2a1_anims\deploy_a.smd
SMD MODEL ..\..\..\MCV_SMD_OG\weapons\v_l2a1\v_l2a1_anims\ironsightdeploy.smd
SMD MODEL ..\..\..\MCV_SMD_OG\weapons\v_l2a1\v_l2a1_anims\deploy_e_a.smd
SMD MODEL ..\..\..\MCV_SMD_OG\weapons\v_l2a1\v_l2a1_anims\deploy_e_a_i.smd
SMD MODEL ..\..\..\MCV_SMD_OG\weapons\v_l2a1\v_l2a1_anims\shoot1d_a.smd
SMD MODEL ..\..\..\MCV_SMD_OG\weapons\v_l2a1\v_l2a1_anims\shoot1d_ironsight_a.smd
SMD MODEL ..\..\..\MCV_SMD_OG\weapons\v_l2a1\v_l2a1_anims\shoot2d_a.smd
SMD MODEL ..\..\..\MCV_SMD_OG\weapons\v_l2a1\v_l2a1_anims\shoot2d_ironsight_a.smd
SMD MODEL ..\..\..\MCV_SMD_OG\weapons\v_l2a1\v_l2a1_anims\shoot3d_a.smd
SMD MODEL ..\..\..\MCV_SMD_OG\weapons\v_l2a1\v_l2a1_anims\shoot3d_ironsight_a.smd
SMD MODEL ..\..\..\MCV_SMD_OG\weapons\v_l2a1\v_l2a1_anims\change_firemode_idle.smd
SMD MODEL ..\..\..\MCV_SMD_OG\weapons\v_l2a1\v_l2a1_anims\change_firemode_iron.smd
SMD MODEL ..\..\..\MCV_SMD_OG\weapons\v_l2a1\v_l2a1_anims\change_firemode_idle_d.smd
SMD MODEL ..\..\..\MCV_SMD_OG\weapons\v_l2a1\v_l2a1_anims\change_firemode_iron_d.smd
SMD MODEL ..\..\..\MCV_SMD_OG\weapons\v_l2a1\v_l2a1_anims\draw.smd
SMD MODEL ..\..\..\MCV_SMD_OG\weapons\v_l2a1\v_l2a1_anims\draw_2.smd
SMD MODEL ..\..\..\MCV_SMD_OG\weapons\v_l2a1\v_l2a1_anims\Firstdraw.smd
SMD MODEL ..\..\..\MCV_SMD_OG\weapons\v_l2a1\v_l2a1_anims\Firstdraw_2.smd
SMD MODEL ..\..\..\MCV_SMD_OG\weapons\v_l2a1\v_l2a1_anims\reload.smd
SMD MODEL ..\..\..\MCV_SMD_OG\weapons\v_l2a1\v_l2a1_anims\reload_2.smd
SMD MODEL ..\..\..\MCV_SMD_OG\weapons\v_l2a1\v_l2a1_anims\reload_empty.smd
SMD MODEL ..\..\..\MCV_SMD_OG\weapons\v_l2a1\v_l2a1_anims\reload_empty_2.smd
SMD MODEL ..\..\..\MCV_SMD_OG\weapons\v_l2a1\v_l2a1_anims\bash.smd
SMD MODEL ..\..\..\MCV_SMD_OG\weapons\v_l2a1\v_l2a1_anims\bash_2.smd
SMD MODEL ..\..\..\MCV_SMD_OG\weapons\v_l2a1\v_l2a1_anims\reload_deploy.smd
SMD MODEL ..\..\..\MCV_SMD_OG\weapons\v_l2a1\v_l2a1_anims\reload_deploy_2.smd
SMD MODEL ..\..\..\MCV_SMD_OG\weapons\v_l2a1\v_l2a1_anims\reload_deploy_empty.smd
SMD MODEL ..\..\..\MCV_SMD_OG\weapons\v_l2a1\v_l2a1_anims\reload_deploy_empty_2.smd
SMD MODEL ..\..\..\MCV_SMD_OG\weapons\v_l2a1\v_l2a1_anims\holster.smd
Processing LOD for material: l2a1
Processing LOD for material: barrels
Processing LOD for material: shells_small
Processing LOD for material: l2a1_details
---------------------
writing C:\Program Files (x86)\Steam\steamapps\common\GarrysMod\garrysmod\addons\mcv\work\compile_test_game\models/weapons/mcv/v_l2a1.mdl:
Loading preexisting model: C:\Program Files (x86)\Steam\steamapps\common\GarrysMod\garrysmod\addons\mcv\work\compile_test_game\models/weapons/mcv/v_l2a1.mdl
WARNING: LoadPreexistingSequenceOrder: Zero-size file or no sequences.
bones        22844 bytes (99)
animations  299748 bytes (85 anims) (2803 frames) [1:31]
sequences    13724 bytes (37 seq) 
ik/pose        224 bytes
eyeballs         0 bytes (0 eyeballs)
flexes           0 bytes (0 flexes)
textures       272 bytes
keyvalues       20 bytes
bone transforms    13528 bytes
bone flex driver       0 bytes
collision        0 bytes
total       355060
---------------------
writing C:\Program Files (x86)\Steam\steamapps\common\GarrysMod\garrysmod\addons\mcv\work\compile_test_game\models/weapons/mcv/v_l2a1.vvd:
vertices   1519392 bytes (31654 vertices)
tangents    506464 bytes (31654 vertices)
total      2025920 bytes
---------------------
Generating optimized mesh "C:\Program Files (x86)\Steam\steamapps\common\GarrysMod\garrysmod\addons\mcv\work\compile_test_game\models/weapons/mcv/v_l2a1.dx80.vtx":
body parts:         8 bytes
models:            20 bytes
model LODs:        12 bytes
meshes:            36 bytes
strip groups:     100 bytes
strips:           108 bytes
verts:         284886 bytes
indices:       255660 bytes
bone changes:     104 bytes
everything:    540958 bytes
---------------------
Generating optimized mesh "C:\Program Files (x86)\Steam\steamapps\common\GarrysMod\garrysmod\addons\mcv\work\compile_test_game\models/weapons/mcv/v_l2a1.dx90.vtx":
body parts:         8 bytes
models:            20 bytes
model LODs:        12 bytes
meshes:            36 bytes
strip groups:     100 bytes
strips:           108 bytes
verts:         284886 bytes
indices:       255660 bytes
bone changes:     104 bytes
everything:    540958 bytes

Completed "v_l2a1.qc"
