StudioMDL.exe (Apr 27 2026) - Garry's Mod Edition
WARNING: Failed to load keyvalues file cfg/mount.cfg!
qdir:    "c:\program files (x86)\steam\steamapps\common\garrysmod\garrysmod\addons\mcv\work\mcv_smd_port\weapons\v_lacoste\"
gamedir: "C:\Program Files (x86)\Steam\steamapps\common\GarrysMod\garrysmod\addons\mcv\work\compile_test_game\"
g_path:  "C:\Program Files (x86)\Steam\steamapps\common\GarrysMod\garrysmod\addons\mcv\work\MCV_SMD_PORT\weapons\v_lacoste\v_lacoste.qc"
Building binary model files...
Working on "v_lacoste.qc"
SMD MODEL ..\..\..\MCV_SMD_OG\weapons\v_lacoste\Ref_new.smd
SMD MODEL ..\..\..\MCV_SMD_OG\weapons\v_lacoste\v_lacoste_anims\Default_corrective_animation.smd
SMD MODEL ..\..\..\MCV_SMD_OG\weapons\v_lacoste\v_lacoste_anims\Slideback_corrective_animation.smd
SMD MODEL ..\..\..\MCV_SMD_OG\weapons\v_lacoste\v_lacoste_anims\runIdle_a_corrective_animation.smd
SMD MODEL ..\..\..\MCV_SMD_OG\weapons\v_lacoste\v_lacoste_anims\run_a_corrective_animation.smd
SMD MODEL ..\..\..\MCV_SMD_OG\weapons\v_lacoste\v_lacoste_anims\walkIdle_a_corrective_animation.smd
SMD MODEL ..\..\..\MCV_SMD_OG\weapons\v_lacoste\v_lacoste_anims\walk_a_corrective_animation.smd
SMD MODEL ..\..\..\MCV_SMD_OG\weapons\v_lacoste\v_lacoste_anims\ShootStill_corrective_animation.smd
SMD MODEL ..\..\..\MCV_SMD_OG\weapons\v_lacoste\v_lacoste_anims\ShootMove_corrective_animation.smd
SMD MODEL ..\..\..\MCV_SMD_OG\weapons\v_lacoste\v_lacoste_anims\shoot1_a_corrective_animation.smd
SMD MODEL ..\..\..\MCV_SMD_OG\weapons\v_lacoste\v_lacoste_anims\shoot1_ironsight_a_corrective_animation.smd
SMD MODEL ..\..\..\MCV_SMD_OG\weapons\v_lacoste\v_lacoste_anims\shoot2_a_corrective_animation.smd
SMD MODEL ..\..\..\MCV_SMD_OG\weapons\v_lacoste\v_lacoste_anims\shoot2_ironsight_a_corrective_animation.smd
SMD MODEL ..\..\..\MCV_SMD_OG\weapons\v_lacoste\v_lacoste_anims\shoot3_a_corrective_animation.smd
SMD MODEL ..\..\..\MCV_SMD_OG\weapons\v_lacoste\v_lacoste_anims\shoot3_ironsight_a_corrective_animation.smd
SMD MODEL ..\..\..\MCV_SMD_OG\weapons\v_lacoste\v_lacoste_anims\PoseDelta.smd
SMD MODEL ..\..\..\MCV_SMD_OG\weapons\v_lacoste\v_lacoste_anims\PoseDelta2.smd
SMD MODEL ..\..\..\MCV_SMD_OG\weapons\v_lacoste\v_lacoste_anims\Default.smd
SMD MODEL ..\..\..\MCV_SMD_OG\weapons\v_lacoste\v_lacoste_anims\Slideback.smd
SMD MODEL ..\..\..\MCV_SMD_OG\weapons\v_lacoste\v_lacoste_anims\ShootMove.smd
SMD MODEL ..\..\..\MCV_SMD_OG\weapons\v_lacoste\v_lacoste_anims\ShootStill.smd
SMD MODEL ..\..\..\MCV_SMD_OG\weapons\v_lacoste\v_lacoste_anims\basePose_a.smd
SMD MODEL ..\..\..\MCV_SMD_OG\weapons\v_lacoste\v_lacoste_anims\ironsight.smd
SMD MODEL ..\..\..\MCV_SMD_OG\weapons\v_lacoste\v_lacoste_anims\ironsight_transition.smd
SMD MODEL ..\..\..\MCV_SMD_OG\weapons\v_lacoste\v_lacoste_anims\walkDelta.smd
SMD MODEL ..\..\..\MCV_SMD_OG\weapons\v_lacoste\v_lacoste_anims\runIdle_a.smd
SMD MODEL ..\..\..\MCV_SMD_OG\weapons\v_lacoste\v_lacoste_anims\run_a.smd
SMD MODEL ..\..\..\MCV_SMD_OG\weapons\v_lacoste\v_lacoste_anims\walkIdle_a.smd
SMD MODEL fixed_anims\walk_a.smd
SMD MODEL ..\..\..\MCV_SMD_OG\weapons\v_lacoste\v_lacoste_anims\shoot1_a.smd
SMD MODEL ..\..\..\MCV_SMD_OG\weapons\v_lacoste\v_lacoste_anims\shoot1_ironsight_a.smd
SMD MODEL ..\..\..\MCV_SMD_OG\weapons\v_lacoste\v_lacoste_anims\shoot2_a.smd
SMD MODEL ..\..\..\MCV_SMD_OG\weapons\v_lacoste\v_lacoste_anims\shoot2_ironsight_a.smd
SMD MODEL ..\..\..\MCV_SMD_OG\weapons\v_lacoste\v_lacoste_anims\shoot3_a.smd
SMD MODEL ..\..\..\MCV_SMD_OG\weapons\v_lacoste\v_lacoste_anims\shoot3_ironsight_a.smd
SMD MODEL ..\..\..\MCV_SMD_OG\weapons\v_lacoste\v_lacoste_anims\nearwall_s_a.smd
SMD MODEL ..\..\..\MCV_SMD_OG\weapons\v_lacoste\v_lacoste_anims\nearwall_s_a_i.smd
SMD MODEL ..\..\..\MCV_SMD_OG\weapons\v_lacoste\v_lacoste_anims\nearwall_a.smd
SMD MODEL ..\..\..\MCV_SMD_OG\weapons\v_lacoste\v_lacoste_anims\nearwall_a_i.smd
SMD MODEL ..\..\..\MCV_SMD_OG\weapons\v_lacoste\v_lacoste_anims\nearwall_e_a.smd
SMD MODEL ..\..\..\MCV_SMD_OG\weapons\v_lacoste\v_lacoste_anims\nearwall_e_a_i.smd
SMD MODEL ..\..\..\MCV_SMD_OG\weapons\v_lacoste\v_lacoste_anims\proneF.smd
SMD MODEL ..\..\..\MCV_SMD_OG\weapons\v_lacoste\v_lacoste_anims\proneB.smd
SMD MODEL ..\..\..\MCV_SMD_OG\weapons\v_lacoste\v_lacoste_anims\proneL.smd
SMD MODEL ..\..\..\MCV_SMD_OG\weapons\v_lacoste\v_lacoste_anims\proneR.smd
SMD MODEL ..\..\..\MCV_SMD_OG\weapons\v_lacoste\v_lacoste_anims\pickup_s_a.smd
SMD MODEL ..\..\..\MCV_SMD_OG\weapons\v_lacoste\v_lacoste_anims\pickup_s_a_i.smd
SMD MODEL ..\..\..\MCV_SMD_OG\weapons\v_lacoste\v_lacoste_anims\pickup_a.smd
SMD MODEL ..\..\..\MCV_SMD_OG\weapons\v_lacoste\v_lacoste_anims\pickup_a_i.smd
SMD MODEL ..\..\..\MCV_SMD_OG\weapons\v_lacoste\v_lacoste_anims\pickup_e_a.smd
SMD MODEL ..\..\..\MCV_SMD_OG\weapons\v_lacoste\v_lacoste_anims\pickup_e_a_i.smd
SMD MODEL ..\..\..\MCV_SMD_OG\weapons\v_lacoste\v_lacoste_anims\draw.smd
SMD MODEL ..\..\..\MCV_SMD_OG\weapons\v_lacoste\v_lacoste_anims\draw_2.smd
SMD MODEL ..\..\..\MCV_SMD_OG\weapons\v_lacoste\v_lacoste_anims\Firstdraw.smd
SMD MODEL ..\..\..\MCV_SMD_OG\weapons\v_lacoste\v_lacoste_anims\Firstdraw_2.smd
SMD MODEL ..\..\..\MCV_SMD_OG\weapons\v_lacoste\v_lacoste_anims\reload.smd
SMD MODEL ..\..\..\MCV_SMD_OG\weapons\v_lacoste\v_lacoste_anims\reload_2.smd
SMD MODEL ..\..\..\MCV_SMD_OG\weapons\v_lacoste\v_lacoste_anims\reload_empty.smd
SMD MODEL ..\..\..\MCV_SMD_OG\weapons\v_lacoste\v_lacoste_anims\reload_empty_2.smd
SMD MODEL ..\..\..\MCV_SMD_OG\weapons\v_lacoste\v_lacoste_anims\bash.smd
SMD MODEL ..\..\..\MCV_SMD_OG\weapons\v_lacoste\v_lacoste_anims\bash_2.smd
SMD MODEL ..\..\..\MCV_SMD_OG\weapons\v_lacoste\v_lacoste_anims\holster.smd
Processing LOD for material: lacoste
Processing LOD for material: shells_small
---------------------
writing C:\Program Files (x86)\Steam\steamapps\common\GarrysMod\garrysmod\addons\mcv\work\compile_test_game\models/weapons/mcv/v_lacoste.mdl:
Loading preexisting model: C:\Program Files (x86)\Steam\steamapps\common\GarrysMod\garrysmod\addons\mcv\work\compile_test_game\models/weapons/mcv/v_lacoste.mdl
WARNING: LoadPreexistingSequenceOrder: Zero-size file or no sequences.
bones        22056 bytes (96)
animations  166420 bytes (64 anims) (1686 frames) [0:56]
sequences     9476 bytes (25 seq) 
ik/pose        264 bytes
eyeballs         0 bytes (0 eyeballs)
flexes           0 bytes (0 flexes)
textures       144 bytes
keyvalues       20 bytes
bone transforms    13120 bytes
bone flex driver       0 bytes
collision        0 bytes
total       215216
---------------------
writing C:\Program Files (x86)\Steam\steamapps\common\GarrysMod\garrysmod\addons\mcv\work\compile_test_game\models/weapons/mcv/v_lacoste.vvd:
vertices    985056 bytes (20522 vertices)
tangents    328352 bytes (20522 vertices)
total      1313472 bytes
---------------------
Generating optimized mesh "C:\Program Files (x86)\Steam\steamapps\common\GarrysMod\garrysmod\addons\mcv\work\compile_test_game\models/weapons/mcv/v_lacoste.dx80.vtx":
body parts:         8 bytes
models:            20 bytes
model LODs:        12 bytes
meshes:            18 bytes
strip groups:      50 bytes
strips:            54 bytes
verts:         184698 bytes
indices:       181392 bytes
bone changes:      56 bytes
everything:    366332 bytes
---------------------
Generating optimized mesh "C:\Program Files (x86)\Steam\steamapps\common\GarrysMod\garrysmod\addons\mcv\work\compile_test_game\models/weapons/mcv/v_lacoste.dx90.vtx":
body parts:         8 bytes
models:            20 bytes
model LODs:        12 bytes
meshes:            18 bytes
strip groups:      50 bytes
strips:            54 bytes
verts:         184698 bytes
indices:       181392 bytes
bone changes:      56 bytes
everything:    366332 bytes

Completed "v_lacoste.qc"
