StudioMDL.exe (Apr 27 2026) - Garry's Mod Edition
WARNING: Failed to load keyvalues file cfg/mount.cfg!
qdir:    "c:\program files (x86)\steam\steamapps\common\garrysmod\garrysmod\addons\mcv\work\mcv_smd_port\weapons\v_lebel\"
gamedir: "C:\Program Files (x86)\Steam\steamapps\common\GarrysMod\garrysmod\addons\mcv\work\compile_test_game\"
g_path:  "C:\Program Files (x86)\Steam\steamapps\common\GarrysMod\garrysmod\addons\mcv\work\MCV_SMD_PORT\weapons\v_lebel\v_lebel.qc"
Building binary model files...
Working on "v_lebel.qc"
SMD MODEL ..\..\..\MCV_SMD_OG\weapons\v_lebel\lebel_new.smd
SMD MODEL ..\..\..\MCV_SMD_OG\weapons\v_lebel\8mm_lebel_ammo.smd
SMD MODEL ..\..\..\MCV_SMD_OG\weapons\v_lebel\v_lebel_anims\Bullet0_corrective_animation.smd
SMD MODEL ..\..\..\MCV_SMD_OG\weapons\v_lebel\v_lebel_anims\Bullet1_corrective_animation.smd
SMD MODEL ..\..\..\MCV_SMD_OG\weapons\v_lebel\v_lebel_anims\Bullet2_corrective_animation.smd
SMD MODEL ..\..\..\MCV_SMD_OG\weapons\v_lebel\v_lebel_anims\Bullet3_corrective_animation.smd
SMD MODEL ..\..\..\MCV_SMD_OG\weapons\v_lebel\v_lebel_anims\Bullet4_corrective_animation.smd
SMD MODEL ..\..\..\MCV_SMD_OG\weapons\v_lebel\v_lebel_anims\Bullet5_corrective_animation.smd
SMD MODEL ..\..\..\MCV_SMD_OG\weapons\v_lebel\v_lebel_anims\Default_corrective_animation.smd
SMD MODEL ..\..\..\MCV_SMD_OG\weapons\v_lebel\v_lebel_anims\runIdle_a_corrective_animation.smd
SMD MODEL ..\..\..\MCV_SMD_OG\weapons\v_lebel\v_lebel_anims\run_a_corrective_animation.smd
SMD MODEL ..\..\..\MCV_SMD_OG\weapons\v_lebel\v_lebel_anims\walkIdle_a_corrective_animation.smd
SMD MODEL ..\..\..\MCV_SMD_OG\weapons\v_lebel\v_lebel_anims\walk_a_corrective_animation.smd
SMD MODEL ..\..\..\MCV_SMD_OG\weapons\v_lebel\v_lebel_anims\shoot_a_corrective_animation.smd
SMD MODEL ..\..\..\MCV_SMD_OG\weapons\v_lebel\v_lebel_anims\shoot_ironsight_a_corrective_animation.smd
SMD MODEL ..\..\..\MCV_SMD_OG\weapons\v_lebel\v_lebel_anims\shoot_w_a_corrective_animation.smd
SMD MODEL ..\..\..\MCV_SMD_OG\weapons\v_lebel\v_lebel_anims\shoot_w_ironsight_a_corrective_animation.smd
SMD MODEL ..\..\..\MCV_SMD_OG\weapons\v_lebel\v_lebel_anims\shoot_p_a_corrective_animation.smd
SMD MODEL ..\..\..\MCV_SMD_OG\weapons\v_lebel\v_lebel_anims\shoot_p_ironsight_a_corrective_animation.smd
SMD MODEL ..\..\..\MCV_SMD_OG\weapons\v_lebel\v_lebel_anims\shoot1_a_corrective_animation.smd
SMD MODEL ..\..\..\MCV_SMD_OG\weapons\v_lebel\v_lebel_anims\shoot1_ironsight_a_corrective_animation.smd
SMD MODEL ..\..\..\MCV_SMD_OG\weapons\v_lebel\v_lebel_anims\PoseDelta.smd
SMD MODEL ..\..\..\MCV_SMD_OG\weapons\v_lebel\v_lebel_anims\Default.smd
SMD MODEL ..\..\..\MCV_SMD_OG\weapons\v_lebel\v_lebel_anims\Bullet5.smd
SMD MODEL ..\..\..\MCV_SMD_OG\weapons\v_lebel\v_lebel_anims\Bullet4.smd
SMD MODEL ..\..\..\MCV_SMD_OG\weapons\v_lebel\v_lebel_anims\Bullet3.smd
SMD MODEL ..\..\..\MCV_SMD_OG\weapons\v_lebel\v_lebel_anims\Bullet2.smd
SMD MODEL ..\..\..\MCV_SMD_OG\weapons\v_lebel\v_lebel_anims\Bullet1.smd
SMD MODEL ..\..\..\MCV_SMD_OG\weapons\v_lebel\v_lebel_anims\Bullet0.smd
SMD MODEL ..\..\..\MCV_SMD_OG\weapons\v_lebel\v_lebel_anims\basePose_a.smd
SMD MODEL ..\..\..\MCV_SMD_OG\weapons\v_lebel\v_lebel_anims\ironsight.smd
SMD MODEL ..\..\..\MCV_SMD_OG\weapons\v_lebel\v_lebel_anims\ironsight_transition.smd
SMD MODEL ..\..\..\MCV_SMD_OG\weapons\v_lebel\v_lebel_anims\walkDelta.smd
SMD MODEL ..\..\..\MCV_SMD_OG\weapons\v_lebel\v_lebel_anims\runIdle_a.smd
SMD MODEL ..\..\..\MCV_SMD_OG\weapons\v_lebel\v_lebel_anims\run_a.smd
SMD MODEL ..\..\..\MCV_SMD_OG\weapons\v_lebel\v_lebel_anims\walkIdle_a.smd
SMD MODEL fixed_anims\walk_a.smd
SMD MODEL ..\..\..\MCV_SMD_OG\weapons\v_lebel\v_lebel_anims\idle_delayed_a.smd
SMD MODEL ..\..\..\MCV_SMD_OG\weapons\v_lebel\v_lebel_anims\ironsight_delayed.smd
SMD MODEL ..\..\..\MCV_SMD_OG\weapons\v_lebel\v_lebel_anims\ironsight_transition_delayed.smd
SMD MODEL ..\..\..\MCV_SMD_OG\weapons\v_lebel\v_lebel_anims\idle_western_a.smd
SMD MODEL ..\..\..\MCV_SMD_OG\weapons\v_lebel\v_lebel_anims\ironsight_western.smd
SMD MODEL ..\..\..\MCV_SMD_OG\weapons\v_lebel\v_lebel_anims\ironsight_transition_western.smd
SMD MODEL ..\..\..\MCV_SMD_OG\weapons\v_lebel\v_lebel_anims\shoot_a.smd
SMD MODEL ..\..\..\MCV_SMD_OG\weapons\v_lebel\v_lebel_anims\shoot_ironsight_a.smd
SMD MODEL ..\..\..\MCV_SMD_OG\weapons\v_lebel\v_lebel_anims\shoot_w_a.smd
SMD MODEL ..\..\..\MCV_SMD_OG\weapons\v_lebel\v_lebel_anims\shoot_w_ironsight_a.smd
SMD MODEL ..\..\..\MCV_SMD_OG\weapons\v_lebel\v_lebel_anims\shoot_p_a.smd
SMD MODEL ..\..\..\MCV_SMD_OG\weapons\v_lebel\v_lebel_anims\shoot_p_ironsight_a.smd
SMD MODEL ..\..\..\MCV_SMD_OG\weapons\v_lebel\v_lebel_anims\shoot1_a.smd
SMD MODEL ..\..\..\MCV_SMD_OG\weapons\v_lebel\v_lebel_anims\shoot1_ironsight_a.smd
SMD MODEL ..\..\..\MCV_SMD_OG\weapons\v_lebel\v_lebel_anims\d_nearwall_s_a.smd
SMD MODEL ..\..\..\MCV_SMD_OG\weapons\v_lebel\v_lebel_anims\nearwall_s_a.smd
SMD MODEL ..\..\..\MCV_SMD_OG\weapons\v_lebel\v_lebel_anims\w_nearwall_s_a.smd
SMD MODEL ..\..\..\MCV_SMD_OG\weapons\v_lebel\v_lebel_anims\d_nearwall_s_a_i.smd
SMD MODEL ..\..\..\MCV_SMD_OG\weapons\v_lebel\v_lebel_anims\nearwall_s_a_i.smd
SMD MODEL ..\..\..\MCV_SMD_OG\weapons\v_lebel\v_lebel_anims\w_nearwall_s_a_i.smd
SMD MODEL ..\..\..\MCV_SMD_OG\weapons\v_lebel\v_lebel_anims\d_nearwall_a.smd
SMD MODEL ..\..\..\MCV_SMD_OG\weapons\v_lebel\v_lebel_anims\nearwall_a.smd
SMD MODEL ..\..\..\MCV_SMD_OG\weapons\v_lebel\v_lebel_anims\w_nearwall_a.smd
SMD MODEL ..\..\..\MCV_SMD_OG\weapons\v_lebel\v_lebel_anims\d_nearwall_a_i.smd
SMD MODEL ..\..\..\MCV_SMD_OG\weapons\v_lebel\v_lebel_anims\nearwall_a_i.smd
SMD MODEL ..\..\..\MCV_SMD_OG\weapons\v_lebel\v_lebel_anims\w_nearwall_a_i.smd
SMD MODEL ..\..\..\MCV_SMD_OG\weapons\v_lebel\v_lebel_anims\d_nearwall_e_a.smd
SMD MODEL ..\..\..\MCV_SMD_OG\weapons\v_lebel\v_lebel_anims\nearwall_e_a.smd
SMD MODEL ..\..\..\MCV_SMD_OG\weapons\v_lebel\v_lebel_anims\w_nearwall_e_a.smd
SMD MODEL ..\..\..\MCV_SMD_OG\weapons\v_lebel\v_lebel_anims\d_nearwall_e_a_i.smd
SMD MODEL ..\..\..\MCV_SMD_OG\weapons\v_lebel\v_lebel_anims\nearwall_e_a_i.smd
SMD MODEL ..\..\..\MCV_SMD_OG\weapons\v_lebel\v_lebel_anims\w_nearwall_e_a_i.smd
SMD MODEL ..\..\..\MCV_SMD_OG\weapons\v_lebel\v_lebel_anims\d_proneF.smd
SMD MODEL ..\..\..\MCV_SMD_OG\weapons\v_lebel\v_lebel_anims\d_proneB.smd
SMD MODEL ..\..\..\MCV_SMD_OG\weapons\v_lebel\v_lebel_anims\d_proneL.smd
SMD MODEL ..\..\..\MCV_SMD_OG\weapons\v_lebel\v_lebel_anims\d_proneR.smd
SMD MODEL ..\..\..\MCV_SMD_OG\weapons\v_lebel\v_lebel_anims\proneF.smd
SMD MODEL ..\..\..\MCV_SMD_OG\weapons\v_lebel\v_lebel_anims\proneB.smd
SMD MODEL ..\..\..\MCV_SMD_OG\weapons\v_lebel\v_lebel_anims\proneL.smd
SMD MODEL ..\..\..\MCV_SMD_OG\weapons\v_lebel\v_lebel_anims\proneR.smd
SMD MODEL ..\..\..\MCV_SMD_OG\weapons\v_lebel\v_lebel_anims\w_proneF.smd
SMD MODEL ..\..\..\MCV_SMD_OG\weapons\v_lebel\v_lebel_anims\w_proneB.smd
SMD MODEL ..\..\..\MCV_SMD_OG\weapons\v_lebel\v_lebel_anims\w_proneL.smd
SMD MODEL ..\..\..\MCV_SMD_OG\weapons\v_lebel\v_lebel_anims\w_proneR.smd
SMD MODEL ..\..\..\MCV_SMD_OG\weapons\v_lebel\v_lebel_anims\d_pickup_s_a.smd
SMD MODEL ..\..\..\MCV_SMD_OG\weapons\v_lebel\v_lebel_anims\pickup_s_a.smd
SMD MODEL ..\..\..\MCV_SMD_OG\weapons\v_lebel\v_lebel_anims\w_pickup_s_a.smd
SMD MODEL ..\..\..\MCV_SMD_OG\weapons\v_lebel\v_lebel_anims\d_pickup_s_a_i.smd
SMD MODEL ..\..\..\MCV_SMD_OG\weapons\v_lebel\v_lebel_anims\pickup_s_a_i.smd
SMD MODEL ..\..\..\MCV_SMD_OG\weapons\v_lebel\v_lebel_anims\w_pickup_s_a_i.smd
SMD MODEL ..\..\..\MCV_SMD_OG\weapons\v_lebel\v_lebel_anims\d_pickup_a.smd
SMD MODEL ..\..\..\MCV_SMD_OG\weapons\v_lebel\v_lebel_anims\pickup_a.smd
SMD MODEL ..\..\..\MCV_SMD_OG\weapons\v_lebel\v_lebel_anims\w_pickup_a.smd
SMD MODEL ..\..\..\MCV_SMD_OG\weapons\v_lebel\v_lebel_anims\d_pickup_a_i.smd
SMD MODEL ..\..\..\MCV_SMD_OG\weapons\v_lebel\v_lebel_anims\pickup_a_i.smd
SMD MODEL ..\..\..\MCV_SMD_OG\weapons\v_lebel\v_lebel_anims\w_pickup_a_i.smd
SMD MODEL ..\..\..\MCV_SMD_OG\weapons\v_lebel\v_lebel_anims\d_pickup_e_a.smd
SMD MODEL ..\..\..\MCV_SMD_OG\weapons\v_lebel\v_lebel_anims\pickup_e_a.smd
SMD MODEL ..\..\..\MCV_SMD_OG\weapons\v_lebel\v_lebel_anims\w_pickup_e_a.smd
SMD MODEL ..\..\..\MCV_SMD_OG\weapons\v_lebel\v_lebel_anims\d_pickup_e_a_i.smd
SMD MODEL ..\..\..\MCV_SMD_OG\weapons\v_lebel\v_lebel_anims\pickup_e_a_i.smd
SMD MODEL ..\..\..\MCV_SMD_OG\weapons\v_lebel\v_lebel_anims\w_pickup_e_a_i.smd
SMD MODEL ..\..\..\MCV_SMD_OG\weapons\v_lebel\v_lebel_anims\change_firemode_towestern_a.smd
SMD MODEL ..\..\..\MCV_SMD_OG\weapons\v_lebel\v_lebel_anims\change_firemode_towestern_iron_a.smd
SMD MODEL ..\..\..\MCV_SMD_OG\weapons\v_lebel\v_lebel_anims\change_firemode_todelayed_a.smd
SMD MODEL ..\..\..\MCV_SMD_OG\weapons\v_lebel\v_lebel_anims\change_firemode_todelayed_iron_a.smd
SMD MODEL ..\..\..\MCV_SMD_OG\weapons\v_lebel\v_lebel_anims\change_firemode_tonormal_a.smd
SMD MODEL ..\..\..\MCV_SMD_OG\weapons\v_lebel\v_lebel_anims\change_firemode_tonormal_iron_a.smd
SMD MODEL ..\..\..\MCV_SMD_OG\weapons\v_lebel\v_lebel_anims\FirstDraw.smd
SMD MODEL ..\..\..\MCV_SMD_OG\weapons\v_lebel\v_lebel_anims\FirstDraw_2.smd
SMD MODEL ..\..\..\MCV_SMD_OG\weapons\v_lebel\v_lebel_anims\FirstDraw_3.smd
SMD MODEL ..\..\..\MCV_SMD_OG\weapons\v_lebel\v_lebel_anims\FirstDraw_4.smd
SMD MODEL ..\..\..\MCV_SMD_OG\weapons\v_lebel\v_lebel_anims\FirstDraw_5.smd
SMD MODEL ..\..\..\MCV_SMD_OG\weapons\v_lebel\v_lebel_anims\FirstDraw_6.smd
SMD MODEL ..\..\..\MCV_SMD_OG\weapons\v_lebel\v_lebel_anims\draw.smd
SMD MODEL ..\..\..\MCV_SMD_OG\weapons\v_lebel\v_lebel_anims\draw_2.smd
SMD MODEL ..\..\..\MCV_SMD_OG\weapons\v_lebel\v_lebel_anims\draw_3.smd
SMD MODEL ..\..\..\MCV_SMD_OG\weapons\v_lebel\v_lebel_anims\draw_4.smd
SMD MODEL ..\..\..\MCV_SMD_OG\weapons\v_lebel\v_lebel_anims\draw_5.smd
SMD MODEL ..\..\..\MCV_SMD_OG\weapons\v_lebel\v_lebel_anims\draw_6.smd
SMD MODEL ..\..\..\MCV_SMD_OG\weapons\v_lebel\v_lebel_anims\reload.smd
SMD MODEL ..\..\..\MCV_SMD_OG\weapons\v_lebel\v_lebel_anims\reload_2.smd
SMD MODEL ..\..\..\MCV_SMD_OG\weapons\v_lebel\v_lebel_anims\reload_3.smd
SMD MODEL ..\..\..\MCV_SMD_OG\weapons\v_lebel\v_lebel_anims\reload_4.smd
SMD MODEL ..\..\..\MCV_SMD_OG\weapons\v_lebel\v_lebel_anims\reload_5.smd
SMD MODEL ..\..\..\MCV_SMD_OG\weapons\v_lebel\v_lebel_anims\reload_6.smd
SMD MODEL ..\..\..\MCV_SMD_OG\weapons\v_lebel\v_lebel_anims\bash.smd
SMD MODEL ..\..\..\MCV_SMD_OG\weapons\v_lebel\v_lebel_anims\bash_2.smd
SMD MODEL ..\..\..\MCV_SMD_OG\weapons\v_lebel\v_lebel_anims\bash_3.smd
SMD MODEL ..\..\..\MCV_SMD_OG\weapons\v_lebel\v_lebel_anims\bash_4.smd
SMD MODEL ..\..\..\MCV_SMD_OG\weapons\v_lebel\v_lebel_anims\bash_5.smd
SMD MODEL ..\..\..\MCV_SMD_OG\weapons\v_lebel\v_lebel_anims\bash_6.smd
SMD MODEL ..\..\..\MCV_SMD_OG\weapons\v_lebel\v_lebel_anims\holster.smd
SMD MODEL ..\..\..\MCV_SMD_OG\weapons\v_lebel\v_lebel_anims\holster_2.smd
SMD MODEL ..\..\..\MCV_SMD_OG\weapons\v_lebel\v_lebel_anims\holster_3.smd
Processing LOD for material: v_lebel
Processing LOD for material: shells_small_additional
---------------------
writing C:\Program Files (x86)\Steam\steamapps\common\GarrysMod\garrysmod\addons\mcv\work\compile_test_game\models/weapons/mcv/v_lebel.mdl:
Loading preexisting model: C:\Program Files (x86)\Steam\steamapps\common\GarrysMod\garrysmod\addons\mcv\work\compile_test_game\models/weapons/mcv/v_lebel.mdl
WARNING: LoadPreexistingSequenceOrder: Zero-size file or no sequences.
bones        25096 bytes (110)
animations  545120 bytes (139 anims) (3993 frames) [2:11]
sequences    11876 bytes (28 seq) 
ik/pose        428 bytes
eyeballs         0 bytes (0 eyeballs)
flexes           0 bytes (0 flexes)
eyeballs         0 bytes (0 eyeballs)
flexes           0 bytes (0 flexes)
textures       140 bytes
keyvalues       20 bytes
bone transforms    15024 bytes
bone flex driver       0 bytes
collision        0 bytes
total       602924
---------------------
writing C:\Program Files (x86)\Steam\steamapps\common\GarrysMod\garrysmod\addons\mcv\work\compile_test_game\models/weapons/mcv/v_lebel.vvd:
vertices    381744 bytes (7953 vertices)
vertices     82368 bytes (1716 vertices)
tangents    127248 bytes (7953 vertices)
tangents     27456 bytes (1716 vertices)
total       618880 bytes
---------------------
Generating optimized mesh "C:\Program Files (x86)\Steam\steamapps\common\GarrysMod\garrysmod\addons\mcv\work\compile_test_game\models/weapons/mcv/v_lebel.dx80.vtx":
body parts:        16 bytes
models:            40 bytes
model LODs:        24 bytes
meshes:            18 bytes
strip groups:      50 bytes
strips:            54 bytes
verts:          87021 bytes
indices:        70164 bytes
bone changes:     160 bytes
everything:    157559 bytes
---------------------
Generating optimized mesh "C:\Program Files (x86)\Steam\steamapps\common\GarrysMod\garrysmod\addons\mcv\work\compile_test_game\models/weapons/mcv/v_lebel.dx90.vtx":
body parts:        16 bytes
models:            40 bytes
model LODs:        24 bytes
meshes:            18 bytes
strip groups:      50 bytes
strips:            54 bytes
verts:          87021 bytes
indices:        70164 bytes
bone changes:     160 bytes
everything:    157559 bytes

Completed "v_lebel.qc"
