StudioMDL.exe (Apr 27 2026) - Garry's Mod Edition
WARNING: Failed to load keyvalues file cfg/mount.cfg!
qdir:    "c:\program files (x86)\steam\steamapps\common\garrysmod\garrysmod\addons\mcv\work\mcv_smd_port\weapons\v_lpo50\"
gamedir: "C:\Program Files (x86)\Steam\steamapps\common\GarrysMod\garrysmod\addons\mcv\work\compile_test_game\"
g_path:  "C:\Program Files (x86)\Steam\steamapps\common\GarrysMod\garrysmod\addons\mcv\work\MCV_SMD_PORT\weapons\v_lpo50\v_lpo50.qc"
Building binary model files...
Working on "v_lpo50.qc"
SMD MODEL ..\..\..\MCV_SMD_OG\weapons\v_lpo50\Ref_new.smd
SMD MODEL ..\..\..\MCV_SMD_OG\weapons\v_lpo50\v_lpo50_anims\runIdle_a_corrective_animation.smd
SMD MODEL ..\..\..\MCV_SMD_OG\weapons\v_lpo50\v_lpo50_anims\run_a_corrective_animation.smd
SMD MODEL ..\..\..\MCV_SMD_OG\weapons\v_lpo50\v_lpo50_anims\walkIdle_a_corrective_animation.smd
SMD MODEL ..\..\..\MCV_SMD_OG\weapons\v_lpo50\v_lpo50_anims\walk_a_corrective_animation.smd
SMD MODEL ..\..\..\MCV_SMD_OG\weapons\v_lpo50\v_lpo50_anims\shootloop_a_corrective_animation.smd
SMD MODEL ..\..\..\MCV_SMD_OG\weapons\v_lpo50\v_lpo50_anims\shootloop_ironsight_a_corrective_animation.smd
SMD MODEL ..\..\..\MCV_SMD_OG\weapons\v_lpo50\v_lpo50_anims\shootend_a_corrective_animation.smd
SMD MODEL ..\..\..\MCV_SMD_OG\weapons\v_lpo50\v_lpo50_anims\shootend_ironsight_a_corrective_animation.smd
SMD MODEL ..\..\..\MCV_SMD_OG\weapons\v_lpo50\v_lpo50_anims\basePose_a.smd
SMD MODEL ..\..\..\MCV_SMD_OG\weapons\v_lpo50\v_lpo50_anims\ironsight.smd
SMD MODEL ..\..\..\MCV_SMD_OG\weapons\v_lpo50\v_lpo50_anims\ironsight_transition.smd
SMD MODEL ..\..\..\MCV_SMD_OG\weapons\v_lpo50\v_lpo50_anims\runIdle_a.smd
SMD MODEL ..\..\..\MCV_SMD_OG\weapons\v_lpo50\v_lpo50_anims\run_a.smd
SMD MODEL ..\..\..\MCV_SMD_OG\weapons\v_lpo50\v_lpo50_anims\walkIdle_a.smd
SMD MODEL ..\..\..\MCV_SMD_OG\weapons\v_lpo50\v_lpo50_anims\walk_a.smd
SMD MODEL ..\..\..\MCV_SMD_OG\weapons\v_lpo50\v_lpo50_anims\shootloop_a.smd
SMD MODEL ..\..\..\MCV_SMD_OG\weapons\v_lpo50\v_lpo50_anims\shootloop_ironsight_a.smd
SMD MODEL ..\..\..\MCV_SMD_OG\weapons\v_lpo50\v_lpo50_anims\shootend_a.smd
SMD MODEL ..\..\..\MCV_SMD_OG\weapons\v_lpo50\v_lpo50_anims\shootend_ironsight_a.smd
SMD MODEL ..\..\..\MCV_SMD_OG\weapons\v_lpo50\v_lpo50_anims\nearwall_s_a.smd
SMD MODEL ..\..\..\MCV_SMD_OG\weapons\v_lpo50\v_lpo50_anims\nearwall_s_a_i.smd
SMD MODEL ..\..\..\MCV_SMD_OG\weapons\v_lpo50\v_lpo50_anims\nearwall_a.smd
SMD MODEL ..\..\..\MCV_SMD_OG\weapons\v_lpo50\v_lpo50_anims\nearwall_a_i.smd
SMD MODEL ..\..\..\MCV_SMD_OG\weapons\v_lpo50\v_lpo50_anims\nearwall_e_a.smd
SMD MODEL ..\..\..\MCV_SMD_OG\weapons\v_lpo50\v_lpo50_anims\nearwall_e_a_i.smd
SMD MODEL ..\..\..\MCV_SMD_OG\weapons\v_lpo50\v_lpo50_anims\proneF.smd
SMD MODEL ..\..\..\MCV_SMD_OG\weapons\v_lpo50\v_lpo50_anims\proneB.smd
SMD MODEL ..\..\..\MCV_SMD_OG\weapons\v_lpo50\v_lpo50_anims\proneL.smd
SMD MODEL ..\..\..\MCV_SMD_OG\weapons\v_lpo50\v_lpo50_anims\proneR.smd
SMD MODEL ..\..\..\MCV_SMD_OG\weapons\v_lpo50\v_lpo50_anims\pickup_s_a.smd
SMD MODEL ..\..\..\MCV_SMD_OG\weapons\v_lpo50\v_lpo50_anims\pickup_s_a_i.smd
SMD MODEL ..\..\..\MCV_SMD_OG\weapons\v_lpo50\v_lpo50_anims\pickup_a.smd
SMD MODEL ..\..\..\MCV_SMD_OG\weapons\v_lpo50\v_lpo50_anims\pickup_a_i.smd
SMD MODEL ..\..\..\MCV_SMD_OG\weapons\v_lpo50\v_lpo50_anims\pickup_e_a.smd
SMD MODEL ..\..\..\MCV_SMD_OG\weapons\v_lpo50\v_lpo50_anims\pickup_e_a_i.smd
SMD MODEL ..\..\..\MCV_SMD_OG\weapons\v_lpo50\v_lpo50_anims\draw.smd
SMD MODEL ..\..\..\MCV_SMD_OG\weapons\v_lpo50\v_lpo50_anims\draw_2.smd
SMD MODEL ..\..\..\MCV_SMD_OG\weapons\v_lpo50\v_lpo50_anims\bash.smd
SMD MODEL ..\..\..\MCV_SMD_OG\weapons\v_lpo50\v_lpo50_anims\bash_2.smd
SMD MODEL ..\..\..\MCV_SMD_OG\weapons\v_lpo50\v_lpo50_anims\holster.smd
Processing LOD for material: lpo50
---------------------
writing C:\Program Files (x86)\Steam\steamapps\common\GarrysMod\garrysmod\addons\mcv\work\compile_test_game\models/weapons/mcv/v_lpo50.mdl:
Loading preexisting model: C:\Program Files (x86)\Steam\steamapps\common\GarrysMod\garrysmod\addons\mcv\work\compile_test_game\models/weapons/mcv/v_lpo50.mdl
WARNING: LoadPreexistingSequenceOrder: Zero-size file or no sequences.
bones        20960 bytes (92)
animations  105112 bytes (43 anims) (1117 frames) [0:36]
sequences     6176 bytes (18 seq) 
ik/pose        224 bytes
eyeballs         0 bytes (0 eyeballs)
flexes           0 bytes (0 flexes)
textures        72 bytes
keyvalues       20 bytes
bone transforms    12576 bytes
bone flex driver       0 bytes
collision        0 bytes
total       148180
---------------------
writing C:\Program Files (x86)\Steam\steamapps\common\GarrysMod\garrysmod\addons\mcv\work\compile_test_game\models/weapons/mcv/v_lpo50.vvd:
vertices    363792 bytes (7579 vertices)
tangents    121264 bytes (7579 vertices)
total       485120 bytes
---------------------
Generating optimized mesh "C:\Program Files (x86)\Steam\steamapps\common\GarrysMod\garrysmod\addons\mcv\work\compile_test_game\models/weapons/mcv/v_lpo50.dx80.vtx":
body parts:         8 bytes
models:            20 bytes
model LODs:        12 bytes
meshes:             9 bytes
strip groups:      25 bytes
strips:            27 bytes
verts:          68211 bytes
indices:        61536 bytes
bone changes:      24 bytes
everything:    129896 bytes
---------------------
Generating optimized mesh "C:\Program Files (x86)\Steam\steamapps\common\GarrysMod\garrysmod\addons\mcv\work\compile_test_game\models/weapons/mcv/v_lpo50.dx90.vtx":
body parts:         8 bytes
models:            20 bytes
model LODs:        12 bytes
meshes:             9 bytes
strip groups:      25 bytes
strips:            27 bytes
verts:          68211 bytes
indices:        61536 bytes
bone changes:      24 bytes
everything:    129896 bytes

Completed "v_lpo50.qc"
