StudioMDL.exe (Apr 27 2026) - Garry's Mod Edition
WARNING: Failed to load keyvalues file cfg/mount.cfg!
qdir:    "c:\program files (x86)\steam\steamapps\common\garrysmod\garrysmod\addons\mcv\work\mcv_smd_port\weapons\v_luger\"
gamedir: "C:\Program Files (x86)\Steam\steamapps\common\GarrysMod\garrysmod\addons\mcv\work\compile_test_game\"
g_path:  "C:\Program Files (x86)\Steam\steamapps\common\GarrysMod\garrysmod\addons\mcv\work\MCV_SMD_PORT\weapons\v_luger\v_luger.qc"
Building binary model files...
Working on "v_luger.qc"
SMD MODEL ..\..\..\MCV_SMD_OG\weapons\v_luger\Luger.smd
SMD MODEL ..\..\..\MCV_SMD_OG\weapons\v_luger\v_luger_anims\Default_corrective_animation.smd
SMD MODEL ..\..\..\MCV_SMD_OG\weapons\v_luger\v_luger_anims\Slideback_corrective_animation.smd
SMD MODEL ..\..\..\MCV_SMD_OG\weapons\v_luger\v_luger_anims\runIdle_a_corrective_animation.smd
SMD MODEL ..\..\..\MCV_SMD_OG\weapons\v_luger\v_luger_anims\run_a_corrective_animation.smd
SMD MODEL ..\..\..\MCV_SMD_OG\weapons\v_luger\v_luger_anims\walkIdle_a_corrective_animation.smd
SMD MODEL ..\..\..\MCV_SMD_OG\weapons\v_luger\v_luger_anims\walk_a_corrective_animation.smd
SMD MODEL ..\..\..\MCV_SMD_OG\weapons\v_luger\v_luger_anims\shoot1_a_corrective_animation.smd
SMD MODEL ..\..\..\MCV_SMD_OG\weapons\v_luger\v_luger_anims\shoot1_ironsight_a_corrective_animation.smd
SMD MODEL ..\..\..\MCV_SMD_OG\weapons\v_luger\v_luger_anims\shoot2_a_corrective_animation.smd
SMD MODEL ..\..\..\MCV_SMD_OG\weapons\v_luger\v_luger_anims\shoot2_ironsight_a_corrective_animation.smd
SMD MODEL ..\..\..\MCV_SMD_OG\weapons\v_luger\v_luger_anims\shoot3_a_corrective_animation.smd
SMD MODEL ..\..\..\MCV_SMD_OG\weapons\v_luger\v_luger_anims\shoot3_ironsight_a_corrective_animation.smd
SMD MODEL ..\..\..\MCV_SMD_OG\weapons\v_luger\v_luger_anims\shootlast_a_corrective_animation.smd
SMD MODEL ..\..\..\MCV_SMD_OG\weapons\v_luger\v_luger_anims\shootlast_ironsight_a_corrective_animation.smd
SMD MODEL ..\..\..\MCV_SMD_OG\weapons\v_luger\v_luger_anims\PoseDelta.smd
SMD MODEL ..\..\..\MCV_SMD_OG\weapons\v_luger\v_luger_anims\Default.smd
SMD MODEL ..\..\..\MCV_SMD_OG\weapons\v_luger\v_luger_anims\Slideback.smd
SMD MODEL ..\..\..\MCV_SMD_OG\weapons\v_luger\v_luger_anims\basePose_a.smd
SMD MODEL ..\..\..\MCV_SMD_OG\weapons\v_luger\v_luger_anims\ironsight.smd
SMD MODEL ..\..\..\MCV_SMD_OG\weapons\v_luger\v_luger_anims\ironsight_transition.smd
SMD MODEL ..\..\..\MCV_SMD_OG\weapons\v_luger\v_luger_anims\idle_a.smd
SMD MODEL ..\..\..\MCV_SMD_OG\weapons\v_luger\v_luger_anims\runIdle_a.smd
SMD MODEL fixed_anims\run_a.smd
SMD MODEL ..\..\..\MCV_SMD_OG\weapons\v_luger\v_luger_anims\walkIdle_a.smd
SMD MODEL fixed_anims\walk_a.smd
SMD MODEL ..\..\..\MCV_SMD_OG\weapons\v_luger\v_luger_anims\shoot1_a.smd
SMD MODEL ..\..\..\MCV_SMD_OG\weapons\v_luger\v_luger_anims\shoot1_ironsight_a.smd
SMD MODEL ..\..\..\MCV_SMD_OG\weapons\v_luger\v_luger_anims\shoot2_a.smd
SMD MODEL ..\..\..\MCV_SMD_OG\weapons\v_luger\v_luger_anims\shoot2_ironsight_a.smd
SMD MODEL ..\..\..\MCV_SMD_OG\weapons\v_luger\v_luger_anims\shoot3_a.smd
SMD MODEL ..\..\..\MCV_SMD_OG\weapons\v_luger\v_luger_anims\shoot3_ironsight_a.smd
SMD MODEL ..\..\..\MCV_SMD_OG\weapons\v_luger\v_luger_anims\shootlast_a.smd
SMD MODEL ..\..\..\MCV_SMD_OG\weapons\v_luger\v_luger_anims\shootlast_ironsight_a.smd
SMD MODEL ..\..\..\MCV_SMD_OG\weapons\v_luger\v_luger_anims\nearwall_s_a.smd
SMD MODEL ..\..\..\MCV_SMD_OG\weapons\v_luger\v_luger_anims\nearwall_s_a_i.smd
SMD MODEL ..\..\..\MCV_SMD_OG\weapons\v_luger\v_luger_anims\nearwall_a.smd
SMD MODEL ..\..\..\MCV_SMD_OG\weapons\v_luger\v_luger_anims\nearwall_a_i.smd
SMD MODEL ..\..\..\MCV_SMD_OG\weapons\v_luger\v_luger_anims\nearwall_e_a.smd
SMD MODEL ..\..\..\MCV_SMD_OG\weapons\v_luger\v_luger_anims\nearwall_e_a_i.smd
SMD MODEL ..\..\..\MCV_SMD_OG\weapons\v_luger\v_luger_anims\proneF.smd
SMD MODEL ..\..\..\MCV_SMD_OG\weapons\v_luger\v_luger_anims\proneB.smd
SMD MODEL ..\..\..\MCV_SMD_OG\weapons\v_luger\v_luger_anims\proneL.smd
SMD MODEL ..\..\..\MCV_SMD_OG\weapons\v_luger\v_luger_anims\proneR.smd
SMD MODEL ..\..\..\MCV_SMD_OG\weapons\v_luger\v_luger_anims\pickup_s_a.smd
SMD MODEL ..\..\..\MCV_SMD_OG\weapons\v_luger\v_luger_anims\pickup_s_a_i.smd
SMD MODEL ..\..\..\MCV_SMD_OG\weapons\v_luger\v_luger_anims\pickup_a.smd
SMD MODEL ..\..\..\MCV_SMD_OG\weapons\v_luger\v_luger_anims\pickup_a_i.smd
SMD MODEL ..\..\..\MCV_SMD_OG\weapons\v_luger\v_luger_anims\pickup_e_a.smd
SMD MODEL ..\..\..\MCV_SMD_OG\weapons\v_luger\v_luger_anims\pickup_e_a_i.smd
SMD MODEL ..\..\..\MCV_SMD_OG\weapons\v_luger\v_luger_anims\draw.smd
SMD MODEL ..\..\..\MCV_SMD_OG\weapons\v_luger\v_luger_anims\draw_2.smd
SMD MODEL ..\..\..\MCV_SMD_OG\weapons\v_luger\v_luger_anims\Firstdraw.smd
SMD MODEL ..\..\..\MCV_SMD_OG\weapons\v_luger\v_luger_anims\Firstdraw_2.smd
SMD MODEL ..\..\..\MCV_SMD_OG\weapons\v_luger\v_luger_anims\reload.smd
SMD MODEL ..\..\..\MCV_SMD_OG\weapons\v_luger\v_luger_anims\reload_2.smd
SMD MODEL ..\..\..\MCV_SMD_OG\weapons\v_luger\v_luger_anims\reload_empty.smd
SMD MODEL ..\..\..\MCV_SMD_OG\weapons\v_luger\v_luger_anims\reload_empty_2.smd
SMD MODEL ..\..\..\MCV_SMD_OG\weapons\v_luger\v_luger_anims\bash.smd
SMD MODEL ..\..\..\MCV_SMD_OG\weapons\v_luger\v_luger_anims\bash_2.smd
SMD MODEL ..\..\..\MCV_SMD_OG\weapons\v_luger\v_luger_anims\holster.smd
Processing LOD for material: shells_small
Processing LOD for material: v_luger
---------------------
writing C:\Program Files (x86)\Steam\steamapps\common\GarrysMod\garrysmod\addons\mcv\work\compile_test_game\models/weapons/mcv/v_luger.mdl:
Loading preexisting model: C:\Program Files (x86)\Steam\steamapps\common\GarrysMod\garrysmod\addons\mcv\work\compile_test_game\models/weapons/mcv/v_luger.mdl
WARNING: LoadPreexistingSequenceOrder: Zero-size file or no sequences.
bones        22276 bytes (97)
animations  179456 bytes (63 anims) (1597 frames) [0:53]
sequences     9868 bytes (26 seq) 
ik/pose        244 bytes
eyeballs         0 bytes (0 eyeballs)
flexes           0 bytes (0 flexes)
textures       140 bytes
keyvalues       20 bytes
bone transforms    13256 bytes
bone flex driver       0 bytes
collision        0 bytes
total       228964
---------------------
writing C:\Program Files (x86)\Steam\steamapps\common\GarrysMod\garrysmod\addons\mcv\work\compile_test_game\models/weapons/mcv/v_luger.vvd:
vertices    316944 bytes (6603 vertices)
tangents    105648 bytes (6603 vertices)
total       422656 bytes
---------------------
Generating optimized mesh "C:\Program Files (x86)\Steam\steamapps\common\GarrysMod\garrysmod\addons\mcv\work\compile_test_game\models/weapons/mcv/v_luger.dx80.vtx":
body parts:         8 bytes
models:            20 bytes
model LODs:        12 bytes
meshes:            18 bytes
strip groups:      50 bytes
strips:            54 bytes
verts:          59427 bytes
indices:        43962 bytes
bone changes:      72 bytes
everything:    103647 bytes
---------------------
Generating optimized mesh "C:\Program Files (x86)\Steam\steamapps\common\GarrysMod\garrysmod\addons\mcv\work\compile_test_game\models/weapons/mcv/v_luger.dx90.vtx":
body parts:         8 bytes
models:            20 bytes
model LODs:        12 bytes
meshes:            18 bytes
strip groups:      50 bytes
strips:            54 bytes
verts:          59427 bytes
indices:        43962 bytes
bone changes:      72 bytes
everything:    103647 bytes

Completed "v_luger.qc"
