StudioMDL.exe (Apr 27 2026) - Garry's Mod Edition
WARNING: Failed to load keyvalues file cfg/mount.cfg!
qdir:    "c:\program files (x86)\steam\steamapps\common\garrysmod\garrysmod\addons\mcv\work\mcv_smd_port\weapons\v_lunge_mine\"
gamedir: "C:\Program Files (x86)\Steam\steamapps\common\GarrysMod\garrysmod\addons\mcv\work\compile_test_game\"
g_path:  "C:\Program Files (x86)\Steam\steamapps\common\GarrysMod\garrysmod\addons\mcv\work\MCV_SMD_PORT\weapons\v_lunge_mine\v_lunge_mine.qc"
Building binary model files...
Working on "v_lunge_mine.qc"
SMD MODEL ..\..\..\MCV_SMD_OG\weapons\v_lunge_mine\Ref_lunge.smd
SMD MODEL ..\..\..\MCV_SMD_OG\weapons\v_lunge_mine\v_lunge_mine_anims\runIdle_a_corrective_animation.smd
SMD MODEL ..\..\..\MCV_SMD_OG\weapons\v_lunge_mine\v_lunge_mine_anims\run_a_corrective_animation.smd
SMD MODEL ..\..\..\MCV_SMD_OG\weapons\v_lunge_mine\v_lunge_mine_anims\walkIdle_a_corrective_animation.smd
SMD MODEL ..\..\..\MCV_SMD_OG\weapons\v_lunge_mine\v_lunge_mine_anims\walk_a_corrective_animation.smd
SMD MODEL ..\..\..\MCV_SMD_OG\weapons\v_lunge_mine\v_lunge_mine_anims\basePose_a.smd
SMD MODEL ..\..\..\MCV_SMD_OG\weapons\v_lunge_mine\v_lunge_mine_anims\runIdle_a.smd
SMD MODEL ..\..\..\MCV_SMD_OG\weapons\v_lunge_mine\v_lunge_mine_anims\run_a.smd
SMD MODEL ..\..\..\MCV_SMD_OG\weapons\v_lunge_mine\v_lunge_mine_anims\walkIdle_a.smd
SMD MODEL ..\..\..\MCV_SMD_OG\weapons\v_lunge_mine\v_lunge_mine_anims\walk_a.smd
SMD MODEL ..\..\..\MCV_SMD_OG\weapons\v_lunge_mine\v_lunge_mine_anims\proneF.smd
SMD MODEL ..\..\..\MCV_SMD_OG\weapons\v_lunge_mine\v_lunge_mine_anims\proneB.smd
SMD MODEL ..\..\..\MCV_SMD_OG\weapons\v_lunge_mine\v_lunge_mine_anims\proneL.smd
SMD MODEL ..\..\..\MCV_SMD_OG\weapons\v_lunge_mine\v_lunge_mine_anims\proneR.smd
SMD MODEL ..\..\..\MCV_SMD_OG\weapons\v_lunge_mine\v_lunge_mine_anims\idle.smd
SMD MODEL ..\..\..\MCV_SMD_OG\weapons\v_lunge_mine\v_lunge_mine_anims\draw.smd
SMD MODEL ..\..\..\MCV_SMD_OG\weapons\v_lunge_mine\v_lunge_mine_anims\slash.smd
SMD MODEL ..\..\..\MCV_SMD_OG\weapons\v_lunge_mine\v_lunge_mine_anims\miss.smd
SMD MODEL ..\..\..\MCV_SMD_OG\weapons\v_lunge_mine\v_lunge_mine_anims\stab.smd
SMD MODEL ..\..\..\MCV_SMD_OG\weapons\v_lunge_mine\v_lunge_mine_anims\throw.smd
SMD MODEL ..\..\..\MCV_SMD_OG\weapons\v_lunge_mine\v_lunge_mine_anims\throw_start.smd
SMD MODEL ..\..\..\MCV_SMD_OG\weapons\v_lunge_mine\v_lunge_mine_anims\throw_loop.smd
SMD MODEL ..\..\..\MCV_SMD_OG\weapons\v_lunge_mine\v_lunge_mine_anims\throw_hold_end.smd
SMD MODEL ..\..\..\MCV_SMD_OG\weapons\v_lunge_mine\v_lunge_mine_anims\idletonearwall.smd
SMD MODEL ..\..\..\MCV_SMD_OG\weapons\v_lunge_mine\v_lunge_mine_anims\nearwall.smd
SMD MODEL ..\..\..\MCV_SMD_OG\weapons\v_lunge_mine\v_lunge_mine_anims\nearwalltoidle.smd
SMD MODEL ..\..\..\MCV_SMD_OG\weapons\v_lunge_mine\v_lunge_mine_anims\pickupstart.smd
SMD MODEL ..\..\..\MCV_SMD_OG\weapons\v_lunge_mine\v_lunge_mine_anims\pickuploop.smd
SMD MODEL ..\..\..\MCV_SMD_OG\weapons\v_lunge_mine\v_lunge_mine_anims\pickupend.smd
SMD MODEL ..\..\..\MCV_SMD_OG\weapons\v_lunge_mine\v_lunge_mine_anims\holster.smd
Processing LOD for material: lunge_mine
---------------------
writing C:\Program Files (x86)\Steam\steamapps\common\GarrysMod\garrysmod\addons\mcv\work\compile_test_game\models/weapons/mcv/v_lunge_mine.mdl:
Loading preexisting model: C:\Program Files (x86)\Steam\steamapps\common\GarrysMod\garrysmod\addons\mcv\work\compile_test_game\models/weapons/mcv/v_lunge_mine.mdl
WARNING: LoadPreexistingSequenceOrder: Zero-size file or no sequences.
bones        20652 bytes (91)
animations   68992 bytes (29 anims) (691 frames) [0:23]
sequences     6492 bytes (20 seq) 
ik/pose        224 bytes
eyeballs         0 bytes (0 eyeballs)
flexes           0 bytes (0 flexes)
textures        72 bytes
keyvalues       20 bytes
bone transforms    12440 bytes
bone flex driver       0 bytes
collision        0 bytes
total       111676
---------------------
writing C:\Program Files (x86)\Steam\steamapps\common\GarrysMod\garrysmod\addons\mcv\work\compile_test_game\models/weapons/mcv/v_lunge_mine.vvd:
vertices     85824 bytes (1788 vertices)
tangents     28608 bytes (1788 vertices)
total       114496 bytes
---------------------
Generating optimized mesh "C:\Program Files (x86)\Steam\steamapps\common\GarrysMod\garrysmod\addons\mcv\work\compile_test_game\models/weapons/mcv/v_lunge_mine.dx80.vtx":
body parts:         8 bytes
models:            20 bytes
model LODs:        12 bytes
meshes:             9 bytes
strip groups:      25 bytes
strips:            27 bytes
verts:          16092 bytes
indices:        12114 bytes
bone changes:      16 bytes
everything:     28347 bytes
---------------------
Generating optimized mesh "C:\Program Files (x86)\Steam\steamapps\common\GarrysMod\garrysmod\addons\mcv\work\compile_test_game\models/weapons/mcv/v_lunge_mine.dx90.vtx":
body parts:         8 bytes
models:            20 bytes
model LODs:        12 bytes
meshes:             9 bytes
strip groups:      25 bytes
strips:            27 bytes
verts:          16092 bytes
indices:        12114 bytes
bone changes:      16 bytes
everything:     28347 bytes

Completed "v_lunge_mine.qc"
