StudioMDL.exe (Apr 27 2026) - Garry's Mod Edition
WARNING: Failed to load keyvalues file cfg/mount.cfg!
qdir:    "c:\program files (x86)\steam\steamapps\common\garrysmod\garrysmod\addons\mcv\work\mcv_smd_port\weapons\v_m1897\"
gamedir: "C:\Program Files (x86)\Steam\steamapps\common\GarrysMod\garrysmod\addons\mcv\work\compile_test_game\"
g_path:  "C:\Program Files (x86)\Steam\steamapps\common\GarrysMod\garrysmod\addons\mcv\work\MCV_SMD_PORT\weapons\v_m1897\v_m1897.qc"
Building binary model files...
Working on "v_m1897.qc"
SMD MODEL ..\..\..\MCV_SMD_OG\weapons\v_m1897\Ref_new.smd
SMD MODEL ..\..\..\MCV_SMD_OG\weapons\v_m1897\v_bayonet.smd
SMD MODEL ..\..\..\MCV_SMD_OG\weapons\v_m1897\v_bayonet_long.smd
SMD MODEL ..\..\..\MCV_SMD_OG\weapons\v_m1897\v_m1897_anims\runIdle_a_corrective_animation.smd
SMD MODEL ..\..\..\MCV_SMD_OG\weapons\v_m1897\v_m1897_anims\run_a_corrective_animation.smd
SMD MODEL ..\..\..\MCV_SMD_OG\weapons\v_m1897\v_m1897_anims\walkIdle_a_corrective_animation.smd
SMD MODEL ..\..\..\MCV_SMD_OG\weapons\v_m1897\v_m1897_anims\walk_a_corrective_animation.smd
SMD MODEL ..\..\..\MCV_SMD_OG\weapons\v_m1897\v_m1897_anims\HammerPosEmpty_corrective_animation.smd
SMD MODEL ..\..\..\MCV_SMD_OG\weapons\v_m1897\v_m1897_anims\HammerPosReady_corrective_animation.smd
SMD MODEL ..\..\..\MCV_SMD_OG\weapons\v_m1897\v_m1897_anims\shoot1_a_corrective_animation.smd
SMD MODEL ..\..\..\MCV_SMD_OG\weapons\v_m1897\v_m1897_anims\shoot1_ironsight_a_corrective_animation.smd
SMD MODEL ..\..\..\MCV_SMD_OG\weapons\v_m1897\v_m1897_anims\pump_a_e_corrective_animation.smd
SMD MODEL ..\..\..\MCV_SMD_OG\weapons\v_m1897\v_m1897_anims\pump_ironsight_a_e_corrective_animation.smd
SMD MODEL ..\..\..\MCV_SMD_OG\weapons\v_m1897\v_m1897_anims\pump_a_corrective_animation.smd
SMD MODEL ..\..\..\MCV_SMD_OG\weapons\v_m1897\v_m1897_anims\pump_ironsight_a_corrective_animation.smd
SMD MODEL ..\..\..\MCV_SMD_OG\weapons\v_m1897\v_m1897_anims\basePose_a.smd
SMD MODEL ..\..\..\MCV_SMD_OG\weapons\v_m1897\v_m1897_anims\ironsight.smd
SMD MODEL ..\..\..\MCV_SMD_OG\weapons\v_m1897\v_m1897_anims\ironsight_transition.smd
SMD MODEL ..\..\..\MCV_SMD_OG\weapons\v_m1897\v_m1897_anims\runIdle_a.smd
SMD MODEL ..\..\..\MCV_SMD_OG\weapons\v_m1897\v_m1897_anims\run_a.smd
SMD MODEL ..\..\..\MCV_SMD_OG\weapons\v_m1897\v_m1897_anims\walkIdle_a.smd
SMD MODEL ..\..\..\MCV_SMD_OG\weapons\v_m1897\v_m1897_anims\walk_a.smd
SMD MODEL ..\..\..\MCV_SMD_OG\weapons\v_m1897\v_m1897_anims\HammerPosBase.smd
SMD MODEL ..\..\..\MCV_SMD_OG\weapons\v_m1897\v_m1897_anims\HammerPosEmpty.smd
SMD MODEL ..\..\..\MCV_SMD_OG\weapons\v_m1897\v_m1897_anims\HammerPosReady.smd
SMD MODEL ..\..\..\MCV_SMD_OG\weapons\v_m1897\v_m1897_anims\shoot1_a.smd
SMD MODEL ..\..\..\MCV_SMD_OG\weapons\v_m1897\v_m1897_anims\shoot1_ironsight_a.smd
SMD MODEL ..\..\..\MCV_SMD_OG\weapons\v_m1897\v_m1897_anims\pump_a.smd
SMD MODEL ..\..\..\MCV_SMD_OG\weapons\v_m1897\v_m1897_anims\pump_ironsight_a.smd
SMD MODEL ..\..\..\MCV_SMD_OG\weapons\v_m1897\v_m1897_anims\pump_a_e.smd
SMD MODEL ..\..\..\MCV_SMD_OG\weapons\v_m1897\v_m1897_anims\pump_ironsight_a_e.smd
SMD MODEL ..\..\..\MCV_SMD_OG\weapons\v_m1897\v_m1897_anims\reload_s_a.smd
SMD MODEL ..\..\..\MCV_SMD_OG\weapons\v_m1897\v_m1897_anims\reload_s_a_i.smd
SMD MODEL ..\..\..\MCV_SMD_OG\weapons\v_m1897\v_m1897_anims\reload_a.smd
SMD MODEL ..\..\..\MCV_SMD_OG\weapons\v_m1897\v_m1897_anims\reload_a_i.smd
SMD MODEL ..\..\..\MCV_SMD_OG\weapons\v_m1897\v_m1897_anims\reload_e_a.smd
SMD MODEL ..\..\..\MCV_SMD_OG\weapons\v_m1897\v_m1897_anims\reload_e_a_i.smd
SMD MODEL ..\..\..\MCV_SMD_OG\weapons\v_m1897\v_m1897_anims\reload_ep_a.smd
SMD MODEL ..\..\..\MCV_SMD_OG\weapons\v_m1897\v_m1897_anims\reload_ep_a_i.smd
SMD MODEL ..\..\..\MCV_SMD_OG\weapons\v_m1897\v_m1897_anims\nearwall_s_a.smd
SMD MODEL ..\..\..\MCV_SMD_OG\weapons\v_m1897\v_m1897_anims\nearwall_s_a_i.smd
SMD MODEL ..\..\..\MCV_SMD_OG\weapons\v_m1897\v_m1897_anims\nearwall_a.smd
SMD MODEL ..\..\..\MCV_SMD_OG\weapons\v_m1897\v_m1897_anims\nearwall_a_i.smd
SMD MODEL ..\..\..\MCV_SMD_OG\weapons\v_m1897\v_m1897_anims\nearwall_e_a.smd
SMD MODEL ..\..\..\MCV_SMD_OG\weapons\v_m1897\v_m1897_anims\nearwall_e_a_i.smd
SMD MODEL ..\..\..\MCV_SMD_OG\weapons\v_m1897\v_m1897_anims\proneF.smd
SMD MODEL ..\..\..\MCV_SMD_OG\weapons\v_m1897\v_m1897_anims\proneB.smd
SMD MODEL ..\..\..\MCV_SMD_OG\weapons\v_m1897\v_m1897_anims\proneL.smd
SMD MODEL ..\..\..\MCV_SMD_OG\weapons\v_m1897\v_m1897_anims\proneR.smd
SMD MODEL ..\..\..\MCV_SMD_OG\weapons\v_m1897\v_m1897_anims\pickup_s_a.smd
SMD MODEL ..\..\..\MCV_SMD_OG\weapons\v_m1897\v_m1897_anims\pickup_s_a_i.smd
SMD MODEL ..\..\..\MCV_SMD_OG\weapons\v_m1897\v_m1897_anims\pickup_a.smd
SMD MODEL ..\..\..\MCV_SMD_OG\weapons\v_m1897\v_m1897_anims\pickup_a_i.smd
SMD MODEL ..\..\..\MCV_SMD_OG\weapons\v_m1897\v_m1897_anims\pickup_e_a.smd
SMD MODEL ..\..\..\MCV_SMD_OG\weapons\v_m1897\v_m1897_anims\pickup_e_a_i.smd
SMD MODEL ..\..\..\MCV_SMD_OG\weapons\v_m1897\v_m1897_anims\bayonet_attack_a.smd
SMD MODEL ..\..\..\MCV_SMD_OG\weapons\v_m1897\v_m1897_anims\bayonet_attack_a_i.smd
SMD MODEL ..\..\..\MCV_SMD_OG\weapons\v_m1897\v_m1897_anims\bayonet_e_a.smd
SMD MODEL ..\..\..\MCV_SMD_OG\weapons\v_m1897\v_m1897_anims\bayonet_e_a_i.smd
SMD MODEL ..\..\..\MCV_SMD_OG\weapons\v_m1897\v_m1897_anims\bayonet_s_a.smd
SMD MODEL ..\..\..\MCV_SMD_OG\weapons\v_m1897\v_m1897_anims\bayonet_s_a_i.smd
SMD MODEL ..\..\..\MCV_SMD_OG\weapons\v_m1897\v_m1897_anims\Firstdraw.smd
SMD MODEL ..\..\..\MCV_SMD_OG\weapons\v_m1897\v_m1897_anims\Firstdraw_2.smd
SMD MODEL ..\..\..\MCV_SMD_OG\weapons\v_m1897\v_m1897_anims\draw.smd
SMD MODEL ..\..\..\MCV_SMD_OG\weapons\v_m1897\v_m1897_anims\draw_2.smd
SMD MODEL ..\..\..\MCV_SMD_OG\weapons\v_m1897\v_m1897_anims\draw_empty.smd
SMD MODEL ..\..\..\MCV_SMD_OG\weapons\v_m1897\v_m1897_anims\draw_empty_2.smd
SMD MODEL ..\..\..\MCV_SMD_OG\weapons\v_m1897\v_m1897_anims\bash.smd
SMD MODEL ..\..\..\MCV_SMD_OG\weapons\v_m1897\v_m1897_anims\bash_2.smd
SMD MODEL ..\..\..\MCV_SMD_OG\weapons\v_m1897\v_m1897_anims\holster.smd
Processing LOD for material: m1897
Processing LOD for material: shells_big
Processing LOD for material: ak47_bayonet_d
Processing LOD for material: v_type30_bayonet
---------------------
writing C:\Program Files (x86)\Steam\steamapps\common\GarrysMod\garrysmod\addons\mcv\work\compile_test_game\models/weapons/mcv/v_m1897.mdl:
Loading preexisting model: C:\Program Files (x86)\Steam\steamapps\common\GarrysMod\garrysmod\addons\mcv\work\compile_test_game\models/weapons/mcv/v_m1897.mdl
WARNING: LoadPreexistingSequenceOrder: Zero-size file or no sequences.
bones        22412 bytes (97)
animations  193080 bytes (70 anims) (1869 frames) [1:02]
sequences    11192 bytes (29 seq) 
ik/pose        724 bytes
eyeballs         0 bytes (0 eyeballs)
flexes           0 bytes (0 flexes)
eyeballs         0 bytes (0 eyeballs)
flexes           0 bytes (0 flexes)
eyeballs         0 bytes (0 eyeballs)
flexes           0 bytes (0 flexes)
eyeballs         0 bytes (0 eyeballs)
flexes           0 bytes (0 flexes)
textures       280 bytes
keyvalues       20 bytes
bone transforms    13256 bytes
bone flex driver       0 bytes
collision        0 bytes
total       245360
---------------------
writing C:\Program Files (x86)\Steam\steamapps\common\GarrysMod\garrysmod\addons\mcv\work\compile_test_game\models/weapons/mcv/v_m1897.vvd:
vertices    838128 bytes (17461 vertices)
vertices    105456 bytes (2197 vertices)
vertices     35328 bytes (736 vertices)
tangents    279376 bytes (17461 vertices)
tangents     35152 bytes (2197 vertices)
tangents     11776 bytes (736 vertices)
total      1305280 bytes
---------------------
Generating optimized mesh "C:\Program Files (x86)\Steam\steamapps\common\GarrysMod\garrysmod\addons\mcv\work\compile_test_game\models/weapons/mcv/v_m1897.dx80.vtx":
body parts:        16 bytes
models:            80 bytes
model LODs:        48 bytes
meshes:            36 bytes
strip groups:     100 bytes
strips:           108 bytes
verts:         183546 bytes
indices:       145056 bytes
bone changes:      72 bytes
everything:    329050 bytes
---------------------
Generating optimized mesh "C:\Program Files (x86)\Steam\steamapps\common\GarrysMod\garrysmod\addons\mcv\work\compile_test_game\models/weapons/mcv/v_m1897.dx90.vtx":
body parts:        16 bytes
models:            80 bytes
model LODs:        48 bytes
meshes:            36 bytes
strip groups:     100 bytes
strips:           108 bytes
verts:         183546 bytes
indices:       145056 bytes
bone changes:      72 bytes
everything:    329050 bytes

Completed "v_m1897.qc"
