StudioMDL.exe (Apr 27 2026) - Garry's Mod Edition
WARNING: Failed to load keyvalues file cfg/mount.cfg!
qdir:    "c:\program files (x86)\steam\steamapps\common\garrysmod\garrysmod\addons\mcv\work\mcv_smd_port\weapons\v_m1928\"
gamedir: "C:\Program Files (x86)\Steam\steamapps\common\GarrysMod\garrysmod\addons\mcv\work\compile_test_game\"
g_path:  "C:\Program Files (x86)\Steam\steamapps\common\GarrysMod\garrysmod\addons\mcv\work\MCV_SMD_PORT\weapons\v_m1928\v_m1928.qc"
Building binary model files...
Working on "v_m1928.qc"
SMD MODEL ..\..\..\MCV_SMD_OG\weapons\v_m1928\Ref_new.smd
SMD MODEL ..\..\..\MCV_SMD_OG\weapons\v_m1928\v_m1928_anims\Default_corrective_animation.smd
SMD MODEL ..\..\..\MCV_SMD_OG\weapons\v_m1928\v_m1928_anims\Slideback_corrective_animation.smd
SMD MODEL ..\..\..\MCV_SMD_OG\weapons\v_m1928\v_m1928_anims\runIdle_a_corrective_animation.smd
SMD MODEL ..\..\..\MCV_SMD_OG\weapons\v_m1928\v_m1928_anims\run_a_corrective_animation.smd
SMD MODEL ..\..\..\MCV_SMD_OG\weapons\v_m1928\v_m1928_anims\walkIdle_a_corrective_animation.smd
SMD MODEL ..\..\..\MCV_SMD_OG\weapons\v_m1928\v_m1928_anims\walk_a_corrective_animation.smd
SMD MODEL ..\..\..\MCV_SMD_OG\weapons\v_m1928\v_m1928_anims\ShootMove_corrective_animation.smd
SMD MODEL ..\..\..\MCV_SMD_OG\weapons\v_m1928\v_m1928_anims\ShootStill_corrective_animation.smd
SMD MODEL ..\..\..\MCV_SMD_OG\weapons\v_m1928\v_m1928_anims\shoot1_a_corrective_animation.smd
SMD MODEL ..\..\..\MCV_SMD_OG\weapons\v_m1928\v_m1928_anims\shoot1_ironsight_a_corrective_animation.smd
SMD MODEL ..\..\..\MCV_SMD_OG\weapons\v_m1928\v_m1928_anims\shoot2_a_corrective_animation.smd
SMD MODEL ..\..\..\MCV_SMD_OG\weapons\v_m1928\v_m1928_anims\shoot2_ironsight_a_corrective_animation.smd
SMD MODEL ..\..\..\MCV_SMD_OG\weapons\v_m1928\v_m1928_anims\shoot3_a_corrective_animation.smd
SMD MODEL ..\..\..\MCV_SMD_OG\weapons\v_m1928\v_m1928_anims\shoot3_ironsight_a_corrective_animation.smd
SMD MODEL ..\..\..\MCV_SMD_OG\weapons\v_m1928\v_m1928_anims\PoseDelta.smd
SMD MODEL ..\..\..\MCV_SMD_OG\weapons\v_m1928\v_m1928_anims\PoseDelta2.smd
SMD MODEL ..\..\..\MCV_SMD_OG\weapons\v_m1928\v_m1928_anims\Default.smd
SMD MODEL ..\..\..\MCV_SMD_OG\weapons\v_m1928\v_m1928_anims\Slideback.smd
SMD MODEL ..\..\..\MCV_SMD_OG\weapons\v_m1928\v_m1928_anims\ShootMove.smd
SMD MODEL ..\..\..\MCV_SMD_OG\weapons\v_m1928\v_m1928_anims\ShootStill.smd
SMD MODEL ..\..\..\MCV_SMD_OG\weapons\v_m1928\v_m1928_anims\basePose_a.smd
SMD MODEL ..\..\..\MCV_SMD_OG\weapons\v_m1928\v_m1928_anims\ironsight.smd
SMD MODEL ..\..\..\MCV_SMD_OG\weapons\v_m1928\v_m1928_anims\ironsight_transition.smd
SMD MODEL ..\..\..\MCV_SMD_OG\weapons\v_m1928\v_m1928_anims\walkBase.smd
SMD MODEL ..\..\..\MCV_SMD_OG\weapons\v_m1928\v_m1928_anims\runIdle_a.smd
SMD MODEL fixed_anims\run_a.smd
SMD MODEL ..\..\..\MCV_SMD_OG\weapons\v_m1928\v_m1928_anims\walkIdle_a.smd
SMD MODEL fixed_anims\walk_a.smd
SMD MODEL ..\..\..\MCV_SMD_OG\weapons\v_m1928\v_m1928_anims\ironsight_shoot_d.smd
SMD MODEL ..\..\..\MCV_SMD_OG\weapons\v_m1928\v_m1928_anims\shoot1_a.smd
SMD MODEL ..\..\..\MCV_SMD_OG\weapons\v_m1928\v_m1928_anims\shoot1_ironsight_a.smd
SMD MODEL ..\..\..\MCV_SMD_OG\weapons\v_m1928\v_m1928_anims\shoot2_a.smd
SMD MODEL ..\..\..\MCV_SMD_OG\weapons\v_m1928\v_m1928_anims\shoot2_ironsight_a.smd
SMD MODEL ..\..\..\MCV_SMD_OG\weapons\v_m1928\v_m1928_anims\shoot3_a.smd
SMD MODEL ..\..\..\MCV_SMD_OG\weapons\v_m1928\v_m1928_anims\shoot3_ironsight_a.smd
SMD MODEL ..\..\..\MCV_SMD_OG\weapons\v_m1928\v_m1928_anims\nearwall_s_a.smd
SMD MODEL ..\..\..\MCV_SMD_OG\weapons\v_m1928\v_m1928_anims\nearwall_s_a_i.smd
SMD MODEL ..\..\..\MCV_SMD_OG\weapons\v_m1928\v_m1928_anims\nearwall_a.smd
SMD MODEL ..\..\..\MCV_SMD_OG\weapons\v_m1928\v_m1928_anims\nearwall_a_i.smd
SMD MODEL ..\..\..\MCV_SMD_OG\weapons\v_m1928\v_m1928_anims\nearwall_e_a.smd
SMD MODEL ..\..\..\MCV_SMD_OG\weapons\v_m1928\v_m1928_anims\nearwall_e_a_i.smd
SMD MODEL ..\..\..\MCV_SMD_OG\weapons\v_m1928\v_m1928_anims\proneF.smd
SMD MODEL ..\..\..\MCV_SMD_OG\weapons\v_m1928\v_m1928_anims\proneB.smd
SMD MODEL ..\..\..\MCV_SMD_OG\weapons\v_m1928\v_m1928_anims\proneL.smd
SMD MODEL ..\..\..\MCV_SMD_OG\weapons\v_m1928\v_m1928_anims\proneR.smd
SMD MODEL ..\..\..\MCV_SMD_OG\weapons\v_m1928\v_m1928_anims\pickup_s_a.smd
SMD MODEL ..\..\..\MCV_SMD_OG\weapons\v_m1928\v_m1928_anims\pickup_s_a_i.smd
SMD MODEL ..\..\..\MCV_SMD_OG\weapons\v_m1928\v_m1928_anims\pickup_a.smd
SMD MODEL ..\..\..\MCV_SMD_OG\weapons\v_m1928\v_m1928_anims\pickup_a_i.smd
SMD MODEL ..\..\..\MCV_SMD_OG\weapons\v_m1928\v_m1928_anims\pickup_e_a.smd
SMD MODEL ..\..\..\MCV_SMD_OG\weapons\v_m1928\v_m1928_anims\pickup_e_a_i.smd
SMD MODEL ..\..\..\MCV_SMD_OG\weapons\v_m1928\v_m1928_anims\change_firemode_idle.smd
SMD MODEL ..\..\..\MCV_SMD_OG\weapons\v_m1928\v_m1928_anims\change_firemode_iron.smd
SMD MODEL ..\..\..\MCV_SMD_OG\weapons\v_m1928\v_m1928_anims\draw.smd
SMD MODEL ..\..\..\MCV_SMD_OG\weapons\v_m1928\v_m1928_anims\draw_2.smd
SMD MODEL ..\..\..\MCV_SMD_OG\weapons\v_m1928\v_m1928_anims\Firstdraw.smd
SMD MODEL ..\..\..\MCV_SMD_OG\weapons\v_m1928\v_m1928_anims\Firstdraw_2.smd
SMD MODEL ..\..\..\MCV_SMD_OG\weapons\v_m1928\v_m1928_anims\reload.smd
SMD MODEL ..\..\..\MCV_SMD_OG\weapons\v_m1928\v_m1928_anims\reload_2.smd
SMD MODEL ..\..\..\MCV_SMD_OG\weapons\v_m1928\v_m1928_anims\reload_empty.smd
SMD MODEL ..\..\..\MCV_SMD_OG\weapons\v_m1928\v_m1928_anims\reload_empty_2.smd
SMD MODEL ..\..\..\MCV_SMD_OG\weapons\v_m1928\v_m1928_anims\bash.smd
SMD MODEL ..\..\..\MCV_SMD_OG\weapons\v_m1928\v_m1928_anims\bash_2.smd
SMD MODEL ..\..\..\MCV_SMD_OG\weapons\v_m1928\v_m1928_anims\holster.smd
Processing LOD for material: shells_small
Processing LOD for material: m1928
---------------------
writing C:\Program Files (x86)\Steam\steamapps\common\GarrysMod\garrysmod\addons\mcv\work\compile_test_game\models/weapons/mcv/v_m1928.mdl:
Loading preexisting model: C:\Program Files (x86)\Steam\steamapps\common\GarrysMod\garrysmod\addons\mcv\work\compile_test_game\models/weapons/mcv/v_m1928.mdl
WARNING: LoadPreexistingSequenceOrder: Zero-size file or no sequences.
bones        22192 bytes (96)
animations  178628 bytes (67 anims) (1824 frames) [1:00]
sequences     9984 bytes (26 seq) 
ik/pose        244 bytes
eyeballs         0 bytes (0 eyeballs)
flexes           0 bytes (0 flexes)
textures       140 bytes
keyvalues       20 bytes
bone transforms    13120 bytes
bone flex driver       0 bytes
collision        0 bytes
total       228088
---------------------
writing C:\Program Files (x86)\Steam\steamapps\common\GarrysMod\garrysmod\addons\mcv\work\compile_test_game\models/weapons/mcv/v_m1928.vvd:
vertices    990096 bytes (20627 vertices)
tangents    330032 bytes (20627 vertices)
total      1320192 bytes
---------------------
Generating optimized mesh "C:\Program Files (x86)\Steam\steamapps\common\GarrysMod\garrysmod\addons\mcv\work\compile_test_game\models/weapons/mcv/v_m1928.dx80.vtx":
body parts:         8 bytes
models:            20 bytes
model LODs:        12 bytes
meshes:            18 bytes
strip groups:      50 bytes
strips:            54 bytes
verts:         185643 bytes
indices:       144360 bytes
bone changes:      56 bytes
everything:    330245 bytes
---------------------
Generating optimized mesh "C:\Program Files (x86)\Steam\steamapps\common\GarrysMod\garrysmod\addons\mcv\work\compile_test_game\models/weapons/mcv/v_m1928.dx90.vtx":
body parts:         8 bytes
models:            20 bytes
model LODs:        12 bytes
meshes:            18 bytes
strip groups:      50 bytes
strips:            54 bytes
verts:         185643 bytes
indices:       144360 bytes
bone changes:      56 bytes
everything:    330245 bytes

Completed "v_m1928.qc"
