StudioMDL.exe (Apr 27 2026) - Garry's Mod Edition
WARNING: Failed to load keyvalues file cfg/mount.cfg!
qdir:    "c:\program files (x86)\steam\steamapps\common\garrysmod\garrysmod\addons\mcv\work\mcv_smd_port\weapons\v_m1919a6\"
gamedir: "C:\Program Files (x86)\Steam\steamapps\common\GarrysMod\garrysmod\addons\mcv\work\compile_test_game\"
g_path:  "C:\Program Files (x86)\Steam\steamapps\common\GarrysMod\garrysmod\addons\mcv\work\MCV_SMD_PORT\weapons\v_m1919a6\v_m1919a6.qc"
Building binary model files...
Working on "v_m1919a6.qc"
SMD MODEL ..\..\..\MCV_SMD_OG\weapons\v_m1919a6\Ref.smd
SMD MODEL ..\..\..\MCV_SMD_OG\weapons\v_m1919a6\Bullet.smd
SMD MODEL ..\..\..\MCV_SMD_OG\weapons\v_m1919a6\Bullet.001.smd
SMD MODEL ..\..\..\MCV_SMD_OG\weapons\v_m1919a6\Bullet.002.smd
SMD MODEL ..\..\..\MCV_SMD_OG\weapons\v_m1919a6\Bullet.003.smd
SMD MODEL ..\..\..\MCV_SMD_OG\weapons\v_m1919a6\Bullet.004.smd
SMD MODEL ..\..\..\MCV_SMD_OG\weapons\v_m1919a6\Bullet.005.smd
SMD MODEL ..\..\..\MCV_SMD_OG\weapons\v_m1919a6\Bullet.006.smd
SMD MODEL ..\..\..\MCV_SMD_OG\weapons\v_m1919a6\Bullet.007.smd
SMD MODEL ..\..\..\MCV_SMD_OG\weapons\v_m1919a6\Bullet.008.smd
SMD MODEL ..\..\..\MCV_SMD_OG\weapons\v_m1919a6\Bullet.009.smd
SMD MODEL ..\..\..\MCV_SMD_OG\weapons\v_m1919a6\Bullet.010.smd
SMD MODEL ..\..\..\MCV_SMD_OG\weapons\v_m1919a6\Bullet.011.smd
SMD MODEL ..\..\..\MCV_SMD_OG\weapons\v_m1919a6\Bullet.012.smd
SMD MODEL ..\..\..\MCV_SMD_OG\weapons\v_m1919a6\Bullet.013.smd
SMD MODEL ..\..\..\MCV_SMD_OG\weapons\v_m1919a6\Bullet.014.smd
SMD MODEL ..\..\..\MCV_SMD_OG\weapons\v_m1919a6\Bullet.015.smd
SMD MODEL ..\..\..\MCV_SMD_OG\weapons\v_m1919a6\Bullet.016.smd
SMD MODEL ..\..\..\MCV_SMD_OG\weapons\v_m1919a6\v_m1919a6_anims\runIdle_a_corrective_animation.smd
SMD MODEL ..\..\..\MCV_SMD_OG\weapons\v_m1919a6\v_m1919a6_anims\run_a_corrective_animation.smd
SMD MODEL ..\..\..\MCV_SMD_OG\weapons\v_m1919a6\v_m1919a6_anims\walkIdle_a_corrective_animation.smd
SMD MODEL ..\..\..\MCV_SMD_OG\weapons\v_m1919a6\v_m1919a6_anims\walk_a_corrective_animation.smd
SMD MODEL ..\..\..\MCV_SMD_OG\weapons\v_m1919a6\v_m1919a6_anims\shoot1_a_corrective_animation.smd
SMD MODEL ..\..\..\MCV_SMD_OG\weapons\v_m1919a6\v_m1919a6_anims\shoot1_ironsight_a_corrective_animation.smd
SMD MODEL ..\..\..\MCV_SMD_OG\weapons\v_m1919a6\v_m1919a6_anims\shoot2_a_corrective_animation.smd
SMD MODEL ..\..\..\MCV_SMD_OG\weapons\v_m1919a6\v_m1919a6_anims\shoot2_ironsight_a_corrective_animation.smd
SMD MODEL ..\..\..\MCV_SMD_OG\weapons\v_m1919a6\v_m1919a6_anims\shoot3_a_corrective_animation.smd
SMD MODEL ..\..\..\MCV_SMD_OG\weapons\v_m1919a6\v_m1919a6_anims\shoot3_ironsight_a_corrective_animation.smd
SMD MODEL ..\..\..\MCV_SMD_OG\weapons\v_m1919a6\v_m1919a6_anims\shoot1_d_a_corrective_animation.smd
SMD MODEL ..\..\..\MCV_SMD_OG\weapons\v_m1919a6\v_m1919a6_anims\shoot2_d_a_corrective_animation.smd
SMD MODEL ..\..\..\MCV_SMD_OG\weapons\v_m1919a6\v_m1919a6_anims\shoot3_d_a_corrective_animation.smd
SMD MODEL ..\..\..\MCV_SMD_OG\weapons\v_m1919a6\v_m1919a6_anims\idle_delta.smd
SMD MODEL ..\..\..\MCV_SMD_OG\weapons\v_m1919a6\v_m1919a6_anims\basePose_a.smd
SMD MODEL ..\..\..\MCV_SMD_OG\weapons\v_m1919a6\v_m1919a6_anims\ironsight.smd
SMD MODEL ..\..\..\MCV_SMD_OG\weapons\v_m1919a6\v_m1919a6_anims\ironsight_transition.smd
SMD MODEL ..\..\..\MCV_SMD_OG\weapons\v_m1919a6\v_m1919a6_anims\walkDelta.smd
SMD MODEL ..\..\..\MCV_SMD_OG\weapons\v_m1919a6\v_m1919a6_anims\runIdle_a.smd
SMD MODEL fixed_anims\run_a.smd
SMD MODEL ..\..\..\MCV_SMD_OG\weapons\v_m1919a6\v_m1919a6_anims\walkIdle_a.smd
SMD MODEL fixed_anims\walk_a.smd
SMD MODEL ..\..\..\MCV_SMD_OG\weapons\v_m1919a6\v_m1919a6_anims\shoot1_a.smd
SMD MODEL ..\..\..\MCV_SMD_OG\weapons\v_m1919a6\v_m1919a6_anims\shoot1_ironsight_a.smd
SMD MODEL ..\..\..\MCV_SMD_OG\weapons\v_m1919a6\v_m1919a6_anims\shoot2_a.smd
SMD MODEL ..\..\..\MCV_SMD_OG\weapons\v_m1919a6\v_m1919a6_anims\shoot2_ironsight_a.smd
SMD MODEL ..\..\..\MCV_SMD_OG\weapons\v_m1919a6\v_m1919a6_anims\shoot3_a.smd
SMD MODEL ..\..\..\MCV_SMD_OG\weapons\v_m1919a6\v_m1919a6_anims\shoot3_ironsight_a.smd
SMD MODEL ..\..\..\MCV_SMD_OG\weapons\v_m1919a6\v_m1919a6_anims\nearwall_s_a.smd
SMD MODEL ..\..\..\MCV_SMD_OG\weapons\v_m1919a6\v_m1919a6_anims\nearwall_s_a_i.smd
SMD MODEL ..\..\..\MCV_SMD_OG\weapons\v_m1919a6\v_m1919a6_anims\nearwall_a.smd
SMD MODEL ..\..\..\MCV_SMD_OG\weapons\v_m1919a6\v_m1919a6_anims\nearwall_a_i.smd
SMD MODEL ..\..\..\MCV_SMD_OG\weapons\v_m1919a6\v_m1919a6_anims\nearwall_e_a.smd
SMD MODEL ..\..\..\MCV_SMD_OG\weapons\v_m1919a6\v_m1919a6_anims\nearwall_e_a_i.smd
SMD MODEL ..\..\..\MCV_SMD_OG\weapons\v_m1919a6\v_m1919a6_anims\prone_deployF.smd
SMD MODEL fixed_anims\prone_deployB.smd
SMD MODEL ..\..\..\MCV_SMD_OG\weapons\v_m1919a6\v_m1919a6_anims\prone_deployL.smd
SMD MODEL ..\..\..\MCV_SMD_OG\weapons\v_m1919a6\v_m1919a6_anims\prone_deployR.smd
SMD MODEL ..\..\..\MCV_SMD_OG\weapons\v_m1919a6\v_m1919a6_anims\proneF.smd
SMD MODEL ..\..\..\MCV_SMD_OG\weapons\v_m1919a6\v_m1919a6_anims\proneB.smd
SMD MODEL ..\..\..\MCV_SMD_OG\weapons\v_m1919a6\v_m1919a6_anims\proneL.smd
SMD MODEL ..\..\..\MCV_SMD_OG\weapons\v_m1919a6\v_m1919a6_anims\proneR.smd
SMD MODEL ..\..\..\MCV_SMD_OG\weapons\v_m1919a6\v_m1919a6_anims\pickup_s_a.smd
SMD MODEL ..\..\..\MCV_SMD_OG\weapons\v_m1919a6\v_m1919a6_anims\pickup_s_a_i.smd
SMD MODEL ..\..\..\MCV_SMD_OG\weapons\v_m1919a6\v_m1919a6_anims\pickup_a.smd
SMD MODEL ..\..\..\MCV_SMD_OG\weapons\v_m1919a6\v_m1919a6_anims\pickup_a_i.smd
SMD MODEL ..\..\..\MCV_SMD_OG\weapons\v_m1919a6\v_m1919a6_anims\pickup_e_a.smd
SMD MODEL ..\..\..\MCV_SMD_OG\weapons\v_m1919a6\v_m1919a6_anims\pickup_e_a_i.smd
SMD MODEL ..\..\..\MCV_SMD_OG\weapons\v_m1919a6\v_m1919a6_anims\deploy_s_a.smd
SMD MODEL ..\..\..\MCV_SMD_OG\weapons\v_m1919a6\v_m1919a6_anims\deploy_s_a_i.smd
SMD MODEL ..\..\..\MCV_SMD_OG\weapons\v_m1919a6\v_m1919a6_anims\deploy_a.smd
SMD MODEL ..\..\..\MCV_SMD_OG\weapons\v_m1919a6\v_m1919a6_anims\ironsightdeploy.smd
SMD MODEL ..\..\..\MCV_SMD_OG\weapons\v_m1919a6\v_m1919a6_anims\deploy_e_a.smd
SMD MODEL ..\..\..\MCV_SMD_OG\weapons\v_m1919a6\v_m1919a6_anims\deploy_e_a_i.smd
SMD MODEL ..\..\..\MCV_SMD_OG\weapons\v_m1919a6\v_m1919a6_anims\shoot1_d_base.smd
SMD MODEL ..\..\..\MCV_SMD_OG\weapons\v_m1919a6\v_m1919a6_anims\shoot1_d_a.smd
SMD MODEL ..\..\..\MCV_SMD_OG\weapons\v_m1919a6\v_m1919a6_anims\shoot2_d_a.smd
SMD MODEL ..\..\..\MCV_SMD_OG\weapons\v_m1919a6\v_m1919a6_anims\shoot3_d_a.smd
SMD MODEL ..\..\..\MCV_SMD_OG\weapons\v_m1919a6\v_m1919a6_anims\draw.smd
SMD MODEL ..\..\..\MCV_SMD_OG\weapons\v_m1919a6\v_m1919a6_anims\draw_2.smd
SMD MODEL ..\..\..\MCV_SMD_OG\weapons\v_m1919a6\v_m1919a6_anims\Firstdraw.smd
SMD MODEL ..\..\..\MCV_SMD_OG\weapons\v_m1919a6\v_m1919a6_anims\Firstdraw_2.smd
SMD MODEL ..\..\..\MCV_SMD_OG\weapons\v_m1919a6\v_m1919a6_anims\reload.smd
SMD MODEL ..\..\..\MCV_SMD_OG\weapons\v_m1919a6\v_m1919a6_anims\reload_2.smd
SMD MODEL ..\..\..\MCV_SMD_OG\weapons\v_m1919a6\v_m1919a6_anims\reload_empty.smd
SMD MODEL ..\..\..\MCV_SMD_OG\weapons\v_m1919a6\v_m1919a6_anims\reload_empty_2.smd
SMD MODEL ..\..\..\MCV_SMD_OG\weapons\v_m1919a6\v_m1919a6_anims\bash.smd
SMD MODEL ..\..\..\MCV_SMD_OG\weapons\v_m1919a6\v_m1919a6_anims\bash_2.smd
SMD MODEL ..\..\..\MCV_SMD_OG\weapons\v_m1919a6\v_m1919a6_anims\reload_deploy.smd
SMD MODEL ..\..\..\MCV_SMD_OG\weapons\v_m1919a6\v_m1919a6_anims\reload_deploy_2.smd
SMD MODEL ..\..\..\MCV_SMD_OG\weapons\v_m1919a6\v_m1919a6_anims\reload_deploy_empty.smd
SMD MODEL ..\..\..\MCV_SMD_OG\weapons\v_m1919a6\v_m1919a6_anims\reload_deploy_empty_2.smd
SMD MODEL ..\..\..\MCV_SMD_OG\weapons\v_m1919a6\v_m1919a6_anims\holster.smd
Processing LOD for material: v_m1919a6
Processing LOD for material: shells_small
Processing LOD for material: shells_small_lmg
Processing LOD for material: shells_small
Processing LOD for material: shells_small_lmg
Processing LOD for material: shells_small
Processing LOD for material: shells_small_lmg
Processing LOD for material: shells_small
Processing LOD for material: shells_small_lmg
Processing LOD for material: shells_small
Processing LOD for material: shells_small_lmg
Processing LOD for material: shells_small
Processing LOD for material: shells_small_lmg
Processing LOD for material: shells_small
Processing LOD for material: shells_small_lmg
Processing LOD for material: shells_small
Processing LOD for material: shells_small_lmg
Processing LOD for material: shells_small
Processing LOD for material: shells_small_lmg
Processing LOD for material: shells_small
Processing LOD for material: shells_small_lmg
Processing LOD for material: shells_small
Processing LOD for material: shells_small_lmg
Processing LOD for material: shells_small
Processing LOD for material: shells_small_lmg
Processing LOD for material: shells_small
Processing LOD for material: shells_small_lmg
Processing LOD for material: shells_small
Processing LOD for material: shells_small_lmg
Processing LOD for material: shells_small
Processing LOD for material: shells_small_lmg
Processing LOD for material: shells_small
Processing LOD for material: shells_small_lmg
Processing LOD for material: shells_small
Processing LOD for material: shells_small_lmg
---------------------
writing C:\Program Files (x86)\Steam\steamapps\common\GarrysMod\garrysmod\addons\mcv\work\compile_test_game\models/weapons/mcv/v_m1919a6.mdl:
Loading preexisting model: C:\Program Files (x86)\Steam\steamapps\common\GarrysMod\garrysmod\addons\mcv\work\compile_test_game\models/weapons/mcv/v_m1919a6.mdl
WARNING: LoadPreexistingSequenceOrder: Zero-size file or no sequences.
bones        26532 bytes (116)
animations  746604 bytes (78 anims) (3203 frames) [1:45]
sequences    14888 bytes (37 seq) 
ik/pose       5528 bytes
eyeballs         0 bytes (0 eyeballs)
flexes           0 bytes (0 flexes)
eyeballs         0 bytes (0 eyeballs)
flexes           0 bytes (0 flexes)
eyeballs         0 bytes (0 eyeballs)
flexes           0 bytes (0 flexes)
eyeballs         0 bytes (0 eyeballs)
flexes           0 bytes (0 flexes)
eyeballs         0 bytes (0 eyeballs)
flexes           0 bytes (0 flexes)
eyeballs         0 bytes (0 eyeballs)
flexes           0 bytes (0 flexes)
eyeballs         0 bytes (0 eyeballs)
flexes           0 bytes (0 flexes)
eyeballs         0 bytes (0 eyeballs)
flexes           0 bytes (0 flexes)
eyeballs         0 bytes (0 eyeballs)
flexes           0 bytes (0 flexes)
eyeballs         0 bytes (0 eyeballs)
flexes           0 bytes (0 flexes)
eyeballs         0 bytes (0 eyeballs)
flexes           0 bytes (0 flexes)
eyeballs         0 bytes (0 eyeballs)
flexes           0 bytes (0 flexes)
eyeballs         0 bytes (0 eyeballs)
flexes           0 bytes (0 flexes)
eyeballs         0 bytes (0 eyeballs)
flexes           0 bytes (0 flexes)
eyeballs         0 bytes (0 eyeballs)
flexes           0 bytes (0 flexes)
eyeballs         0 bytes (0 eyeballs)
flexes           0 bytes (0 flexes)
eyeballs         0 bytes (0 eyeballs)
flexes           0 bytes (0 flexes)
eyeballs         0 bytes (0 eyeballs)
flexes           0 bytes (0 flexes)
eyeballs         0 bytes (0 eyeballs)
flexes           0 bytes (0 flexes)
eyeballs         0 bytes (0 eyeballs)
flexes           0 bytes (0 flexes)
eyeballs         0 bytes (0 eyeballs)
flexes           0 bytes (0 flexes)
eyeballs         0 bytes (0 eyeballs)
flexes           0 bytes (0 flexes)
eyeballs         0 bytes (0 eyeballs)
flexes           0 bytes (0 flexes)
eyeballs         0 bytes (0 eyeballs)
flexes           0 bytes (0 flexes)
eyeballs         0 bytes (0 eyeballs)
flexes           0 bytes (0 flexes)
eyeballs         0 bytes (0 eyeballs)
flexes           0 bytes (0 flexes)
eyeballs         0 bytes (0 eyeballs)
flexes           0 bytes (0 flexes)
eyeballs         0 bytes (0 eyeballs)
flexes           0 bytes (0 flexes)
eyeballs         0 bytes (0 eyeballs)
flexes           0 bytes (0 flexes)
eyeballs         0 bytes (0 eyeballs)
flexes           0 bytes (0 flexes)
eyeballs         0 bytes (0 eyeballs)
flexes           0 bytes (0 flexes)
eyeballs         0 bytes (0 eyeballs)
flexes           0 bytes (0 flexes)
eyeballs         0 bytes (0 eyeballs)
flexes           0 bytes (0 flexes)
eyeballs         0 bytes (0 eyeballs)
flexes           0 bytes (0 flexes)
eyeballs         0 bytes (0 eyeballs)
flexes           0 bytes (0 flexes)
textures       212 bytes
keyvalues       20 bytes
bone transforms    15840 bytes
bone flex driver       0 bytes
collision        0 bytes
total       818068
---------------------
writing C:\Program Files (x86)\Steam\steamapps\common\GarrysMod\garrysmod\addons\mcv\work\compile_test_game\models/weapons/mcv/v_m1919a6.vvd:
vertices    661632 bytes (13784 vertices)
vertices     40176 bytes (837 vertices)
vertices     40176 bytes (837 vertices)
vertices     40176 bytes (837 vertices)
vertices     40176 bytes (837 vertices)
vertices     40176 bytes (837 vertices)
vertices     40176 bytes (837 vertices)
vertices     40176 bytes (837 vertices)
vertices     40176 bytes (837 vertices)
vertices     40176 bytes (837 vertices)
vertices     40176 bytes (837 vertices)
vertices     40176 bytes (837 vertices)
vertices     40176 bytes (837 vertices)
vertices     40176 bytes (837 vertices)
vertices     40176 bytes (837 vertices)
vertices     40176 bytes (837 vertices)
vertices     40176 bytes (837 vertices)
vertices     40176 bytes (837 vertices)
tangents    220544 bytes (13784 vertices)
tangents     13392 bytes (837 vertices)
tangents     13392 bytes (837 vertices)
tangents     13392 bytes (837 vertices)
tangents     13392 bytes (837 vertices)
tangents     13392 bytes (837 vertices)
tangents     13392 bytes (837 vertices)
tangents     13392 bytes (837 vertices)
tangents     13392 bytes (837 vertices)
tangents     13392 bytes (837 vertices)
tangents     13392 bytes (837 vertices)
tangents     13392 bytes (837 vertices)
tangents     13392 bytes (837 vertices)
tangents     13392 bytes (837 vertices)
tangents     13392 bytes (837 vertices)
tangents     13392 bytes (837 vertices)
tangents     13392 bytes (837 vertices)
tangents     13392 bytes (837 vertices)
total      1792896 bytes
---------------------
Generating optimized mesh "C:\Program Files (x86)\Steam\steamapps\common\GarrysMod\garrysmod\addons\mcv\work\compile_test_game\models/weapons/mcv/v_m1919a6.dx80.vtx":
body parts:       144 bytes
models:           700 bytes
model LODs:       420 bytes
meshes:           315 bytes
strip groups:     875 bytes
strips:           945 bytes
verts:         252117 bytes
indices:       177516 bytes
bone changes:     344 bytes
everything:    432992 bytes
---------------------
Generating optimized mesh "C:\Program Files (x86)\Steam\steamapps\common\GarrysMod\garrysmod\addons\mcv\work\compile_test_game\models/weapons/mcv/v_m1919a6.dx90.vtx":
body parts:       144 bytes
models:           700 bytes
model LODs:       420 bytes
meshes:           315 bytes
strip groups:     875 bytes
strips:           945 bytes
verts:         252117 bytes
indices:       177516 bytes
bone changes:     344 bytes
everything:    432992 bytes

Completed "v_m1919a6.qc"
