StudioMDL.exe (Apr 27 2026) - Garry's Mod Edition
WARNING: Failed to load keyvalues file cfg/mount.cfg!
qdir:    "c:\program files (x86)\steam\steamapps\common\garrysmod\garrysmod\addons\mcv\work\mcv_smd_port\weapons\v_m1c\"
gamedir: "C:\Program Files (x86)\Steam\steamapps\common\GarrysMod\garrysmod\addons\mcv\work\compile_test_game\"
g_path:  "C:\Program Files (x86)\Steam\steamapps\common\GarrysMod\garrysmod\addons\mcv\work\MCV_SMD_PORT\weapons\v_m1c\v_m1c.qc"
Building binary model files...
Working on "v_m1c.qc"
SMD MODEL ..\..\..\MCV_SMD_OG\weapons\v_m1c\m1a1c_ref.smd
SMD MODEL ..\..\..\MCV_SMD_OG\weapons\v_m1c\v_bayonet_new.smd
SMD MODEL ..\..\..\MCV_SMD_OG\weapons\v_m1c\m1c_mount.smd
SMD MODEL ..\..\..\MCV_SMD_OG\weapons\v_m1c\m1c_grenade.smd
SMD MODEL ..\..\..\MCV_SMD_OG\weapons\v_m1c\v_m1c_anims\runIdle_a_corrective_animation.smd
SMD MODEL ..\..\..\MCV_SMD_OG\weapons\v_m1c\v_m1c_anims\run_a_corrective_animation.smd
SMD MODEL ..\..\..\MCV_SMD_OG\weapons\v_m1c\v_m1c_anims\walkIdle_a_corrective_animation.smd
SMD MODEL ..\..\..\MCV_SMD_OG\weapons\v_m1c\v_m1c_anims\walk_a_corrective_animation.smd
SMD MODEL ..\..\..\MCV_SMD_OG\weapons\v_m1c\v_m1c_anims\shoot1_a_corrective_animation.smd
SMD MODEL ..\..\..\MCV_SMD_OG\weapons\v_m1c\v_m1c_anims\shoot1_ironsight_a_corrective_animation.smd
SMD MODEL ..\..\..\MCV_SMD_OG\weapons\v_m1c\v_m1c_anims\shoot2_a_corrective_animation.smd
SMD MODEL ..\..\..\MCV_SMD_OG\weapons\v_m1c\v_m1c_anims\shoot2_ironsight_a_corrective_animation.smd
SMD MODEL ..\..\..\MCV_SMD_OG\weapons\v_m1c\v_m1c_anims\shoot3_a_corrective_animation.smd
SMD MODEL ..\..\..\MCV_SMD_OG\weapons\v_m1c\v_m1c_anims\shoot3_ironsight_a_corrective_animation.smd
SMD MODEL ..\..\..\MCV_SMD_OG\weapons\v_m1c\v_m1c_anims\gren_shoot1_a_corrective_animation.smd
SMD MODEL ..\..\..\MCV_SMD_OG\weapons\v_m1c\v_m1c_anims\gren_shoot1_ironsight_a_corrective_animation.smd
SMD MODEL ..\..\..\MCV_SMD_OG\weapons\v_m1c\v_m1c_anims\basePose_a.smd
SMD MODEL ..\..\..\MCV_SMD_OG\weapons\v_m1c\v_m1c_anims\ironsight.smd
SMD MODEL ..\..\..\MCV_SMD_OG\weapons\v_m1c\v_m1c_anims\ironsight_transition.smd
SMD MODEL ..\..\..\MCV_SMD_OG\weapons\v_m1c\v_m1c_anims\runIdle_a.smd
SMD MODEL ..\..\..\MCV_SMD_OG\weapons\v_m1c\v_m1c_anims\run_a.smd
SMD MODEL ..\..\..\MCV_SMD_OG\weapons\v_m1c\v_m1c_anims\walkIdle_a.smd
SMD MODEL ..\..\..\MCV_SMD_OG\weapons\v_m1c\v_m1c_anims\walk_a.smd
SMD MODEL ..\..\..\MCV_SMD_OG\weapons\v_m1c\v_m1c_anims\shoot_ironsight_delta.smd
SMD MODEL ..\..\..\MCV_SMD_OG\weapons\v_m1c\v_m1c_anims\shoot1_a.smd
SMD MODEL ..\..\..\MCV_SMD_OG\weapons\v_m1c\v_m1c_anims\shoot1_ironsight_a.smd
SMD MODEL ..\..\..\MCV_SMD_OG\weapons\v_m1c\v_m1c_anims\shoot2_a.smd
SMD MODEL ..\..\..\MCV_SMD_OG\weapons\v_m1c\v_m1c_anims\shoot2_ironsight_a.smd
SMD MODEL ..\..\..\MCV_SMD_OG\weapons\v_m1c\v_m1c_anims\shoot3_a.smd
SMD MODEL ..\..\..\MCV_SMD_OG\weapons\v_m1c\v_m1c_anims\shoot3_ironsight_a.smd
SMD MODEL ..\..\..\MCV_SMD_OG\weapons\v_m1c\v_m1c_anims\nearwall_start.smd
SMD MODEL ..\..\..\MCV_SMD_OG\weapons\v_m1c\v_m1c_anims\nearwall_start_i.smd
SMD MODEL ..\..\..\MCV_SMD_OG\weapons\v_m1c\v_m1c_anims\nearwall_loop.smd
SMD MODEL ..\..\..\MCV_SMD_OG\weapons\v_m1c\v_m1c_anims\nearwall_loop_i.smd
SMD MODEL ..\..\..\MCV_SMD_OG\weapons\v_m1c\v_m1c_anims\nearwall_end.smd
SMD MODEL ..\..\..\MCV_SMD_OG\weapons\v_m1c\v_m1c_anims\nearwall_end_i.smd
SMD MODEL ..\..\..\MCV_SMD_OG\weapons\v_m1c\v_m1c_anims\proneF.smd
SMD MODEL ..\..\..\MCV_SMD_OG\weapons\v_m1c\v_m1c_anims\proneB.smd
SMD MODEL ..\..\..\MCV_SMD_OG\weapons\v_m1c\v_m1c_anims\proneL.smd
SMD MODEL ..\..\..\MCV_SMD_OG\weapons\v_m1c\v_m1c_anims\proneR.smd
SMD MODEL ..\..\..\MCV_SMD_OG\weapons\v_m1c\v_m1c_anims\pickup_start.smd
SMD MODEL ..\..\..\MCV_SMD_OG\weapons\v_m1c\v_m1c_anims\pickup_start_i.smd
SMD MODEL ..\..\..\MCV_SMD_OG\weapons\v_m1c\v_m1c_anims\pickup_loop.smd
SMD MODEL ..\..\..\MCV_SMD_OG\weapons\v_m1c\v_m1c_anims\pickup_loop_i.smd
SMD MODEL ..\..\..\MCV_SMD_OG\weapons\v_m1c\v_m1c_anims\pickup_end.smd
SMD MODEL ..\..\..\MCV_SMD_OG\weapons\v_m1c\v_m1c_anims\pickup_end_i.smd
SMD MODEL ..\..\..\MCV_SMD_OG\weapons\v_m1c\v_m1c_anims\bayonet_unequip_a.smd
SMD MODEL ..\..\..\MCV_SMD_OG\weapons\v_m1c\v_m1c_anims\bayonet_unequip_a_i.smd
SMD MODEL ..\..\..\MCV_SMD_OG\weapons\v_m1c\v_m1c_anims\bayonet_equip_a.smd
SMD MODEL ..\..\..\MCV_SMD_OG\weapons\v_m1c\v_m1c_anims\bayonet_equip_a_i.smd
SMD MODEL ..\..\..\MCV_SMD_OG\weapons\v_m1c\v_m1c_anims\bayonet_bash_a.smd
SMD MODEL ..\..\..\MCV_SMD_OG\weapons\v_m1c\v_m1c_anims\bayonet_bash_a_i.smd
SMD MODEL ..\..\..\MCV_SMD_OG\weapons\v_m1c\v_m1c_anims\grenade_ironsight.smd
SMD MODEL ..\..\..\MCV_SMD_OG\weapons\v_m1c\v_m1c_anims\gren_shoot1_a.smd
SMD MODEL ..\..\..\MCV_SMD_OG\weapons\v_m1c\v_m1c_anims\gren_shoot1_ironsight_a.smd
SMD MODEL ..\..\..\MCV_SMD_OG\weapons\v_m1c\v_m1c_anims\gren_reload_a.smd
SMD MODEL ..\..\..\MCV_SMD_OG\weapons\v_m1c\v_m1c_anims\gren_reload_a_i.smd
SMD MODEL ..\..\..\MCV_SMD_OG\weapons\v_m1c\v_m1c_anims\ChargeStart_a.smd
SMD MODEL ..\..\..\MCV_SMD_OG\weapons\v_m1c\v_m1c_anims\ChargeStart_a_i.smd
SMD MODEL ..\..\..\MCV_SMD_OG\weapons\v_m1c\v_m1c_anims\ChargeLoop_a.smd
SMD MODEL ..\..\..\MCV_SMD_OG\weapons\v_m1c\v_m1c_anims\ChargeLoop_a_i.smd
SMD MODEL ..\..\..\MCV_SMD_OG\weapons\v_m1c\v_m1c_anims\ChargeEnd_a.smd
SMD MODEL ..\..\..\MCV_SMD_OG\weapons\v_m1c\v_m1c_anims\ChargeEnd_a_i.smd
SMD MODEL ..\..\..\MCV_SMD_OG\weapons\v_m1c\v_m1c_anims\FirstDraw.smd
SMD MODEL ..\..\..\MCV_SMD_OG\weapons\v_m1c\v_m1c_anims\FirstDraw_2.smd
SMD MODEL ..\..\..\MCV_SMD_OG\weapons\v_m1c\v_m1c_anims\draw.smd
SMD MODEL ..\..\..\MCV_SMD_OG\weapons\v_m1c\v_m1c_anims\draw_2.smd
SMD MODEL ..\..\..\MCV_SMD_OG\weapons\v_m1c\v_m1c_anims\reload.smd
SMD MODEL ..\..\..\MCV_SMD_OG\weapons\v_m1c\v_m1c_anims\reload_2.smd
SMD MODEL ..\..\..\MCV_SMD_OG\weapons\v_m1c\v_m1c_anims\reload_empty.smd
SMD MODEL ..\..\..\MCV_SMD_OG\weapons\v_m1c\v_m1c_anims\reload_empty_2.smd
SMD MODEL ..\..\..\MCV_SMD_OG\weapons\v_m1c\v_m1c_anims\bash.smd
SMD MODEL ..\..\..\MCV_SMD_OG\weapons\v_m1c\v_m1c_anims\bash_2.smd
SMD MODEL ..\..\..\MCV_SMD_OG\weapons\v_m1c\v_m1c_anims\holster.smd
SMD MODEL ..\..\..\MCV_SMD_OG\weapons\v_m1c\v_m1c_anims\grenade_draw.smd
SMD MODEL ..\..\..\MCV_SMD_OG\weapons\v_m1c\v_m1c_anims\grenade_draw_2.smd
SMD MODEL ..\..\..\MCV_SMD_OG\weapons\v_m1c\v_m1c_anims\grenade_draw_empty.smd
SMD MODEL ..\..\..\MCV_SMD_OG\weapons\v_m1c\v_m1c_anims\grenade_draw_empty_2.smd
Processing LOD for material: m1c
Processing LOD for material: m1a1c
Processing LOD for material: shells_small
Processing LOD for material: m7_d
Processing LOD for material: rifle_glmounts
Processing LOD for material: rifle_grenades
---------------------
writing C:\Program Files (x86)\Steam\steamapps\common\GarrysMod\garrysmod\addons\mcv\work\compile_test_game\models/weapons/mcv/v_m1c.mdl:
Loading preexisting model: C:\Program Files (x86)\Steam\steamapps\common\GarrysMod\garrysmod\addons\mcv\work\compile_test_game\models/weapons/mcv/v_m1c.mdl
WARNING: LoadPreexistingSequenceOrder: Zero-size file or no sequences.
bones        22992 bytes (100)
animations  250024 bytes (78 anims) (2389 frames) [1:19]
sequences    12976 bytes (36 seq) 
ik/pose       1160 bytes
eyeballs         0 bytes (0 eyeballs)
flexes           0 bytes (0 flexes)
eyeballs         0 bytes (0 eyeballs)
flexes           0 bytes (0 flexes)
eyeballs         0 bytes (0 eyeballs)
flexes           0 bytes (0 flexes)
eyeballs         0 bytes (0 eyeballs)
flexes           0 bytes (0 flexes)
eyeballs         0 bytes (0 eyeballs)
flexes           0 bytes (0 flexes)
eyeballs         0 bytes (0 eyeballs)
flexes           0 bytes (0 flexes)
eyeballs         0 bytes (0 eyeballs)
flexes           0 bytes (0 flexes)
textures       412 bytes
keyvalues       20 bytes
bone transforms    13664 bytes
bone flex driver       0 bytes
collision        0 bytes
total       306180
---------------------
writing C:\Program Files (x86)\Steam\steamapps\common\GarrysMod\garrysmod\addons\mcv\work\compile_test_game\models/weapons/mcv/v_m1c.vvd:
vertices    745056 bytes (15522 vertices)
vertices     98160 bytes (2045 vertices)
vertices    104544 bytes (2178 vertices)
vertices     89232 bytes (1859 vertices)
tangents    248352 bytes (15522 vertices)
tangents     32720 bytes (2045 vertices)
tangents     34848 bytes (2178 vertices)
tangents     29744 bytes (1859 vertices)
total      1382720 bytes
---------------------
Generating optimized mesh "C:\Program Files (x86)\Steam\steamapps\common\GarrysMod\garrysmod\addons\mcv\work\compile_test_game\models/weapons/mcv/v_m1c.dx80.vtx":
body parts:        32 bytes
models:           140 bytes
model LODs:        84 bytes
meshes:            54 bytes
strip groups:     150 bytes
strips:           162 bytes
verts:         194436 bytes
indices:       170004 bytes
bone changes:     104 bytes
everything:    365118 bytes
---------------------
Generating optimized mesh "C:\Program Files (x86)\Steam\steamapps\common\GarrysMod\garrysmod\addons\mcv\work\compile_test_game\models/weapons/mcv/v_m1c.dx90.vtx":
body parts:        32 bytes
models:           140 bytes
model LODs:        84 bytes
meshes:            54 bytes
strip groups:     150 bytes
strips:           162 bytes
verts:         194436 bytes
indices:       170004 bytes
bone changes:     104 bytes
everything:    365118 bytes

Completed "v_m1c.qc"
