StudioMDL.exe (Apr 27 2026) - Garry's Mod Edition
WARNING: Failed to load keyvalues file cfg/mount.cfg!
qdir:    "c:\program files (x86)\steam\steamapps\common\garrysmod\garrysmod\addons\mcv\work\mcv_smd_port\weapons\v_m14e2\"
gamedir: "C:\Program Files (x86)\Steam\steamapps\common\GarrysMod\garrysmod\addons\mcv\work\compile_test_game\"
g_path:  "C:\Program Files (x86)\Steam\steamapps\common\GarrysMod\garrysmod\addons\mcv\work\MCV_SMD_PORT\weapons\v_m14e2\v_m14e2.qc"
Building binary model files...
Working on "v_m14e2.qc"
SMD MODEL ..\..\..\MCV_SMD_OG\weapons\v_m14e2\v_m14e2.smd
SMD MODEL ..\..\..\MCV_SMD_OG\weapons\v_m14e2\v_m14e2_anims\Default_corrective_animation.smd
SMD MODEL ..\..\..\MCV_SMD_OG\weapons\v_m14e2\v_m14e2_anims\Slideback_corrective_animation.smd
SMD MODEL ..\..\..\MCV_SMD_OG\weapons\v_m14e2\v_m14e2_anims\runIdle_a_corrective_animation.smd
SMD MODEL ..\..\..\MCV_SMD_OG\weapons\v_m14e2\v_m14e2_anims\run_a_corrective_animation.smd
SMD MODEL ..\..\..\MCV_SMD_OG\weapons\v_m14e2\v_m14e2_anims\walkIdle_a_corrective_animation.smd
SMD MODEL ..\..\..\MCV_SMD_OG\weapons\v_m14e2\v_m14e2_anims\walk_a_corrective_animation.smd
SMD MODEL ..\..\..\MCV_SMD_OG\weapons\v_m14e2\v_m14e2_anims\boltShootMovementA_corrective_animation.smd
SMD MODEL ..\..\..\MCV_SMD_OG\weapons\v_m14e2\v_m14e2_anims\boltShootNoMovementA_corrective_animation.smd
SMD MODEL ..\..\..\MCV_SMD_OG\weapons\v_m14e2\v_m14e2_anims\shoot1_a_corrective_animation.smd
SMD MODEL ..\..\..\MCV_SMD_OG\weapons\v_m14e2\v_m14e2_anims\shoot1_ironsight_a_corrective_animation.smd
SMD MODEL ..\..\..\MCV_SMD_OG\weapons\v_m14e2\v_m14e2_anims\shoot2_a_corrective_animation.smd
SMD MODEL ..\..\..\MCV_SMD_OG\weapons\v_m14e2\v_m14e2_anims\shoot2_ironsight_a_corrective_animation.smd
SMD MODEL ..\..\..\MCV_SMD_OG\weapons\v_m14e2\v_m14e2_anims\shoot3_a_corrective_animation.smd
SMD MODEL ..\..\..\MCV_SMD_OG\weapons\v_m14e2\v_m14e2_anims\shoot3_ironsight_a_corrective_animation.smd
SMD MODEL ..\..\..\MCV_SMD_OG\weapons\v_m14e2\v_m14e2_anims\boltShootMovementDA_corrective_animation.smd
SMD MODEL ..\..\..\MCV_SMD_OG\weapons\v_m14e2\v_m14e2_anims\boltShootNoMovementDA_corrective_animation.smd
SMD MODEL ..\..\..\MCV_SMD_OG\weapons\v_m14e2\v_m14e2_anims\shoot1_d_a_corrective_animation.smd
SMD MODEL ..\..\..\MCV_SMD_OG\weapons\v_m14e2\v_m14e2_anims\shoot1_d_i_a_corrective_animation.smd
SMD MODEL ..\..\..\MCV_SMD_OG\weapons\v_m14e2\v_m14e2_anims\shoot2_d_a_corrective_animation.smd
SMD MODEL ..\..\..\MCV_SMD_OG\weapons\v_m14e2\v_m14e2_anims\shoot2_d_i_a_corrective_animation.smd
SMD MODEL ..\..\..\MCV_SMD_OG\weapons\v_m14e2\v_m14e2_anims\shoot3_d_a_corrective_animation.smd
SMD MODEL ..\..\..\MCV_SMD_OG\weapons\v_m14e2\v_m14e2_anims\shoot3_d_i_a_corrective_animation.smd
SMD MODEL ..\..\..\MCV_SMD_OG\weapons\v_m14e2\v_m14e2_anims\PoseDelta.smd
SMD MODEL ..\..\..\MCV_SMD_OG\weapons\v_m14e2\v_m14e2_anims\Default.smd
SMD MODEL ..\..\..\MCV_SMD_OG\weapons\v_m14e2\v_m14e2_anims\Slideback.smd
SMD MODEL ..\..\..\MCV_SMD_OG\weapons\v_m14e2\v_m14e2_anims\basePose_a.smd
SMD MODEL ..\..\..\MCV_SMD_OG\weapons\v_m14e2\v_m14e2_anims\ironsight.smd
SMD MODEL ..\..\..\MCV_SMD_OG\weapons\v_m14e2\v_m14e2_anims\ironsight_transition.smd
SMD MODEL ..\..\..\MCV_SMD_OG\weapons\v_m14e2\v_m14e2_anims\walkBase.smd
SMD MODEL ..\..\..\MCV_SMD_OG\weapons\v_m14e2\v_m14e2_anims\runIdle_a.smd
SMD MODEL ..\..\..\MCV_SMD_OG\weapons\v_m14e2\v_m14e2_anims\run_a.smd
SMD MODEL ..\..\..\MCV_SMD_OG\weapons\v_m14e2\v_m14e2_anims\walkIdle_a.smd
SMD MODEL fixed_anims\walk_a.smd
SMD MODEL ..\..\..\MCV_SMD_OG\weapons\v_m14e2\v_m14e2_anims\boltShootMovementA.smd
SMD MODEL ..\..\..\MCV_SMD_OG\weapons\v_m14e2\v_m14e2_anims\boltShootNoMovementA.smd
SMD MODEL ..\..\..\MCV_SMD_OG\weapons\v_m14e2\v_m14e2_anims\shoot1_ironsight_delta.smd
SMD MODEL ..\..\..\MCV_SMD_OG\weapons\v_m14e2\v_m14e2_anims\shoot1_a.smd
SMD MODEL ..\..\..\MCV_SMD_OG\weapons\v_m14e2\v_m14e2_anims\shoot1_ironsight_a.smd
SMD MODEL ..\..\..\MCV_SMD_OG\weapons\v_m14e2\v_m14e2_anims\shoot2_a.smd
SMD MODEL ..\..\..\MCV_SMD_OG\weapons\v_m14e2\v_m14e2_anims\shoot2_ironsight_a.smd
SMD MODEL ..\..\..\MCV_SMD_OG\weapons\v_m14e2\v_m14e2_anims\shoot3_a.smd
SMD MODEL ..\..\..\MCV_SMD_OG\weapons\v_m14e2\v_m14e2_anims\shoot3_ironsight_a.smd
SMD MODEL ..\..\..\MCV_SMD_OG\weapons\v_m14e2\v_m14e2_anims\nearwall_s_a.smd
SMD MODEL ..\..\..\MCV_SMD_OG\weapons\v_m14e2\v_m14e2_anims\nearwall_s_a_i.smd
SMD MODEL ..\..\..\MCV_SMD_OG\weapons\v_m14e2\v_m14e2_anims\nearwall_a.smd
SMD MODEL ..\..\..\MCV_SMD_OG\weapons\v_m14e2\v_m14e2_anims\nearwall_a_i.smd
SMD MODEL ..\..\..\MCV_SMD_OG\weapons\v_m14e2\v_m14e2_anims\nearwall_e_a.smd
SMD MODEL ..\..\..\MCV_SMD_OG\weapons\v_m14e2\v_m14e2_anims\nearwall_e_a_i.smd
SMD MODEL ..\..\..\MCV_SMD_OG\weapons\v_m14e2\v_m14e2_anims\proneF.smd
SMD MODEL ..\..\..\MCV_SMD_OG\weapons\v_m14e2\v_m14e2_anims\proneB.smd
SMD MODEL ..\..\..\MCV_SMD_OG\weapons\v_m14e2\v_m14e2_anims\proneL.smd
SMD MODEL ..\..\..\MCV_SMD_OG\weapons\v_m14e2\v_m14e2_anims\proneR.smd
SMD MODEL ..\..\..\MCV_SMD_OG\weapons\v_m14e2\v_m14e2_anims\pickup_s_a.smd
SMD MODEL ..\..\..\MCV_SMD_OG\weapons\v_m14e2\v_m14e2_anims\pickup_s_a_i.smd
SMD MODEL ..\..\..\MCV_SMD_OG\weapons\v_m14e2\v_m14e2_anims\pickup_a.smd
SMD MODEL ..\..\..\MCV_SMD_OG\weapons\v_m14e2\v_m14e2_anims\pickup_a_i.smd
SMD MODEL ..\..\..\MCV_SMD_OG\weapons\v_m14e2\v_m14e2_anims\pickup_e_a.smd
SMD MODEL ..\..\..\MCV_SMD_OG\weapons\v_m14e2\v_m14e2_anims\pickup_e_a_i.smd
SMD MODEL ..\..\..\MCV_SMD_OG\weapons\v_m14e2\v_m14e2_anims\deploy_s_a.smd
SMD MODEL ..\..\..\MCV_SMD_OG\weapons\v_m14e2\v_m14e2_anims\deploy_s_a_i.smd
SMD MODEL ..\..\..\MCV_SMD_OG\weapons\v_m14e2\v_m14e2_anims\deploy_a.smd
SMD MODEL ..\..\..\MCV_SMD_OG\weapons\v_m14e2\v_m14e2_anims\ironsightdeploy.smd
SMD MODEL ..\..\..\MCV_SMD_OG\weapons\v_m14e2\v_m14e2_anims\boltShootMovementDA.smd
SMD MODEL ..\..\..\MCV_SMD_OG\weapons\v_m14e2\v_m14e2_anims\boltShootNoMovementDA.smd
SMD MODEL ..\..\..\MCV_SMD_OG\weapons\v_m14e2\v_m14e2_anims\shoot1_d_a.smd
SMD MODEL ..\..\..\MCV_SMD_OG\weapons\v_m14e2\v_m14e2_anims\shoot1_d_i_a.smd
SMD MODEL ..\..\..\MCV_SMD_OG\weapons\v_m14e2\v_m14e2_anims\shoot2_d_a.smd
SMD MODEL ..\..\..\MCV_SMD_OG\weapons\v_m14e2\v_m14e2_anims\shoot2_d_i_a.smd
SMD MODEL ..\..\..\MCV_SMD_OG\weapons\v_m14e2\v_m14e2_anims\shoot3_d_a.smd
SMD MODEL ..\..\..\MCV_SMD_OG\weapons\v_m14e2\v_m14e2_anims\shoot3_d_i_a.smd
SMD MODEL ..\..\..\MCV_SMD_OG\weapons\v_m14e2\v_m14e2_anims\deploy_e_a.smd
SMD MODEL ..\..\..\MCV_SMD_OG\weapons\v_m14e2\v_m14e2_anims\deploy_e_a_i.smd
SMD MODEL ..\..\..\MCV_SMD_OG\weapons\v_m14e2\v_m14e2_anims\proneF_d.smd
SMD MODEL ..\..\..\MCV_SMD_OG\weapons\v_m14e2\v_m14e2_anims\proneB_d.smd
SMD MODEL ..\..\..\MCV_SMD_OG\weapons\v_m14e2\v_m14e2_anims\proneL_d.smd
SMD MODEL ..\..\..\MCV_SMD_OG\weapons\v_m14e2\v_m14e2_anims\proneR_d.smd
SMD MODEL ..\..\..\MCV_SMD_OG\weapons\v_m14e2\v_m14e2_anims\change_firemode_idle_d.smd
SMD MODEL ..\..\..\MCV_SMD_OG\weapons\v_m14e2\v_m14e2_anims\change_firemode_iron_d.smd
SMD MODEL ..\..\..\MCV_SMD_OG\weapons\v_m14e2\v_m14e2_anims\change_firemode_idle.smd
SMD MODEL ..\..\..\MCV_SMD_OG\weapons\v_m14e2\v_m14e2_anims\change_firemode_iron.smd
SMD MODEL ..\..\..\MCV_SMD_OG\weapons\v_m14e2\v_m14e2_anims\draw.smd
SMD MODEL ..\..\..\MCV_SMD_OG\weapons\v_m14e2\v_m14e2_anims\draw_2.smd
SMD MODEL ..\..\..\MCV_SMD_OG\weapons\v_m14e2\v_m14e2_anims\Firstdraw.smd
SMD MODEL ..\..\..\MCV_SMD_OG\weapons\v_m14e2\v_m14e2_anims\Firstdraw_2.smd
SMD MODEL ..\..\..\MCV_SMD_OG\weapons\v_m14e2\v_m14e2_anims\reload.smd
SMD MODEL ..\..\..\MCV_SMD_OG\weapons\v_m14e2\v_m14e2_anims\reload_2.smd
SMD MODEL ..\..\..\MCV_SMD_OG\weapons\v_m14e2\v_m14e2_anims\reload_empty.smd
SMD MODEL ..\..\..\MCV_SMD_OG\weapons\v_m14e2\v_m14e2_anims\reload_empty_2.smd
SMD MODEL ..\..\..\MCV_SMD_OG\weapons\v_m14e2\v_m14e2_anims\bash.smd
SMD MODEL ..\..\..\MCV_SMD_OG\weapons\v_m14e2\v_m14e2_anims\bash_2.smd
SMD MODEL ..\..\..\MCV_SMD_OG\weapons\v_m14e2\v_m14e2_anims\holster.smd
SMD MODEL ..\..\..\MCV_SMD_OG\weapons\v_m14e2\v_m14e2_anims\reload_deploy.smd
SMD MODEL ..\..\..\MCV_SMD_OG\weapons\v_m14e2\v_m14e2_anims\reload_deploy_2.smd
SMD MODEL ..\..\..\MCV_SMD_OG\weapons\v_m14e2\v_m14e2_anims\reload_deploy_empty.smd
SMD MODEL ..\..\..\MCV_SMD_OG\weapons\v_m14e2\v_m14e2_anims\reload_deploy_empty_2.smd
Processing LOD for material: shells_small
Processing LOD for material: m21n
Processing LOD for material: m14e2
---------------------
writing C:\Program Files (x86)\Steam\steamapps\common\GarrysMod\garrysmod\addons\mcv\work\compile_test_game\models/weapons/mcv/v_m14e2.mdl:
Loading preexisting model: C:\Program Files (x86)\Steam\steamapps\common\GarrysMod\garrysmod\addons\mcv\work\compile_test_game\models/weapons/mcv/v_m14e2.mdl
WARNING: LoadPreexistingSequenceOrder: Zero-size file or no sequences.
bones        23060 bytes (100)
animations  297640 bytes (100 anims) (2672 frames) [1:28]
sequences    15620 bytes (40 seq) 
ik/pose        244 bytes
eyeballs         0 bytes (0 eyeballs)
flexes           0 bytes (0 flexes)
textures       208 bytes
keyvalues       20 bytes
bone transforms    13664 bytes
bone flex driver       0 bytes
collision        0 bytes
total       355436
---------------------
writing C:\Program Files (x86)\Steam\steamapps\common\GarrysMod\garrysmod\addons\mcv\work\compile_test_game\models/weapons/mcv/v_m14e2.vvd:
vertices   1341984 bytes (27958 vertices)
tangents    447328 bytes (27958 vertices)
total      1789376 bytes
---------------------
Generating optimized mesh "C:\Program Files (x86)\Steam\steamapps\common\GarrysMod\garrysmod\addons\mcv\work\compile_test_game\models/weapons/mcv/v_m14e2.dx80.vtx":
body parts:         8 bytes
models:            20 bytes
model LODs:        12 bytes
meshes:            27 bytes
strip groups:      75 bytes
strips:            81 bytes
verts:         251622 bytes
indices:       204252 bytes
bone changes:     104 bytes
everything:    456225 bytes
---------------------
Generating optimized mesh "C:\Program Files (x86)\Steam\steamapps\common\GarrysMod\garrysmod\addons\mcv\work\compile_test_game\models/weapons/mcv/v_m14e2.dx90.vtx":
body parts:         8 bytes
models:            20 bytes
model LODs:        12 bytes
meshes:            27 bytes
strip groups:      75 bytes
strips:            81 bytes
verts:         251622 bytes
indices:       204252 bytes
bone changes:     104 bytes
everything:    456225 bytes

Completed "v_m14e2.qc"
