StudioMDL.exe (Apr 27 2026) - Garry's Mod Edition
WARNING: Failed to load keyvalues file cfg/mount.cfg!
qdir:    "c:\program files (x86)\steam\steamapps\common\garrysmod\garrysmod\addons\mcv\work\mcv_smd_port\weapons\v_m14e2_sog\"
gamedir: "C:\Program Files (x86)\Steam\steamapps\common\GarrysMod\garrysmod\addons\mcv\work\compile_test_game\"
g_path:  "C:\Program Files (x86)\Steam\steamapps\common\GarrysMod\garrysmod\addons\mcv\work\MCV_SMD_PORT\weapons\v_m14e2_sog\v_m14e2_sog.qc"
Building binary model files...
Working on "v_m14e2_sog.qc"
SMD MODEL ..\..\..\MCV_SMD_OG\weapons\v_m14e2_sog\v_m14e2_sog.smd
SMD MODEL ..\..\..\MCV_SMD_OG\weapons\v_m14e2_sog\v_m14e2_sog_anims\Default_corrective_animation.smd
SMD MODEL ..\..\..\MCV_SMD_OG\weapons\v_m14e2_sog\v_m14e2_sog_anims\Slideback_corrective_animation.smd
SMD MODEL ..\..\..\MCV_SMD_OG\weapons\v_m14e2_sog\v_m14e2_sog_anims\runIdle_a_corrective_animation.smd
SMD MODEL ..\..\..\MCV_SMD_OG\weapons\v_m14e2_sog\v_m14e2_sog_anims\run_a_corrective_animation.smd
SMD MODEL ..\..\..\MCV_SMD_OG\weapons\v_m14e2_sog\v_m14e2_sog_anims\walkIdle_a_corrective_animation.smd
SMD MODEL ..\..\..\MCV_SMD_OG\weapons\v_m14e2_sog\v_m14e2_sog_anims\walk_a_corrective_animation.smd
SMD MODEL ..\..\..\MCV_SMD_OG\weapons\v_m14e2_sog\v_m14e2_sog_anims\boltShootMovementA_corrective_animation.smd
SMD MODEL ..\..\..\MCV_SMD_OG\weapons\v_m14e2_sog\v_m14e2_sog_anims\boltShootNoMovementA_corrective_animation.smd
SMD MODEL ..\..\..\MCV_SMD_OG\weapons\v_m14e2_sog\v_m14e2_sog_anims\shoot1_a_corrective_animation.smd
SMD MODEL ..\..\..\MCV_SMD_OG\weapons\v_m14e2_sog\v_m14e2_sog_anims\shoot1_ironsight_a_corrective_animation.smd
SMD MODEL ..\..\..\MCV_SMD_OG\weapons\v_m14e2_sog\v_m14e2_sog_anims\shoot2_a_corrective_animation.smd
SMD MODEL ..\..\..\MCV_SMD_OG\weapons\v_m14e2_sog\v_m14e2_sog_anims\shoot2_ironsight_a_corrective_animation.smd
SMD MODEL ..\..\..\MCV_SMD_OG\weapons\v_m14e2_sog\v_m14e2_sog_anims\shoot3_a_corrective_animation.smd
SMD MODEL ..\..\..\MCV_SMD_OG\weapons\v_m14e2_sog\v_m14e2_sog_anims\shoot3_ironsight_a_corrective_animation.smd
SMD MODEL ..\..\..\MCV_SMD_OG\weapons\v_m14e2_sog\v_m14e2_sog_anims\PoseDelta.smd
SMD MODEL ..\..\..\MCV_SMD_OG\weapons\v_m14e2_sog\v_m14e2_sog_anims\Default.smd
SMD MODEL ..\..\..\MCV_SMD_OG\weapons\v_m14e2_sog\v_m14e2_sog_anims\Slideback.smd
SMD MODEL ..\..\..\MCV_SMD_OG\weapons\v_m14e2_sog\v_m14e2_sog_anims\basePose_a.smd
SMD MODEL ..\..\..\MCV_SMD_OG\weapons\v_m14e2_sog\v_m14e2_sog_anims\ironsight.smd
SMD MODEL ..\..\..\MCV_SMD_OG\weapons\v_m14e2_sog\v_m14e2_sog_anims\ironsight_transition.smd
SMD MODEL ..\..\..\MCV_SMD_OG\weapons\v_m14e2_sog\v_m14e2_sog_anims\walkBase.smd
SMD MODEL ..\..\..\MCV_SMD_OG\weapons\v_m14e2_sog\v_m14e2_sog_anims\runIdle_a.smd
SMD MODEL ..\..\..\MCV_SMD_OG\weapons\v_m14e2_sog\v_m14e2_sog_anims\run_a.smd
SMD MODEL ..\..\..\MCV_SMD_OG\weapons\v_m14e2_sog\v_m14e2_sog_anims\walkIdle_a.smd
SMD MODEL fixed_anims\walk_a.smd
SMD MODEL ..\..\..\MCV_SMD_OG\weapons\v_m14e2_sog\v_m14e2_sog_anims\boltShootMovementA.smd
SMD MODEL ..\..\..\MCV_SMD_OG\weapons\v_m14e2_sog\v_m14e2_sog_anims\boltShootNoMovementA.smd
SMD MODEL ..\..\..\MCV_SMD_OG\weapons\v_m14e2_sog\v_m14e2_sog_anims\shoot1_ironsight_delta.smd
SMD MODEL ..\..\..\MCV_SMD_OG\weapons\v_m14e2_sog\v_m14e2_sog_anims\shoot1_a.smd
SMD MODEL ..\..\..\MCV_SMD_OG\weapons\v_m14e2_sog\v_m14e2_sog_anims\shoot1_ironsight_a.smd
SMD MODEL ..\..\..\MCV_SMD_OG\weapons\v_m14e2_sog\v_m14e2_sog_anims\shoot2_a.smd
SMD MODEL ..\..\..\MCV_SMD_OG\weapons\v_m14e2_sog\v_m14e2_sog_anims\shoot2_ironsight_a.smd
SMD MODEL ..\..\..\MCV_SMD_OG\weapons\v_m14e2_sog\v_m14e2_sog_anims\shoot3_a.smd
SMD MODEL ..\..\..\MCV_SMD_OG\weapons\v_m14e2_sog\v_m14e2_sog_anims\shoot3_ironsight_a.smd
SMD MODEL ..\..\..\MCV_SMD_OG\weapons\v_m14e2_sog\v_m14e2_sog_anims\nearwall_s_a.smd
SMD MODEL ..\..\..\MCV_SMD_OG\weapons\v_m14e2_sog\v_m14e2_sog_anims\nearwall_s_a_i.smd
SMD MODEL ..\..\..\MCV_SMD_OG\weapons\v_m14e2_sog\v_m14e2_sog_anims\nearwall_a.smd
SMD MODEL ..\..\..\MCV_SMD_OG\weapons\v_m14e2_sog\v_m14e2_sog_anims\nearwall_a_i.smd
SMD MODEL ..\..\..\MCV_SMD_OG\weapons\v_m14e2_sog\v_m14e2_sog_anims\nearwall_e_a.smd
SMD MODEL ..\..\..\MCV_SMD_OG\weapons\v_m14e2_sog\v_m14e2_sog_anims\nearwall_e_a_i.smd
SMD MODEL ..\..\..\MCV_SMD_OG\weapons\v_m14e2_sog\v_m14e2_sog_anims\proneF.smd
SMD MODEL ..\..\..\MCV_SMD_OG\weapons\v_m14e2_sog\v_m14e2_sog_anims\proneB.smd
SMD MODEL ..\..\..\MCV_SMD_OG\weapons\v_m14e2_sog\v_m14e2_sog_anims\proneL.smd
SMD MODEL ..\..\..\MCV_SMD_OG\weapons\v_m14e2_sog\v_m14e2_sog_anims\proneR.smd
SMD MODEL ..\..\..\MCV_SMD_OG\weapons\v_m14e2_sog\v_m14e2_sog_anims\pickup_s_a.smd
SMD MODEL ..\..\..\MCV_SMD_OG\weapons\v_m14e2_sog\v_m14e2_sog_anims\pickup_s_a_i.smd
SMD MODEL ..\..\..\MCV_SMD_OG\weapons\v_m14e2_sog\v_m14e2_sog_anims\pickup_a.smd
SMD MODEL ..\..\..\MCV_SMD_OG\weapons\v_m14e2_sog\v_m14e2_sog_anims\pickup_a_i.smd
SMD MODEL ..\..\..\MCV_SMD_OG\weapons\v_m14e2_sog\v_m14e2_sog_anims\pickup_e_a.smd
SMD MODEL ..\..\..\MCV_SMD_OG\weapons\v_m14e2_sog\v_m14e2_sog_anims\pickup_e_a_i.smd
SMD MODEL ..\..\..\MCV_SMD_OG\weapons\v_m14e2_sog\v_m14e2_sog_anims\change_firemode_idle.smd
SMD MODEL ..\..\..\MCV_SMD_OG\weapons\v_m14e2_sog\v_m14e2_sog_anims\change_firemode_iron.smd
SMD MODEL ..\..\..\MCV_SMD_OG\weapons\v_m14e2_sog\v_m14e2_sog_anims\draw.smd
SMD MODEL ..\..\..\MCV_SMD_OG\weapons\v_m14e2_sog\v_m14e2_sog_anims\draw_2.smd
SMD MODEL ..\..\..\MCV_SMD_OG\weapons\v_m14e2_sog\v_m14e2_sog_anims\Firstdraw.smd
SMD MODEL ..\..\..\MCV_SMD_OG\weapons\v_m14e2_sog\v_m14e2_sog_anims\Firstdraw_2.smd
SMD MODEL ..\..\..\MCV_SMD_OG\weapons\v_m14e2_sog\v_m14e2_sog_anims\reload.smd
SMD MODEL ..\..\..\MCV_SMD_OG\weapons\v_m14e2_sog\v_m14e2_sog_anims\reload_2.smd
SMD MODEL ..\..\..\MCV_SMD_OG\weapons\v_m14e2_sog\v_m14e2_sog_anims\reload_empty.smd
SMD MODEL ..\..\..\MCV_SMD_OG\weapons\v_m14e2_sog\v_m14e2_sog_anims\reload_empty_2.smd
SMD MODEL ..\..\..\MCV_SMD_OG\weapons\v_m14e2_sog\v_m14e2_sog_anims\bash.smd
SMD MODEL ..\..\..\MCV_SMD_OG\weapons\v_m14e2_sog\v_m14e2_sog_anims\bash_2.smd
SMD MODEL ..\..\..\MCV_SMD_OG\weapons\v_m14e2_sog\v_m14e2_sog_anims\holster.smd
Processing LOD for material: m21n
Processing LOD for material: m14e2
Processing LOD for material: shells_small
---------------------
writing C:\Program Files (x86)\Steam\steamapps\common\GarrysMod\garrysmod\addons\mcv\work\compile_test_game\models/weapons/mcv/v_m14e2_sog.mdl:
Loading preexisting model: C:\Program Files (x86)\Steam\steamapps\common\GarrysMod\garrysmod\addons\mcv\work\compile_test_game\models/weapons/mcv/v_m14e2_sog.mdl
WARNING: LoadPreexistingSequenceOrder: Zero-size file or no sequences.
bones        22492 bytes (98)
animations  174720 bytes (66 anims) (1707 frames) [0:56]
sequences    10152 bytes (26 seq) 
ik/pose        244 bytes
eyeballs         0 bytes (0 eyeballs)
flexes           0 bytes (0 flexes)
textures       208 bytes
keyvalues       20 bytes
bone transforms    13392 bytes
bone flex driver       0 bytes
collision        0 bytes
total       225188
---------------------
writing C:\Program Files (x86)\Steam\steamapps\common\GarrysMod\garrysmod\addons\mcv\work\compile_test_game\models/weapons/mcv/v_m14e2_sog.vvd:
vertices   1100400 bytes (22925 vertices)
tangents    366800 bytes (22925 vertices)
total      1467264 bytes
---------------------
Generating optimized mesh "C:\Program Files (x86)\Steam\steamapps\common\GarrysMod\garrysmod\addons\mcv\work\compile_test_game\models/weapons/mcv/v_m14e2_sog.dx80.vtx":
body parts:         8 bytes
models:            20 bytes
model LODs:        12 bytes
meshes:            27 bytes
strip groups:      75 bytes
strips:            81 bytes
verts:         206325 bytes
indices:       170130 bytes
bone changes:      88 bytes
everything:    376790 bytes
---------------------
Generating optimized mesh "C:\Program Files (x86)\Steam\steamapps\common\GarrysMod\garrysmod\addons\mcv\work\compile_test_game\models/weapons/mcv/v_m14e2_sog.dx90.vtx":
body parts:         8 bytes
models:            20 bytes
model LODs:        12 bytes
meshes:            27 bytes
strip groups:      75 bytes
strips:            81 bytes
verts:         206325 bytes
indices:       170130 bytes
bone changes:      88 bytes
everything:    376790 bytes

Completed "v_m14e2_sog.qc"
