StudioMDL.exe (Apr 27 2026) - Garry's Mod Edition
WARNING: Failed to load keyvalues file cfg/mount.cfg!
qdir:    "c:\program files (x86)\steam\steamapps\common\garrysmod\garrysmod\addons\mcv\work\mcv_smd_port\weapons\v_m12\"
gamedir: "C:\Program Files (x86)\Steam\steamapps\common\GarrysMod\garrysmod\addons\mcv\work\compile_test_game\"
g_path:  "C:\Program Files (x86)\Steam\steamapps\common\GarrysMod\garrysmod\addons\mcv\work\MCV_SMD_PORT\weapons\v_m12\v_m12.qc"
Building binary model files...
Working on "v_m12.qc"
SMD MODEL ..\..\..\MCV_SMD_OG\weapons\v_m12\Ref_new.smd
SMD MODEL ..\..\..\MCV_SMD_OG\weapons\v_m12\v_m12_anims\Default_corrective_animation.smd
SMD MODEL ..\..\..\MCV_SMD_OG\weapons\v_m12\v_m12_anims\Slideback_corrective_animation.smd
SMD MODEL ..\..\..\MCV_SMD_OG\weapons\v_m12\v_m12_anims\runIdle_a_corrective_animation.smd
SMD MODEL ..\..\..\MCV_SMD_OG\weapons\v_m12\v_m12_anims\run_a_corrective_animation.smd
SMD MODEL ..\..\..\MCV_SMD_OG\weapons\v_m12\v_m12_anims\walkIdle_a_corrective_animation.smd
SMD MODEL ..\..\..\MCV_SMD_OG\weapons\v_m12\v_m12_anims\walk_a_corrective_animation.smd
SMD MODEL ..\..\..\MCV_SMD_OG\weapons\v_m12\v_m12_anims\ShootMove_corrective_animation.smd
SMD MODEL ..\..\..\MCV_SMD_OG\weapons\v_m12\v_m12_anims\ShootStill_corrective_animation.smd
SMD MODEL ..\..\..\MCV_SMD_OG\weapons\v_m12\v_m12_anims\shoot1_a_corrective_animation.smd
SMD MODEL ..\..\..\MCV_SMD_OG\weapons\v_m12\v_m12_anims\shoot1_ironsight_a_corrective_animation.smd
SMD MODEL ..\..\..\MCV_SMD_OG\weapons\v_m12\v_m12_anims\shoot2_a_corrective_animation.smd
SMD MODEL ..\..\..\MCV_SMD_OG\weapons\v_m12\v_m12_anims\shoot2_ironsight_a_corrective_animation.smd
SMD MODEL ..\..\..\MCV_SMD_OG\weapons\v_m12\v_m12_anims\shoot3_a_corrective_animation.smd
SMD MODEL ..\..\..\MCV_SMD_OG\weapons\v_m12\v_m12_anims\shoot3_ironsight_a_corrective_animation.smd
SMD MODEL ..\..\..\MCV_SMD_OG\weapons\v_m12\v_m12_anims\PoseDelta.smd
SMD MODEL ..\..\..\MCV_SMD_OG\weapons\v_m12\v_m12_anims\PoseDelta2.smd
SMD MODEL ..\..\..\MCV_SMD_OG\weapons\v_m12\v_m12_anims\Default.smd
SMD MODEL ..\..\..\MCV_SMD_OG\weapons\v_m12\v_m12_anims\Slideback.smd
SMD MODEL ..\..\..\MCV_SMD_OG\weapons\v_m12\v_m12_anims\ShootMove.smd
SMD MODEL ..\..\..\MCV_SMD_OG\weapons\v_m12\v_m12_anims\ShootStill.smd
SMD MODEL ..\..\..\MCV_SMD_OG\weapons\v_m12\v_m12_anims\basePose_a.smd
SMD MODEL ..\..\..\MCV_SMD_OG\weapons\v_m12\v_m12_anims\ironsight.smd
SMD MODEL ..\..\..\MCV_SMD_OG\weapons\v_m12\v_m12_anims\ironsight_transition.smd
SMD MODEL ..\..\..\MCV_SMD_OG\weapons\v_m12\v_m12_anims\runIdle_a.smd
SMD MODEL ..\..\..\MCV_SMD_OG\weapons\v_m12\v_m12_anims\run_a.smd
SMD MODEL ..\..\..\MCV_SMD_OG\weapons\v_m12\v_m12_anims\walkIdle_a.smd
SMD MODEL ..\..\..\MCV_SMD_OG\weapons\v_m12\v_m12_anims\walk_a.smd
SMD MODEL ..\..\..\MCV_SMD_OG\weapons\v_m12\v_m12_anims\shoot1_a.smd
SMD MODEL ..\..\..\MCV_SMD_OG\weapons\v_m12\v_m12_anims\shoot1_ironsight_a.smd
SMD MODEL ..\..\..\MCV_SMD_OG\weapons\v_m12\v_m12_anims\shoot2_a.smd
SMD MODEL ..\..\..\MCV_SMD_OG\weapons\v_m12\v_m12_anims\shoot2_ironsight_a.smd
SMD MODEL ..\..\..\MCV_SMD_OG\weapons\v_m12\v_m12_anims\shoot3_a.smd
SMD MODEL ..\..\..\MCV_SMD_OG\weapons\v_m12\v_m12_anims\shoot3_ironsight_a.smd
SMD MODEL ..\..\..\MCV_SMD_OG\weapons\v_m12\v_m12_anims\nearwall_s_a.smd
SMD MODEL ..\..\..\MCV_SMD_OG\weapons\v_m12\v_m12_anims\nearwall_s_a_i.smd
SMD MODEL ..\..\..\MCV_SMD_OG\weapons\v_m12\v_m12_anims\nearwall_a.smd
SMD MODEL ..\..\..\MCV_SMD_OG\weapons\v_m12\v_m12_anims\nearwall_a_i.smd
SMD MODEL ..\..\..\MCV_SMD_OG\weapons\v_m12\v_m12_anims\nearwall_e_a.smd
SMD MODEL ..\..\..\MCV_SMD_OG\weapons\v_m12\v_m12_anims\nearwall_e_a_i.smd
SMD MODEL ..\..\..\MCV_SMD_OG\weapons\v_m12\v_m12_anims\proneF.smd
SMD MODEL ..\..\..\MCV_SMD_OG\weapons\v_m12\v_m12_anims\proneB.smd
SMD MODEL ..\..\..\MCV_SMD_OG\weapons\v_m12\v_m12_anims\proneL.smd
SMD MODEL ..\..\..\MCV_SMD_OG\weapons\v_m12\v_m12_anims\proneR.smd
SMD MODEL ..\..\..\MCV_SMD_OG\weapons\v_m12\v_m12_anims\pickup_s_a.smd
SMD MODEL ..\..\..\MCV_SMD_OG\weapons\v_m12\v_m12_anims\pickup_s_a_i.smd
SMD MODEL ..\..\..\MCV_SMD_OG\weapons\v_m12\v_m12_anims\pickup_a.smd
SMD MODEL ..\..\..\MCV_SMD_OG\weapons\v_m12\v_m12_anims\pickup_a_i.smd
SMD MODEL ..\..\..\MCV_SMD_OG\weapons\v_m12\v_m12_anims\pickup_e_a.smd
SMD MODEL ..\..\..\MCV_SMD_OG\weapons\v_m12\v_m12_anims\pickup_e_a_i.smd
SMD MODEL ..\..\..\MCV_SMD_OG\weapons\v_m12\v_m12_anims\change_firemode_idle.smd
SMD MODEL ..\..\..\MCV_SMD_OG\weapons\v_m12\v_m12_anims\change_firemode_iron.smd
SMD MODEL ..\..\..\MCV_SMD_OG\weapons\v_m12\v_m12_anims\draw.smd
SMD MODEL ..\..\..\MCV_SMD_OG\weapons\v_m12\v_m12_anims\draw_2.smd
SMD MODEL ..\..\..\MCV_SMD_OG\weapons\v_m12\v_m12_anims\Firstdraw.smd
SMD MODEL ..\..\..\MCV_SMD_OG\weapons\v_m12\v_m12_anims\Firstdraw_2.smd
SMD MODEL ..\..\..\MCV_SMD_OG\weapons\v_m12\v_m12_anims\reload.smd
SMD MODEL ..\..\..\MCV_SMD_OG\weapons\v_m12\v_m12_anims\reload_2.smd
SMD MODEL ..\..\..\MCV_SMD_OG\weapons\v_m12\v_m12_anims\reload_empty.smd
SMD MODEL ..\..\..\MCV_SMD_OG\weapons\v_m12\v_m12_anims\reload_empty_2.smd
SMD MODEL ..\..\..\MCV_SMD_OG\weapons\v_m12\v_m12_anims\bash.smd
SMD MODEL ..\..\..\MCV_SMD_OG\weapons\v_m12\v_m12_anims\bash_2.smd
SMD MODEL ..\..\..\MCV_SMD_OG\weapons\v_m12\v_m12_anims\holster.smd
Processing LOD for material: material
Processing LOD for material: shells_small
Processing LOD for material: mk22
---------------------
writing C:\Program Files (x86)\Steam\steamapps\common\GarrysMod\garrysmod\addons\mcv\work\compile_test_game\models/weapons/mcv/v_m12.mdl:
Loading preexisting model: C:\Program Files (x86)\Steam\steamapps\common\GarrysMod\garrysmod\addons\mcv\work\compile_test_game\models/weapons/mcv/v_m12.mdl
WARNING: LoadPreexistingSequenceOrder: Zero-size file or no sequences.
bones        22056 bytes (96)
animations  170160 bytes (65 anims) (1651 frames) [0:55]
sequences    10040 bytes (26 seq) 
ik/pose        244 bytes
eyeballs         0 bytes (0 eyeballs)
flexes           0 bytes (0 flexes)
textures       208 bytes
keyvalues       20 bytes
bone transforms    13120 bytes
bone flex driver       0 bytes
collision        0 bytes
total       219700
---------------------
writing C:\Program Files (x86)\Steam\steamapps\common\GarrysMod\garrysmod\addons\mcv\work\compile_test_game\models/weapons/mcv/v_m12.vvd:
vertices    440832 bytes (9184 vertices)
tangents    146944 bytes (9184 vertices)
total       587840 bytes
---------------------
Generating optimized mesh "C:\Program Files (x86)\Steam\steamapps\common\GarrysMod\garrysmod\addons\mcv\work\compile_test_game\models/weapons/mcv/v_m12.dx80.vtx":
body parts:         8 bytes
models:            20 bytes
model LODs:        12 bytes
meshes:            27 bytes
strip groups:      75 bytes
strips:            81 bytes
verts:          82656 bytes
indices:        62004 bytes
bone changes:      64 bytes
everything:    144971 bytes
---------------------
Generating optimized mesh "C:\Program Files (x86)\Steam\steamapps\common\GarrysMod\garrysmod\addons\mcv\work\compile_test_game\models/weapons/mcv/v_m12.dx90.vtx":
body parts:         8 bytes
models:            20 bytes
model LODs:        12 bytes
meshes:            27 bytes
strip groups:      75 bytes
strips:            81 bytes
verts:          82656 bytes
indices:        62004 bytes
bone changes:      64 bytes
everything:    144971 bytes

Completed "v_m12.qc"
