StudioMDL.exe (Apr 27 2026) - Garry's Mod Edition
WARNING: Failed to load keyvalues file cfg/mount.cfg!
qdir:    "c:\program files (x86)\steam\steamapps\common\garrysmod\garrysmod\addons\mcv\work\mcv_smd_port\weapons\v_m37\"
gamedir: "C:\Program Files (x86)\Steam\steamapps\common\GarrysMod\garrysmod\addons\mcv\work\compile_test_game\"
g_path:  "C:\Program Files (x86)\Steam\steamapps\common\GarrysMod\garrysmod\addons\mcv\work\MCV_SMD_PORT\weapons\v_m37\v_m37.qc"
Building binary model files...
Working on "v_m37.qc"
SMD MODEL ..\..\..\MCV_SMD_OG\weapons\v_m37\Ref_new.smd
SMD MODEL ..\..\..\MCV_SMD_OG\weapons\v_m37\m37_shell.smd
SMD MODEL ..\..\..\MCV_SMD_OG\weapons\v_m37\v_bayonet.smd
SMD MODEL ..\..\..\MCV_SMD_OG\weapons\v_m37\v_bayonet_long.smd
SMD MODEL ..\..\..\MCV_SMD_OG\weapons\v_m37\body3_model0.smd
SMD MODEL ..\..\..\MCV_SMD_OG\weapons\v_m37\v_m37_anims\runIdle_a_corrective_animation.smd
SMD MODEL ..\..\..\MCV_SMD_OG\weapons\v_m37\v_m37_anims\run_a_corrective_animation.smd
SMD MODEL ..\..\..\MCV_SMD_OG\weapons\v_m37\v_m37_anims\walkIdle_a_corrective_animation.smd
SMD MODEL ..\..\..\MCV_SMD_OG\weapons\v_m37\v_m37_anims\walk_a_corrective_animation.smd
SMD MODEL ..\..\..\MCV_SMD_OG\weapons\v_m37\v_m37_anims\HammerPosEmpty_corrective_animation.smd
SMD MODEL ..\..\..\MCV_SMD_OG\weapons\v_m37\v_m37_anims\HammerPosReady_corrective_animation.smd
SMD MODEL ..\..\..\MCV_SMD_OG\weapons\v_m37\v_m37_anims\shoot1_a_corrective_animation.smd
SMD MODEL ..\..\..\MCV_SMD_OG\weapons\v_m37\v_m37_anims\shoot1_ironsight_a_corrective_animation.smd
SMD MODEL ..\..\..\MCV_SMD_OG\weapons\v_m37\v_m37_anims\pump_a_corrective_animation.smd
SMD MODEL ..\..\..\MCV_SMD_OG\weapons\v_m37\v_m37_anims\pump_ironsight_a_corrective_animation.smd
SMD MODEL ..\..\..\MCV_SMD_OG\weapons\v_m37\v_m37_anims\basePose_a.smd
SMD MODEL ..\..\..\MCV_SMD_OG\weapons\v_m37\v_m37_anims\ironsight.smd
SMD MODEL ..\..\..\MCV_SMD_OG\weapons\v_m37\v_m37_anims\ironsight_transition.smd
SMD MODEL ..\..\..\MCV_SMD_OG\weapons\v_m37\v_m37_anims\runIdle_a.smd
SMD MODEL ..\..\..\MCV_SMD_OG\weapons\v_m37\v_m37_anims\run_a.smd
SMD MODEL ..\..\..\MCV_SMD_OG\weapons\v_m37\v_m37_anims\walkIdle_a.smd
SMD MODEL ..\..\..\MCV_SMD_OG\weapons\v_m37\v_m37_anims\walk_a.smd
SMD MODEL ..\..\..\MCV_SMD_OG\weapons\v_m37\v_m37_anims\HammerPosBase.smd
SMD MODEL ..\..\..\MCV_SMD_OG\weapons\v_m37\v_m37_anims\HammerPosEmpty.smd
SMD MODEL ..\..\..\MCV_SMD_OG\weapons\v_m37\v_m37_anims\HammerPosReady.smd
SMD MODEL ..\..\..\MCV_SMD_OG\weapons\v_m37\v_m37_anims\shoot1_a.smd
SMD MODEL ..\..\..\MCV_SMD_OG\weapons\v_m37\v_m37_anims\shoot1_ironsight_a.smd
SMD MODEL ..\..\..\MCV_SMD_OG\weapons\v_m37\v_m37_anims\pump_a.smd
SMD MODEL ..\..\..\MCV_SMD_OG\weapons\v_m37\v_m37_anims\pump_ironsight_a.smd
SMD MODEL ..\..\..\MCV_SMD_OG\weapons\v_m37\v_m37_anims\reload_s_a.smd
SMD MODEL ..\..\..\MCV_SMD_OG\weapons\v_m37\v_m37_anims\reload_s_a_i.smd
SMD MODEL ..\..\..\MCV_SMD_OG\weapons\v_m37\v_m37_anims\reload_a.smd
SMD MODEL ..\..\..\MCV_SMD_OG\weapons\v_m37\v_m37_anims\reload_a_i.smd
SMD MODEL ..\..\..\MCV_SMD_OG\weapons\v_m37\v_m37_anims\reload_e_a.smd
SMD MODEL ..\..\..\MCV_SMD_OG\weapons\v_m37\v_m37_anims\reload_e_a_i.smd
SMD MODEL ..\..\..\MCV_SMD_OG\weapons\v_m37\v_m37_anims\reload_ep_a.smd
SMD MODEL ..\..\..\MCV_SMD_OG\weapons\v_m37\v_m37_anims\reload_ep_a_i.smd
SMD MODEL ..\..\..\MCV_SMD_OG\weapons\v_m37\v_m37_anims\nearwall_s_a.smd
SMD MODEL ..\..\..\MCV_SMD_OG\weapons\v_m37\v_m37_anims\nearwall_s_a_i.smd
SMD MODEL ..\..\..\MCV_SMD_OG\weapons\v_m37\v_m37_anims\nearwall_a.smd
SMD MODEL ..\..\..\MCV_SMD_OG\weapons\v_m37\v_m37_anims\nearwall_a_i.smd
SMD MODEL ..\..\..\MCV_SMD_OG\weapons\v_m37\v_m37_anims\nearwall_e_a.smd
SMD MODEL ..\..\..\MCV_SMD_OG\weapons\v_m37\v_m37_anims\nearwall_e_a_i.smd
SMD MODEL ..\..\..\MCV_SMD_OG\weapons\v_m37\v_m37_anims\proneF.smd
SMD MODEL ..\..\..\MCV_SMD_OG\weapons\v_m37\v_m37_anims\proneB.smd
SMD MODEL ..\..\..\MCV_SMD_OG\weapons\v_m37\v_m37_anims\proneL.smd
SMD MODEL ..\..\..\MCV_SMD_OG\weapons\v_m37\v_m37_anims\proneR.smd
SMD MODEL ..\..\..\MCV_SMD_OG\weapons\v_m37\v_m37_anims\pickup_s_a.smd
SMD MODEL ..\..\..\MCV_SMD_OG\weapons\v_m37\v_m37_anims\pickup_s_a_i.smd
SMD MODEL ..\..\..\MCV_SMD_OG\weapons\v_m37\v_m37_anims\pickup_a.smd
SMD MODEL ..\..\..\MCV_SMD_OG\weapons\v_m37\v_m37_anims\pickup_a_i.smd
SMD MODEL ..\..\..\MCV_SMD_OG\weapons\v_m37\v_m37_anims\pickup_e_a.smd
SMD MODEL ..\..\..\MCV_SMD_OG\weapons\v_m37\v_m37_anims\pickup_e_a_i.smd
SMD MODEL ..\..\..\MCV_SMD_OG\weapons\v_m37\v_m37_anims\bayonet_attack_a.smd
SMD MODEL ..\..\..\MCV_SMD_OG\weapons\v_m37\v_m37_anims\bayonet_attack_a_i.smd
SMD MODEL ..\..\..\MCV_SMD_OG\weapons\v_m37\v_m37_anims\bayonet_e_a.smd
SMD MODEL ..\..\..\MCV_SMD_OG\weapons\v_m37\v_m37_anims\bayonet_e_a_i.smd
SMD MODEL ..\..\..\MCV_SMD_OG\weapons\v_m37\v_m37_anims\bayonet_s_a.smd
SMD MODEL ..\..\..\MCV_SMD_OG\weapons\v_m37\v_m37_anims\bayonet_s_a_i.smd
SMD MODEL ..\..\..\MCV_SMD_OG\weapons\v_m37\v_m37_anims\Firstdraw.smd
SMD MODEL ..\..\..\MCV_SMD_OG\weapons\v_m37\v_m37_anims\Firstdraw_2.smd
SMD MODEL ..\..\..\MCV_SMD_OG\weapons\v_m37\v_m37_anims\draw.smd
SMD MODEL ..\..\..\MCV_SMD_OG\weapons\v_m37\v_m37_anims\draw_2.smd
SMD MODEL ..\..\..\MCV_SMD_OG\weapons\v_m37\v_m37_anims\bash.smd
SMD MODEL ..\..\..\MCV_SMD_OG\weapons\v_m37\v_m37_anims\bash_2.smd
SMD MODEL ..\..\..\MCV_SMD_OG\weapons\v_m37\v_m37_anims\holster.smd
Processing LOD for material: stockpump
Processing LOD for material: receivermag
Processing LOD for material: barrel
Processing LOD for material: shells_big
Processing LOD for material: m7_d
Processing LOD for material: v_m1905
Processing LOD for material: barrel
---------------------
writing C:\Program Files (x86)\Steam\steamapps\common\GarrysMod\garrysmod\addons\mcv\work\compile_test_game\models/weapons/mcv/v_m37.mdl:
Loading preexisting model: C:\Program Files (x86)\Steam\steamapps\common\GarrysMod\garrysmod\addons\mcv\work\compile_test_game\models/weapons/mcv/v_m37.mdl
WARNING: LoadPreexistingSequenceOrder: Zero-size file or no sequences.
bones        22124 bytes (96)
animations  177496 bytes (64 anims) (1793 frames) [0:59]
sequences    11032 bytes (28 seq) 
ik/pose       1328 bytes
eyeballs         0 bytes (0 eyeballs)
flexes           0 bytes (0 flexes)
eyeballs         0 bytes (0 eyeballs)
flexes           0 bytes (0 flexes)
eyeballs         0 bytes (0 eyeballs)
flexes           0 bytes (0 flexes)
eyeballs         0 bytes (0 eyeballs)
flexes           0 bytes (0 flexes)
eyeballs         0 bytes (0 eyeballs)
flexes           0 bytes (0 flexes)
eyeballs         0 bytes (0 eyeballs)
flexes           0 bytes (0 flexes)
eyeballs         0 bytes (0 eyeballs)
flexes           0 bytes (0 flexes)
eyeballs         0 bytes (0 eyeballs)
flexes           0 bytes (0 flexes)
textures       412 bytes
keyvalues       20 bytes
bone transforms    13120 bytes
bone flex driver       0 bytes
collision        0 bytes
total       230128
---------------------
writing C:\Program Files (x86)\Steam\steamapps\common\GarrysMod\garrysmod\addons\mcv\work\compile_test_game\models/weapons/mcv/v_m37.vvd:
vertices   1572768 bytes (32766 vertices)
vertices     15552 bytes (324 vertices)
vertices     98256 bytes (2047 vertices)
vertices     72816 bytes (1517 vertices)
vertices    156432 bytes (3259 vertices)
tangents    524256 bytes (32766 vertices)
tangents      5184 bytes (324 vertices)
tangents     32752 bytes (2047 vertices)
tangents     24272 bytes (1517 vertices)
tangents     52144 bytes (3259 vertices)
total      2554496 bytes
---------------------
Generating optimized mesh "C:\Program Files (x86)\Steam\steamapps\common\GarrysMod\garrysmod\addons\mcv\work\compile_test_game\models/weapons/mcv/v_m37.dx80.vtx":
body parts:        32 bytes
models:           160 bytes
model LODs:        96 bytes
meshes:            63 bytes
strip groups:     175 bytes
strips:           189 bytes
verts:         359217 bytes
indices:       304878 bytes
bone changes:      88 bytes
everything:    664838 bytes
---------------------
Generating optimized mesh "C:\Program Files (x86)\Steam\steamapps\common\GarrysMod\garrysmod\addons\mcv\work\compile_test_game\models/weapons/mcv/v_m37.dx90.vtx":
body parts:        32 bytes
models:           160 bytes
model LODs:        96 bytes
meshes:            63 bytes
strip groups:     175 bytes
strips:           189 bytes
verts:         359217 bytes
indices:       304878 bytes
bone changes:      88 bytes
everything:    664838 bytes

Completed "v_m37.qc"
