StudioMDL.exe (Apr 27 2026) - Garry's Mod Edition
WARNING: Failed to load keyvalues file cfg/mount.cfg!
qdir:    "c:\program files (x86)\steam\steamapps\common\garrysmod\garrysmod\addons\mcv\work\mcv_smd_port\weapons\v_m3a1\"
gamedir: "C:\Program Files (x86)\Steam\steamapps\common\GarrysMod\garrysmod\addons\mcv\work\compile_test_game\"
g_path:  "C:\Program Files (x86)\Steam\steamapps\common\GarrysMod\garrysmod\addons\mcv\work\MCV_SMD_PORT\weapons\v_m3a1\v_m3a1.qc"
Building binary model files...
Working on "v_m3a1.qc"
SMD MODEL ..\..\..\MCV_SMD_OG\weapons\v_m3a1\Ref_new.smd
SMD MODEL ..\..\..\MCV_SMD_OG\weapons\v_m3a1\v_m3a1_anims\runIdle_a_corrective_animation.smd
SMD MODEL ..\..\..\MCV_SMD_OG\weapons\v_m3a1\v_m3a1_anims\run_a_corrective_animation.smd
SMD MODEL ..\..\..\MCV_SMD_OG\weapons\v_m3a1\v_m3a1_anims\walkIdle_a_corrective_animation.smd
SMD MODEL ..\..\..\MCV_SMD_OG\weapons\v_m3a1\v_m3a1_anims\walk_a_corrective_animation.smd
SMD MODEL ..\..\..\MCV_SMD_OG\weapons\v_m3a1\v_m3a1_anims\shoot1_a_corrective_animation.smd
SMD MODEL ..\..\..\MCV_SMD_OG\weapons\v_m3a1\v_m3a1_anims\shoot1_ironsight_a_corrective_animation.smd
SMD MODEL ..\..\..\MCV_SMD_OG\weapons\v_m3a1\v_m3a1_anims\shoot2_a_corrective_animation.smd
SMD MODEL ..\..\..\MCV_SMD_OG\weapons\v_m3a1\v_m3a1_anims\shoot2_ironsight_a_corrective_animation.smd
SMD MODEL ..\..\..\MCV_SMD_OG\weapons\v_m3a1\v_m3a1_anims\shoot3_a_corrective_animation.smd
SMD MODEL ..\..\..\MCV_SMD_OG\weapons\v_m3a1\v_m3a1_anims\shoot3_ironsight_a_corrective_animation.smd
SMD MODEL ..\..\..\MCV_SMD_OG\weapons\v_m3a1\v_m3a1_anims\basePose_a.smd
SMD MODEL ..\..\..\MCV_SMD_OG\weapons\v_m3a1\v_m3a1_anims\ironsight.smd
SMD MODEL ..\..\..\MCV_SMD_OG\weapons\v_m3a1\v_m3a1_anims\ironsight_transition.smd
SMD MODEL ..\..\..\MCV_SMD_OG\weapons\v_m3a1\v_m3a1_anims\runIdle_a.smd
SMD MODEL ..\..\..\MCV_SMD_OG\weapons\v_m3a1\v_m3a1_anims\run_a.smd
SMD MODEL ..\..\..\MCV_SMD_OG\weapons\v_m3a1\v_m3a1_anims\walkIdle_a.smd
SMD MODEL ..\..\..\MCV_SMD_OG\weapons\v_m3a1\v_m3a1_anims\walk_a.smd
SMD MODEL ..\..\..\MCV_SMD_OG\weapons\v_m3a1\v_m3a1_anims\shoot1_a.smd
SMD MODEL ..\..\..\MCV_SMD_OG\weapons\v_m3a1\v_m3a1_anims\shoot1_ironsight_a.smd
SMD MODEL ..\..\..\MCV_SMD_OG\weapons\v_m3a1\v_m3a1_anims\shoot2_a.smd
SMD MODEL ..\..\..\MCV_SMD_OG\weapons\v_m3a1\v_m3a1_anims\shoot2_ironsight_a.smd
SMD MODEL ..\..\..\MCV_SMD_OG\weapons\v_m3a1\v_m3a1_anims\shoot3_a.smd
SMD MODEL ..\..\..\MCV_SMD_OG\weapons\v_m3a1\v_m3a1_anims\shoot3_ironsight_a.smd
SMD MODEL ..\..\..\MCV_SMD_OG\weapons\v_m3a1\v_m3a1_anims\nearwall_s_a.smd
SMD MODEL ..\..\..\MCV_SMD_OG\weapons\v_m3a1\v_m3a1_anims\nearwall_s_a_i.smd
SMD MODEL ..\..\..\MCV_SMD_OG\weapons\v_m3a1\v_m3a1_anims\nearwall_a.smd
SMD MODEL ..\..\..\MCV_SMD_OG\weapons\v_m3a1\v_m3a1_anims\nearwall_a_i.smd
SMD MODEL ..\..\..\MCV_SMD_OG\weapons\v_m3a1\v_m3a1_anims\nearwall_e_a.smd
SMD MODEL ..\..\..\MCV_SMD_OG\weapons\v_m3a1\v_m3a1_anims\nearwall_e_a_i.smd
SMD MODEL ..\..\..\MCV_SMD_OG\weapons\v_m3a1\v_m3a1_anims\proneF.smd
SMD MODEL ..\..\..\MCV_SMD_OG\weapons\v_m3a1\v_m3a1_anims\proneB.smd
SMD MODEL ..\..\..\MCV_SMD_OG\weapons\v_m3a1\v_m3a1_anims\proneL.smd
SMD MODEL ..\..\..\MCV_SMD_OG\weapons\v_m3a1\v_m3a1_anims\proneR.smd
SMD MODEL ..\..\..\MCV_SMD_OG\weapons\v_m3a1\v_m3a1_anims\pickup_s_a.smd
SMD MODEL ..\..\..\MCV_SMD_OG\weapons\v_m3a1\v_m3a1_anims\pickup_s_a_i.smd
SMD MODEL ..\..\..\MCV_SMD_OG\weapons\v_m3a1\v_m3a1_anims\pickup_a.smd
SMD MODEL ..\..\..\MCV_SMD_OG\weapons\v_m3a1\v_m3a1_anims\pickup_a_i.smd
SMD MODEL ..\..\..\MCV_SMD_OG\weapons\v_m3a1\v_m3a1_anims\pickup_e_a.smd
SMD MODEL ..\..\..\MCV_SMD_OG\weapons\v_m3a1\v_m3a1_anims\pickup_e_a_i.smd
SMD MODEL ..\..\..\MCV_SMD_OG\weapons\v_m3a1\v_m3a1_anims\draw.smd
SMD MODEL ..\..\..\MCV_SMD_OG\weapons\v_m3a1\v_m3a1_anims\draw_2.smd
SMD MODEL ..\..\..\MCV_SMD_OG\weapons\v_m3a1\v_m3a1_anims\Firstdraw.smd
SMD MODEL ..\..\..\MCV_SMD_OG\weapons\v_m3a1\v_m3a1_anims\Firstdraw_2.smd
SMD MODEL ..\..\..\MCV_SMD_OG\weapons\v_m3a1\v_m3a1_anims\reload.smd
SMD MODEL ..\..\..\MCV_SMD_OG\weapons\v_m3a1\v_m3a1_anims\reload_2.smd
SMD MODEL ..\..\..\MCV_SMD_OG\weapons\v_m3a1\v_m3a1_anims\reload_empty.smd
SMD MODEL ..\..\..\MCV_SMD_OG\weapons\v_m3a1\v_m3a1_anims\reload_empty_2.smd
SMD MODEL ..\..\..\MCV_SMD_OG\weapons\v_m3a1\v_m3a1_anims\bash.smd
SMD MODEL ..\..\..\MCV_SMD_OG\weapons\v_m3a1\v_m3a1_anims\bash_2.smd
SMD MODEL ..\..\..\MCV_SMD_OG\weapons\v_m3a1\v_m3a1_anims\holster.smd
Processing LOD for material: shells_small
Processing LOD for material: m3a1
---------------------
writing C:\Program Files (x86)\Steam\steamapps\common\GarrysMod\garrysmod\addons\mcv\work\compile_test_game\models/weapons/mcv/v_m3a1.mdl:
Loading preexisting model: C:\Program Files (x86)\Steam\steamapps\common\GarrysMod\garrysmod\addons\mcv\work\compile_test_game\models/weapons/mcv/v_m3a1.mdl
WARNING: LoadPreexistingSequenceOrder: Zero-size file or no sequences.
bones        22124 bytes (96)
animations  159320 bytes (53 anims) (1553 frames) [0:51]
sequences     8556 bytes (23 seq) 
ik/pose        224 bytes
eyeballs         0 bytes (0 eyeballs)
flexes           0 bytes (0 flexes)
textures       140 bytes
keyvalues       20 bytes
bone transforms    13120 bytes
bone flex driver       0 bytes
collision        0 bytes
total       206940
---------------------
writing C:\Program Files (x86)\Steam\steamapps\common\GarrysMod\garrysmod\addons\mcv\work\compile_test_game\models/weapons/mcv/v_m3a1.vvd:
vertices   1025280 bytes (21360 vertices)
tangents    341760 bytes (21360 vertices)
total      1367104 bytes
---------------------
Generating optimized mesh "C:\Program Files (x86)\Steam\steamapps\common\GarrysMod\garrysmod\addons\mcv\work\compile_test_game\models/weapons/mcv/v_m3a1.dx80.vtx":
body parts:         8 bytes
models:            20 bytes
model LODs:        12 bytes
meshes:            18 bytes
strip groups:      50 bytes
strips:            54 bytes
verts:         192240 bytes
indices:       183432 bytes
bone changes:      56 bytes
everything:    375914 bytes
---------------------
Generating optimized mesh "C:\Program Files (x86)\Steam\steamapps\common\GarrysMod\garrysmod\addons\mcv\work\compile_test_game\models/weapons/mcv/v_m3a1.dx90.vtx":
body parts:         8 bytes
models:            20 bytes
model LODs:        12 bytes
meshes:            18 bytes
strip groups:      50 bytes
strips:            54 bytes
verts:         192240 bytes
indices:       183432 bytes
bone changes:      56 bytes
everything:    375914 bytes

Completed "v_m3a1.qc"
