StudioMDL.exe (Apr 27 2026) - Garry's Mod Edition
WARNING: Failed to load keyvalues file cfg/mount.cfg!
qdir:    "c:\program files (x86)\steam\steamapps\common\garrysmod\garrysmod\addons\mcv\work\mcv_smd_port\weapons\v_m38_s\"
gamedir: "C:\Program Files (x86)\Steam\steamapps\common\GarrysMod\garrysmod\addons\mcv\work\compile_test_game\"
g_path:  "C:\Program Files (x86)\Steam\steamapps\common\GarrysMod\garrysmod\addons\mcv\work\MCV_SMD_PORT\weapons\v_m38_s\v_m38_s.qc"
Building binary model files...
Working on "v_m38_s.qc"
SMD MODEL ..\..\..\MCV_SMD_OG\weapons\v_m38_s\ref_new.smd
SMD MODEL ..\..\..\MCV_SMD_OG\weapons\v_m38_s\v_bayonet_new.smd
SMD MODEL ..\..\..\MCV_SMD_OG\weapons\v_m38_s\m38_scope_new.smd
SMD MODEL ..\..\..\MCV_SMD_OG\weapons\v_m38_s\v_m38_s_anims\hammerdefault_corrective_animation.smd
SMD MODEL ..\..\..\MCV_SMD_OG\weapons\v_m38_s\v_m38_s_anims\hammerforward_corrective_animation.smd
SMD MODEL ..\..\..\MCV_SMD_OG\weapons\v_m38_s\v_m38_s_anims\runIdle_a_corrective_animation.smd
SMD MODEL ..\..\..\MCV_SMD_OG\weapons\v_m38_s\v_m38_s_anims\run_a_corrective_animation.smd
SMD MODEL ..\..\..\MCV_SMD_OG\weapons\v_m38_s\v_m38_s_anims\walkIdle_a_corrective_animation.smd
SMD MODEL ..\..\..\MCV_SMD_OG\weapons\v_m38_s\v_m38_s_anims\walk_a_corrective_animation.smd
SMD MODEL ..\..\..\MCV_SMD_OG\weapons\v_m38_s\v_m38_s_anims\shoot1_a_corrective_animation.smd
SMD MODEL ..\..\..\MCV_SMD_OG\weapons\v_m38_s\v_m38_s_anims\shoot1_ironsight_a_corrective_animation.smd
SMD MODEL ..\..\..\MCV_SMD_OG\weapons\v_m38_s\v_m38_s_anims\shoot2_a_corrective_animation.smd
SMD MODEL ..\..\..\MCV_SMD_OG\weapons\v_m38_s\v_m38_s_anims\shoot2_ironsight_a_corrective_animation.smd
SMD MODEL ..\..\..\MCV_SMD_OG\weapons\v_m38_s\v_m38_s_anims\shoot3_a_corrective_animation.smd
SMD MODEL ..\..\..\MCV_SMD_OG\weapons\v_m38_s\v_m38_s_anims\shoot3_ironsight_a_corrective_animation.smd
SMD MODEL ..\..\..\MCV_SMD_OG\weapons\v_m38_s\v_m38_s_anims\boltpull_a_corrective_animation.smd
SMD MODEL ..\..\..\MCV_SMD_OG\weapons\v_m38_s\v_m38_s_anims\boltpulliron_a_corrective_animation.smd
SMD MODEL ..\..\..\MCV_SMD_OG\weapons\v_m38_s\v_m38_s_anims\gren_shoot1_a_corrective_animation.smd
SMD MODEL ..\..\..\MCV_SMD_OG\weapons\v_m38_s\v_m38_s_anims\gren_shoot1_ironsight_a_corrective_animation.smd
SMD MODEL ..\..\..\MCV_SMD_OG\weapons\v_m38_s\v_m38_s_anims\basePose_a.smd
SMD MODEL ..\..\..\MCV_SMD_OG\weapons\v_m38_s\v_m38_s_anims\ironsight.smd
SMD MODEL ..\..\..\MCV_SMD_OG\weapons\v_m38_s\v_m38_s_anims\ironsight_transition.smd
SMD MODEL ..\..\..\MCV_SMD_OG\weapons\v_m38_s\v_m38_s_anims\hammerdelta.smd
SMD MODEL ..\..\..\MCV_SMD_OG\weapons\v_m38_s\v_m38_s_anims\hammerdefault.smd
SMD MODEL ..\..\..\MCV_SMD_OG\weapons\v_m38_s\v_m38_s_anims\hammerforward.smd
SMD MODEL ..\..\..\MCV_SMD_OG\weapons\v_m38_s\v_m38_s_anims\baseWalk_a.smd
SMD MODEL ..\..\..\MCV_SMD_OG\weapons\v_m38_s\v_m38_s_anims\runIdle_a.smd
SMD MODEL ..\..\..\MCV_SMD_OG\weapons\v_m38_s\v_m38_s_anims\run_a.smd
SMD MODEL ..\..\..\MCV_SMD_OG\weapons\v_m38_s\v_m38_s_anims\walkIdle_a.smd
SMD MODEL fixed_anims\walk_a.smd
SMD MODEL ..\..\..\MCV_SMD_OG\weapons\v_m38_s\v_m38_s_anims\shoot1_a.smd
SMD MODEL ..\..\..\MCV_SMD_OG\weapons\v_m38_s\v_m38_s_anims\shoot1_ironsight_a.smd
SMD MODEL ..\..\..\MCV_SMD_OG\weapons\v_m38_s\v_m38_s_anims\shoot2_a.smd
SMD MODEL ..\..\..\MCV_SMD_OG\weapons\v_m38_s\v_m38_s_anims\shoot2_ironsight_a.smd
SMD MODEL ..\..\..\MCV_SMD_OG\weapons\v_m38_s\v_m38_s_anims\shoot3_a.smd
SMD MODEL ..\..\..\MCV_SMD_OG\weapons\v_m38_s\v_m38_s_anims\shoot3_ironsight_a.smd
SMD MODEL ..\..\..\MCV_SMD_OG\weapons\v_m38_s\v_m38_s_anims\boltpull_a.smd
SMD MODEL ..\..\..\MCV_SMD_OG\weapons\v_m38_s\v_m38_s_anims\boltpulliron_a.smd
SMD MODEL ..\..\..\MCV_SMD_OG\weapons\v_m38_s\v_m38_s_anims\reloadstart_empty.smd
SMD MODEL ..\..\..\MCV_SMD_OG\weapons\v_m38_s\v_m38_s_anims\reloadstart_full.smd
SMD MODEL ..\..\..\MCV_SMD_OG\weapons\v_m38_s\v_m38_s_anims\reloadstart_empty_i.smd
SMD MODEL ..\..\..\MCV_SMD_OG\weapons\v_m38_s\v_m38_s_anims\reloadstart_full_i.smd
SMD MODEL ..\..\..\MCV_SMD_OG\weapons\v_m38_s\v_m38_s_anims\reloadinsert_empty.smd
SMD MODEL ..\..\..\MCV_SMD_OG\weapons\v_m38_s\v_m38_s_anims\reloadinsert_full.smd
SMD MODEL ..\..\..\MCV_SMD_OG\weapons\v_m38_s\v_m38_s_anims\reloadinsert_empty_i.smd
SMD MODEL ..\..\..\MCV_SMD_OG\weapons\v_m38_s\v_m38_s_anims\reloadinsert_full_i.smd
SMD MODEL ..\..\..\MCV_SMD_OG\weapons\v_m38_s\v_m38_s_anims\reloadend.smd
SMD MODEL ..\..\..\MCV_SMD_OG\weapons\v_m38_s\v_m38_s_anims\reloadend_i.smd
SMD MODEL ..\..\..\MCV_SMD_OG\weapons\v_m38_s\v_m38_s_anims\nearwall_s_a.smd
SMD MODEL ..\..\..\MCV_SMD_OG\weapons\v_m38_s\v_m38_s_anims\nearwall_s_a_i.smd
SMD MODEL ..\..\..\MCV_SMD_OG\weapons\v_m38_s\v_m38_s_anims\nearwall_a.smd
SMD MODEL ..\..\..\MCV_SMD_OG\weapons\v_m38_s\v_m38_s_anims\nearwall_a_i.smd
SMD MODEL ..\..\..\MCV_SMD_OG\weapons\v_m38_s\v_m38_s_anims\nearwall_e_a.smd
SMD MODEL ..\..\..\MCV_SMD_OG\weapons\v_m38_s\v_m38_s_anims\nearwall_e_a_i.smd
SMD MODEL ..\..\..\MCV_SMD_OG\weapons\v_m38_s\v_m38_s_anims\proneF.smd
SMD MODEL ..\..\..\MCV_SMD_OG\weapons\v_m38_s\v_m38_s_anims\proneB.smd
SMD MODEL ..\..\..\MCV_SMD_OG\weapons\v_m38_s\v_m38_s_anims\proneL.smd
SMD MODEL ..\..\..\MCV_SMD_OG\weapons\v_m38_s\v_m38_s_anims\proneR.smd
SMD MODEL ..\..\..\MCV_SMD_OG\weapons\v_m38_s\v_m38_s_anims\pickup_s_a.smd
SMD MODEL ..\..\..\MCV_SMD_OG\weapons\v_m38_s\v_m38_s_anims\pickup_s_a_i.smd
SMD MODEL ..\..\..\MCV_SMD_OG\weapons\v_m38_s\v_m38_s_anims\pickup_a.smd
SMD MODEL ..\..\..\MCV_SMD_OG\weapons\v_m38_s\v_m38_s_anims\pickup_a_i.smd
SMD MODEL ..\..\..\MCV_SMD_OG\weapons\v_m38_s\v_m38_s_anims\pickup_e_a.smd
SMD MODEL ..\..\..\MCV_SMD_OG\weapons\v_m38_s\v_m38_s_anims\pickup_e_a_i.smd
SMD MODEL ..\..\..\MCV_SMD_OG\weapons\v_m38_s\v_m38_s_anims\grenade_ironsight.smd
SMD MODEL ..\..\..\MCV_SMD_OG\weapons\v_m38_s\v_m38_s_anims\gren_shoot1_a.smd
SMD MODEL ..\..\..\MCV_SMD_OG\weapons\v_m38_s\v_m38_s_anims\gren_shoot1_ironsight_a.smd
SMD MODEL ..\..\..\MCV_SMD_OG\weapons\v_m38_s\v_m38_s_anims\gren_reload_a.smd
SMD MODEL ..\..\..\MCV_SMD_OG\weapons\v_m38_s\v_m38_s_anims\gren_reload_a_i.smd
SMD MODEL ..\..\..\MCV_SMD_OG\weapons\v_m38_s\v_m38_s_anims\bayonet_attack_a.smd
SMD MODEL ..\..\..\MCV_SMD_OG\weapons\v_m38_s\v_m38_s_anims\bayonet_attack_a_i.smd
SMD MODEL ..\..\..\MCV_SMD_OG\weapons\v_m38_s\v_m38_s_anims\bayonet_e_a.smd
SMD MODEL ..\..\..\MCV_SMD_OG\weapons\v_m38_s\v_m38_s_anims\bayonet_e_a_i.smd
SMD MODEL ..\..\..\MCV_SMD_OG\weapons\v_m38_s\v_m38_s_anims\bayonet_s_a.smd
SMD MODEL ..\..\..\MCV_SMD_OG\weapons\v_m38_s\v_m38_s_anims\bayonet_s_a_i.smd
SMD MODEL ..\..\..\MCV_SMD_OG\weapons\v_m38_s\v_m38_s_anims\scope_adjust_idle.smd
SMD MODEL ..\..\..\MCV_SMD_OG\weapons\v_m38_s\v_m38_s_anims\scope_adjust_iron.smd
SMD MODEL ..\..\..\MCV_SMD_OG\weapons\v_m38_s\v_m38_s_anims\Charge_s.smd
SMD MODEL ..\..\..\MCV_SMD_OG\weapons\v_m38_s\v_m38_s_anims\Charge_s_i.smd
SMD MODEL ..\..\..\MCV_SMD_OG\weapons\v_m38_s\v_m38_s_anims\Charge.smd
SMD MODEL ..\..\..\MCV_SMD_OG\weapons\v_m38_s\v_m38_s_anims\Charge_i.smd
SMD MODEL ..\..\..\MCV_SMD_OG\weapons\v_m38_s\v_m38_s_anims\Charge_e.smd
SMD MODEL ..\..\..\MCV_SMD_OG\weapons\v_m38_s\v_m38_s_anims\Charge_e_i.smd
SMD MODEL ..\..\..\MCV_SMD_OG\weapons\v_m38_s\v_m38_s_anims\draw.smd
SMD MODEL ..\..\..\MCV_SMD_OG\weapons\v_m38_s\v_m38_s_anims\draw_2.smd
SMD MODEL ..\..\..\MCV_SMD_OG\weapons\v_m38_s\v_m38_s_anims\Firstdraw.smd
SMD MODEL ..\..\..\MCV_SMD_OG\weapons\v_m38_s\v_m38_s_anims\Firstdraw_2.smd
SMD MODEL ..\..\..\MCV_SMD_OG\weapons\v_m38_s\v_m38_s_anims\bash.smd
SMD MODEL ..\..\..\MCV_SMD_OG\weapons\v_m38_s\v_m38_s_anims\bash_2.smd
SMD MODEL ..\..\..\MCV_SMD_OG\weapons\v_m38_s\v_m38_s_anims\grenade_draw.smd
SMD MODEL ..\..\..\MCV_SMD_OG\weapons\v_m38_s\v_m38_s_anims\grenade_draw_2.smd
SMD MODEL ..\..\..\MCV_SMD_OG\weapons\v_m38_s\v_m38_s_anims\grenade_draw_empty.smd
SMD MODEL ..\..\..\MCV_SMD_OG\weapons\v_m38_s\v_m38_s_anims\grenade_draw_empty_2.smd
SMD MODEL ..\..\..\MCV_SMD_OG\weapons\v_m38_s\v_m38_s_anims\holster.smd
Processing LOD for material: shells_small_additional
Processing LOD for material: m38
Processing LOD for material: m38_s
Processing LOD for material: ak47_bayonet_d
Processing LOD for material: m38_scope
Processing LOD for material: lens_svt40
Processing LOD for material: shells_small
---------------------
writing C:\Program Files (x86)\Steam\steamapps\common\GarrysMod\garrysmod\addons\mcv\work\compile_test_game\models/weapons/mcv/v_m38_s.mdl:
Loading preexisting model: C:\Program Files (x86)\Steam\steamapps\common\GarrysMod\garrysmod\addons\mcv\work\compile_test_game\models/weapons/mcv/v_m38_s.mdl
WARNING: LoadPreexistingSequenceOrder: Zero-size file or no sequences.
bones        23644 bytes (103)
animations  307348 bytes (95 anims) (2613 frames) [1:27]
sequences    16108 bytes (42 seq) 
ik/pose        888 bytes
eyeballs         0 bytes (0 eyeballs)
flexes           0 bytes (0 flexes)
eyeballs         0 bytes (0 eyeballs)
flexes           0 bytes (0 flexes)
eyeballs         0 bytes (0 eyeballs)
flexes           0 bytes (0 flexes)
eyeballs         0 bytes (0 eyeballs)
flexes           0 bytes (0 flexes)
eyeballs         0 bytes (0 eyeballs)
flexes           0 bytes (0 flexes)
textures       488 bytes
keyvalues       20 bytes
bone transforms    14072 bytes
bone flex driver       0 bytes
collision        0 bytes
total       368300
---------------------
writing C:\Program Files (x86)\Steam\steamapps\common\GarrysMod\garrysmod\addons\mcv\work\compile_test_game\models/weapons/mcv/v_m38_s.vvd:
vertices    470880 bytes (9810 vertices)
vertices    101472 bytes (2114 vertices)
vertices    266736 bytes (5557 vertices)
tangents    156960 bytes (9810 vertices)
tangents     33824 bytes (2114 vertices)
tangents     88912 bytes (5557 vertices)
total      1118848 bytes
---------------------
Generating optimized mesh "C:\Program Files (x86)\Steam\steamapps\common\GarrysMod\garrysmod\addons\mcv\work\compile_test_game\models/weapons/mcv/v_m38_s.dx80.vtx":
body parts:        24 bytes
models:           100 bytes
model LODs:        60 bytes
meshes:            63 bytes
strip groups:     175 bytes
strips:           189 bytes
verts:         157329 bytes
indices:       124824 bytes
bone changes:     128 bytes
everything:    282868 bytes
---------------------
Generating optimized mesh "C:\Program Files (x86)\Steam\steamapps\common\GarrysMod\garrysmod\addons\mcv\work\compile_test_game\models/weapons/mcv/v_m38_s.dx90.vtx":
body parts:        24 bytes
models:           100 bytes
model LODs:        60 bytes
meshes:            63 bytes
strip groups:     175 bytes
strips:           189 bytes
verts:         157329 bytes
indices:       124824 bytes
bone changes:     128 bytes
everything:    282868 bytes

Completed "v_m38_s.qc"
