StudioMDL.exe (Apr 27 2026) - Garry's Mod Edition
WARNING: Failed to load keyvalues file cfg/mount.cfg!
qdir:    "c:\program files (x86)\steam\steamapps\common\garrysmod\garrysmod\addons\mcv\work\mcv_smd_port\weapons\v_m56\"
gamedir: "C:\Program Files (x86)\Steam\steamapps\common\GarrysMod\garrysmod\addons\mcv\work\compile_test_game\"
g_path:  "C:\Program Files (x86)\Steam\steamapps\common\GarrysMod\garrysmod\addons\mcv\work\MCV_SMD_PORT\weapons\v_m56\v_m56.qc"
Building binary model files...
Working on "v_m56.qc"
SMD MODEL ..\..\..\MCV_SMD_OG\weapons\v_m56\Ref_new.smd
SMD MODEL ..\..\..\MCV_SMD_OG\weapons\v_m56\body1_model0.smd
SMD MODEL ..\..\..\MCV_SMD_OG\weapons\v_m56\v_m56_anims\Default_corrective_animation.smd
SMD MODEL ..\..\..\MCV_SMD_OG\weapons\v_m56\v_m56_anims\Slideback_corrective_animation.smd
SMD MODEL ..\..\..\MCV_SMD_OG\weapons\v_m56\v_m56_anims\runIdle_a_corrective_animation.smd
SMD MODEL ..\..\..\MCV_SMD_OG\weapons\v_m56\v_m56_anims\run_a_corrective_animation.smd
SMD MODEL ..\..\..\MCV_SMD_OG\weapons\v_m56\v_m56_anims\walkIdle_a_corrective_animation.smd
SMD MODEL ..\..\..\MCV_SMD_OG\weapons\v_m56\v_m56_anims\walk_a_corrective_animation.smd
SMD MODEL ..\..\..\MCV_SMD_OG\weapons\v_m56\v_m56_anims\ShootMove_corrective_animation.smd
SMD MODEL ..\..\..\MCV_SMD_OG\weapons\v_m56\v_m56_anims\ShootStill_corrective_animation.smd
SMD MODEL ..\..\..\MCV_SMD_OG\weapons\v_m56\v_m56_anims\shoot1_a_corrective_animation.smd
SMD MODEL ..\..\..\MCV_SMD_OG\weapons\v_m56\v_m56_anims\shoot1_ironsight_a_corrective_animation.smd
SMD MODEL ..\..\..\MCV_SMD_OG\weapons\v_m56\v_m56_anims\shoot2_a_corrective_animation.smd
SMD MODEL ..\..\..\MCV_SMD_OG\weapons\v_m56\v_m56_anims\shoot2_ironsight_a_corrective_animation.smd
SMD MODEL ..\..\..\MCV_SMD_OG\weapons\v_m56\v_m56_anims\shoot3_a_corrective_animation.smd
SMD MODEL ..\..\..\MCV_SMD_OG\weapons\v_m56\v_m56_anims\shoot3_ironsight_a_corrective_animation.smd
SMD MODEL ..\..\..\MCV_SMD_OG\weapons\v_m56\v_m56_anims\PoseDelta.smd
SMD MODEL ..\..\..\MCV_SMD_OG\weapons\v_m56\v_m56_anims\PoseDelta2.smd
SMD MODEL ..\..\..\MCV_SMD_OG\weapons\v_m56\v_m56_anims\Default.smd
SMD MODEL ..\..\..\MCV_SMD_OG\weapons\v_m56\v_m56_anims\Slideback.smd
SMD MODEL ..\..\..\MCV_SMD_OG\weapons\v_m56\v_m56_anims\ShootMove.smd
SMD MODEL ..\..\..\MCV_SMD_OG\weapons\v_m56\v_m56_anims\ShootStill.smd
SMD MODEL ..\..\..\MCV_SMD_OG\weapons\v_m56\v_m56_anims\basePose_a.smd
SMD MODEL ..\..\..\MCV_SMD_OG\weapons\v_m56\v_m56_anims\ironsight.smd
SMD MODEL ..\..\..\MCV_SMD_OG\weapons\v_m56\v_m56_anims\ironsight_transition.smd
SMD MODEL ..\..\..\MCV_SMD_OG\weapons\v_m56\v_m56_anims\walkDelta.smd
SMD MODEL ..\..\..\MCV_SMD_OG\weapons\v_m56\v_m56_anims\runIdle_a.smd
SMD MODEL ..\..\..\MCV_SMD_OG\weapons\v_m56\v_m56_anims\run_a.smd
SMD MODEL ..\..\..\MCV_SMD_OG\weapons\v_m56\v_m56_anims\walkIdle_a.smd
SMD MODEL fixed_anims\walk_a.smd
SMD MODEL ..\..\..\MCV_SMD_OG\weapons\v_m56\v_m56_anims\shoot1_ironsight_delta.smd
SMD MODEL ..\..\..\MCV_SMD_OG\weapons\v_m56\v_m56_anims\shoot1_a.smd
SMD MODEL ..\..\..\MCV_SMD_OG\weapons\v_m56\v_m56_anims\shoot1_ironsight_a.smd
SMD MODEL ..\..\..\MCV_SMD_OG\weapons\v_m56\v_m56_anims\shoot2_a.smd
SMD MODEL ..\..\..\MCV_SMD_OG\weapons\v_m56\v_m56_anims\shoot2_ironsight_a.smd
SMD MODEL ..\..\..\MCV_SMD_OG\weapons\v_m56\v_m56_anims\shoot3_a.smd
SMD MODEL ..\..\..\MCV_SMD_OG\weapons\v_m56\v_m56_anims\shoot3_ironsight_a.smd
SMD MODEL ..\..\..\MCV_SMD_OG\weapons\v_m56\v_m56_anims\nearwall_s_a.smd
SMD MODEL ..\..\..\MCV_SMD_OG\weapons\v_m56\v_m56_anims\nearwall_s_a_i.smd
SMD MODEL ..\..\..\MCV_SMD_OG\weapons\v_m56\v_m56_anims\nearwall_a.smd
SMD MODEL ..\..\..\MCV_SMD_OG\weapons\v_m56\v_m56_anims\nearwall_a_i.smd
SMD MODEL ..\..\..\MCV_SMD_OG\weapons\v_m56\v_m56_anims\nearwall_e_a.smd
SMD MODEL ..\..\..\MCV_SMD_OG\weapons\v_m56\v_m56_anims\nearwall_e_a_i.smd
SMD MODEL ..\..\..\MCV_SMD_OG\weapons\v_m56\v_m56_anims\proneF.smd
SMD MODEL ..\..\..\MCV_SMD_OG\weapons\v_m56\v_m56_anims\proneB.smd
SMD MODEL ..\..\..\MCV_SMD_OG\weapons\v_m56\v_m56_anims\proneL.smd
SMD MODEL ..\..\..\MCV_SMD_OG\weapons\v_m56\v_m56_anims\proneR.smd
SMD MODEL ..\..\..\MCV_SMD_OG\weapons\v_m56\v_m56_anims\pickup_s_a.smd
SMD MODEL ..\..\..\MCV_SMD_OG\weapons\v_m56\v_m56_anims\pickup_s_a_i.smd
SMD MODEL ..\..\..\MCV_SMD_OG\weapons\v_m56\v_m56_anims\pickup_a.smd
SMD MODEL ..\..\..\MCV_SMD_OG\weapons\v_m56\v_m56_anims\pickup_a_i.smd
SMD MODEL ..\..\..\MCV_SMD_OG\weapons\v_m56\v_m56_anims\pickup_e_a.smd
SMD MODEL ..\..\..\MCV_SMD_OG\weapons\v_m56\v_m56_anims\pickup_e_a_i.smd
SMD MODEL ..\..\..\MCV_SMD_OG\weapons\v_m56\v_m56_anims\change_firemode_idle.smd
SMD MODEL ..\..\..\MCV_SMD_OG\weapons\v_m56\v_m56_anims\change_firemode_iron.smd
SMD MODEL ..\..\..\MCV_SMD_OG\weapons\v_m56\v_m56_anims\draw.smd
SMD MODEL ..\..\..\MCV_SMD_OG\weapons\v_m56\v_m56_anims\draw_2.smd
SMD MODEL ..\..\..\MCV_SMD_OG\weapons\v_m56\v_m56_anims\Firstdraw.smd
SMD MODEL ..\..\..\MCV_SMD_OG\weapons\v_m56\v_m56_anims\Firstdraw_2.smd
SMD MODEL ..\..\..\MCV_SMD_OG\weapons\v_m56\v_m56_anims\reload.smd
SMD MODEL ..\..\..\MCV_SMD_OG\weapons\v_m56\v_m56_anims\reload_2.smd
SMD MODEL ..\..\..\MCV_SMD_OG\weapons\v_m56\v_m56_anims\reload_empty.smd
SMD MODEL ..\..\..\MCV_SMD_OG\weapons\v_m56\v_m56_anims\reload_empty_2.smd
SMD MODEL ..\..\..\MCV_SMD_OG\weapons\v_m56\v_m56_anims\bash.smd
SMD MODEL ..\..\..\MCV_SMD_OG\weapons\v_m56\v_m56_anims\bash_2.smd
SMD MODEL ..\..\..\MCV_SMD_OG\weapons\v_m56\v_m56_anims\holster.smd
Processing LOD for material: m56
Processing LOD for material: shells_small
Processing LOD for material: m56_mag
Processing LOD for material: m56_mag
---------------------
writing C:\Program Files (x86)\Steam\steamapps\common\GarrysMod\garrysmod\addons\mcv\work\compile_test_game\models/weapons/mcv/v_m56.mdl:
Loading preexisting model: C:\Program Files (x86)\Steam\steamapps\common\GarrysMod\garrysmod\addons\mcv\work\compile_test_game\models/weapons/mcv/v_m56.mdl
WARNING: LoadPreexistingSequenceOrder: Zero-size file or no sequences.
bones        21988 bytes (96)
animations  173784 bytes (67 anims) (1746 frames) [0:58]
sequences     9904 bytes (26 seq) 
ik/pose        556 bytes
eyeballs         0 bytes (0 eyeballs)
flexes           0 bytes (0 flexes)
eyeballs         0 bytes (0 eyeballs)
flexes           0 bytes (0 flexes)
eyeballs         0 bytes (0 eyeballs)
flexes           0 bytes (0 flexes)
textures       208 bytes
keyvalues       20 bytes
bone transforms    13120 bytes
bone flex driver       0 bytes
collision        0 bytes
total       223588
---------------------
writing C:\Program Files (x86)\Steam\steamapps\common\GarrysMod\garrysmod\addons\mcv\work\compile_test_game\models/weapons/mcv/v_m56.vvd:
vertices   1572768 bytes (32766 vertices)
vertices     32784 bytes (683 vertices)
tangents    524256 bytes (32766 vertices)
tangents     10928 bytes (683 vertices)
total      2140800 bytes
---------------------
Generating optimized mesh "C:\Program Files (x86)\Steam\steamapps\common\GarrysMod\garrysmod\addons\mcv\work\compile_test_game\models/weapons/mcv/v_m56.dx80.vtx":
body parts:        16 bytes
models:            60 bytes
model LODs:        36 bytes
meshes:            36 bytes
strip groups:     100 bytes
strips:           108 bytes
verts:         301041 bytes
indices:       254766 bytes
bone changes:      64 bytes
everything:    556227 bytes
---------------------
Generating optimized mesh "C:\Program Files (x86)\Steam\steamapps\common\GarrysMod\garrysmod\addons\mcv\work\compile_test_game\models/weapons/mcv/v_m56.dx90.vtx":
body parts:        16 bytes
models:            60 bytes
model LODs:        36 bytes
meshes:            36 bytes
strip groups:     100 bytes
strips:           108 bytes
verts:         301041 bytes
indices:       254766 bytes
bone changes:      64 bytes
everything:    556227 bytes

Completed "v_m56.qc"
