StudioMDL.exe (Apr 27 2026) - Garry's Mod Edition
WARNING: Failed to load keyvalues file cfg/mount.cfg!
qdir:    "c:\program files (x86)\steam\steamapps\common\garrysmod\garrysmod\addons\mcv\work\mcv_smd_port\weapons\v_m50\"
gamedir: "C:\Program Files (x86)\Steam\steamapps\common\GarrysMod\garrysmod\addons\mcv\work\compile_test_game\"
g_path:  "C:\Program Files (x86)\Steam\steamapps\common\GarrysMod\garrysmod\addons\mcv\work\MCV_SMD_PORT\weapons\v_m50\v_m50.qc"
Building binary model files...
Working on "v_m50.qc"
SMD MODEL ..\..\..\MCV_SMD_OG\weapons\v_m50\Ref_new.smd
SMD MODEL ..\..\..\MCV_SMD_OG\weapons\v_m50\v_m50_anims\Default_corrective_animation.smd
SMD MODEL ..\..\..\MCV_SMD_OG\weapons\v_m50\v_m50_anims\Slideback_corrective_animation.smd
SMD MODEL ..\..\..\MCV_SMD_OG\weapons\v_m50\v_m50_anims\runIdle_a_corrective_animation.smd
SMD MODEL ..\..\..\MCV_SMD_OG\weapons\v_m50\v_m50_anims\run_a_corrective_animation.smd
SMD MODEL ..\..\..\MCV_SMD_OG\weapons\v_m50\v_m50_anims\walkIdle_a_corrective_animation.smd
SMD MODEL ..\..\..\MCV_SMD_OG\weapons\v_m50\v_m50_anims\walk_a_corrective_animation.smd
SMD MODEL ..\..\..\MCV_SMD_OG\weapons\v_m50\v_m50_anims\ShootMove_corrective_animation.smd
SMD MODEL ..\..\..\MCV_SMD_OG\weapons\v_m50\v_m50_anims\ShootStill_corrective_animation.smd
SMD MODEL ..\..\..\MCV_SMD_OG\weapons\v_m50\v_m50_anims\shoot1_a_corrective_animation.smd
SMD MODEL ..\..\..\MCV_SMD_OG\weapons\v_m50\v_m50_anims\shoot1_ironsight_a_corrective_animation.smd
SMD MODEL ..\..\..\MCV_SMD_OG\weapons\v_m50\v_m50_anims\shoot2_a_corrective_animation.smd
SMD MODEL ..\..\..\MCV_SMD_OG\weapons\v_m50\v_m50_anims\shoot2_ironsight_a_corrective_animation.smd
SMD MODEL ..\..\..\MCV_SMD_OG\weapons\v_m50\v_m50_anims\shoot3_a_corrective_animation.smd
SMD MODEL ..\..\..\MCV_SMD_OG\weapons\v_m50\v_m50_anims\shoot3_ironsight_a_corrective_animation.smd
SMD MODEL ..\..\..\MCV_SMD_OG\weapons\v_m50\v_m50_anims\PoseDelta.smd
SMD MODEL ..\..\..\MCV_SMD_OG\weapons\v_m50\v_m50_anims\PoseDelta2.smd
SMD MODEL ..\..\..\MCV_SMD_OG\weapons\v_m50\v_m50_anims\Default.smd
SMD MODEL ..\..\..\MCV_SMD_OG\weapons\v_m50\v_m50_anims\Slideback.smd
SMD MODEL ..\..\..\MCV_SMD_OG\weapons\v_m50\v_m50_anims\ShootMove.smd
SMD MODEL ..\..\..\MCV_SMD_OG\weapons\v_m50\v_m50_anims\ShootStill.smd
SMD MODEL ..\..\..\MCV_SMD_OG\weapons\v_m50\v_m50_anims\basePose_a.smd
SMD MODEL ..\..\..\MCV_SMD_OG\weapons\v_m50\v_m50_anims\ironsight.smd
SMD MODEL ..\..\..\MCV_SMD_OG\weapons\v_m50\v_m50_anims\ironsight_transition.smd
SMD MODEL ..\..\..\MCV_SMD_OG\weapons\v_m50\v_m50_anims\runIdle_a.smd
SMD MODEL ..\..\..\MCV_SMD_OG\weapons\v_m50\v_m50_anims\run_a.smd
SMD MODEL ..\..\..\MCV_SMD_OG\weapons\v_m50\v_m50_anims\walkDelta.smd
SMD MODEL ..\..\..\MCV_SMD_OG\weapons\v_m50\v_m50_anims\walkIdle_a.smd
SMD MODEL fixed_anims\walk_a.smd
SMD MODEL ..\..\..\MCV_SMD_OG\weapons\v_m50\v_m50_anims\shoot1_a.smd
SMD MODEL ..\..\..\MCV_SMD_OG\weapons\v_m50\v_m50_anims\shoot1_ironsight_a.smd
SMD MODEL ..\..\..\MCV_SMD_OG\weapons\v_m50\v_m50_anims\shoot2_a.smd
SMD MODEL ..\..\..\MCV_SMD_OG\weapons\v_m50\v_m50_anims\shoot2_ironsight_a.smd
SMD MODEL ..\..\..\MCV_SMD_OG\weapons\v_m50\v_m50_anims\shoot3_a.smd
SMD MODEL ..\..\..\MCV_SMD_OG\weapons\v_m50\v_m50_anims\shoot3_ironsight_a.smd
SMD MODEL ..\..\..\MCV_SMD_OG\weapons\v_m50\v_m50_anims\nearwall_s_a.smd
SMD MODEL ..\..\..\MCV_SMD_OG\weapons\v_m50\v_m50_anims\nearwall_s_a_i.smd
SMD MODEL ..\..\..\MCV_SMD_OG\weapons\v_m50\v_m50_anims\nearwall_a.smd
SMD MODEL ..\..\..\MCV_SMD_OG\weapons\v_m50\v_m50_anims\nearwall_a_i.smd
SMD MODEL ..\..\..\MCV_SMD_OG\weapons\v_m50\v_m50_anims\nearwall_e_a.smd
SMD MODEL ..\..\..\MCV_SMD_OG\weapons\v_m50\v_m50_anims\nearwall_e_a_i.smd
SMD MODEL ..\..\..\MCV_SMD_OG\weapons\v_m50\v_m50_anims\proneF.smd
SMD MODEL ..\..\..\MCV_SMD_OG\weapons\v_m50\v_m50_anims\proneB.smd
SMD MODEL fixed_anims\proneL.smd
SMD MODEL ..\..\..\MCV_SMD_OG\weapons\v_m50\v_m50_anims\proneR.smd
SMD MODEL ..\..\..\MCV_SMD_OG\weapons\v_m50\v_m50_anims\pickup_s_a.smd
SMD MODEL ..\..\..\MCV_SMD_OG\weapons\v_m50\v_m50_anims\pickup_s_a_i.smd
SMD MODEL ..\..\..\MCV_SMD_OG\weapons\v_m50\v_m50_anims\pickup_a.smd
SMD MODEL ..\..\..\MCV_SMD_OG\weapons\v_m50\v_m50_anims\pickup_a_i.smd
SMD MODEL ..\..\..\MCV_SMD_OG\weapons\v_m50\v_m50_anims\pickup_e_a.smd
SMD MODEL ..\..\..\MCV_SMD_OG\weapons\v_m50\v_m50_anims\pickup_e_a_i.smd
SMD MODEL ..\..\..\MCV_SMD_OG\weapons\v_m50\v_m50_anims\draw.smd
SMD MODEL ..\..\..\MCV_SMD_OG\weapons\v_m50\v_m50_anims\draw_2.smd
SMD MODEL ..\..\..\MCV_SMD_OG\weapons\v_m50\v_m50_anims\Firstdraw.smd
SMD MODEL ..\..\..\MCV_SMD_OG\weapons\v_m50\v_m50_anims\Firstdraw_2.smd
SMD MODEL ..\..\..\MCV_SMD_OG\weapons\v_m50\v_m50_anims\reload.smd
SMD MODEL ..\..\..\MCV_SMD_OG\weapons\v_m50\v_m50_anims\reload_2.smd
SMD MODEL ..\..\..\MCV_SMD_OG\weapons\v_m50\v_m50_anims\reload_empty.smd
SMD MODEL ..\..\..\MCV_SMD_OG\weapons\v_m50\v_m50_anims\reload_empty_2.smd
SMD MODEL ..\..\..\MCV_SMD_OG\weapons\v_m50\v_m50_anims\bash.smd
SMD MODEL ..\..\..\MCV_SMD_OG\weapons\v_m50\v_m50_anims\bash_2.smd
SMD MODEL ..\..\..\MCV_SMD_OG\weapons\v_m50\v_m50_anims\holster.smd
Processing LOD for material: v_madsen_m50
Processing LOD for material: shells_small
---------------------
writing C:\Program Files (x86)\Steam\steamapps\common\GarrysMod\garrysmod\addons\mcv\work\compile_test_game\models/weapons/mcv/v_m50.mdl:
Loading preexisting model: C:\Program Files (x86)\Steam\steamapps\common\GarrysMod\garrysmod\addons\mcv\work\compile_test_game\models/weapons/mcv/v_m50.mdl
WARNING: LoadPreexistingSequenceOrder: Zero-size file or no sequences.
bones        22056 bytes (96)
animations  168228 bytes (64 anims) (1686 frames) [0:56]
sequences     9500 bytes (25 seq) 
ik/pose        244 bytes
eyeballs         0 bytes (0 eyeballs)
flexes           0 bytes (0 flexes)
textures       144 bytes
keyvalues       20 bytes
bone transforms    13120 bytes
bone flex driver       0 bytes
collision        0 bytes
total       216992
---------------------
writing C:\Program Files (x86)\Steam\steamapps\common\GarrysMod\garrysmod\addons\mcv\work\compile_test_game\models/weapons/mcv/v_m50.vvd:
vertices    447840 bytes (9330 vertices)
tangents    149280 bytes (9330 vertices)
total       597184 bytes
---------------------
Generating optimized mesh "C:\Program Files (x86)\Steam\steamapps\common\GarrysMod\garrysmod\addons\mcv\work\compile_test_game\models/weapons/mcv/v_m50.dx80.vtx":
body parts:         8 bytes
models:            20 bytes
model LODs:        12 bytes
meshes:            18 bytes
strip groups:      50 bytes
strips:            54 bytes
verts:          83970 bytes
indices:        72276 bytes
bone changes:      56 bytes
everything:    156488 bytes
---------------------
Generating optimized mesh "C:\Program Files (x86)\Steam\steamapps\common\GarrysMod\garrysmod\addons\mcv\work\compile_test_game\models/weapons/mcv/v_m50.dx90.vtx":
body parts:         8 bytes
models:            20 bytes
model LODs:        12 bytes
meshes:            18 bytes
strip groups:      50 bytes
strips:            54 bytes
verts:          83970 bytes
indices:        72276 bytes
bone changes:      56 bytes
everything:    156488 bytes

Completed "v_m50.qc"
