StudioMDL.exe (Apr 27 2026) - Garry's Mod Edition
WARNING: Failed to load keyvalues file cfg/mount.cfg!
qdir:    "c:\program files (x86)\steam\steamapps\common\garrysmod\garrysmod\addons\mcv\work\mcv_smd_port\weapons\v_m607\"
gamedir: "C:\Program Files (x86)\Steam\steamapps\common\GarrysMod\garrysmod\addons\mcv\work\compile_test_game\"
g_path:  "C:\Program Files (x86)\Steam\steamapps\common\GarrysMod\garrysmod\addons\mcv\work\MCV_SMD_PORT\weapons\v_m607\v_m607.qc"
Building binary model files...
Working on "v_m607.qc"
SMD MODEL ..\..\..\MCV_SMD_OG\weapons\v_m607\m607_ref.smd
SMD MODEL ..\..\..\MCV_SMD_OG\weapons\v_m607\car15_scope_new.smd
SMD MODEL ..\..\..\MCV_SMD_OG\weapons\v_m607\single_point_OEG.smd
SMD MODEL ..\..\..\MCV_SMD_OG\weapons\v_m607\magazine_30.smd
SMD MODEL ..\..\..\MCV_SMD_OG\weapons\v_m607\magazine_20.smd
SMD MODEL ..\..\..\MCV_SMD_OG\weapons\v_m607\v_m607_anims\runIdle_a_corrective_animation.smd
SMD MODEL ..\..\..\MCV_SMD_OG\weapons\v_m607\v_m607_anims\run_a_corrective_animation.smd
SMD MODEL ..\..\..\MCV_SMD_OG\weapons\v_m607\v_m607_anims\walkIdle_a_corrective_animation.smd
SMD MODEL ..\..\..\MCV_SMD_OG\weapons\v_m607\v_m607_anims\walk_a_corrective_animation.smd
SMD MODEL ..\..\..\MCV_SMD_OG\weapons\v_m607\v_m607_anims\shoot1_a_corrective_animation.smd
SMD MODEL ..\..\..\MCV_SMD_OG\weapons\v_m607\v_m607_anims\shoot1_ironsight_a_corrective_animation.smd
SMD MODEL ..\..\..\MCV_SMD_OG\weapons\v_m607\v_m607_anims\shoot2_a_corrective_animation.smd
SMD MODEL ..\..\..\MCV_SMD_OG\weapons\v_m607\v_m607_anims\shoot2_ironsight_a_corrective_animation.smd
SMD MODEL ..\..\..\MCV_SMD_OG\weapons\v_m607\v_m607_anims\shoot3_a_corrective_animation.smd
SMD MODEL ..\..\..\MCV_SMD_OG\weapons\v_m607\v_m607_anims\shoot3_ironsight_a_corrective_animation.smd
SMD MODEL ..\..\..\MCV_SMD_OG\weapons\v_m607\v_m607_anims\basePose_a.smd
SMD MODEL ..\..\..\MCV_SMD_OG\weapons\v_m607\v_m607_anims\ironsight.smd
SMD MODEL ..\..\..\MCV_SMD_OG\weapons\v_m607\v_m607_anims\ironsight_transition.smd
SMD MODEL ..\..\..\MCV_SMD_OG\weapons\v_m607\v_m607_anims\runIdle_a.smd
SMD MODEL ..\..\..\MCV_SMD_OG\weapons\v_m607\v_m607_anims\run_a.smd
SMD MODEL ..\..\..\MCV_SMD_OG\weapons\v_m607\v_m607_anims\walkIdle_a.smd
SMD MODEL ..\..\..\MCV_SMD_OG\weapons\v_m607\v_m607_anims\walk_a.smd
SMD MODEL ..\..\..\MCV_SMD_OG\weapons\v_m607\v_m607_anims\shoot1_a.smd
SMD MODEL ..\..\..\MCV_SMD_OG\weapons\v_m607\v_m607_anims\shoot1_ironsight_a.smd
SMD MODEL ..\..\..\MCV_SMD_OG\weapons\v_m607\v_m607_anims\shoot2_a.smd
SMD MODEL ..\..\..\MCV_SMD_OG\weapons\v_m607\v_m607_anims\shoot2_ironsight_a.smd
SMD MODEL ..\..\..\MCV_SMD_OG\weapons\v_m607\v_m607_anims\shoot3_a.smd
SMD MODEL ..\..\..\MCV_SMD_OG\weapons\v_m607\v_m607_anims\shoot3_ironsight_a.smd
SMD MODEL ..\..\..\MCV_SMD_OG\weapons\v_m607\v_m607_anims\nearwall_s_a.smd
SMD MODEL ..\..\..\MCV_SMD_OG\weapons\v_m607\v_m607_anims\nearwall_s_a_i.smd
SMD MODEL ..\..\..\MCV_SMD_OG\weapons\v_m607\v_m607_anims\nearwall_a.smd
SMD MODEL ..\..\..\MCV_SMD_OG\weapons\v_m607\v_m607_anims\nearwall_a_i.smd
SMD MODEL ..\..\..\MCV_SMD_OG\weapons\v_m607\v_m607_anims\nearwall_e_a.smd
SMD MODEL ..\..\..\MCV_SMD_OG\weapons\v_m607\v_m607_anims\nearwall_e_a_i.smd
SMD MODEL ..\..\..\MCV_SMD_OG\weapons\v_m607\v_m607_anims\proneF.smd
SMD MODEL ..\..\..\MCV_SMD_OG\weapons\v_m607\v_m607_anims\proneB.smd
SMD MODEL ..\..\..\MCV_SMD_OG\weapons\v_m607\v_m607_anims\proneL.smd
SMD MODEL ..\..\..\MCV_SMD_OG\weapons\v_m607\v_m607_anims\proneR.smd
SMD MODEL ..\..\..\MCV_SMD_OG\weapons\v_m607\v_m607_anims\pickup_s_a.smd
SMD MODEL ..\..\..\MCV_SMD_OG\weapons\v_m607\v_m607_anims\pickup_s_a_i.smd
SMD MODEL ..\..\..\MCV_SMD_OG\weapons\v_m607\v_m607_anims\pickup_a.smd
SMD MODEL ..\..\..\MCV_SMD_OG\weapons\v_m607\v_m607_anims\pickup_a_i.smd
SMD MODEL ..\..\..\MCV_SMD_OG\weapons\v_m607\v_m607_anims\pickup_e_a.smd
SMD MODEL ..\..\..\MCV_SMD_OG\weapons\v_m607\v_m607_anims\pickup_e_a_i.smd
SMD MODEL ..\..\..\MCV_SMD_OG\weapons\v_m607\v_m607_anims\change_firemode_idle.smd
SMD MODEL ..\..\..\MCV_SMD_OG\weapons\v_m607\v_m607_anims\change_firemode_iron.smd
SMD MODEL ..\..\..\MCV_SMD_OG\weapons\v_m607\v_m607_anims\scope_adjust_idle.smd
SMD MODEL ..\..\..\MCV_SMD_OG\weapons\v_m607\v_m607_anims\scope_adjust_iron.smd
SMD MODEL ..\..\..\MCV_SMD_OG\weapons\v_m607\v_m607_anims\draw.smd
SMD MODEL ..\..\..\MCV_SMD_OG\weapons\v_m607\v_m607_anims\draw_2.smd
SMD MODEL ..\..\..\MCV_SMD_OG\weapons\v_m607\v_m607_anims\Firstdraw.smd
SMD MODEL ..\..\..\MCV_SMD_OG\weapons\v_m607\v_m607_anims\Firstdraw_2.smd
SMD MODEL ..\..\..\MCV_SMD_OG\weapons\v_m607\v_m607_anims\reload.smd
SMD MODEL ..\..\..\MCV_SMD_OG\weapons\v_m607\v_m607_anims\reload_2.smd
SMD MODEL ..\..\..\MCV_SMD_OG\weapons\v_m607\v_m607_anims\reload_empty.smd
SMD MODEL ..\..\..\MCV_SMD_OG\weapons\v_m607\v_m607_anims\reload_empty_2.smd
SMD MODEL ..\..\..\MCV_SMD_OG\weapons\v_m607\v_m607_anims\bash.smd
SMD MODEL ..\..\..\MCV_SMD_OG\weapons\v_m607\v_m607_anims\bash_2.smd
SMD MODEL ..\..\..\MCV_SMD_OG\weapons\v_m607\v_m607_anims\holster.smd
Processing LOD for material: m16a1
Processing LOD for material: xm607
Processing LOD for material: shells_small
Processing LOD for material: lens_4x
Processing LOD for material: 4x
Processing LOD for material: single_point
Processing LOD for material: lens_singlepoint
Processing LOD for material: single_point_glass
Processing LOD for material: lens_singlepoint_glow
Processing LOD for material: shells_small
Processing LOD for material: m16_mag30
Processing LOD for material: shells_small
Processing LOD for material: m16_mag20
---------------------
writing C:\Program Files (x86)\Steam\steamapps\common\GarrysMod\garrysmod\addons\mcv\work\compile_test_game\models/weapons/mcv/v_m607.mdl:
Loading preexisting model: C:\Program Files (x86)\Steam\steamapps\common\GarrysMod\garrysmod\addons\mcv\work\compile_test_game\models/weapons/mcv/v_m607.mdl
WARNING: LoadPreexistingSequenceOrder: Zero-size file or no sequences.
bones        22640 bytes (99)
animations  178064 bytes (57 anims) (1628 frames) [0:54]
sequences     9224 bytes (25 seq) 
ik/pose        996 bytes
eyeballs         0 bytes (0 eyeballs)
flexes           0 bytes (0 flexes)
eyeballs         0 bytes (0 eyeballs)
flexes           0 bytes (0 flexes)
eyeballs         0 bytes (0 eyeballs)
flexes           0 bytes (0 flexes)
eyeballs         0 bytes (0 eyeballs)
flexes           0 bytes (0 flexes)
eyeballs         0 bytes (0 eyeballs)
flexes           0 bytes (0 flexes)
eyeballs         0 bytes (0 eyeballs)
flexes           0 bytes (0 flexes)
textures       740 bytes
keyvalues       20 bytes
bone transforms    13528 bytes
bone flex driver       0 bytes
collision        0 bytes
total       230220
---------------------
writing C:\Program Files (x86)\Steam\steamapps\common\GarrysMod\garrysmod\addons\mcv\work\compile_test_game\models/weapons/mcv/v_m607.vvd:
vertices   1399968 bytes (29166 vertices)
vertices    183168 bytes (3816 vertices)
vertices    431952 bytes (8999 vertices)
vertices    161904 bytes (3373 vertices)
vertices    114960 bytes (2395 vertices)
tangents    466656 bytes (29166 vertices)
tangents     61056 bytes (3816 vertices)
tangents    143984 bytes (8999 vertices)
tangents     53968 bytes (3373 vertices)
tangents     38320 bytes (2395 vertices)
total      3056000 bytes
---------------------
Generating optimized mesh "C:\Program Files (x86)\Steam\steamapps\common\GarrysMod\garrysmod\addons\mcv\work\compile_test_game\models/weapons/mcv/v_m607.dx80.vtx":
body parts:        24 bytes
models:           120 bytes
model LODs:        72 bytes
meshes:           117 bytes
strip groups:     325 bytes
strips:           351 bytes
verts:         429741 bytes
indices:       349242 bytes
bone changes:     168 bytes
everything:    780124 bytes
---------------------
Generating optimized mesh "C:\Program Files (x86)\Steam\steamapps\common\GarrysMod\garrysmod\addons\mcv\work\compile_test_game\models/weapons/mcv/v_m607.dx90.vtx":
body parts:        24 bytes
models:           120 bytes
model LODs:        72 bytes
meshes:           117 bytes
strip groups:     325 bytes
strips:           351 bytes
verts:         429741 bytes
indices:       349242 bytes
bone changes:     168 bytes
everything:    780124 bytes

Completed "v_m607.qc"
