StudioMDL.exe (Apr 27 2026) - Garry's Mod Edition
WARNING: Failed to load keyvalues file cfg/mount.cfg!
qdir:    "c:\program files (x86)\steam\steamapps\common\garrysmod\garrysmod\addons\mcv\work\mcv_smd_port\weapons\v_m601\"
gamedir: "C:\Program Files (x86)\Steam\steamapps\common\GarrysMod\garrysmod\addons\mcv\work\compile_test_game\"
g_path:  "C:\Program Files (x86)\Steam\steamapps\common\GarrysMod\garrysmod\addons\mcv\work\MCV_SMD_PORT\weapons\v_m601\v_m601.qc"
Building binary model files...
Working on "v_m601.qc"
SMD MODEL ..\..\..\MCV_SMD_OG\weapons\v_m601\m601_ref.smd
SMD MODEL ..\..\..\MCV_SMD_OG\weapons\v_m601\v_bayonet_new.smd
SMD MODEL ..\..\..\MCV_SMD_OG\weapons\v_m601\magazine_20.smd
SMD MODEL ..\..\..\MCV_SMD_OG\weapons\v_m601\v_m601_anims\runIdle_a_corrective_animation.smd
SMD MODEL ..\..\..\MCV_SMD_OG\weapons\v_m601\v_m601_anims\run_a_corrective_animation.smd
SMD MODEL ..\..\..\MCV_SMD_OG\weapons\v_m601\v_m601_anims\walkIdle_a_corrective_animation.smd
SMD MODEL ..\..\..\MCV_SMD_OG\weapons\v_m601\v_m601_anims\walk_a_corrective_animation.smd
SMD MODEL ..\..\..\MCV_SMD_OG\weapons\v_m601\v_m601_anims\shoot1_a_corrective_animation.smd
SMD MODEL ..\..\..\MCV_SMD_OG\weapons\v_m601\v_m601_anims\shoot1_ironsight_a_corrective_animation.smd
SMD MODEL ..\..\..\MCV_SMD_OG\weapons\v_m601\v_m601_anims\shoot2_a_corrective_animation.smd
SMD MODEL ..\..\..\MCV_SMD_OG\weapons\v_m601\v_m601_anims\shoot2_ironsight_a_corrective_animation.smd
SMD MODEL ..\..\..\MCV_SMD_OG\weapons\v_m601\v_m601_anims\shoot3_a_corrective_animation.smd
SMD MODEL ..\..\..\MCV_SMD_OG\weapons\v_m601\v_m601_anims\shoot3_ironsight_a_corrective_animation.smd
SMD MODEL ..\..\..\MCV_SMD_OG\weapons\v_m601\v_m601_anims\basePose_a.smd
SMD MODEL ..\..\..\MCV_SMD_OG\weapons\v_m601\v_m601_anims\ironsight.smd
SMD MODEL ..\..\..\MCV_SMD_OG\weapons\v_m601\v_m601_anims\ironsight_transition.smd
SMD MODEL ..\..\..\MCV_SMD_OG\weapons\v_m601\v_m601_anims\runIdle_a.smd
SMD MODEL ..\..\..\MCV_SMD_OG\weapons\v_m601\v_m601_anims\run_a.smd
SMD MODEL ..\..\..\MCV_SMD_OG\weapons\v_m601\v_m601_anims\walkIdle_a.smd
SMD MODEL ..\..\..\MCV_SMD_OG\weapons\v_m601\v_m601_anims\walk_a.smd
SMD MODEL ..\..\..\MCV_SMD_OG\weapons\v_m601\v_m601_anims\shoot1_a.smd
SMD MODEL ..\..\..\MCV_SMD_OG\weapons\v_m601\v_m601_anims\shoot1_ironsight_a.smd
SMD MODEL ..\..\..\MCV_SMD_OG\weapons\v_m601\v_m601_anims\shoot2_a.smd
SMD MODEL ..\..\..\MCV_SMD_OG\weapons\v_m601\v_m601_anims\shoot2_ironsight_a.smd
SMD MODEL ..\..\..\MCV_SMD_OG\weapons\v_m601\v_m601_anims\shoot3_a.smd
SMD MODEL ..\..\..\MCV_SMD_OG\weapons\v_m601\v_m601_anims\shoot3_ironsight_a.smd
SMD MODEL ..\..\..\MCV_SMD_OG\weapons\v_m601\v_m601_anims\nearwall_s_a.smd
SMD MODEL ..\..\..\MCV_SMD_OG\weapons\v_m601\v_m601_anims\nearwall_s_a_i.smd
SMD MODEL ..\..\..\MCV_SMD_OG\weapons\v_m601\v_m601_anims\nearwall_a.smd
SMD MODEL ..\..\..\MCV_SMD_OG\weapons\v_m601\v_m601_anims\nearwall_a_i.smd
SMD MODEL ..\..\..\MCV_SMD_OG\weapons\v_m601\v_m601_anims\nearwall_e_a.smd
SMD MODEL ..\..\..\MCV_SMD_OG\weapons\v_m601\v_m601_anims\nearwall_e_a_i.smd
SMD MODEL ..\..\..\MCV_SMD_OG\weapons\v_m601\v_m601_anims\proneF.smd
SMD MODEL ..\..\..\MCV_SMD_OG\weapons\v_m601\v_m601_anims\proneB.smd
SMD MODEL ..\..\..\MCV_SMD_OG\weapons\v_m601\v_m601_anims\proneL.smd
SMD MODEL ..\..\..\MCV_SMD_OG\weapons\v_m601\v_m601_anims\proneR.smd
SMD MODEL ..\..\..\MCV_SMD_OG\weapons\v_m601\v_m601_anims\pickup_s_a.smd
SMD MODEL ..\..\..\MCV_SMD_OG\weapons\v_m601\v_m601_anims\pickup_s_a_i.smd
SMD MODEL ..\..\..\MCV_SMD_OG\weapons\v_m601\v_m601_anims\pickup_a.smd
SMD MODEL ..\..\..\MCV_SMD_OG\weapons\v_m601\v_m601_anims\pickup_a_i.smd
SMD MODEL ..\..\..\MCV_SMD_OG\weapons\v_m601\v_m601_anims\pickup_e_a.smd
SMD MODEL ..\..\..\MCV_SMD_OG\weapons\v_m601\v_m601_anims\pickup_e_a_i.smd
SMD MODEL ..\..\..\MCV_SMD_OG\weapons\v_m601\v_m601_anims\change_firemode_idle.smd
SMD MODEL ..\..\..\MCV_SMD_OG\weapons\v_m601\v_m601_anims\change_firemode_iron.smd
SMD MODEL ..\..\..\MCV_SMD_OG\weapons\v_m601\v_m601_anims\bayonet_attack_a.smd
SMD MODEL ..\..\..\MCV_SMD_OG\weapons\v_m601\v_m601_anims\bayonet_attack_a_i.smd
SMD MODEL ..\..\..\MCV_SMD_OG\weapons\v_m601\v_m601_anims\bayonet_e_a.smd
SMD MODEL ..\..\..\MCV_SMD_OG\weapons\v_m601\v_m601_anims\bayonet_e_a_i.smd
SMD MODEL ..\..\..\MCV_SMD_OG\weapons\v_m601\v_m601_anims\bayonet_s_a.smd
SMD MODEL ..\..\..\MCV_SMD_OG\weapons\v_m601\v_m601_anims\bayonet_s_a_i.smd
SMD MODEL ..\..\..\MCV_SMD_OG\weapons\v_m601\v_m601_anims\Charge_s_a.smd
SMD MODEL ..\..\..\MCV_SMD_OG\weapons\v_m601\v_m601_anims\Charge_s_a_i.smd
SMD MODEL ..\..\..\MCV_SMD_OG\weapons\v_m601\v_m601_anims\Charge_l_a.smd
SMD MODEL ..\..\..\MCV_SMD_OG\weapons\v_m601\v_m601_anims\Charge_l_a_i.smd
SMD MODEL ..\..\..\MCV_SMD_OG\weapons\v_m601\v_m601_anims\Charge_e_a.smd
SMD MODEL ..\..\..\MCV_SMD_OG\weapons\v_m601\v_m601_anims\Charge_e_a_i.smd
SMD MODEL ..\..\..\MCV_SMD_OG\weapons\v_m601\v_m601_anims\draw.smd
SMD MODEL ..\..\..\MCV_SMD_OG\weapons\v_m601\v_m601_anims\draw_2.smd
SMD MODEL ..\..\..\MCV_SMD_OG\weapons\v_m601\v_m601_anims\Firstdraw.smd
SMD MODEL ..\..\..\MCV_SMD_OG\weapons\v_m601\v_m601_anims\Firstdraw_2.smd
SMD MODEL ..\..\..\MCV_SMD_OG\weapons\v_m601\v_m601_anims\reload.smd
SMD MODEL ..\..\..\MCV_SMD_OG\weapons\v_m601\v_m601_anims\reload_2.smd
SMD MODEL ..\..\..\MCV_SMD_OG\weapons\v_m601\v_m601_anims\reload_empty.smd
SMD MODEL ..\..\..\MCV_SMD_OG\weapons\v_m601\v_m601_anims\reload_empty_2.smd
SMD MODEL ..\..\..\MCV_SMD_OG\weapons\v_m601\v_m601_anims\bash.smd
SMD MODEL ..\..\..\MCV_SMD_OG\weapons\v_m601\v_m601_anims\bash_2.smd
SMD MODEL ..\..\..\MCV_SMD_OG\weapons\v_m601\v_m601_anims\holster.smd
Processing LOD for material: m601
Processing LOD for material: m601_stock
Processing LOD for material: m16_mag30
Processing LOD for material: m7_d
Processing LOD for material: shells_small
Processing LOD for material: m16_mag20
---------------------
writing C:\Program Files (x86)\Steam\steamapps\common\GarrysMod\garrysmod\addons\mcv\work\compile_test_game\models/weapons/mcv/v_m601.mdl:
Loading preexisting model: C:\Program Files (x86)\Steam\steamapps\common\GarrysMod\garrysmod\addons\mcv\work\compile_test_game\models/weapons/mcv/v_m601.mdl
WARNING: LoadPreexistingSequenceOrder: Zero-size file or no sequences.
bones        22708 bytes (99)
animations  210980 bytes (67 anims) (1948 frames) [1:04]
sequences    11456 bytes (31 seq) 
ik/pose        700 bytes
eyeballs         0 bytes (0 eyeballs)
flexes           0 bytes (0 flexes)
eyeballs         0 bytes (0 eyeballs)
flexes           0 bytes (0 flexes)
eyeballs         0 bytes (0 eyeballs)
flexes           0 bytes (0 flexes)
eyeballs         0 bytes (0 eyeballs)
flexes           0 bytes (0 flexes)
textures       416 bytes
keyvalues       20 bytes
bone transforms    13528 bytes
bone flex driver       0 bytes
collision        0 bytes
total       264332
---------------------
writing C:\Program Files (x86)\Steam\steamapps\common\GarrysMod\garrysmod\addons\mcv\work\compile_test_game\models/weapons/mcv/v_m601.vvd:
vertices   1481712 bytes (30869 vertices)
vertices     95904 bytes (1998 vertices)
vertices    114960 bytes (2395 vertices)
tangents    493904 bytes (30869 vertices)
tangents     31968 bytes (1998 vertices)
tangents     38320 bytes (2395 vertices)
total      2256832 bytes
---------------------
Generating optimized mesh "C:\Program Files (x86)\Steam\steamapps\common\GarrysMod\garrysmod\addons\mcv\work\compile_test_game\models/weapons/mcv/v_m601.dx80.vtx":
body parts:        24 bytes
models:            80 bytes
model LODs:        48 bytes
meshes:            54 bytes
strip groups:     150 bytes
strips:           162 bytes
verts:         317358 bytes
indices:       266544 bytes
bone changes:      96 bytes
everything:    584504 bytes
---------------------
Generating optimized mesh "C:\Program Files (x86)\Steam\steamapps\common\GarrysMod\garrysmod\addons\mcv\work\compile_test_game\models/weapons/mcv/v_m601.dx90.vtx":
body parts:        24 bytes
models:            80 bytes
model LODs:        48 bytes
meshes:            54 bytes
strip groups:     150 bytes
strips:           162 bytes
verts:         317358 bytes
indices:       266544 bytes
bone changes:      96 bytes
everything:    584504 bytes

Completed "v_m601.qc"
