StudioMDL.exe (Apr 27 2026) - Garry's Mod Edition
WARNING: Failed to load keyvalues file cfg/mount.cfg!
qdir:    "c:\program files (x86)\steam\steamapps\common\garrysmod\garrysmod\addons\mcv\work\mcv_smd_port\weapons\v_m60b\"
gamedir: "C:\Program Files (x86)\Steam\steamapps\common\GarrysMod\garrysmod\addons\mcv\work\compile_test_game\"
g_path:  "C:\Program Files (x86)\Steam\steamapps\common\GarrysMod\garrysmod\addons\mcv\work\MCV_SMD_PORT\weapons\v_m60b\v_m60b.qc"
Building binary model files...
Working on "v_m60b.qc"
SMD MODEL ..\..\..\MCV_SMD_OG\weapons\v_m60b\Ref.smd
SMD MODEL ..\..\..\MCV_SMD_OG\weapons\v_m60b\Bullet.smd
SMD MODEL ..\..\..\MCV_SMD_OG\weapons\v_m60b\Bullet.001.smd
SMD MODEL ..\..\..\MCV_SMD_OG\weapons\v_m60b\Bullet.002.smd
SMD MODEL ..\..\..\MCV_SMD_OG\weapons\v_m60b\Bullet.003.smd
SMD MODEL ..\..\..\MCV_SMD_OG\weapons\v_m60b\Bullet.004.smd
SMD MODEL ..\..\..\MCV_SMD_OG\weapons\v_m60b\Bullet.005.smd
SMD MODEL ..\..\..\MCV_SMD_OG\weapons\v_m60b\Bullet.006.smd
SMD MODEL ..\..\..\MCV_SMD_OG\weapons\v_m60b\Bullet.007.smd
SMD MODEL ..\..\..\MCV_SMD_OG\weapons\v_m60b\Bullet.008.smd
SMD MODEL ..\..\..\MCV_SMD_OG\weapons\v_m60b\Bullet.009.smd
SMD MODEL ..\..\..\MCV_SMD_OG\weapons\v_m60b\Bullet.010.smd
SMD MODEL ..\..\..\MCV_SMD_OG\weapons\v_m60b\Bullet.011.smd
SMD MODEL ..\..\..\MCV_SMD_OG\weapons\v_m60b\Bullet.012.smd
SMD MODEL ..\..\..\MCV_SMD_OG\weapons\v_m60b\bipod_new.smd
SMD MODEL ..\..\..\MCV_SMD_OG\weapons\v_m60b\body15_model0.smd
SMD MODEL ..\..\..\MCV_SMD_OG\weapons\v_m60b\v_m60b_anims\runIdle_a_corrective_animation.smd
SMD MODEL ..\..\..\MCV_SMD_OG\weapons\v_m60b\v_m60b_anims\run_a_corrective_animation.smd
SMD MODEL ..\..\..\MCV_SMD_OG\weapons\v_m60b\v_m60b_anims\walkIdle_a_corrective_animation.smd
SMD MODEL ..\..\..\MCV_SMD_OG\weapons\v_m60b\v_m60b_anims\walk_a_corrective_animation.smd
SMD MODEL ..\..\..\MCV_SMD_OG\weapons\v_m60b\v_m60b_anims\shoot1_a_corrective_animation.smd
SMD MODEL ..\..\..\MCV_SMD_OG\weapons\v_m60b\v_m60b_anims\shoot1_ironsight_a_corrective_animation.smd
SMD MODEL ..\..\..\MCV_SMD_OG\weapons\v_m60b\v_m60b_anims\shoot2_a_corrective_animation.smd
SMD MODEL ..\..\..\MCV_SMD_OG\weapons\v_m60b\v_m60b_anims\shoot2_ironsight_a_corrective_animation.smd
SMD MODEL ..\..\..\MCV_SMD_OG\weapons\v_m60b\v_m60b_anims\shoot3_a_corrective_animation.smd
SMD MODEL ..\..\..\MCV_SMD_OG\weapons\v_m60b\v_m60b_anims\shoot3_ironsight_a_corrective_animation.smd
SMD MODEL ..\..\..\MCV_SMD_OG\weapons\v_m60b\v_m60b_anims\shoot1_d_a_corrective_animation.smd
SMD MODEL ..\..\..\MCV_SMD_OG\weapons\v_m60b\v_m60b_anims\shoot2_d_a_corrective_animation.smd
SMD MODEL ..\..\..\MCV_SMD_OG\weapons\v_m60b\v_m60b_anims\shoot3_d_a_corrective_animation.smd
SMD MODEL ..\..\..\MCV_SMD_OG\weapons\v_m60b\v_m60b_anims\idle_delta.smd
SMD MODEL ..\..\..\MCV_SMD_OG\weapons\v_m60b\v_m60b_anims\basePose_a.smd
SMD MODEL ..\..\..\MCV_SMD_OG\weapons\v_m60b\v_m60b_anims\ironsight.smd
SMD MODEL ..\..\..\MCV_SMD_OG\weapons\v_m60b\v_m60b_anims\ironsight_transition.smd
SMD MODEL ..\..\..\MCV_SMD_OG\weapons\v_m60b\v_m60b_anims\runIdle_a.smd
SMD MODEL ..\..\..\MCV_SMD_OG\weapons\v_m60b\v_m60b_anims\run_a.smd
SMD MODEL ..\..\..\MCV_SMD_OG\weapons\v_m60b\v_m60b_anims\walkIdle_a.smd
SMD MODEL ..\..\..\MCV_SMD_OG\weapons\v_m60b\v_m60b_anims\walk_a.smd
SMD MODEL ..\..\..\MCV_SMD_OG\weapons\v_m60b\v_m60b_anims\shoot1_a.smd
SMD MODEL ..\..\..\MCV_SMD_OG\weapons\v_m60b\v_m60b_anims\shoot1_ironsight_a.smd
SMD MODEL ..\..\..\MCV_SMD_OG\weapons\v_m60b\v_m60b_anims\shoot2_a.smd
SMD MODEL ..\..\..\MCV_SMD_OG\weapons\v_m60b\v_m60b_anims\shoot2_ironsight_a.smd
SMD MODEL ..\..\..\MCV_SMD_OG\weapons\v_m60b\v_m60b_anims\shoot3_a.smd
SMD MODEL ..\..\..\MCV_SMD_OG\weapons\v_m60b\v_m60b_anims\shoot3_ironsight_a.smd
SMD MODEL ..\..\..\MCV_SMD_OG\weapons\v_m60b\v_m60b_anims\nearwall_s_a.smd
SMD MODEL ..\..\..\MCV_SMD_OG\weapons\v_m60b\v_m60b_anims\nearwall_s_a_i.smd
SMD MODEL ..\..\..\MCV_SMD_OG\weapons\v_m60b\v_m60b_anims\nearwall_a.smd
SMD MODEL ..\..\..\MCV_SMD_OG\weapons\v_m60b\v_m60b_anims\nearwall_a_i.smd
SMD MODEL ..\..\..\MCV_SMD_OG\weapons\v_m60b\v_m60b_anims\nearwall_e_a.smd
SMD MODEL ..\..\..\MCV_SMD_OG\weapons\v_m60b\v_m60b_anims\nearwall_e_a_i.smd
SMD MODEL ..\..\..\MCV_SMD_OG\weapons\v_m60b\v_m60b_anims\prone_deployF.smd
SMD MODEL fixed_anims\prone_deployB.smd
SMD MODEL ..\..\..\MCV_SMD_OG\weapons\v_m60b\v_m60b_anims\prone_deployL.smd
SMD MODEL ..\..\..\MCV_SMD_OG\weapons\v_m60b\v_m60b_anims\prone_deployR.smd
SMD MODEL ..\..\..\MCV_SMD_OG\weapons\v_m60b\v_m60b_anims\proneF.smd
SMD MODEL ..\..\..\MCV_SMD_OG\weapons\v_m60b\v_m60b_anims\proneB.smd
SMD MODEL ..\..\..\MCV_SMD_OG\weapons\v_m60b\v_m60b_anims\proneL.smd
SMD MODEL ..\..\..\MCV_SMD_OG\weapons\v_m60b\v_m60b_anims\proneR.smd
SMD MODEL ..\..\..\MCV_SMD_OG\weapons\v_m60b\v_m60b_anims\pickup_s_a.smd
SMD MODEL ..\..\..\MCV_SMD_OG\weapons\v_m60b\v_m60b_anims\pickup_s_a_i.smd
SMD MODEL ..\..\..\MCV_SMD_OG\weapons\v_m60b\v_m60b_anims\pickup_a.smd
SMD MODEL ..\..\..\MCV_SMD_OG\weapons\v_m60b\v_m60b_anims\pickup_a_i.smd
SMD MODEL ..\..\..\MCV_SMD_OG\weapons\v_m60b\v_m60b_anims\pickup_e_a.smd
SMD MODEL ..\..\..\MCV_SMD_OG\weapons\v_m60b\v_m60b_anims\pickup_e_a_i.smd
SMD MODEL ..\..\..\MCV_SMD_OG\weapons\v_m60b\v_m60b_anims\deploy_s_a.smd
SMD MODEL ..\..\..\MCV_SMD_OG\weapons\v_m60b\v_m60b_anims\deploy_s_a_i.smd
SMD MODEL ..\..\..\MCV_SMD_OG\weapons\v_m60b\v_m60b_anims\deploy_a.smd
SMD MODEL ..\..\..\MCV_SMD_OG\weapons\v_m60b\v_m60b_anims\ironsightdeploy.smd
SMD MODEL ..\..\..\MCV_SMD_OG\weapons\v_m60b\v_m60b_anims\deploy_e_a.smd
SMD MODEL ..\..\..\MCV_SMD_OG\weapons\v_m60b\v_m60b_anims\deploy_e_a_i.smd
SMD MODEL ..\..\..\MCV_SMD_OG\weapons\v_m60b\v_m60b_anims\shoot1_d_a.smd
SMD MODEL ..\..\..\MCV_SMD_OG\weapons\v_m60b\v_m60b_anims\shoot2_d_a.smd
SMD MODEL ..\..\..\MCV_SMD_OG\weapons\v_m60b\v_m60b_anims\shoot3_d_a.smd
SMD MODEL ..\..\..\MCV_SMD_OG\weapons\v_m60b\v_m60b_anims\draw.smd
SMD MODEL ..\..\..\MCV_SMD_OG\weapons\v_m60b\v_m60b_anims\draw_2.smd
SMD MODEL ..\..\..\MCV_SMD_OG\weapons\v_m60b\v_m60b_anims\Firstdraw.smd
SMD MODEL ..\..\..\MCV_SMD_OG\weapons\v_m60b\v_m60b_anims\Firstdraw_2.smd
SMD MODEL ..\..\..\MCV_SMD_OG\weapons\v_m60b\v_m60b_anims\reload.smd
SMD MODEL ..\..\..\MCV_SMD_OG\weapons\v_m60b\v_m60b_anims\reload_2.smd
SMD MODEL ..\..\..\MCV_SMD_OG\weapons\v_m60b\v_m60b_anims\reload_empty.smd
SMD MODEL ..\..\..\MCV_SMD_OG\weapons\v_m60b\v_m60b_anims\reload_empty_2.smd
SMD MODEL ..\..\..\MCV_SMD_OG\weapons\v_m60b\v_m60b_anims\bash.smd
SMD MODEL ..\..\..\MCV_SMD_OG\weapons\v_m60b\v_m60b_anims\bash_2.smd
SMD MODEL ..\..\..\MCV_SMD_OG\weapons\v_m60b\v_m60b_anims\reload_deploy.smd
SMD MODEL ..\..\..\MCV_SMD_OG\weapons\v_m60b\v_m60b_anims\reload_deploy_2.smd
SMD MODEL ..\..\..\MCV_SMD_OG\weapons\v_m60b\v_m60b_anims\reload_deploy_empty.smd
SMD MODEL ..\..\..\MCV_SMD_OG\weapons\v_m60b\v_m60b_anims\reload_deploy_empty_2.smd
SMD MODEL ..\..\..\MCV_SMD_OG\weapons\v_m60b\v_m60b_anims\holster.smd
Processing LOD for material: m60
Processing LOD for material: shells_small
Processing LOD for material: m60_link
Processing LOD for material: shells_small
Processing LOD for material: m60_link
Processing LOD for material: shells_small
Processing LOD for material: m60_link
Processing LOD for material: shells_small
Processing LOD for material: m60_link
Processing LOD for material: shells_small
Processing LOD for material: m60_link
Processing LOD for material: shells_small
Processing LOD for material: m60_link
Processing LOD for material: shells_small
Processing LOD for material: m60_link
Processing LOD for material: shells_small
Processing LOD for material: m60_link
Processing LOD for material: shells_small
Processing LOD for material: m60_link
Processing LOD for material: shells_small
Processing LOD for material: m60_link
Processing LOD for material: shells_small
Processing LOD for material: m60_link
Processing LOD for material: shells_small
Processing LOD for material: m60_link
Processing LOD for material: shells_small
Processing LOD for material: m60_link
Processing LOD for material: m60
Processing LOD for material: m60
---------------------
writing C:\Program Files (x86)\Steam\steamapps\common\GarrysMod\garrysmod\addons\mcv\work\compile_test_game\models/weapons/mcv/v_m60b.mdl:
Loading preexisting model: C:\Program Files (x86)\Steam\steamapps\common\GarrysMod\garrysmod\addons\mcv\work\compile_test_game\models/weapons/mcv/v_m60b.mdl
WARNING: LoadPreexistingSequenceOrder: Zero-size file or no sequences.
bones        25232 bytes (110)
animations  662428 bytes (76 anims) (3259 frames) [1:47]
sequences    15104 bytes (37 seq) 
ik/pose       4756 bytes
eyeballs         0 bytes (0 eyeballs)
flexes           0 bytes (0 flexes)
eyeballs         0 bytes (0 eyeballs)
flexes           0 bytes (0 flexes)
eyeballs         0 bytes (0 eyeballs)
flexes           0 bytes (0 flexes)
eyeballs         0 bytes (0 eyeballs)
flexes           0 bytes (0 flexes)
eyeballs         0 bytes (0 eyeballs)
flexes           0 bytes (0 flexes)
eyeballs         0 bytes (0 eyeballs)
flexes           0 bytes (0 flexes)
eyeballs         0 bytes (0 eyeballs)
flexes           0 bytes (0 flexes)
eyeballs         0 bytes (0 eyeballs)
flexes           0 bytes (0 flexes)
eyeballs         0 bytes (0 eyeballs)
flexes           0 bytes (0 flexes)
eyeballs         0 bytes (0 eyeballs)
flexes           0 bytes (0 flexes)
eyeballs         0 bytes (0 eyeballs)
flexes           0 bytes (0 flexes)
eyeballs         0 bytes (0 eyeballs)
flexes           0 bytes (0 flexes)
eyeballs         0 bytes (0 eyeballs)
flexes           0 bytes (0 flexes)
eyeballs         0 bytes (0 eyeballs)
flexes           0 bytes (0 flexes)
eyeballs         0 bytes (0 eyeballs)
flexes           0 bytes (0 flexes)
eyeballs         0 bytes (0 eyeballs)
flexes           0 bytes (0 flexes)
eyeballs         0 bytes (0 eyeballs)
flexes           0 bytes (0 flexes)
eyeballs         0 bytes (0 eyeballs)
flexes           0 bytes (0 flexes)
eyeballs         0 bytes (0 eyeballs)
flexes           0 bytes (0 flexes)
eyeballs         0 bytes (0 eyeballs)
flexes           0 bytes (0 flexes)
eyeballs         0 bytes (0 eyeballs)
flexes           0 bytes (0 flexes)
eyeballs         0 bytes (0 eyeballs)
flexes           0 bytes (0 flexes)
eyeballs         0 bytes (0 eyeballs)
flexes           0 bytes (0 flexes)
eyeballs         0 bytes (0 eyeballs)
flexes           0 bytes (0 flexes)
eyeballs         0 bytes (0 eyeballs)
flexes           0 bytes (0 flexes)
eyeballs         0 bytes (0 eyeballs)
flexes           0 bytes (0 flexes)
eyeballs         0 bytes (0 eyeballs)
flexes           0 bytes (0 flexes)
eyeballs         0 bytes (0 eyeballs)
flexes           0 bytes (0 flexes)
eyeballs         0 bytes (0 eyeballs)
flexes           0 bytes (0 flexes)
eyeballs         0 bytes (0 eyeballs)
flexes           0 bytes (0 flexes)
textures       208 bytes
keyvalues       20 bytes
bone transforms    15024 bytes
bone flex driver       0 bytes
collision        0 bytes
total       730360
---------------------
writing C:\Program Files (x86)\Steam\steamapps\common\GarrysMod\garrysmod\addons\mcv\work\compile_test_game\models/weapons/mcv/v_m60b.vvd:
vertices   1572768 bytes (32766 vertices)
vertices     37200 bytes (775 vertices)
vertices     37200 bytes (775 vertices)
vertices     37200 bytes (775 vertices)
vertices     37200 bytes (775 vertices)
vertices     37200 bytes (775 vertices)
vertices     37200 bytes (775 vertices)
vertices     37200 bytes (775 vertices)
vertices     37200 bytes (775 vertices)
vertices     37200 bytes (775 vertices)
vertices     37200 bytes (775 vertices)
vertices     37200 bytes (775 vertices)
vertices     37200 bytes (775 vertices)
vertices     37200 bytes (775 vertices)
vertices    246336 bytes (5132 vertices)
vertices    608016 bytes (12667 vertices)
tangents    524256 bytes (32766 vertices)
tangents     12400 bytes (775 vertices)
tangents     12400 bytes (775 vertices)
tangents     12400 bytes (775 vertices)
tangents     12400 bytes (775 vertices)
tangents     12400 bytes (775 vertices)
tangents     12400 bytes (775 vertices)
tangents     12400 bytes (775 vertices)
tangents     12400 bytes (775 vertices)
tangents     12400 bytes (775 vertices)
tangents     12400 bytes (775 vertices)
tangents     12400 bytes (775 vertices)
tangents     12400 bytes (775 vertices)
tangents     12400 bytes (775 vertices)
tangents     82112 bytes (5132 vertices)
tangents    202672 bytes (12667 vertices)
total      3881024 bytes
---------------------
Generating optimized mesh "C:\Program Files (x86)\Steam\steamapps\common\GarrysMod\garrysmod\addons\mcv\work\compile_test_game\models/weapons/mcv/v_m60b.dx80.vtx":
body parts:       128 bytes
models:           600 bytes
model LODs:       360 bytes
meshes:           261 bytes
strip groups:     725 bytes
strips:           783 bytes
verts:         545760 bytes
indices:       447234 bytes
bone changes:     272 bytes
everything:    995799 bytes
---------------------
Generating optimized mesh "C:\Program Files (x86)\Steam\steamapps\common\GarrysMod\garrysmod\addons\mcv\work\compile_test_game\models/weapons/mcv/v_m60b.dx90.vtx":
body parts:       128 bytes
models:           600 bytes
model LODs:       360 bytes
meshes:           261 bytes
strip groups:     725 bytes
strips:           783 bytes
verts:         545760 bytes
indices:       447234 bytes
bone changes:     272 bytes
everything:    995799 bytes

Completed "v_m60b.qc"
