StudioMDL.exe (Apr 27 2026) - Garry's Mod Edition
WARNING: Failed to load keyvalues file cfg/mount.cfg!
qdir:    "c:\program files (x86)\steam\steamapps\common\garrysmod\garrysmod\addons\mcv\work\mcv_smd_port\weapons\v_m72\"
gamedir: "C:\Program Files (x86)\Steam\steamapps\common\GarrysMod\garrysmod\addons\mcv\work\compile_test_game\"
g_path:  "C:\Program Files (x86)\Steam\steamapps\common\GarrysMod\garrysmod\addons\mcv\work\MCV_SMD_PORT\weapons\v_m72\v_m72.qc"
Building binary model files...
Working on "v_m72.qc"
SMD MODEL ..\..\..\MCV_SMD_OG\weapons\v_m72\Ref_new.smd
SMD MODEL ..\..\..\MCV_SMD_OG\weapons\v_m72\v_m72_anims\runIdle_a_corrective_animation.smd
SMD MODEL ..\..\..\MCV_SMD_OG\weapons\v_m72\v_m72_anims\run_a_corrective_animation.smd
SMD MODEL ..\..\..\MCV_SMD_OG\weapons\v_m72\v_m72_anims\walkIdle_a_corrective_animation.smd
SMD MODEL ..\..\..\MCV_SMD_OG\weapons\v_m72\v_m72_anims\walk_a_corrective_animation.smd
SMD MODEL ..\..\..\MCV_SMD_OG\weapons\v_m72\v_m72_anims\shoot1_a_corrective_animation.smd
SMD MODEL ..\..\..\MCV_SMD_OG\weapons\v_m72\v_m72_anims\shoot1_ironsight_a_corrective_animation.smd
SMD MODEL ..\..\..\MCV_SMD_OG\weapons\v_m72\v_m72_anims\basePose_a.smd
SMD MODEL ..\..\..\MCV_SMD_OG\weapons\v_m72\v_m72_anims\ironsight.smd
SMD MODEL ..\..\..\MCV_SMD_OG\weapons\v_m72\v_m72_anims\ironsight_transition.smd
SMD MODEL ..\..\..\MCV_SMD_OG\weapons\v_m72\v_m72_anims\runIdle_a.smd
SMD MODEL ..\..\..\MCV_SMD_OG\weapons\v_m72\v_m72_anims\run_a.smd
SMD MODEL ..\..\..\MCV_SMD_OG\weapons\v_m72\v_m72_anims\walkIdle_a.smd
SMD MODEL ..\..\..\MCV_SMD_OG\weapons\v_m72\v_m72_anims\walk_a.smd
SMD MODEL ..\..\..\MCV_SMD_OG\weapons\v_m72\v_m72_anims\shoot1_a.smd
SMD MODEL ..\..\..\MCV_SMD_OG\weapons\v_m72\v_m72_anims\shoot1_ironsight_a.smd
SMD MODEL ..\..\..\MCV_SMD_OG\weapons\v_m72\v_m72_anims\nearwall_s_a.smd
SMD MODEL ..\..\..\MCV_SMD_OG\weapons\v_m72\v_m72_anims\nearwall_s_a_i.smd
SMD MODEL ..\..\..\MCV_SMD_OG\weapons\v_m72\v_m72_anims\nearwall_a.smd
SMD MODEL ..\..\..\MCV_SMD_OG\weapons\v_m72\v_m72_anims\nearwall_a_i.smd
SMD MODEL ..\..\..\MCV_SMD_OG\weapons\v_m72\v_m72_anims\nearwall_e_a.smd
SMD MODEL ..\..\..\MCV_SMD_OG\weapons\v_m72\v_m72_anims\nearwall_e_a_i.smd
SMD MODEL ..\..\..\MCV_SMD_OG\weapons\v_m72\v_m72_anims\proneF.smd
SMD MODEL ..\..\..\MCV_SMD_OG\weapons\v_m72\v_m72_anims\proneB.smd
SMD MODEL fixed_anims\proneL.smd
SMD MODEL fixed_anims\proneR.smd
SMD MODEL ..\..\..\MCV_SMD_OG\weapons\v_m72\v_m72_anims\pickup_s_a.smd
SMD MODEL ..\..\..\MCV_SMD_OG\weapons\v_m72\v_m72_anims\pickup_s_a_i.smd
SMD MODEL ..\..\..\MCV_SMD_OG\weapons\v_m72\v_m72_anims\pickup_a.smd
SMD MODEL ..\..\..\MCV_SMD_OG\weapons\v_m72\v_m72_anims\pickup_a_i.smd
SMD MODEL ..\..\..\MCV_SMD_OG\weapons\v_m72\v_m72_anims\pickup_e_a.smd
SMD MODEL ..\..\..\MCV_SMD_OG\weapons\v_m72\v_m72_anims\pickup_e_a_i.smd
SMD MODEL ..\..\..\MCV_SMD_OG\weapons\v_m72\v_m72_anims\Firstdraw.smd
SMD MODEL ..\..\..\MCV_SMD_OG\weapons\v_m72\v_m72_anims\Firstdraw_2.smd
SMD MODEL ..\..\..\MCV_SMD_OG\weapons\v_m72\v_m72_anims\draw.smd
SMD MODEL ..\..\..\MCV_SMD_OG\weapons\v_m72\v_m72_anims\draw_2.smd
SMD MODEL ..\..\..\MCV_SMD_OG\weapons\v_m72\v_m72_anims\reload.smd
SMD MODEL ..\..\..\MCV_SMD_OG\weapons\v_m72\v_m72_anims\reload_2.smd
SMD MODEL ..\..\..\MCV_SMD_OG\weapons\v_m72\v_m72_anims\bash.smd
SMD MODEL ..\..\..\MCV_SMD_OG\weapons\v_m72\v_m72_anims\bash_2.smd
SMD MODEL ..\..\..\MCV_SMD_OG\weapons\v_m72\v_m72_anims\holster.smd
Processing LOD for material: m72
Processing LOD for material: m72_glass
Processing LOD for material: m72_glass_glow
---------------------
writing C:\Program Files (x86)\Steam\steamapps\common\GarrysMod\garrysmod\addons\mcv\work\compile_test_game\models/weapons/mcv/v_m72.mdl:
Loading preexisting model: C:\Program Files (x86)\Steam\steamapps\common\GarrysMod\garrysmod\addons\mcv\work\compile_test_game\models/weapons/mcv/v_m72.mdl
WARNING: LoadPreexistingSequenceOrder: Zero-size file or no sequences.
bones        22184 bytes (97)
animations  155504 bytes (43 anims) (1453 frames) [0:48]
sequences     7324 bytes (18 seq) 
ik/pose        224 bytes
eyeballs         0 bytes (0 eyeballs)
flexes           0 bytes (0 flexes)
textures       204 bytes
keyvalues       20 bytes
bone transforms    13256 bytes
bone flex driver       0 bytes
collision        0 bytes
total       201996
---------------------
writing C:\Program Files (x86)\Steam\steamapps\common\GarrysMod\garrysmod\addons\mcv\work\compile_test_game\models/weapons/mcv/v_m72.vvd:
vertices    925632 bytes (19284 vertices)
tangents    308544 bytes (19284 vertices)
total      1234240 bytes
---------------------
Generating optimized mesh "C:\Program Files (x86)\Steam\steamapps\common\GarrysMod\garrysmod\addons\mcv\work\compile_test_game\models/weapons/mcv/v_m72.dx80.vtx":
body parts:         8 bytes
models:            20 bytes
model LODs:        12 bytes
meshes:            27 bytes
strip groups:      75 bytes
strips:            81 bytes
verts:         173556 bytes
indices:       152100 bytes
bone changes:      96 bytes
everything:    325999 bytes
---------------------
Generating optimized mesh "C:\Program Files (x86)\Steam\steamapps\common\GarrysMod\garrysmod\addons\mcv\work\compile_test_game\models/weapons/mcv/v_m72.dx90.vtx":
body parts:         8 bytes
models:            20 bytes
model LODs:        12 bytes
meshes:            27 bytes
strip groups:      75 bytes
strips:            81 bytes
verts:         173556 bytes
indices:       152100 bytes
bone changes:      96 bytes
everything:    325999 bytes

Completed "v_m72.qc"
