StudioMDL.exe (Apr 27 2026) - Garry's Mod Edition
WARNING: Failed to load keyvalues file cfg/mount.cfg!
qdir:    "c:\program files (x86)\steam\steamapps\common\garrysmod\garrysmod\addons\mcv\work\mcv_smd_port\weapons\v_m7188\"
gamedir: "C:\Program Files (x86)\Steam\steamapps\common\GarrysMod\garrysmod\addons\mcv\work\compile_test_game\"
g_path:  "C:\Program Files (x86)\Steam\steamapps\common\GarrysMod\garrysmod\addons\mcv\work\MCV_SMD_PORT\weapons\v_m7188\v_m7188.qc"
Building binary model files...
Working on "v_m7188.qc"
SMD MODEL ..\..\..\MCV_SMD_OG\weapons\v_m7188\m7188_ref.smd
SMD MODEL ..\..\..\MCV_SMD_OG\weapons\v_m7188\v_bayonet_m7_new.smd
SMD MODEL ..\..\..\MCV_SMD_OG\weapons\v_m7188\v_bayonet_long_m7_new.smd
SMD MODEL ..\..\..\MCV_SMD_OG\weapons\v_m7188\v_m7188_anims\Default_corrective_animation.smd
SMD MODEL ..\..\..\MCV_SMD_OG\weapons\v_m7188\v_m7188_anims\Slideback_corrective_animation.smd
SMD MODEL ..\..\..\MCV_SMD_OG\weapons\v_m7188\v_m7188_anims\ShootMove_corrective_animation.smd
SMD MODEL ..\..\..\MCV_SMD_OG\weapons\v_m7188\v_m7188_anims\ShootStill_corrective_animation.smd
SMD MODEL ..\..\..\MCV_SMD_OG\weapons\v_m7188\v_m7188_anims\runIdle_a_corrective_animation.smd
SMD MODEL ..\..\..\MCV_SMD_OG\weapons\v_m7188\v_m7188_anims\run_a_corrective_animation.smd
SMD MODEL ..\..\..\MCV_SMD_OG\weapons\v_m7188\v_m7188_anims\walkIdle_a_corrective_animation.smd
SMD MODEL ..\..\..\MCV_SMD_OG\weapons\v_m7188\v_m7188_anims\walk_a_corrective_animation.smd
SMD MODEL ..\..\..\MCV_SMD_OG\weapons\v_m7188\v_m7188_anims\shoot1_a_corrective_animation.smd
SMD MODEL ..\..\..\MCV_SMD_OG\weapons\v_m7188\v_m7188_anims\shoot1_ironsight_a_corrective_animation.smd
SMD MODEL ..\..\..\MCV_SMD_OG\weapons\v_m7188\v_m7188_anims\PoseDelta.smd
SMD MODEL ..\..\..\MCV_SMD_OG\weapons\v_m7188\v_m7188_anims\PoseDelta2.smd
SMD MODEL ..\..\..\MCV_SMD_OG\weapons\v_m7188\v_m7188_anims\Default.smd
SMD MODEL ..\..\..\MCV_SMD_OG\weapons\v_m7188\v_m7188_anims\Slideback.smd
SMD MODEL ..\..\..\MCV_SMD_OG\weapons\v_m7188\v_m7188_anims\ShootMove.smd
SMD MODEL ..\..\..\MCV_SMD_OG\weapons\v_m7188\v_m7188_anims\ShootStill.smd
SMD MODEL ..\..\..\MCV_SMD_OG\weapons\v_m7188\v_m7188_anims\basePose_a.smd
SMD MODEL ..\..\..\MCV_SMD_OG\weapons\v_m7188\v_m7188_anims\ironsight.smd
SMD MODEL ..\..\..\MCV_SMD_OG\weapons\v_m7188\v_m7188_anims\ironsight_transition.smd
SMD MODEL ..\..\..\MCV_SMD_OG\weapons\v_m7188\v_m7188_anims\runIdle_a.smd
SMD MODEL ..\..\..\MCV_SMD_OG\weapons\v_m7188\v_m7188_anims\run_a.smd
SMD MODEL ..\..\..\MCV_SMD_OG\weapons\v_m7188\v_m7188_anims\walkIdle_a.smd
SMD MODEL ..\..\..\MCV_SMD_OG\weapons\v_m7188\v_m7188_anims\walk_a.smd
SMD MODEL ..\..\..\MCV_SMD_OG\weapons\v_m7188\v_m7188_anims\shoot1_a.smd
SMD MODEL ..\..\..\MCV_SMD_OG\weapons\v_m7188\v_m7188_anims\shoot1_ironsight_a.smd
SMD MODEL ..\..\..\MCV_SMD_OG\weapons\v_m7188\v_m7188_anims\reload_s_a.smd
SMD MODEL ..\..\..\MCV_SMD_OG\weapons\v_m7188\v_m7188_anims\reload_s_a_i.smd
SMD MODEL ..\..\..\MCV_SMD_OG\weapons\v_m7188\v_m7188_anims\reload_a.smd
SMD MODEL ..\..\..\MCV_SMD_OG\weapons\v_m7188\v_m7188_anims\reload_a_i.smd
SMD MODEL ..\..\..\MCV_SMD_OG\weapons\v_m7188\v_m7188_anims\reload_e_a.smd
SMD MODEL ..\..\..\MCV_SMD_OG\weapons\v_m7188\v_m7188_anims\reload_e_a_i.smd
SMD MODEL ..\..\..\MCV_SMD_OG\weapons\v_m7188\v_m7188_anims\reload_ep_a.smd
SMD MODEL ..\..\..\MCV_SMD_OG\weapons\v_m7188\v_m7188_anims\reload_ep_a_i.smd
SMD MODEL ..\..\..\MCV_SMD_OG\weapons\v_m7188\v_m7188_anims\nearwall_s_a.smd
SMD MODEL ..\..\..\MCV_SMD_OG\weapons\v_m7188\v_m7188_anims\nearwall_s_a_i.smd
SMD MODEL ..\..\..\MCV_SMD_OG\weapons\v_m7188\v_m7188_anims\nearwall_a.smd
SMD MODEL ..\..\..\MCV_SMD_OG\weapons\v_m7188\v_m7188_anims\nearwall_a_i.smd
SMD MODEL ..\..\..\MCV_SMD_OG\weapons\v_m7188\v_m7188_anims\nearwall_e_a.smd
SMD MODEL ..\..\..\MCV_SMD_OG\weapons\v_m7188\v_m7188_anims\nearwall_e_a_i.smd
SMD MODEL ..\..\..\MCV_SMD_OG\weapons\v_m7188\v_m7188_anims\proneF.smd
SMD MODEL ..\..\..\MCV_SMD_OG\weapons\v_m7188\v_m7188_anims\proneB.smd
SMD MODEL ..\..\..\MCV_SMD_OG\weapons\v_m7188\v_m7188_anims\proneL.smd
SMD MODEL ..\..\..\MCV_SMD_OG\weapons\v_m7188\v_m7188_anims\proneR.smd
SMD MODEL ..\..\..\MCV_SMD_OG\weapons\v_m7188\v_m7188_anims\pickup_s_a.smd
SMD MODEL ..\..\..\MCV_SMD_OG\weapons\v_m7188\v_m7188_anims\pickup_s_a_i.smd
SMD MODEL ..\..\..\MCV_SMD_OG\weapons\v_m7188\v_m7188_anims\pickup_a.smd
SMD MODEL ..\..\..\MCV_SMD_OG\weapons\v_m7188\v_m7188_anims\pickup_a_i.smd
SMD MODEL ..\..\..\MCV_SMD_OG\weapons\v_m7188\v_m7188_anims\pickup_e_a.smd
SMD MODEL ..\..\..\MCV_SMD_OG\weapons\v_m7188\v_m7188_anims\pickup_e_a_i.smd
SMD MODEL ..\..\..\MCV_SMD_OG\weapons\v_m7188\v_m7188_anims\bayonet_attack_a.smd
SMD MODEL ..\..\..\MCV_SMD_OG\weapons\v_m7188\v_m7188_anims\bayonet_attack_a_i.smd
SMD MODEL ..\..\..\MCV_SMD_OG\weapons\v_m7188\v_m7188_anims\bayonet_e_a.smd
SMD MODEL ..\..\..\MCV_SMD_OG\weapons\v_m7188\v_m7188_anims\bayonet_e_a_i.smd
SMD MODEL ..\..\..\MCV_SMD_OG\weapons\v_m7188\v_m7188_anims\bayonet_s_a.smd
SMD MODEL ..\..\..\MCV_SMD_OG\weapons\v_m7188\v_m7188_anims\bayonet_s_a_i.smd
SMD MODEL ..\..\..\MCV_SMD_OG\weapons\v_m7188\v_m7188_anims\Firstdraw.smd
SMD MODEL ..\..\..\MCV_SMD_OG\weapons\v_m7188\v_m7188_anims\Firstdraw_2.smd
SMD MODEL ..\..\..\MCV_SMD_OG\weapons\v_m7188\v_m7188_anims\draw.smd
SMD MODEL ..\..\..\MCV_SMD_OG\weapons\v_m7188\v_m7188_anims\draw_2.smd
SMD MODEL ..\..\..\MCV_SMD_OG\weapons\v_m7188\v_m7188_anims\bash.smd
SMD MODEL ..\..\..\MCV_SMD_OG\weapons\v_m7188\v_m7188_anims\bash_2.smd
SMD MODEL ..\..\..\MCV_SMD_OG\weapons\v_m7188\v_m7188_anims\holster.smd
Processing LOD for material: shells_big
Processing LOD for material: v_m7188
Processing LOD for material: m7_d
Processing LOD for material: v_m1905
---------------------
writing C:\Program Files (x86)\Steam\steamapps\common\GarrysMod\garrysmod\addons\mcv\work\compile_test_game\models/weapons/mcv/v_m7188.mdl:
Loading preexisting model: C:\Program Files (x86)\Steam\steamapps\common\GarrysMod\garrysmod\addons\mcv\work\compile_test_game\models/weapons/mcv/v_m7188.mdl
WARNING: LoadPreexistingSequenceOrder: Zero-size file or no sequences.
bones        22124 bytes (96)
animations  186920 bytes (65 anims) (1640 frames) [0:54]
sequences    10068 bytes (27 seq) 
ik/pose        704 bytes
eyeballs         0 bytes (0 eyeballs)
flexes           0 bytes (0 flexes)
eyeballs         0 bytes (0 eyeballs)
flexes           0 bytes (0 flexes)
eyeballs         0 bytes (0 eyeballs)
flexes           0 bytes (0 flexes)
eyeballs         0 bytes (0 eyeballs)
flexes           0 bytes (0 flexes)
textures       280 bytes
keyvalues       20 bytes
bone transforms    13120 bytes
bone flex driver       0 bytes
collision        0 bytes
total       237324
---------------------
writing C:\Program Files (x86)\Steam\steamapps\common\GarrysMod\garrysmod\addons\mcv\work\compile_test_game\models/weapons/mcv/v_m7188.vvd:
vertices    880224 bytes (18338 vertices)
vertices     95904 bytes (1998 vertices)
vertices     72816 bytes (1517 vertices)
tangents    293408 bytes (18338 vertices)
tangents     31968 bytes (1998 vertices)
tangents     24272 bytes (1517 vertices)
total      1398656 bytes
---------------------
Generating optimized mesh "C:\Program Files (x86)\Steam\steamapps\common\GarrysMod\garrysmod\addons\mcv\work\compile_test_game\models/weapons/mcv/v_m7188.dx80.vtx":
body parts:        16 bytes
models:            80 bytes
model LODs:        48 bytes
meshes:            36 bytes
strip groups:     100 bytes
strips:           108 bytes
verts:         196677 bytes
indices:       147546 bytes
bone changes:      64 bytes
everything:    344663 bytes
---------------------
Generating optimized mesh "C:\Program Files (x86)\Steam\steamapps\common\GarrysMod\garrysmod\addons\mcv\work\compile_test_game\models/weapons/mcv/v_m7188.dx90.vtx":
body parts:        16 bytes
models:            80 bytes
model LODs:        48 bytes
meshes:            36 bytes
strip groups:     100 bytes
strips:           108 bytes
verts:         196677 bytes
indices:       147546 bytes
bone changes:      64 bytes
everything:    344663 bytes

Completed "v_m7188.qc"
