StudioMDL.exe (Apr 27 2026) - Garry's Mod Edition
WARNING: Failed to load keyvalues file cfg/mount.cfg!
qdir:    "c:\program files (x86)\steam\steamapps\common\garrysmod\garrysmod\addons\mcv\work\mcv_smd_port\weapons\v_m870\"
gamedir: "C:\Program Files (x86)\Steam\steamapps\common\GarrysMod\garrysmod\addons\mcv\work\compile_test_game\"
g_path:  "C:\Program Files (x86)\Steam\steamapps\common\GarrysMod\garrysmod\addons\mcv\work\MCV_SMD_PORT\weapons\v_m870\v_m870.qc"
Building binary model files...
Working on "v_m870.qc"
SMD MODEL ..\..\..\MCV_SMD_OG\weapons\v_m870\Ref_new_fixed.smd
SMD MODEL ..\..\..\MCV_SMD_OG\weapons\v_m870\v_m870_anims\runIdle_a_corrective_animation.smd
SMD MODEL ..\..\..\MCV_SMD_OG\weapons\v_m870\v_m870_anims\run_a_corrective_animation.smd
SMD MODEL ..\..\..\MCV_SMD_OG\weapons\v_m870\v_m870_anims\walkIdle_a_corrective_animation.smd
SMD MODEL ..\..\..\MCV_SMD_OG\weapons\v_m870\v_m870_anims\walk_a_corrective_animation.smd
SMD MODEL ..\..\..\MCV_SMD_OG\weapons\v_m870\v_m870_anims\shoot1_a_corrective_animation.smd
SMD MODEL ..\..\..\MCV_SMD_OG\weapons\v_m870\v_m870_anims\shoot1_ironsight_a_corrective_animation.smd
SMD MODEL ..\..\..\MCV_SMD_OG\weapons\v_m870\v_m870_anims\pump_a_corrective_animation.smd
SMD MODEL ..\..\..\MCV_SMD_OG\weapons\v_m870\v_m870_anims\pump_ironsight_a_corrective_animation.smd
SMD MODEL ..\..\..\MCV_SMD_OG\weapons\v_m870\v_m870_anims\basePose_a.smd
SMD MODEL ..\..\..\MCV_SMD_OG\weapons\v_m870\v_m870_anims\ironsight.smd
SMD MODEL ..\..\..\MCV_SMD_OG\weapons\v_m870\v_m870_anims\ironsight_transition.smd
SMD MODEL ..\..\..\MCV_SMD_OG\weapons\v_m870\v_m870_anims\runIdle_a.smd
SMD MODEL ..\..\..\MCV_SMD_OG\weapons\v_m870\v_m870_anims\run_a.smd
SMD MODEL ..\..\..\MCV_SMD_OG\weapons\v_m870\v_m870_anims\walkIdle_a.smd
SMD MODEL ..\..\..\MCV_SMD_OG\weapons\v_m870\v_m870_anims\walk_a.smd
SMD MODEL ..\..\..\MCV_SMD_OG\weapons\v_m870\v_m870_anims\shoot1_a.smd
SMD MODEL ..\..\..\MCV_SMD_OG\weapons\v_m870\v_m870_anims\shoot1_ironsight_a.smd
SMD MODEL ..\..\..\MCV_SMD_OG\weapons\v_m870\v_m870_anims\pump_a.smd
SMD MODEL ..\..\..\MCV_SMD_OG\weapons\v_m870\v_m870_anims\pump_ironsight_a.smd
SMD MODEL ..\..\..\MCV_SMD_OG\weapons\v_m870\v_m870_anims\reload_s_a.smd
SMD MODEL ..\..\..\MCV_SMD_OG\weapons\v_m870\v_m870_anims\reload_s_a_i.smd
SMD MODEL ..\..\..\MCV_SMD_OG\weapons\v_m870\v_m870_anims\reload_a.smd
SMD MODEL ..\..\..\MCV_SMD_OG\weapons\v_m870\v_m870_anims\reload_a_i.smd
SMD MODEL ..\..\..\MCV_SMD_OG\weapons\v_m870\v_m870_anims\reload_e_a.smd
SMD MODEL ..\..\..\MCV_SMD_OG\weapons\v_m870\v_m870_anims\reload_e_a_i.smd
SMD MODEL ..\..\..\MCV_SMD_OG\weapons\v_m870\v_m870_anims\reload_ep_a.smd
SMD MODEL ..\..\..\MCV_SMD_OG\weapons\v_m870\v_m870_anims\reload_ep_a_i.smd
SMD MODEL ..\..\..\MCV_SMD_OG\weapons\v_m870\v_m870_anims\nearwall_s_a.smd
SMD MODEL ..\..\..\MCV_SMD_OG\weapons\v_m870\v_m870_anims\nearwall_s_a_i.smd
SMD MODEL ..\..\..\MCV_SMD_OG\weapons\v_m870\v_m870_anims\nearwall_a.smd
SMD MODEL ..\..\..\MCV_SMD_OG\weapons\v_m870\v_m870_anims\nearwall_a_i.smd
SMD MODEL ..\..\..\MCV_SMD_OG\weapons\v_m870\v_m870_anims\nearwall_e_a.smd
SMD MODEL ..\..\..\MCV_SMD_OG\weapons\v_m870\v_m870_anims\nearwall_e_a_i.smd
SMD MODEL ..\..\..\MCV_SMD_OG\weapons\v_m870\v_m870_anims\proneF.smd
SMD MODEL ..\..\..\MCV_SMD_OG\weapons\v_m870\v_m870_anims\proneB.smd
SMD MODEL ..\..\..\MCV_SMD_OG\weapons\v_m870\v_m870_anims\proneL.smd
SMD MODEL ..\..\..\MCV_SMD_OG\weapons\v_m870\v_m870_anims\proneR.smd
SMD MODEL ..\..\..\MCV_SMD_OG\weapons\v_m870\v_m870_anims\pickup_s_a.smd
SMD MODEL ..\..\..\MCV_SMD_OG\weapons\v_m870\v_m870_anims\pickup_s_a_i.smd
SMD MODEL ..\..\..\MCV_SMD_OG\weapons\v_m870\v_m870_anims\pickup_a.smd
SMD MODEL ..\..\..\MCV_SMD_OG\weapons\v_m870\v_m870_anims\pickup_a_i.smd
SMD MODEL ..\..\..\MCV_SMD_OG\weapons\v_m870\v_m870_anims\pickup_e_a.smd
SMD MODEL ..\..\..\MCV_SMD_OG\weapons\v_m870\v_m870_anims\pickup_e_a_i.smd
SMD MODEL ..\..\..\MCV_SMD_OG\weapons\v_m870\v_m870_anims\Firstdraw.smd
SMD MODEL ..\..\..\MCV_SMD_OG\weapons\v_m870\v_m870_anims\Firstdraw_2.smd
SMD MODEL ..\..\..\MCV_SMD_OG\weapons\v_m870\v_m870_anims\draw.smd
SMD MODEL ..\..\..\MCV_SMD_OG\weapons\v_m870\v_m870_anims\draw_2.smd
SMD MODEL ..\..\..\MCV_SMD_OG\weapons\v_m870\v_m870_anims\bash.smd
SMD MODEL ..\..\..\MCV_SMD_OG\weapons\v_m870\v_m870_anims\bash_2.smd
SMD MODEL ..\..\..\MCV_SMD_OG\weapons\v_m870\v_m870_anims\holster.smd
Processing LOD for material: shells_big
Processing LOD for material: m870
Processing LOD for material: stock
---------------------
writing C:\Program Files (x86)\Steam\steamapps\common\GarrysMod\garrysmod\addons\mcv\work\compile_test_game\models/weapons/mcv/v_m870.mdl:
Loading preexisting model: C:\Program Files (x86)\Steam\steamapps\common\GarrysMod\garrysmod\addons\mcv\work\compile_test_game\models/weapons/mcv/v_m870.mdl
WARNING: LoadPreexistingSequenceOrder: Zero-size file or no sequences.
bones        22124 bytes (96)
animations  140008 bytes (53 anims) (1335 frames) [0:44]
sequences     8180 bytes (23 seq) 
ik/pose        224 bytes
eyeballs         0 bytes (0 eyeballs)
flexes           0 bytes (0 flexes)
textures       208 bytes
keyvalues       20 bytes
bone transforms    13120 bytes
bone flex driver       0 bytes
collision        0 bytes
total       187464
---------------------
writing C:\Program Files (x86)\Steam\steamapps\common\GarrysMod\garrysmod\addons\mcv\work\compile_test_game\models/weapons/mcv/v_m870.vvd:
vertices    381648 bytes (7951 vertices)
tangents    127216 bytes (7951 vertices)
total       508928 bytes
---------------------
Generating optimized mesh "C:\Program Files (x86)\Steam\steamapps\common\GarrysMod\garrysmod\addons\mcv\work\compile_test_game\models/weapons/mcv/v_m870.dx80.vtx":
body parts:         8 bytes
models:            20 bytes
model LODs:        12 bytes
meshes:            27 bytes
strip groups:      75 bytes
strips:            81 bytes
verts:          71559 bytes
indices:        58392 bytes
bone changes:      64 bytes
everything:    130262 bytes
---------------------
Generating optimized mesh "C:\Program Files (x86)\Steam\steamapps\common\GarrysMod\garrysmod\addons\mcv\work\compile_test_game\models/weapons/mcv/v_m870.dx90.vtx":
body parts:         8 bytes
models:            20 bytes
model LODs:        12 bytes
meshes:            27 bytes
strip groups:      75 bytes
strips:            81 bytes
verts:          71559 bytes
indices:        58392 bytes
bone changes:      64 bytes
everything:    130262 bytes

Completed "v_m870.qc"
