StudioMDL.exe (Apr 27 2026) - Garry's Mod Edition
WARNING: Failed to load keyvalues file cfg/mount.cfg!
qdir:    "c:\program files (x86)\steam\steamapps\common\garrysmod\garrysmod\addons\mcv\work\mcv_smd_port\weapons\v_m9a1\"
gamedir: "C:\Program Files (x86)\Steam\steamapps\common\GarrysMod\garrysmod\addons\mcv\work\compile_test_game\"
g_path:  "C:\Program Files (x86)\Steam\steamapps\common\GarrysMod\garrysmod\addons\mcv\work\MCV_SMD_PORT\weapons\v_m9a1\v_m9a1.qc"
Building binary model files...
Working on "v_m9a1.qc"
SMD MODEL ..\..\..\MCV_SMD_OG\weapons\v_m9a1\Ref_new.smd
SMD MODEL ..\..\..\MCV_SMD_OG\weapons\v_m9a1\v_m9a1_anims\runIdle_a_corrective_animation.smd
SMD MODEL ..\..\..\MCV_SMD_OG\weapons\v_m9a1\v_m9a1_anims\run_a_corrective_animation.smd
SMD MODEL ..\..\..\MCV_SMD_OG\weapons\v_m9a1\v_m9a1_anims\walkIdle_a_corrective_animation.smd
SMD MODEL ..\..\..\MCV_SMD_OG\weapons\v_m9a1\v_m9a1_anims\walk_a_corrective_animation.smd
SMD MODEL ..\..\..\MCV_SMD_OG\weapons\v_m9a1\v_m9a1_anims\shootloop_a_corrective_animation.smd
SMD MODEL ..\..\..\MCV_SMD_OG\weapons\v_m9a1\v_m9a1_anims\shootloop_ironsight_a_corrective_animation.smd
SMD MODEL ..\..\..\MCV_SMD_OG\weapons\v_m9a1\v_m9a1_anims\shootend_a_corrective_animation.smd
SMD MODEL ..\..\..\MCV_SMD_OG\weapons\v_m9a1\v_m9a1_anims\shootend_ironsight_a_corrective_animation.smd
SMD MODEL ..\..\..\MCV_SMD_OG\weapons\v_m9a1\v_m9a1_anims\basePose_a.smd
SMD MODEL ..\..\..\MCV_SMD_OG\weapons\v_m9a1\v_m9a1_anims\ironsight.smd
SMD MODEL ..\..\..\MCV_SMD_OG\weapons\v_m9a1\v_m9a1_anims\ironsight_transition.smd
SMD MODEL ..\..\..\MCV_SMD_OG\weapons\v_m9a1\v_m9a1_anims\runIdle_a.smd
SMD MODEL ..\..\..\MCV_SMD_OG\weapons\v_m9a1\v_m9a1_anims\run_a.smd
SMD MODEL ..\..\..\MCV_SMD_OG\weapons\v_m9a1\v_m9a1_anims\walkIdle_a.smd
SMD MODEL ..\..\..\MCV_SMD_OG\weapons\v_m9a1\v_m9a1_anims\walk_a.smd
SMD MODEL ..\..\..\MCV_SMD_OG\weapons\v_m9a1\v_m9a1_anims\shootloop_a.smd
SMD MODEL ..\..\..\MCV_SMD_OG\weapons\v_m9a1\v_m9a1_anims\shootloop_ironsight_a.smd
SMD MODEL ..\..\..\MCV_SMD_OG\weapons\v_m9a1\v_m9a1_anims\shootend_a.smd
SMD MODEL ..\..\..\MCV_SMD_OG\weapons\v_m9a1\v_m9a1_anims\shootend_ironsight_a.smd
SMD MODEL ..\..\..\MCV_SMD_OG\weapons\v_m9a1\v_m9a1_anims\nearwall_s_a.smd
SMD MODEL ..\..\..\MCV_SMD_OG\weapons\v_m9a1\v_m9a1_anims\nearwall_s_a_i.smd
SMD MODEL ..\..\..\MCV_SMD_OG\weapons\v_m9a1\v_m9a1_anims\nearwall_a.smd
SMD MODEL ..\..\..\MCV_SMD_OG\weapons\v_m9a1\v_m9a1_anims\nearwall_a_i.smd
SMD MODEL ..\..\..\MCV_SMD_OG\weapons\v_m9a1\v_m9a1_anims\nearwall_e_a.smd
SMD MODEL ..\..\..\MCV_SMD_OG\weapons\v_m9a1\v_m9a1_anims\nearwall_e_a_i.smd
SMD MODEL ..\..\..\MCV_SMD_OG\weapons\v_m9a1\v_m9a1_anims\proneF.smd
SMD MODEL ..\..\..\MCV_SMD_OG\weapons\v_m9a1\v_m9a1_anims\proneB.smd
SMD MODEL ..\..\..\MCV_SMD_OG\weapons\v_m9a1\v_m9a1_anims\proneL.smd
SMD MODEL ..\..\..\MCV_SMD_OG\weapons\v_m9a1\v_m9a1_anims\proneR.smd
SMD MODEL ..\..\..\MCV_SMD_OG\weapons\v_m9a1\v_m9a1_anims\pickup_s_a.smd
SMD MODEL ..\..\..\MCV_SMD_OG\weapons\v_m9a1\v_m9a1_anims\pickup_s_a_i.smd
SMD MODEL ..\..\..\MCV_SMD_OG\weapons\v_m9a1\v_m9a1_anims\pickup_a.smd
SMD MODEL ..\..\..\MCV_SMD_OG\weapons\v_m9a1\v_m9a1_anims\pickup_a_i.smd
SMD MODEL ..\..\..\MCV_SMD_OG\weapons\v_m9a1\v_m9a1_anims\pickup_e_a.smd
SMD MODEL ..\..\..\MCV_SMD_OG\weapons\v_m9a1\v_m9a1_anims\pickup_e_a_i.smd
SMD MODEL ..\..\..\MCV_SMD_OG\weapons\v_m9a1\v_m9a1_anims\draw.smd
SMD MODEL ..\..\..\MCV_SMD_OG\weapons\v_m9a1\v_m9a1_anims\draw_2.smd
SMD MODEL ..\..\..\MCV_SMD_OG\weapons\v_m9a1\v_m9a1_anims\bash.smd
SMD MODEL ..\..\..\MCV_SMD_OG\weapons\v_m9a1\v_m9a1_anims\bash_2.smd
SMD MODEL ..\..\..\MCV_SMD_OG\weapons\v_m9a1\v_m9a1_anims\holster.smd
Processing LOD for material: m9a1
---------------------
writing C:\Program Files (x86)\Steam\steamapps\common\GarrysMod\garrysmod\addons\mcv\work\compile_test_game\models/weapons/mcv/v_m9a1.mdl:
Loading preexisting model: C:\Program Files (x86)\Steam\steamapps\common\GarrysMod\garrysmod\addons\mcv\work\compile_test_game\models/weapons/mcv/v_m9a1.mdl
WARNING: LoadPreexistingSequenceOrder: Zero-size file or no sequences.
bones        20960 bytes (92)
animations  107560 bytes (43 anims) (1117 frames) [0:36]
sequences     6176 bytes (18 seq) 
ik/pose        224 bytes
eyeballs         0 bytes (0 eyeballs)
flexes           0 bytes (0 flexes)
textures        72 bytes
keyvalues       20 bytes
bone transforms    12576 bytes
bone flex driver       0 bytes
collision        0 bytes
total       150624
---------------------
writing C:\Program Files (x86)\Steam\steamapps\common\GarrysMod\garrysmod\addons\mcv\work\compile_test_game\models/weapons/mcv/v_m9a1.vvd:
vertices    241008 bytes (5021 vertices)
tangents     80336 bytes (5021 vertices)
total       321408 bytes
---------------------
Generating optimized mesh "C:\Program Files (x86)\Steam\steamapps\common\GarrysMod\garrysmod\addons\mcv\work\compile_test_game\models/weapons/mcv/v_m9a1.dx80.vtx":
body parts:         8 bytes
models:            20 bytes
model LODs:        12 bytes
meshes:             9 bytes
strip groups:      25 bytes
strips:            27 bytes
verts:          45189 bytes
indices:        43110 bytes
bone changes:      24 bytes
everything:     88448 bytes
---------------------
Generating optimized mesh "C:\Program Files (x86)\Steam\steamapps\common\GarrysMod\garrysmod\addons\mcv\work\compile_test_game\models/weapons/mcv/v_m9a1.dx90.vtx":
body parts:         8 bytes
models:            20 bytes
model LODs:        12 bytes
meshes:             9 bytes
strip groups:      25 bytes
strips:            27 bytes
verts:          45189 bytes
indices:        43110 bytes
bone changes:      24 bytes
everything:     88448 bytes

Completed "v_m9a1.qc"
