StudioMDL.exe (Apr 27 2026) - Garry's Mod Edition
WARNING: Failed to load keyvalues file cfg/mount.cfg!
qdir:    "c:\program files (x86)\steam\steamapps\common\garrysmod\garrysmod\addons\mcv\work\mcv_smd_port\weapons\v_medicbox\"
gamedir: "C:\Program Files (x86)\Steam\steamapps\common\GarrysMod\garrysmod\addons\mcv\work\compile_test_game\"
g_path:  "C:\Program Files (x86)\Steam\steamapps\common\GarrysMod\garrysmod\addons\mcv\work\MCV_SMD_PORT\weapons\v_medicbox\v_medicbox.qc"
Building binary model files...
Working on "v_medicbox.qc"
SMD MODEL ..\..\..\MCV_SMD_OG\weapons\v_medicbox\v_us_medicbag.smd
SMD MODEL ..\..\..\MCV_SMD_OG\weapons\v_medicbox\v_medicbox_anims\runIdle_a_corrective_animation.smd
SMD MODEL ..\..\..\MCV_SMD_OG\weapons\v_medicbox\v_medicbox_anims\run_a_corrective_animation.smd
SMD MODEL ..\..\..\MCV_SMD_OG\weapons\v_medicbox\v_medicbox_anims\walkIdle_a_corrective_animation.smd
SMD MODEL ..\..\..\MCV_SMD_OG\weapons\v_medicbox\v_medicbox_anims\walk_a_corrective_animation.smd
SMD MODEL ..\..\..\MCV_SMD_OG\weapons\v_medicbox\v_medicbox_anims\basePose_a.smd
SMD MODEL ..\..\..\MCV_SMD_OG\weapons\v_medicbox\v_medicbox_anims\runIdle_a.smd
SMD MODEL fixed_anims\run_a.smd
SMD MODEL ..\..\..\MCV_SMD_OG\weapons\v_medicbox\v_medicbox_anims\walkIdle_a.smd
SMD MODEL ..\..\..\MCV_SMD_OG\weapons\v_medicbox\v_medicbox_anims\walk_a.smd
SMD MODEL fixed_anims\proneF.smd
SMD MODEL fixed_anims\proneB.smd
SMD MODEL fixed_anims\proneL.smd
SMD MODEL fixed_anims\proneR.smd
SMD MODEL ..\..\..\MCV_SMD_OG\weapons\v_medicbox\v_medicbox_anims\draw.smd
SMD MODEL ..\..\..\MCV_SMD_OG\weapons\v_medicbox\v_medicbox_anims\idletonearwall.smd
SMD MODEL ..\..\..\MCV_SMD_OG\weapons\v_medicbox\v_medicbox_anims\nearwall.smd
SMD MODEL ..\..\..\MCV_SMD_OG\weapons\v_medicbox\v_medicbox_anims\nearwalltoidle.smd
SMD MODEL ..\..\..\MCV_SMD_OG\weapons\v_medicbox\v_medicbox_anims\bash.smd
SMD MODEL ..\..\..\MCV_SMD_OG\weapons\v_medicbox\v_medicbox_anims\pickupstart.smd
SMD MODEL ..\..\..\MCV_SMD_OG\weapons\v_medicbox\v_medicbox_anims\pickuploop.smd
SMD MODEL ..\..\..\MCV_SMD_OG\weapons\v_medicbox\v_medicbox_anims\pickupend.smd
SMD MODEL ..\..\..\MCV_SMD_OG\weapons\v_medicbox\v_medicbox_anims\holster.smd
SMD MODEL ..\..\..\MCV_SMD_OG\weapons\v_medicbox\v_medicbox_anims\give.smd
SMD MODEL ..\..\..\MCV_SMD_OG\weapons\v_medicbox\v_medicbox_anims\self.smd
SMD MODEL ..\..\..\MCV_SMD_OG\weapons\v_medicbox\v_medicbox_anims\throw.smd
Processing LOD for material: usmdeicine
---------------------
writing C:\Program Files (x86)\Steam\steamapps\common\GarrysMod\garrysmod\addons\mcv\work\compile_test_game\models/weapons/mcv/v_medicbox.mdl:
Loading preexisting model: C:\Program Files (x86)\Steam\steamapps\common\GarrysMod\garrysmod\addons\mcv\work\compile_test_game\models/weapons/mcv/v_medicbox.mdl
WARNING: LoadPreexistingSequenceOrder: Zero-size file or no sequences.
bones        20652 bytes (91)
animations   68172 bytes (25 anims) (577 frames) [0:19]
sequences     5736 bytes (17 seq) 
ik/pose        224 bytes
eyeballs         0 bytes (0 eyeballs)
flexes           0 bytes (0 flexes)
textures        76 bytes
keyvalues       20 bytes
bone transforms    12440 bytes
bone flex driver       0 bytes
collision        0 bytes
total       109996
---------------------
writing C:\Program Files (x86)\Steam\steamapps\common\GarrysMod\garrysmod\addons\mcv\work\compile_test_game\models/weapons/mcv/v_medicbox.vvd:
vertices    269088 bytes (5606 vertices)
tangents     89696 bytes (5606 vertices)
total       358848 bytes
---------------------
Generating optimized mesh "C:\Program Files (x86)\Steam\steamapps\common\GarrysMod\garrysmod\addons\mcv\work\compile_test_game\models/weapons/mcv/v_medicbox.dx80.vtx":
body parts:         8 bytes
models:            20 bytes
model LODs:        12 bytes
meshes:             9 bytes
strip groups:      25 bytes
strips:            27 bytes
verts:          50454 bytes
indices:        58476 bytes
bone changes:      16 bytes
everything:    109071 bytes
---------------------
Generating optimized mesh "C:\Program Files (x86)\Steam\steamapps\common\GarrysMod\garrysmod\addons\mcv\work\compile_test_game\models/weapons/mcv/v_medicbox.dx90.vtx":
body parts:         8 bytes
models:            20 bytes
model LODs:        12 bytes
meshes:             9 bytes
strip groups:      25 bytes
strips:            27 bytes
verts:          50454 bytes
indices:        58476 bytes
bone changes:      16 bytes
everything:    109071 bytes

Completed "v_medicbox.qc"
