StudioMDL.exe (Apr 27 2026) - Garry's Mod Edition
WARNING: Failed to load keyvalues file cfg/mount.cfg!
qdir:    "c:\program files (x86)\steam\steamapps\common\garrysmod\garrysmod\addons\mcv\work\mcv_smd_port\weapons\v_mg43d\"
gamedir: "C:\Program Files (x86)\Steam\steamapps\common\GarrysMod\garrysmod\addons\mcv\work\compile_test_game\"
g_path:  "C:\Program Files (x86)\Steam\steamapps\common\GarrysMod\garrysmod\addons\mcv\work\MCV_SMD_PORT\weapons\v_mg43d\v_mg43d.qc"
Building binary model files...
Working on "v_mg43d.qc"
SMD MODEL ..\..\..\MCV_SMD_OG\weapons\v_mg43d\mg43d.smd
SMD MODEL ..\..\..\MCV_SMD_OG\weapons\v_mg43d\body1_model0.smd
SMD MODEL ..\..\..\MCV_SMD_OG\weapons\v_mg43d\v_mg43d_anims\runIdle_a_corrective_animation.smd
SMD MODEL ..\..\..\MCV_SMD_OG\weapons\v_mg43d\v_mg43d_anims\run_a_corrective_animation.smd
SMD MODEL ..\..\..\MCV_SMD_OG\weapons\v_mg43d\v_mg43d_anims\walkIdle_a_corrective_animation.smd
SMD MODEL ..\..\..\MCV_SMD_OG\weapons\v_mg43d\v_mg43d_anims\walk_a_corrective_animation.smd
SMD MODEL ..\..\..\MCV_SMD_OG\weapons\v_mg43d\v_mg43d_anims\walk_a_r_corrective_animation.smd
SMD MODEL ..\..\..\MCV_SMD_OG\weapons\v_mg43d\v_mg43d_anims\shoot1_a_corrective_animation.smd
SMD MODEL ..\..\..\MCV_SMD_OG\weapons\v_mg43d\v_mg43d_anims\shoot1_ironsight_a_corrective_animation.smd
SMD MODEL ..\..\..\MCV_SMD_OG\weapons\v_mg43d\v_mg43d_anims\shoot2_a_corrective_animation.smd
SMD MODEL ..\..\..\MCV_SMD_OG\weapons\v_mg43d\v_mg43d_anims\shoot2_ironsight_a_corrective_animation.smd
SMD MODEL ..\..\..\MCV_SMD_OG\weapons\v_mg43d\v_mg43d_anims\shoot3_a_corrective_animation.smd
SMD MODEL ..\..\..\MCV_SMD_OG\weapons\v_mg43d\v_mg43d_anims\shoot3_ironsight_a_corrective_animation.smd
SMD MODEL ..\..\..\MCV_SMD_OG\weapons\v_mg43d\v_mg43d_anims\shoot1_d_a_corrective_animation.smd
SMD MODEL ..\..\..\MCV_SMD_OG\weapons\v_mg43d\v_mg43d_anims\shoot1_di_a_corrective_animation.smd
SMD MODEL ..\..\..\MCV_SMD_OG\weapons\v_mg43d\v_mg43d_anims\shoot2_d_a_corrective_animation.smd
SMD MODEL ..\..\..\MCV_SMD_OG\weapons\v_mg43d\v_mg43d_anims\shoot2_di_a_corrective_animation.smd
SMD MODEL ..\..\..\MCV_SMD_OG\weapons\v_mg43d\v_mg43d_anims\shoot3_d_a_corrective_animation.smd
SMD MODEL ..\..\..\MCV_SMD_OG\weapons\v_mg43d\v_mg43d_anims\shoot3_di_a_corrective_animation.smd
SMD MODEL ..\..\..\MCV_SMD_OG\weapons\v_mg43d\v_mg43d_anims\basePose_a.smd
SMD MODEL ..\..\..\MCV_SMD_OG\weapons\v_mg43d\v_mg43d_anims\ironsight.smd
SMD MODEL ..\..\..\MCV_SMD_OG\weapons\v_mg43d\v_mg43d_anims\ironsight_transition.smd
SMD MODEL ..\..\..\MCV_SMD_OG\weapons\v_mg43d\v_mg43d_anims\walkPoses.smd
SMD MODEL ..\..\..\MCV_SMD_OG\weapons\v_mg43d\v_mg43d_anims\runIdle_a.smd
SMD MODEL ..\..\..\MCV_SMD_OG\weapons\v_mg43d\v_mg43d_anims\run_a.smd
SMD MODEL ..\..\..\MCV_SMD_OG\weapons\v_mg43d\v_mg43d_anims\walkIdle_a.smd
SMD MODEL fixed_anims\walk_a.smd
SMD MODEL ..\..\..\MCV_SMD_OG\weapons\v_mg43d\v_mg43d_anims\walk_a_r.smd
SMD MODEL ..\..\..\MCV_SMD_OG\weapons\v_mg43d\v_mg43d_anims\shoot1_a.smd
SMD MODEL ..\..\..\MCV_SMD_OG\weapons\v_mg43d\v_mg43d_anims\shoot1_ironsight_a.smd
SMD MODEL ..\..\..\MCV_SMD_OG\weapons\v_mg43d\v_mg43d_anims\shoot2_a.smd
SMD MODEL ..\..\..\MCV_SMD_OG\weapons\v_mg43d\v_mg43d_anims\shoot2_ironsight_a.smd
SMD MODEL ..\..\..\MCV_SMD_OG\weapons\v_mg43d\v_mg43d_anims\shoot3_a.smd
SMD MODEL ..\..\..\MCV_SMD_OG\weapons\v_mg43d\v_mg43d_anims\shoot3_ironsight_a.smd
SMD MODEL ..\..\..\MCV_SMD_OG\weapons\v_mg43d\v_mg43d_anims\nearwall_s_a.smd
SMD MODEL ..\..\..\MCV_SMD_OG\weapons\v_mg43d\v_mg43d_anims\nearwall_s_a_i.smd
SMD MODEL ..\..\..\MCV_SMD_OG\weapons\v_mg43d\v_mg43d_anims\nearwall_a.smd
SMD MODEL ..\..\..\MCV_SMD_OG\weapons\v_mg43d\v_mg43d_anims\nearwall_a_i.smd
SMD MODEL ..\..\..\MCV_SMD_OG\weapons\v_mg43d\v_mg43d_anims\nearwall_e_a.smd
SMD MODEL ..\..\..\MCV_SMD_OG\weapons\v_mg43d\v_mg43d_anims\nearwall_e_a_i.smd
SMD MODEL ..\..\..\MCV_SMD_OG\weapons\v_mg43d\v_mg43d_anims\prone_deployF.smd
SMD MODEL ..\..\..\MCV_SMD_OG\weapons\v_mg43d\v_mg43d_anims\prone_deployB.smd
SMD MODEL ..\..\..\MCV_SMD_OG\weapons\v_mg43d\v_mg43d_anims\prone_deployL.smd
SMD MODEL ..\..\..\MCV_SMD_OG\weapons\v_mg43d\v_mg43d_anims\prone_deployR.smd
SMD MODEL ..\..\..\MCV_SMD_OG\weapons\v_mg43d\v_mg43d_anims\proneF.smd
SMD MODEL ..\..\..\MCV_SMD_OG\weapons\v_mg43d\v_mg43d_anims\proneB.smd
SMD MODEL ..\..\..\MCV_SMD_OG\weapons\v_mg43d\v_mg43d_anims\proneL.smd
SMD MODEL ..\..\..\MCV_SMD_OG\weapons\v_mg43d\v_mg43d_anims\proneR.smd
SMD MODEL ..\..\..\MCV_SMD_OG\weapons\v_mg43d\v_mg43d_anims\pickup_s_a.smd
SMD MODEL ..\..\..\MCV_SMD_OG\weapons\v_mg43d\v_mg43d_anims\pickup_s_a_i.smd
SMD MODEL ..\..\..\MCV_SMD_OG\weapons\v_mg43d\v_mg43d_anims\pickup_a.smd
SMD MODEL ..\..\..\MCV_SMD_OG\weapons\v_mg43d\v_mg43d_anims\pickup_a_i.smd
SMD MODEL ..\..\..\MCV_SMD_OG\weapons\v_mg43d\v_mg43d_anims\pickup_e_a.smd
SMD MODEL ..\..\..\MCV_SMD_OG\weapons\v_mg43d\v_mg43d_anims\pickup_e_a_i.smd
SMD MODEL ..\..\..\MCV_SMD_OG\weapons\v_mg43d\v_mg43d_anims\deploy_s_a.smd
SMD MODEL ..\..\..\MCV_SMD_OG\weapons\v_mg43d\v_mg43d_anims\deploy_s_a_i.smd
SMD MODEL ..\..\..\MCV_SMD_OG\weapons\v_mg43d\v_mg43d_anims\deploy_a.smd
SMD MODEL ..\..\..\MCV_SMD_OG\weapons\v_mg43d\v_mg43d_anims\ironsightdeploy.smd
SMD MODEL ..\..\..\MCV_SMD_OG\weapons\v_mg43d\v_mg43d_anims\deploy_e_a.smd
SMD MODEL ..\..\..\MCV_SMD_OG\weapons\v_mg43d\v_mg43d_anims\deploy_e_a_i.smd
SMD MODEL ..\..\..\MCV_SMD_OG\weapons\v_mg43d\v_mg43d_anims\shoot1_d_a.smd
SMD MODEL ..\..\..\MCV_SMD_OG\weapons\v_mg43d\v_mg43d_anims\shoot1_di_a.smd
SMD MODEL ..\..\..\MCV_SMD_OG\weapons\v_mg43d\v_mg43d_anims\shoot2_d_a.smd
SMD MODEL ..\..\..\MCV_SMD_OG\weapons\v_mg43d\v_mg43d_anims\shoot2_di_a.smd
SMD MODEL ..\..\..\MCV_SMD_OG\weapons\v_mg43d\v_mg43d_anims\shoot3_d_a.smd
SMD MODEL ..\..\..\MCV_SMD_OG\weapons\v_mg43d\v_mg43d_anims\shoot3_di_a.smd
SMD MODEL ..\..\..\MCV_SMD_OG\weapons\v_mg43d\v_mg43d_anims\draw.smd
SMD MODEL ..\..\..\MCV_SMD_OG\weapons\v_mg43d\v_mg43d_anims\draw_2.smd
SMD MODEL ..\..\..\MCV_SMD_OG\weapons\v_mg43d\v_mg43d_anims\Firstdraw.smd
SMD MODEL ..\..\..\MCV_SMD_OG\weapons\v_mg43d\v_mg43d_anims\Firstdraw_2.smd
SMD MODEL ..\..\..\MCV_SMD_OG\weapons\v_mg43d\v_mg43d_anims\reload.smd
SMD MODEL ..\..\..\MCV_SMD_OG\weapons\v_mg43d\v_mg43d_anims\reload_2.smd
SMD MODEL ..\..\..\MCV_SMD_OG\weapons\v_mg43d\v_mg43d_anims\reload_empty.smd
SMD MODEL ..\..\..\MCV_SMD_OG\weapons\v_mg43d\v_mg43d_anims\reload_empty_2.smd
SMD MODEL ..\..\..\MCV_SMD_OG\weapons\v_mg43d\v_mg43d_anims\bash.smd
SMD MODEL ..\..\..\MCV_SMD_OG\weapons\v_mg43d\v_mg43d_anims\bash_2.smd
SMD MODEL ..\..\..\MCV_SMD_OG\weapons\v_mg43d\v_mg43d_anims\reload_deploy.smd
SMD MODEL ..\..\..\MCV_SMD_OG\weapons\v_mg43d\v_mg43d_anims\reload_deploy_2.smd
SMD MODEL ..\..\..\MCV_SMD_OG\weapons\v_mg43d\v_mg43d_anims\reload_deploy_empty.smd
SMD MODEL ..\..\..\MCV_SMD_OG\weapons\v_mg43d\v_mg43d_anims\reload_deploy_empty_2.smd
SMD MODEL ..\..\..\MCV_SMD_OG\weapons\v_mg43d\v_mg43d_anims\holster.smd
Processing LOD for material: v_mg43_mag
Processing LOD for material: v_mg43
Processing LOD for material: v_mg43
---------------------
writing C:\Program Files (x86)\Steam\steamapps\common\GarrysMod\garrysmod\addons\mcv\work\compile_test_game\models/weapons/mcv/v_mg43d.mdl:
Loading preexisting model: C:\Program Files (x86)\Steam\steamapps\common\GarrysMod\garrysmod\addons\mcv\work\compile_test_game\models/weapons/mcv/v_mg43d.mdl
WARNING: LoadPreexistingSequenceOrder: Zero-size file or no sequences.
bones        22844 bytes (99)
animations  422168 bytes (84 anims) (3345 frames) [1:49]
sequences    14904 bytes (36 seq) 
ik/pose        536 bytes
eyeballs         0 bytes (0 eyeballs)
flexes           0 bytes (0 flexes)
eyeballs         0 bytes (0 eyeballs)
flexes           0 bytes (0 flexes)
eyeballs         0 bytes (0 eyeballs)
flexes           0 bytes (0 flexes)
textures       144 bytes
keyvalues       20 bytes
bone transforms    13528 bytes
bone flex driver       0 bytes
collision        0 bytes
total       478628
---------------------
writing C:\Program Files (x86)\Steam\steamapps\common\GarrysMod\garrysmod\addons\mcv\work\compile_test_game\models/weapons/mcv/v_mg43d.vvd:
vertices   1572768 bytes (32766 vertices)
vertices     67536 bytes (1407 vertices)
tangents    524256 bytes (32766 vertices)
tangents     22512 bytes (1407 vertices)
total      2187136 bytes
---------------------
Generating optimized mesh "C:\Program Files (x86)\Steam\steamapps\common\GarrysMod\garrysmod\addons\mcv\work\compile_test_game\models/weapons/mcv/v_mg43d.dx80.vtx":
body parts:        16 bytes
models:            60 bytes
model LODs:        36 bytes
meshes:            27 bytes
strip groups:      75 bytes
strips:            81 bytes
verts:         307557 bytes
indices:       238524 bytes
bone changes:      96 bytes
everything:    546472 bytes
---------------------
Generating optimized mesh "C:\Program Files (x86)\Steam\steamapps\common\GarrysMod\garrysmod\addons\mcv\work\compile_test_game\models/weapons/mcv/v_mg43d.dx90.vtx":
body parts:        16 bytes
models:            60 bytes
model LODs:        36 bytes
meshes:            27 bytes
strip groups:      75 bytes
strips:            81 bytes
verts:         307557 bytes
indices:       238524 bytes
bone changes:      96 bytes
everything:    546472 bytes

Completed "v_mg43d.qc"
