StudioMDL.exe (Apr 27 2026) - Garry's Mod Edition
WARNING: Failed to load keyvalues file cfg/mount.cfg!
qdir:    "c:\program files (x86)\steam\steamapps\common\garrysmod\garrysmod\addons\mcv\work\mcv_smd_port\weapons\v_mine\"
gamedir: "C:\Program Files (x86)\Steam\steamapps\common\GarrysMod\garrysmod\addons\mcv\work\compile_test_game\"
g_path:  "C:\Program Files (x86)\Steam\steamapps\common\GarrysMod\garrysmod\addons\mcv\work\MCV_SMD_PORT\weapons\v_mine\v_mine.qc"
Building binary model files...
Working on "v_mine.qc"
SMD MODEL ..\..\..\MCV_SMD_OG\weapons\v_mine\m16_new.smd
SMD MODEL ..\..\..\MCV_SMD_OG\weapons\v_mine\VC_mine.smd
SMD MODEL ..\..\..\MCV_SMD_OG\weapons\v_mine\Stick_new.smd
SMD MODEL ..\..\..\MCV_SMD_OG\weapons\v_mine\v_mine_anims\runIdle_a_corrective_animation.smd
SMD MODEL ..\..\..\MCV_SMD_OG\weapons\v_mine\v_mine_anims\run_a_corrective_animation.smd
SMD MODEL ..\..\..\MCV_SMD_OG\weapons\v_mine\v_mine_anims\walkIdle_a_corrective_animation.smd
SMD MODEL ..\..\..\MCV_SMD_OG\weapons\v_mine\v_mine_anims\walk_a_corrective_animation.smd
SMD MODEL ..\..\..\MCV_SMD_OG\weapons\v_mine\v_mine_anims\basePose_a.smd
SMD MODEL ..\..\..\MCV_SMD_OG\weapons\v_mine\v_mine_anims\runIdle_a.smd
SMD MODEL ..\..\..\MCV_SMD_OG\weapons\v_mine\v_mine_anims\run_a.smd
SMD MODEL ..\..\..\MCV_SMD_OG\weapons\v_mine\v_mine_anims\walkIdle_a.smd
SMD MODEL ..\..\..\MCV_SMD_OG\weapons\v_mine\v_mine_anims\walk_a.smd
SMD MODEL fixed_anims\proneF.smd
SMD MODEL fixed_anims\proneB.smd
SMD MODEL ..\..\..\MCV_SMD_OG\weapons\v_mine\v_mine_anims\proneL.smd
SMD MODEL fixed_anims\proneR.smd
SMD MODEL ..\..\..\MCV_SMD_OG\weapons\v_mine\v_mine_anims\placemine.smd
SMD MODEL ..\..\..\MCV_SMD_OG\weapons\v_mine\v_mine_anims\placestick.smd
SMD MODEL ..\..\..\MCV_SMD_OG\weapons\v_mine\v_mine_anims\draw.smd
SMD MODEL ..\..\..\MCV_SMD_OG\weapons\v_mine\v_mine_anims\bash.smd
SMD MODEL ..\..\..\MCV_SMD_OG\weapons\v_mine\v_mine_anims\pickupstart.smd
SMD MODEL ..\..\..\MCV_SMD_OG\weapons\v_mine\v_mine_anims\pickuploop.smd
SMD MODEL ..\..\..\MCV_SMD_OG\weapons\v_mine\v_mine_anims\pickupend.smd
SMD MODEL ..\..\..\MCV_SMD_OG\weapons\v_mine\v_mine_anims\idletonearwall.smd
SMD MODEL ..\..\..\MCV_SMD_OG\weapons\v_mine\v_mine_anims\nearwall.smd
SMD MODEL ..\..\..\MCV_SMD_OG\weapons\v_mine\v_mine_anims\nearwalltoidle.smd
SMD MODEL ..\..\..\MCV_SMD_OG\weapons\v_mine\v_mine_anims\holster.smd
Processing LOD for material: m16mine
Processing LOD for material: ozm4
Processing LOD for material: minestick
---------------------
writing C:\Program Files (x86)\Steam\steamapps\common\GarrysMod\garrysmod\addons\mcv\work\compile_test_game\models/weapons/mcv/v_mine.mdl:
Loading preexisting model: C:\Program Files (x86)\Steam\steamapps\common\GarrysMod\garrysmod\addons\mcv\work\compile_test_game\models/weapons/mcv/v_mine.mdl
WARNING: LoadPreexistingSequenceOrder: Zero-size file or no sequences.
bones        21120 bytes (92)
animations   65096 bytes (24 anims) (509 frames) [0:16]
sequences     5548 bytes (16 seq) 
ik/pose        684 bytes
eyeballs         0 bytes (0 eyeballs)
flexes           0 bytes (0 flexes)
eyeballs         0 bytes (0 eyeballs)
flexes           0 bytes (0 flexes)
eyeballs         0 bytes (0 eyeballs)
flexes           0 bytes (0 flexes)
eyeballs         0 bytes (0 eyeballs)
flexes           0 bytes (0 flexes)
textures       204 bytes
keyvalues       20 bytes
bone transforms    12576 bytes
bone flex driver       0 bytes
collision        0 bytes
total       108180
---------------------
writing C:\Program Files (x86)\Steam\steamapps\common\GarrysMod\garrysmod\addons\mcv\work\compile_test_game\models/weapons/mcv/v_mine.vvd:
vertices     91056 bytes (1897 vertices)
vertices    112608 bytes (2346 vertices)
vertices      9648 bytes (201 vertices)
tangents     30352 bytes (1897 vertices)
tangents     37536 bytes (2346 vertices)
tangents      3216 bytes (201 vertices)
total       284480 bytes
---------------------
Generating optimized mesh "C:\Program Files (x86)\Steam\steamapps\common\GarrysMod\garrysmod\addons\mcv\work\compile_test_game\models/weapons/mcv/v_mine.dx80.vtx":
body parts:        16 bytes
models:            80 bytes
model LODs:        48 bytes
meshes:            27 bytes
strip groups:      75 bytes
strips:            81 bytes
verts:          39996 bytes
indices:        38574 bytes
bone changes:      32 bytes
everything:     78917 bytes
---------------------
Generating optimized mesh "C:\Program Files (x86)\Steam\steamapps\common\GarrysMod\garrysmod\addons\mcv\work\compile_test_game\models/weapons/mcv/v_mine.dx90.vtx":
body parts:        16 bytes
models:            80 bytes
model LODs:        48 bytes
meshes:            27 bytes
strip groups:      75 bytes
strips:            81 bytes
verts:          39996 bytes
indices:        38574 bytes
bone changes:      32 bytes
everything:     78917 bytes

Completed "v_mine.qc"
