StudioMDL.exe (Apr 27 2026) - Garry's Mod Edition
WARNING: Failed to load keyvalues file cfg/mount.cfg!
qdir:    "c:\program files (x86)\steam\steamapps\common\garrysmod\garrysmod\addons\mcv\work\mcv_smd_port\weapons\v_mle1935\"
gamedir: "C:\Program Files (x86)\Steam\steamapps\common\GarrysMod\garrysmod\addons\mcv\work\compile_test_game\"
g_path:  "C:\Program Files (x86)\Steam\steamapps\common\GarrysMod\garrysmod\addons\mcv\work\MCV_SMD_PORT\weapons\v_mle1935\v_mle1935.qc"
Building binary model files...
Working on "v_mle1935.qc"
SMD MODEL ..\..\..\MCV_SMD_OG\weapons\v_mle1935\RefMLE1935_new.smd
SMD MODEL ..\..\..\MCV_SMD_OG\weapons\v_mle1935\v_mle1935_anims\Default_corrective_animation.smd
SMD MODEL ..\..\..\MCV_SMD_OG\weapons\v_mle1935\v_mle1935_anims\Slideback_corrective_animation.smd
SMD MODEL ..\..\..\MCV_SMD_OG\weapons\v_mle1935\v_mle1935_anims\runIdle_a_corrective_animation.smd
SMD MODEL ..\..\..\MCV_SMD_OG\weapons\v_mle1935\v_mle1935_anims\run_a_corrective_animation.smd
SMD MODEL ..\..\..\MCV_SMD_OG\weapons\v_mle1935\v_mle1935_anims\walkIdle_a_corrective_animation.smd
SMD MODEL ..\..\..\MCV_SMD_OG\weapons\v_mle1935\v_mle1935_anims\walk_a_corrective_animation.smd
SMD MODEL ..\..\..\MCV_SMD_OG\weapons\v_mle1935\v_mle1935_anims\shoot1_a_corrective_animation.smd
SMD MODEL ..\..\..\MCV_SMD_OG\weapons\v_mle1935\v_mle1935_anims\shoot1_ironsight_a_corrective_animation.smd
SMD MODEL ..\..\..\MCV_SMD_OG\weapons\v_mle1935\v_mle1935_anims\shoot2_a_corrective_animation.smd
SMD MODEL ..\..\..\MCV_SMD_OG\weapons\v_mle1935\v_mle1935_anims\shoot2_ironsight_a_corrective_animation.smd
SMD MODEL ..\..\..\MCV_SMD_OG\weapons\v_mle1935\v_mle1935_anims\shoot3_a_corrective_animation.smd
SMD MODEL ..\..\..\MCV_SMD_OG\weapons\v_mle1935\v_mle1935_anims\shoot3_ironsight_a_corrective_animation.smd
SMD MODEL ..\..\..\MCV_SMD_OG\weapons\v_mle1935\v_mle1935_anims\shootlast_a_corrective_animation.smd
SMD MODEL ..\..\..\MCV_SMD_OG\weapons\v_mle1935\v_mle1935_anims\shootlast_ironsight_a_corrective_animation.smd
SMD MODEL ..\..\..\MCV_SMD_OG\weapons\v_mle1935\v_mle1935_anims\PoseDelta.smd
SMD MODEL ..\..\..\MCV_SMD_OG\weapons\v_mle1935\v_mle1935_anims\Default.smd
SMD MODEL ..\..\..\MCV_SMD_OG\weapons\v_mle1935\v_mle1935_anims\Slideback.smd
SMD MODEL ..\..\..\MCV_SMD_OG\weapons\v_mle1935\v_mle1935_anims\basePose_a.smd
SMD MODEL ..\..\..\MCV_SMD_OG\weapons\v_mle1935\v_mle1935_anims\ironsight.smd
SMD MODEL ..\..\..\MCV_SMD_OG\weapons\v_mle1935\v_mle1935_anims\ironsight_transition.smd
SMD MODEL ..\..\..\MCV_SMD_OG\weapons\v_mle1935\v_mle1935_anims\walkDelta.smd
SMD MODEL ..\..\..\MCV_SMD_OG\weapons\v_mle1935\v_mle1935_anims\runIdle_a.smd
SMD MODEL ..\..\..\MCV_SMD_OG\weapons\v_mle1935\v_mle1935_anims\run_a.smd
SMD MODEL ..\..\..\MCV_SMD_OG\weapons\v_mle1935\v_mle1935_anims\walkIdle_a.smd
SMD MODEL fixed_anims\walk_a.smd
SMD MODEL ..\..\..\MCV_SMD_OG\weapons\v_mle1935\v_mle1935_anims\shoot1_a.smd
SMD MODEL ..\..\..\MCV_SMD_OG\weapons\v_mle1935\v_mle1935_anims\shoot1_ironsight_a.smd
SMD MODEL ..\..\..\MCV_SMD_OG\weapons\v_mle1935\v_mle1935_anims\shoot2_a.smd
SMD MODEL ..\..\..\MCV_SMD_OG\weapons\v_mle1935\v_mle1935_anims\shoot2_ironsight_a.smd
SMD MODEL ..\..\..\MCV_SMD_OG\weapons\v_mle1935\v_mle1935_anims\shoot3_a.smd
SMD MODEL ..\..\..\MCV_SMD_OG\weapons\v_mle1935\v_mle1935_anims\shoot3_ironsight_a.smd
SMD MODEL ..\..\..\MCV_SMD_OG\weapons\v_mle1935\v_mle1935_anims\shootlast_a.smd
SMD MODEL ..\..\..\MCV_SMD_OG\weapons\v_mle1935\v_mle1935_anims\shootlast_ironsight_a.smd
SMD MODEL ..\..\..\MCV_SMD_OG\weapons\v_mle1935\v_mle1935_anims\nearwall_s_a.smd
SMD MODEL ..\..\..\MCV_SMD_OG\weapons\v_mle1935\v_mle1935_anims\nearwall_s_a_i.smd
SMD MODEL ..\..\..\MCV_SMD_OG\weapons\v_mle1935\v_mle1935_anims\nearwall_a.smd
SMD MODEL ..\..\..\MCV_SMD_OG\weapons\v_mle1935\v_mle1935_anims\nearwall_a_i.smd
SMD MODEL ..\..\..\MCV_SMD_OG\weapons\v_mle1935\v_mle1935_anims\nearwall_e_a.smd
SMD MODEL ..\..\..\MCV_SMD_OG\weapons\v_mle1935\v_mle1935_anims\nearwall_e_a_i.smd
SMD MODEL ..\..\..\MCV_SMD_OG\weapons\v_mle1935\v_mle1935_anims\proneF.smd
SMD MODEL ..\..\..\MCV_SMD_OG\weapons\v_mle1935\v_mle1935_anims\proneB.smd
SMD MODEL ..\..\..\MCV_SMD_OG\weapons\v_mle1935\v_mle1935_anims\proneL.smd
SMD MODEL ..\..\..\MCV_SMD_OG\weapons\v_mle1935\v_mle1935_anims\proneR.smd
SMD MODEL ..\..\..\MCV_SMD_OG\weapons\v_mle1935\v_mle1935_anims\pickup_s_a.smd
SMD MODEL ..\..\..\MCV_SMD_OG\weapons\v_mle1935\v_mle1935_anims\pickup_s_a_i.smd
SMD MODEL ..\..\..\MCV_SMD_OG\weapons\v_mle1935\v_mle1935_anims\pickup_a.smd
SMD MODEL ..\..\..\MCV_SMD_OG\weapons\v_mle1935\v_mle1935_anims\pickup_a_i.smd
SMD MODEL ..\..\..\MCV_SMD_OG\weapons\v_mle1935\v_mle1935_anims\pickup_e_a.smd
SMD MODEL ..\..\..\MCV_SMD_OG\weapons\v_mle1935\v_mle1935_anims\pickup_e_a_i.smd
SMD MODEL ..\..\..\MCV_SMD_OG\weapons\v_mle1935\v_mle1935_anims\draw.smd
SMD MODEL ..\..\..\MCV_SMD_OG\weapons\v_mle1935\v_mle1935_anims\draw_2.smd
SMD MODEL ..\..\..\MCV_SMD_OG\weapons\v_mle1935\v_mle1935_anims\Firstdraw.smd
SMD MODEL ..\..\..\MCV_SMD_OG\weapons\v_mle1935\v_mle1935_anims\Firstdraw_2.smd
SMD MODEL ..\..\..\MCV_SMD_OG\weapons\v_mle1935\v_mle1935_anims\reload.smd
SMD MODEL ..\..\..\MCV_SMD_OG\weapons\v_mle1935\v_mle1935_anims\reload_2.smd
SMD MODEL ..\..\..\MCV_SMD_OG\weapons\v_mle1935\v_mle1935_anims\reload_empty.smd
SMD MODEL ..\..\..\MCV_SMD_OG\weapons\v_mle1935\v_mle1935_anims\reload_empty_2.smd
SMD MODEL ..\..\..\MCV_SMD_OG\weapons\v_mle1935\v_mle1935_anims\bash.smd
SMD MODEL ..\..\..\MCV_SMD_OG\weapons\v_mle1935\v_mle1935_anims\bash_2.smd
SMD MODEL ..\..\..\MCV_SMD_OG\weapons\v_mle1935\v_mle1935_anims\holster.smd
Processing LOD for material: shells_small_additional
Processing LOD for material: v_mle1935
---------------------
writing C:\Program Files (x86)\Steam\steamapps\common\GarrysMod\garrysmod\addons\mcv\work\compile_test_game\models/weapons/mcv/v_mle1935.mdl:
Loading preexisting model: C:\Program Files (x86)\Steam\steamapps\common\GarrysMod\garrysmod\addons\mcv\work\compile_test_game\models/weapons/mcv/v_mle1935.mdl
WARNING: LoadPreexistingSequenceOrder: Zero-size file or no sequences.
bones        22424 bytes (98)
animations  177536 bytes (63 anims) (1527 frames) [0:50]
sequences     9632 bytes (26 seq) 
ik/pose        244 bytes
eyeballs         0 bytes (0 eyeballs)
flexes           0 bytes (0 flexes)
textures       140 bytes
keyvalues       20 bytes
bone transforms    13392 bytes
bone flex driver       0 bytes
collision        0 bytes
total       227132
---------------------
writing C:\Program Files (x86)\Steam\steamapps\common\GarrysMod\garrysmod\addons\mcv\work\compile_test_game\models/weapons/mcv/v_mle1935.vvd:
vertices    302832 bytes (6309 vertices)
tangents    100944 bytes (6309 vertices)
total       403840 bytes
---------------------
Generating optimized mesh "C:\Program Files (x86)\Steam\steamapps\common\GarrysMod\garrysmod\addons\mcv\work\compile_test_game\models/weapons/mcv/v_mle1935.dx80.vtx":
body parts:         8 bytes
models:            20 bytes
model LODs:        12 bytes
meshes:            18 bytes
strip groups:      50 bytes
strips:            54 bytes
verts:          56781 bytes
indices:        43236 bytes
bone changes:      72 bytes
everything:    100275 bytes
---------------------
Generating optimized mesh "C:\Program Files (x86)\Steam\steamapps\common\GarrysMod\garrysmod\addons\mcv\work\compile_test_game\models/weapons/mcv/v_mle1935.dx90.vtx":
body parts:         8 bytes
models:            20 bytes
model LODs:        12 bytes
meshes:            18 bytes
strip groups:      50 bytes
strips:            54 bytes
verts:          56781 bytes
indices:        43236 bytes
bone changes:      72 bytes
everything:    100275 bytes

Completed "v_mle1935.qc"
