StudioMDL.exe (Apr 27 2026) - Garry's Mod Edition
WARNING: Failed to load keyvalues file cfg/mount.cfg!
qdir:    "c:\program files (x86)\steam\steamapps\common\garrysmod\garrysmod\addons\mcv\work\mcv_smd_port\weapons\v_morph\"
gamedir: "C:\Program Files (x86)\Steam\steamapps\common\GarrysMod\garrysmod\addons\mcv\work\compile_test_game\"
g_path:  "C:\Program Files (x86)\Steam\steamapps\common\GarrysMod\garrysmod\addons\mcv\work\MCV_SMD_PORT\weapons\v_morph\v_morph.qc"
Building binary model files...
Working on "v_morph.qc"
SMD MODEL ..\..\..\MCV_SMD_OG\weapons\v_morph\morphbox.smd
SMD MODEL ..\..\..\MCV_SMD_OG\weapons\v_morph\v_morph_anims\runIdle_a_corrective_animation.smd
SMD MODEL ..\..\..\MCV_SMD_OG\weapons\v_morph\v_morph_anims\run_a_corrective_animation.smd
SMD MODEL ..\..\..\MCV_SMD_OG\weapons\v_morph\v_morph_anims\walkIdle_a_corrective_animation.smd
SMD MODEL ..\..\..\MCV_SMD_OG\weapons\v_morph\v_morph_anims\walk_a_corrective_animation.smd
SMD MODEL ..\..\..\MCV_SMD_OG\weapons\v_morph\v_morph_anims\basePose_a.smd
SMD MODEL ..\..\..\MCV_SMD_OG\weapons\v_morph\v_morph_anims\runIdle_a.smd
SMD MODEL ..\..\..\MCV_SMD_OG\weapons\v_morph\v_morph_anims\run_a.smd
SMD MODEL ..\..\..\MCV_SMD_OG\weapons\v_morph\v_morph_anims\walkIdle_a.smd
SMD MODEL ..\..\..\MCV_SMD_OG\weapons\v_morph\v_morph_anims\walk_a.smd
SMD MODEL ..\..\..\MCV_SMD_OG\weapons\v_morph\v_morph_anims\proneF.smd
SMD MODEL ..\..\..\MCV_SMD_OG\weapons\v_morph\v_morph_anims\proneB.smd
SMD MODEL ..\..\..\MCV_SMD_OG\weapons\v_morph\v_morph_anims\proneL.smd
SMD MODEL ..\..\..\MCV_SMD_OG\weapons\v_morph\v_morph_anims\proneR.smd
SMD MODEL ..\..\..\MCV_SMD_OG\weapons\v_morph\v_morph_anims\draw.smd
SMD MODEL ..\..\..\MCV_SMD_OG\weapons\v_morph\v_morph_anims\idletonearwall.smd
SMD MODEL ..\..\..\MCV_SMD_OG\weapons\v_morph\v_morph_anims\nearwall.smd
SMD MODEL ..\..\..\MCV_SMD_OG\weapons\v_morph\v_morph_anims\nearwalltoidle.smd
SMD MODEL ..\..\..\MCV_SMD_OG\weapons\v_morph\v_morph_anims\bash.smd
SMD MODEL ..\..\..\MCV_SMD_OG\weapons\v_morph\v_morph_anims\pickupstart.smd
SMD MODEL ..\..\..\MCV_SMD_OG\weapons\v_morph\v_morph_anims\pickuploop.smd
SMD MODEL ..\..\..\MCV_SMD_OG\weapons\v_morph\v_morph_anims\pickupend.smd
SMD MODEL ..\..\..\MCV_SMD_OG\weapons\v_morph\v_morph_anims\holster.smd
SMD MODEL ..\..\..\MCV_SMD_OG\weapons\v_morph\v_morph_anims\give.smd
SMD MODEL ..\..\..\MCV_SMD_OG\weapons\v_morph\v_morph_anims\self.smd
Processing LOD for material: morphbox
---------------------
writing C:\Program Files (x86)\Steam\steamapps\common\GarrysMod\garrysmod\addons\mcv\work\compile_test_game\models/weapons/mcv/v_morph.mdl:
Loading preexisting model: C:\Program Files (x86)\Steam\steamapps\common\GarrysMod\garrysmod\addons\mcv\work\compile_test_game\models/weapons/mcv/v_morph.mdl
WARNING: LoadPreexistingSequenceOrder: Zero-size file or no sequences.
bones        21588 bytes (95)
animations   79384 bytes (24 anims) (564 frames) [0:18]
sequences     5456 bytes (16 seq) 
ik/pose        224 bytes
eyeballs         0 bytes (0 eyeballs)
flexes           0 bytes (0 flexes)
textures       348 bytes
keyvalues       20 bytes
bone transforms    12984 bytes
bone flex driver       0 bytes
collision        0 bytes
total       122732
---------------------
writing C:\Program Files (x86)\Steam\steamapps\common\GarrysMod\garrysmod\addons\mcv\work\compile_test_game\models/weapons/mcv/v_morph.vvd:
vertices     94416 bytes (1967 vertices)
tangents     31472 bytes (1967 vertices)
total       125952 bytes
---------------------
Generating optimized mesh "C:\Program Files (x86)\Steam\steamapps\common\GarrysMod\garrysmod\addons\mcv\work\compile_test_game\models/weapons/mcv/v_morph.dx80.vtx":
body parts:         8 bytes
models:            20 bytes
model LODs:        12 bytes
meshes:             9 bytes
strip groups:      25 bytes
strips:            27 bytes
verts:          17703 bytes
indices:        16824 bytes
bone changes:      40 bytes
everything:     34692 bytes
---------------------
Generating optimized mesh "C:\Program Files (x86)\Steam\steamapps\common\GarrysMod\garrysmod\addons\mcv\work\compile_test_game\models/weapons/mcv/v_morph.dx90.vtx":
body parts:         8 bytes
models:            20 bytes
model LODs:        12 bytes
meshes:             9 bytes
strip groups:      25 bytes
strips:            27 bytes
verts:          17703 bytes
indices:        16824 bytes
bone changes:      40 bytes
everything:     34692 bytes

Completed "v_morph.qc"
