StudioMDL.exe (Apr 27 2026) - Garry's Mod Edition
WARNING: Failed to load keyvalues file cfg/mount.cfg!
qdir:    "c:\program files (x86)\steam\steamapps\common\garrysmod\garrysmod\addons\mcv\work\mcv_smd_port\weapons\v_p38\"
gamedir: "C:\Program Files (x86)\Steam\steamapps\common\GarrysMod\garrysmod\addons\mcv\work\compile_test_game\"
g_path:  "C:\Program Files (x86)\Steam\steamapps\common\GarrysMod\garrysmod\addons\mcv\work\MCV_SMD_PORT\weapons\v_p38\v_p38.qc"
Building binary model files...
Working on "v_p38.qc"
SMD MODEL ..\..\..\MCV_SMD_OG\weapons\v_p38\walther_ref.smd
SMD MODEL ..\..\..\MCV_SMD_OG\weapons\v_p38\v_p38_anims\Bullet0_corrective_animation.smd
SMD MODEL ..\..\..\MCV_SMD_OG\weapons\v_p38\v_p38_anims\Bullet1_corrective_animation.smd
SMD MODEL ..\..\..\MCV_SMD_OG\weapons\v_p38\v_p38_anims\Bullet2_corrective_animation.smd
SMD MODEL ..\..\..\MCV_SMD_OG\weapons\v_p38\v_p38_anims\Bullet3_corrective_animation.smd
SMD MODEL ..\..\..\MCV_SMD_OG\weapons\v_p38\v_p38_anims\Bullet4_corrective_animation.smd
SMD MODEL ..\..\..\MCV_SMD_OG\weapons\v_p38\v_p38_anims\Bullet5_corrective_animation.smd
SMD MODEL ..\..\..\MCV_SMD_OG\weapons\v_p38\v_p38_anims\Bullet6_corrective_animation.smd
SMD MODEL ..\..\..\MCV_SMD_OG\weapons\v_p38\v_p38_anims\Bullet7_corrective_animation.smd
SMD MODEL ..\..\..\MCV_SMD_OG\weapons\v_p38\v_p38_anims\Default_corrective_animation.smd
SMD MODEL ..\..\..\MCV_SMD_OG\weapons\v_p38\v_p38_anims\Slideback_corrective_animation.smd
SMD MODEL ..\..\..\MCV_SMD_OG\weapons\v_p38\v_p38_anims\runIdle_a_corrective_animation.smd
SMD MODEL ..\..\..\MCV_SMD_OG\weapons\v_p38\v_p38_anims\run_a_corrective_animation.smd
SMD MODEL ..\..\..\MCV_SMD_OG\weapons\v_p38\v_p38_anims\walkIdle_a_corrective_animation.smd
SMD MODEL ..\..\..\MCV_SMD_OG\weapons\v_p38\v_p38_anims\walk_a_corrective_animation.smd
SMD MODEL ..\..\..\MCV_SMD_OG\weapons\v_p38\v_p38_anims\shoot1_a_corrective_animation.smd
SMD MODEL ..\..\..\MCV_SMD_OG\weapons\v_p38\v_p38_anims\shoot1_ironsight_a_corrective_animation.smd
SMD MODEL ..\..\..\MCV_SMD_OG\weapons\v_p38\v_p38_anims\shoot2_a_corrective_animation.smd
SMD MODEL ..\..\..\MCV_SMD_OG\weapons\v_p38\v_p38_anims\shoot2_ironsight_a_corrective_animation.smd
SMD MODEL ..\..\..\MCV_SMD_OG\weapons\v_p38\v_p38_anims\shoot3_a_corrective_animation.smd
SMD MODEL ..\..\..\MCV_SMD_OG\weapons\v_p38\v_p38_anims\shoot3_ironsight_a_corrective_animation.smd
SMD MODEL ..\..\..\MCV_SMD_OG\weapons\v_p38\v_p38_anims\shoot4_a_corrective_animation.smd
SMD MODEL ..\..\..\MCV_SMD_OG\weapons\v_p38\v_p38_anims\shoot4_ironsight_a_corrective_animation.smd
SMD MODEL ..\..\..\MCV_SMD_OG\weapons\v_p38\v_p38_anims\shootlast_a_corrective_animation.smd
SMD MODEL ..\..\..\MCV_SMD_OG\weapons\v_p38\v_p38_anims\shootlast_ironsight_a_corrective_animation.smd
SMD MODEL ..\..\..\MCV_SMD_OG\weapons\v_p38\v_p38_anims\PoseDelta.smd
SMD MODEL ..\..\..\MCV_SMD_OG\weapons\v_p38\v_p38_anims\Default.smd
SMD MODEL ..\..\..\MCV_SMD_OG\weapons\v_p38\v_p38_anims\Bullet7.smd
SMD MODEL ..\..\..\MCV_SMD_OG\weapons\v_p38\v_p38_anims\Bullet6.smd
SMD MODEL ..\..\..\MCV_SMD_OG\weapons\v_p38\v_p38_anims\Bullet5.smd
SMD MODEL ..\..\..\MCV_SMD_OG\weapons\v_p38\v_p38_anims\Bullet4.smd
SMD MODEL ..\..\..\MCV_SMD_OG\weapons\v_p38\v_p38_anims\Bullet3.smd
SMD MODEL ..\..\..\MCV_SMD_OG\weapons\v_p38\v_p38_anims\Bullet2.smd
SMD MODEL ..\..\..\MCV_SMD_OG\weapons\v_p38\v_p38_anims\Bullet1.smd
SMD MODEL ..\..\..\MCV_SMD_OG\weapons\v_p38\v_p38_anims\Bullet0.smd
SMD MODEL ..\..\..\MCV_SMD_OG\weapons\v_p38\v_p38_anims\Slideback.smd
SMD MODEL ..\..\..\MCV_SMD_OG\weapons\v_p38\v_p38_anims\basePose_a.smd
SMD MODEL ..\..\..\MCV_SMD_OG\weapons\v_p38\v_p38_anims\ironsight.smd
SMD MODEL ..\..\..\MCV_SMD_OG\weapons\v_p38\v_p38_anims\ironsight_transition.smd
SMD MODEL ..\..\..\MCV_SMD_OG\weapons\v_p38\v_p38_anims\runIdle_a.smd
SMD MODEL ..\..\..\MCV_SMD_OG\weapons\v_p38\v_p38_anims\run_a.smd
SMD MODEL ..\..\..\MCV_SMD_OG\weapons\v_p38\v_p38_anims\walkIdle_a.smd
SMD MODEL ..\..\..\MCV_SMD_OG\weapons\v_p38\v_p38_anims\walk_a.smd
SMD MODEL ..\..\..\MCV_SMD_OG\weapons\v_p38\v_p38_anims\shoot1_a.smd
SMD MODEL ..\..\..\MCV_SMD_OG\weapons\v_p38\v_p38_anims\shoot1_ironsight_a.smd
SMD MODEL ..\..\..\MCV_SMD_OG\weapons\v_p38\v_p38_anims\shoot2_a.smd
SMD MODEL ..\..\..\MCV_SMD_OG\weapons\v_p38\v_p38_anims\shoot2_ironsight_a.smd
SMD MODEL ..\..\..\MCV_SMD_OG\weapons\v_p38\v_p38_anims\shoot3_a.smd
SMD MODEL ..\..\..\MCV_SMD_OG\weapons\v_p38\v_p38_anims\shoot3_ironsight_a.smd
SMD MODEL ..\..\..\MCV_SMD_OG\weapons\v_p38\v_p38_anims\shoot4_a.smd
SMD MODEL ..\..\..\MCV_SMD_OG\weapons\v_p38\v_p38_anims\shoot4_ironsight_a.smd
SMD MODEL ..\..\..\MCV_SMD_OG\weapons\v_p38\v_p38_anims\shootlast_a.smd
SMD MODEL ..\..\..\MCV_SMD_OG\weapons\v_p38\v_p38_anims\shootlast_ironsight_a.smd
SMD MODEL ..\..\..\MCV_SMD_OG\weapons\v_p38\v_p38_anims\nearwall_s_a.smd
SMD MODEL ..\..\..\MCV_SMD_OG\weapons\v_p38\v_p38_anims\nearwall_s_a_i.smd
SMD MODEL ..\..\..\MCV_SMD_OG\weapons\v_p38\v_p38_anims\nearwall_a.smd
SMD MODEL ..\..\..\MCV_SMD_OG\weapons\v_p38\v_p38_anims\nearwall_a_i.smd
SMD MODEL ..\..\..\MCV_SMD_OG\weapons\v_p38\v_p38_anims\nearwall_e_a.smd
SMD MODEL ..\..\..\MCV_SMD_OG\weapons\v_p38\v_p38_anims\nearwall_e_a_i.smd
SMD MODEL ..\..\..\MCV_SMD_OG\weapons\v_p38\v_p38_anims\proneF.smd
SMD MODEL ..\..\..\MCV_SMD_OG\weapons\v_p38\v_p38_anims\proneB.smd
SMD MODEL ..\..\..\MCV_SMD_OG\weapons\v_p38\v_p38_anims\proneL.smd
SMD MODEL ..\..\..\MCV_SMD_OG\weapons\v_p38\v_p38_anims\proneR.smd
SMD MODEL ..\..\..\MCV_SMD_OG\weapons\v_p38\v_p38_anims\pickup_s_a.smd
SMD MODEL ..\..\..\MCV_SMD_OG\weapons\v_p38\v_p38_anims\pickup_s_a_i.smd
SMD MODEL ..\..\..\MCV_SMD_OG\weapons\v_p38\v_p38_anims\pickup_a.smd
SMD MODEL ..\..\..\MCV_SMD_OG\weapons\v_p38\v_p38_anims\pickup_a_i.smd
SMD MODEL ..\..\..\MCV_SMD_OG\weapons\v_p38\v_p38_anims\pickup_e_a.smd
SMD MODEL ..\..\..\MCV_SMD_OG\weapons\v_p38\v_p38_anims\pickup_e_a_i.smd
SMD MODEL ..\..\..\MCV_SMD_OG\weapons\v_p38\v_p38_anims\draw.smd
SMD MODEL ..\..\..\MCV_SMD_OG\weapons\v_p38\v_p38_anims\draw_2.smd
SMD MODEL ..\..\..\MCV_SMD_OG\weapons\v_p38\v_p38_anims\Firstdraw.smd
SMD MODEL ..\..\..\MCV_SMD_OG\weapons\v_p38\v_p38_anims\Firstdraw_2.smd
SMD MODEL ..\..\..\MCV_SMD_OG\weapons\v_p38\v_p38_anims\reload.smd
SMD MODEL ..\..\..\MCV_SMD_OG\weapons\v_p38\v_p38_anims\reload_2.smd
SMD MODEL ..\..\..\MCV_SMD_OG\weapons\v_p38\v_p38_anims\reload_empty.smd
SMD MODEL ..\..\..\MCV_SMD_OG\weapons\v_p38\v_p38_anims\reload_empty_2.smd
SMD MODEL ..\..\..\MCV_SMD_OG\weapons\v_p38\v_p38_anims\bash.smd
SMD MODEL ..\..\..\MCV_SMD_OG\weapons\v_p38\v_p38_anims\bash_2.smd
SMD MODEL ..\..\..\MCV_SMD_OG\weapons\v_p38\v_p38_anims\holster.smd
Processing LOD for material: shells_small
Processing LOD for material: p38
---------------------
writing C:\Program Files (x86)\Steam\steamapps\common\GarrysMod\garrysmod\addons\mcv\work\compile_test_game\models/weapons/mcv/v_p38.mdl:
Loading preexisting model: C:\Program Files (x86)\Steam\steamapps\common\GarrysMod\garrysmod\addons\mcv\work\compile_test_game\models/weapons/mcv/v_p38.mdl
WARNING: LoadPreexistingSequenceOrder: Zero-size file or no sequences.
bones        23508 bytes (103)
animations  206936 bytes (82 anims) (1590 frames) [0:52]
sequences    11444 bytes (29 seq) 
ik/pose        264 bytes
eyeballs         0 bytes (0 eyeballs)
flexes           0 bytes (0 flexes)
textures       140 bytes
keyvalues       20 bytes
bone transforms    14072 bytes
bone flex driver       0 bytes
collision        0 bytes
total       260628
---------------------
writing C:\Program Files (x86)\Steam\steamapps\common\GarrysMod\garrysmod\addons\mcv\work\compile_test_game\models/weapons/mcv/v_p38.vvd:
vertices    610800 bytes (12725 vertices)
tangents    203600 bytes (12725 vertices)
total       814464 bytes
---------------------
Generating optimized mesh "C:\Program Files (x86)\Steam\steamapps\common\GarrysMod\garrysmod\addons\mcv\work\compile_test_game\models/weapons/mcv/v_p38.dx80.vtx":
body parts:         8 bytes
models:            20 bytes
model LODs:        12 bytes
meshes:            18 bytes
strip groups:      50 bytes
strips:            54 bytes
verts:         114525 bytes
indices:        83526 bytes
bone changes:     112 bytes
everything:    198349 bytes
---------------------
Generating optimized mesh "C:\Program Files (x86)\Steam\steamapps\common\GarrysMod\garrysmod\addons\mcv\work\compile_test_game\models/weapons/mcv/v_p38.dx90.vtx":
body parts:         8 bytes
models:            20 bytes
model LODs:        12 bytes
meshes:            18 bytes
strip groups:      50 bytes
strips:            54 bytes
verts:         114525 bytes
indices:        83526 bytes
bone changes:     112 bytes
everything:    198349 bytes

Completed "v_p38.qc"
