StudioMDL.exe (Apr 27 2026) - Garry's Mod Edition
WARNING: Failed to load keyvalues file cfg/mount.cfg!
qdir:    "c:\program files (x86)\steam\steamapps\common\garrysmod\garrysmod\addons\mcv\work\mcv_smd_port\weapons\v_panzerschreck\"
gamedir: "C:\Program Files (x86)\Steam\steamapps\common\GarrysMod\garrysmod\addons\mcv\work\compile_test_game\"
g_path:  "C:\Program Files (x86)\Steam\steamapps\common\GarrysMod\garrysmod\addons\mcv\work\MCV_SMD_PORT\weapons\v_panzerschreck\v_panzerschreck.qc"
Building binary model files...
Working on "v_panzerschreck.qc"
SMD MODEL ..\..\..\MCV_SMD_OG\weapons\v_panzerschreck\panzerschreck_ref.smd
SMD MODEL ..\..\..\MCV_SMD_OG\weapons\v_panzerschreck\panzerschreck_rocket.smd
SMD MODEL ..\..\..\MCV_SMD_OG\weapons\v_panzerschreck\panzerschreck_shield.smd
SMD MODEL ..\..\..\MCV_SMD_OG\weapons\v_panzerschreck\v_panzerschreck_anims\Slideback_corrective_animation.smd
SMD MODEL ..\..\..\MCV_SMD_OG\weapons\v_panzerschreck\v_panzerschreck_anims\Default_corrective_animation.smd
SMD MODEL ..\..\..\MCV_SMD_OG\weapons\v_panzerschreck\v_panzerschreck_anims\runIdle_a_corrective_animation.smd
SMD MODEL ..\..\..\MCV_SMD_OG\weapons\v_panzerschreck\v_panzerschreck_anims\run_a_corrective_animation.smd
SMD MODEL ..\..\..\MCV_SMD_OG\weapons\v_panzerschreck\v_panzerschreck_anims\walkIdle_a_corrective_animation.smd
SMD MODEL ..\..\..\MCV_SMD_OG\weapons\v_panzerschreck\v_panzerschreck_anims\walk_a_corrective_animation.smd
SMD MODEL ..\..\..\MCV_SMD_OG\weapons\v_panzerschreck\v_panzerschreck_anims\shoot1_a_corrective_animation.smd
SMD MODEL ..\..\..\MCV_SMD_OG\weapons\v_panzerschreck\v_panzerschreck_anims\shoot1_ironsight_a_corrective_animation.smd
SMD MODEL ..\..\..\MCV_SMD_OG\weapons\v_panzerschreck\v_panzerschreck_anims\PoseDelta.smd
SMD MODEL ..\..\..\MCV_SMD_OG\weapons\v_panzerschreck\v_panzerschreck_anims\Default.smd
SMD MODEL ..\..\..\MCV_SMD_OG\weapons\v_panzerschreck\v_panzerschreck_anims\Slideback.smd
SMD MODEL ..\..\..\MCV_SMD_OG\weapons\v_panzerschreck\v_panzerschreck_anims\basePose_a.smd
SMD MODEL ..\..\..\MCV_SMD_OG\weapons\v_panzerschreck\v_panzerschreck_anims\ironsight.smd
SMD MODEL ..\..\..\MCV_SMD_OG\weapons\v_panzerschreck\v_panzerschreck_anims\ironsight_transition.smd
SMD MODEL ..\..\..\MCV_SMD_OG\weapons\v_panzerschreck\v_panzerschreck_anims\runIdle_a.smd
SMD MODEL ..\..\..\MCV_SMD_OG\weapons\v_panzerschreck\v_panzerschreck_anims\run_a.smd
SMD MODEL ..\..\..\MCV_SMD_OG\weapons\v_panzerschreck\v_panzerschreck_anims\walkIdle_a.smd
SMD MODEL ..\..\..\MCV_SMD_OG\weapons\v_panzerschreck\v_panzerschreck_anims\walk_a.smd
SMD MODEL ..\..\..\MCV_SMD_OG\weapons\v_panzerschreck\v_panzerschreck_anims\shoot1_a.smd
SMD MODEL ..\..\..\MCV_SMD_OG\weapons\v_panzerschreck\v_panzerschreck_anims\shoot1_ironsight_a.smd
SMD MODEL ..\..\..\MCV_SMD_OG\weapons\v_panzerschreck\v_panzerschreck_anims\nearwall_s_a.smd
SMD MODEL ..\..\..\MCV_SMD_OG\weapons\v_panzerschreck\v_panzerschreck_anims\nearwall_s_a_i.smd
SMD MODEL ..\..\..\MCV_SMD_OG\weapons\v_panzerschreck\v_panzerschreck_anims\nearwall_a.smd
SMD MODEL ..\..\..\MCV_SMD_OG\weapons\v_panzerschreck\v_panzerschreck_anims\nearwall_a_i.smd
SMD MODEL ..\..\..\MCV_SMD_OG\weapons\v_panzerschreck\v_panzerschreck_anims\nearwall_e_a.smd
SMD MODEL ..\..\..\MCV_SMD_OG\weapons\v_panzerschreck\v_panzerschreck_anims\nearwall_e_a_i.smd
SMD MODEL ..\..\..\MCV_SMD_OG\weapons\v_panzerschreck\v_panzerschreck_anims\proneF.smd
SMD MODEL ..\..\..\MCV_SMD_OG\weapons\v_panzerschreck\v_panzerschreck_anims\proneB.smd
SMD MODEL ..\..\..\MCV_SMD_OG\weapons\v_panzerschreck\v_panzerschreck_anims\proneL.smd
SMD MODEL ..\..\..\MCV_SMD_OG\weapons\v_panzerschreck\v_panzerschreck_anims\proneR.smd
SMD MODEL ..\..\..\MCV_SMD_OG\weapons\v_panzerschreck\v_panzerschreck_anims\pickup_s_a.smd
SMD MODEL ..\..\..\MCV_SMD_OG\weapons\v_panzerschreck\v_panzerschreck_anims\pickup_s_a_i.smd
SMD MODEL ..\..\..\MCV_SMD_OG\weapons\v_panzerschreck\v_panzerschreck_anims\pickup_a.smd
SMD MODEL ..\..\..\MCV_SMD_OG\weapons\v_panzerschreck\v_panzerschreck_anims\pickup_a_i.smd
SMD MODEL ..\..\..\MCV_SMD_OG\weapons\v_panzerschreck\v_panzerschreck_anims\pickup_e_a.smd
SMD MODEL ..\..\..\MCV_SMD_OG\weapons\v_panzerschreck\v_panzerschreck_anims\pickup_e_a_i.smd
SMD MODEL ..\..\..\MCV_SMD_OG\weapons\v_panzerschreck\v_panzerschreck_anims\draw_empty.smd
SMD MODEL ..\..\..\MCV_SMD_OG\weapons\v_panzerschreck\v_panzerschreck_anims\draw.smd
SMD MODEL ..\..\..\MCV_SMD_OG\weapons\v_panzerschreck\v_panzerschreck_anims\draw_2.smd
SMD MODEL ..\..\..\MCV_SMD_OG\weapons\v_panzerschreck\v_panzerschreck_anims\Firstdraw.smd
SMD MODEL ..\..\..\MCV_SMD_OG\weapons\v_panzerschreck\v_panzerschreck_anims\Firstdraw_2.smd
SMD MODEL ..\..\..\MCV_SMD_OG\weapons\v_panzerschreck\v_panzerschreck_anims\reload.smd
SMD MODEL ..\..\..\MCV_SMD_OG\weapons\v_panzerschreck\v_panzerschreck_anims\reload_2.smd
SMD MODEL ..\..\..\MCV_SMD_OG\weapons\v_panzerschreck\v_panzerschreck_anims\bash.smd
SMD MODEL ..\..\..\MCV_SMD_OG\weapons\v_panzerschreck\v_panzerschreck_anims\bash_2.smd
SMD MODEL ..\..\..\MCV_SMD_OG\weapons\v_panzerschreck\v_panzerschreck_anims\holster.smd
Processing LOD for material: v_panzerschreck
Processing LOD for material: v_panzerschreck
Processing LOD for material: v_panzerschreck
Processing LOD for material: v_panzerschreck_glass
---------------------
writing C:\Program Files (x86)\Steam\steamapps\common\GarrysMod\garrysmod\addons\mcv\work\compile_test_game\models/weapons/mcv/v_panzerschreck.mdl:
Loading preexisting model: C:\Program Files (x86)\Steam\steamapps\common\GarrysMod\garrysmod\addons\mcv\work\compile_test_game\models/weapons/mcv/v_panzerschreck.mdl
WARNING: LoadPreexistingSequenceOrder: Zero-size file or no sequences.
bones        21748 bytes (95)
animations  156112 bytes (49 anims) (1476 frames) [0:49]
sequences     8480 bytes (20 seq) 
ik/pose        868 bytes
eyeballs         0 bytes (0 eyeballs)
flexes           0 bytes (0 flexes)
eyeballs         0 bytes (0 eyeballs)
flexes           0 bytes (0 flexes)
eyeballs         0 bytes (0 eyeballs)
flexes           0 bytes (0 flexes)
eyeballs         0 bytes (0 eyeballs)
flexes           0 bytes (0 flexes)
eyeballs         0 bytes (0 eyeballs)
flexes           0 bytes (0 flexes)
textures       136 bytes
keyvalues       20 bytes
bone transforms    12984 bytes
bone flex driver       0 bytes
collision        0 bytes
total       203952
---------------------
writing C:\Program Files (x86)\Steam\steamapps\common\GarrysMod\garrysmod\addons\mcv\work\compile_test_game\models/weapons/mcv/v_panzerschreck.vvd:
vertices    326784 bytes (6808 vertices)
vertices     49440 bytes (1030 vertices)
vertices     54336 bytes (1132 vertices)
tangents    108928 bytes (6808 vertices)
tangents     16480 bytes (1030 vertices)
tangents     18112 bytes (1132 vertices)
total       574144 bytes
---------------------
Generating optimized mesh "C:\Program Files (x86)\Steam\steamapps\common\GarrysMod\garrysmod\addons\mcv\work\compile_test_game\models/weapons/mcv/v_panzerschreck.dx80.vtx":
body parts:        24 bytes
models:           100 bytes
model LODs:        60 bytes
meshes:            36 bytes
strip groups:     100 bytes
strips:           108 bytes
verts:          80730 bytes
indices:        55908 bytes
bone changes:      64 bytes
everything:    137106 bytes
---------------------
Generating optimized mesh "C:\Program Files (x86)\Steam\steamapps\common\GarrysMod\garrysmod\addons\mcv\work\compile_test_game\models/weapons/mcv/v_panzerschreck.dx90.vtx":
body parts:        24 bytes
models:           100 bytes
model LODs:        60 bytes
meshes:            36 bytes
strip groups:     100 bytes
strips:           108 bytes
verts:          80730 bytes
indices:        55908 bytes
bone changes:      64 bytes
everything:    137106 bytes

Completed "v_panzerschreck.qc"
