StudioMDL.exe (Apr 27 2026) - Garry's Mod Edition
WARNING: Failed to load keyvalues file cfg/mount.cfg!
qdir:    "c:\program files (x86)\steam\steamapps\common\garrysmod\garrysmod\addons\mcv\work\mcv_smd_port\weapons\v_pb\"
gamedir: "C:\Program Files (x86)\Steam\steamapps\common\GarrysMod\garrysmod\addons\mcv\work\compile_test_game\"
g_path:  "C:\Program Files (x86)\Steam\steamapps\common\GarrysMod\garrysmod\addons\mcv\work\MCV_SMD_PORT\weapons\v_pb\v_pb.qc"
Building binary model files...
Working on "v_pb.qc"
SMD MODEL ..\..\..\MCV_SMD_OG\weapons\v_pb\RefPB_new.smd
SMD MODEL ..\..\..\MCV_SMD_OG\weapons\v_pb\v_pb_anims\Bullet0_corrective_animation.smd
SMD MODEL ..\..\..\MCV_SMD_OG\weapons\v_pb\v_pb_anims\Bullet1_corrective_animation.smd
SMD MODEL ..\..\..\MCV_SMD_OG\weapons\v_pb\v_pb_anims\Bullet2_corrective_animation.smd
SMD MODEL ..\..\..\MCV_SMD_OG\weapons\v_pb\v_pb_anims\Bullet3_corrective_animation.smd
SMD MODEL ..\..\..\MCV_SMD_OG\weapons\v_pb\v_pb_anims\Bullet4_corrective_animation.smd
SMD MODEL ..\..\..\MCV_SMD_OG\weapons\v_pb\v_pb_anims\Bullet5_corrective_animation.smd
SMD MODEL ..\..\..\MCV_SMD_OG\weapons\v_pb\v_pb_anims\Bullet6_corrective_animation.smd
SMD MODEL ..\..\..\MCV_SMD_OG\weapons\v_pb\v_pb_anims\Bullet7_corrective_animation.smd
SMD MODEL ..\..\..\MCV_SMD_OG\weapons\v_pb\v_pb_anims\Default_corrective_animation.smd
SMD MODEL ..\..\..\MCV_SMD_OG\weapons\v_pb\v_pb_anims\Slideback_corrective_animation.smd
SMD MODEL ..\..\..\MCV_SMD_OG\weapons\v_pb\v_pb_anims\runIdle_a_corrective_animation.smd
SMD MODEL ..\..\..\MCV_SMD_OG\weapons\v_pb\v_pb_anims\run_a_corrective_animation.smd
SMD MODEL ..\..\..\MCV_SMD_OG\weapons\v_pb\v_pb_anims\walkIdle_a_corrective_animation.smd
SMD MODEL ..\..\..\MCV_SMD_OG\weapons\v_pb\v_pb_anims\walk_a_corrective_animation.smd
SMD MODEL ..\..\..\MCV_SMD_OG\weapons\v_pb\v_pb_anims\shoot1_a_corrective_animation.smd
SMD MODEL ..\..\..\MCV_SMD_OG\weapons\v_pb\v_pb_anims\shoot1_ironsight_a_corrective_animation.smd
SMD MODEL ..\..\..\MCV_SMD_OG\weapons\v_pb\v_pb_anims\shoot2_a_corrective_animation.smd
SMD MODEL ..\..\..\MCV_SMD_OG\weapons\v_pb\v_pb_anims\shoot2_ironsight_a_corrective_animation.smd
SMD MODEL ..\..\..\MCV_SMD_OG\weapons\v_pb\v_pb_anims\shoot3_a_corrective_animation.smd
SMD MODEL ..\..\..\MCV_SMD_OG\weapons\v_pb\v_pb_anims\shoot3_ironsight_a_corrective_animation.smd
SMD MODEL ..\..\..\MCV_SMD_OG\weapons\v_pb\v_pb_anims\shoot4_a_corrective_animation.smd
SMD MODEL ..\..\..\MCV_SMD_OG\weapons\v_pb\v_pb_anims\shoot4_ironsight_a_corrective_animation.smd
SMD MODEL ..\..\..\MCV_SMD_OG\weapons\v_pb\v_pb_anims\shootlast_a_corrective_animation.smd
SMD MODEL ..\..\..\MCV_SMD_OG\weapons\v_pb\v_pb_anims\shootlast_ironsight_a_corrective_animation.smd
SMD MODEL ..\..\..\MCV_SMD_OG\weapons\v_pb\v_pb_anims\PoseDelta.smd
SMD MODEL ..\..\..\MCV_SMD_OG\weapons\v_pb\v_pb_anims\Default.smd
SMD MODEL ..\..\..\MCV_SMD_OG\weapons\v_pb\v_pb_anims\Bullet7.smd
SMD MODEL ..\..\..\MCV_SMD_OG\weapons\v_pb\v_pb_anims\Bullet6.smd
SMD MODEL ..\..\..\MCV_SMD_OG\weapons\v_pb\v_pb_anims\Bullet5.smd
SMD MODEL ..\..\..\MCV_SMD_OG\weapons\v_pb\v_pb_anims\Bullet4.smd
SMD MODEL ..\..\..\MCV_SMD_OG\weapons\v_pb\v_pb_anims\Bullet3.smd
SMD MODEL ..\..\..\MCV_SMD_OG\weapons\v_pb\v_pb_anims\Bullet2.smd
SMD MODEL ..\..\..\MCV_SMD_OG\weapons\v_pb\v_pb_anims\Bullet1.smd
SMD MODEL ..\..\..\MCV_SMD_OG\weapons\v_pb\v_pb_anims\Bullet0.smd
SMD MODEL ..\..\..\MCV_SMD_OG\weapons\v_pb\v_pb_anims\Slideback.smd
SMD MODEL ..\..\..\MCV_SMD_OG\weapons\v_pb\v_pb_anims\basePose_a.smd
SMD MODEL ..\..\..\MCV_SMD_OG\weapons\v_pb\v_pb_anims\ironsight.smd
SMD MODEL ..\..\..\MCV_SMD_OG\weapons\v_pb\v_pb_anims\ironsight_transition.smd
SMD MODEL ..\..\..\MCV_SMD_OG\weapons\v_pb\v_pb_anims\runIdle_a.smd
SMD MODEL ..\..\..\MCV_SMD_OG\weapons\v_pb\v_pb_anims\run_a.smd
SMD MODEL ..\..\..\MCV_SMD_OG\weapons\v_pb\v_pb_anims\walkIdle_a.smd
SMD MODEL ..\..\..\MCV_SMD_OG\weapons\v_pb\v_pb_anims\walk_a.smd
SMD MODEL ..\..\..\MCV_SMD_OG\weapons\v_pb\v_pb_anims\shoot1_a.smd
SMD MODEL ..\..\..\MCV_SMD_OG\weapons\v_pb\v_pb_anims\shoot1_ironsight_a.smd
SMD MODEL ..\..\..\MCV_SMD_OG\weapons\v_pb\v_pb_anims\shoot2_a.smd
SMD MODEL ..\..\..\MCV_SMD_OG\weapons\v_pb\v_pb_anims\shoot2_ironsight_a.smd
SMD MODEL ..\..\..\MCV_SMD_OG\weapons\v_pb\v_pb_anims\shoot3_a.smd
SMD MODEL ..\..\..\MCV_SMD_OG\weapons\v_pb\v_pb_anims\shoot3_ironsight_a.smd
SMD MODEL ..\..\..\MCV_SMD_OG\weapons\v_pb\v_pb_anims\shoot4_a.smd
SMD MODEL ..\..\..\MCV_SMD_OG\weapons\v_pb\v_pb_anims\shoot4_ironsight_a.smd
SMD MODEL ..\..\..\MCV_SMD_OG\weapons\v_pb\v_pb_anims\shootlast_a.smd
SMD MODEL ..\..\..\MCV_SMD_OG\weapons\v_pb\v_pb_anims\shootlast_ironsight_a.smd
SMD MODEL ..\..\..\MCV_SMD_OG\weapons\v_pb\v_pb_anims\nearwall_s_a.smd
SMD MODEL ..\..\..\MCV_SMD_OG\weapons\v_pb\v_pb_anims\nearwall_s_a_i.smd
SMD MODEL ..\..\..\MCV_SMD_OG\weapons\v_pb\v_pb_anims\nearwall_a.smd
SMD MODEL ..\..\..\MCV_SMD_OG\weapons\v_pb\v_pb_anims\nearwall_a_i.smd
SMD MODEL ..\..\..\MCV_SMD_OG\weapons\v_pb\v_pb_anims\nearwall_e_a.smd
SMD MODEL ..\..\..\MCV_SMD_OG\weapons\v_pb\v_pb_anims\nearwall_e_a_i.smd
SMD MODEL ..\..\..\MCV_SMD_OG\weapons\v_pb\v_pb_anims\proneF.smd
SMD MODEL ..\..\..\MCV_SMD_OG\weapons\v_pb\v_pb_anims\proneB.smd
SMD MODEL ..\..\..\MCV_SMD_OG\weapons\v_pb\v_pb_anims\proneL.smd
SMD MODEL ..\..\..\MCV_SMD_OG\weapons\v_pb\v_pb_anims\proneR.smd
SMD MODEL ..\..\..\MCV_SMD_OG\weapons\v_pb\v_pb_anims\pickup_s_a.smd
SMD MODEL ..\..\..\MCV_SMD_OG\weapons\v_pb\v_pb_anims\pickup_s_a_i.smd
SMD MODEL ..\..\..\MCV_SMD_OG\weapons\v_pb\v_pb_anims\pickup_a.smd
SMD MODEL ..\..\..\MCV_SMD_OG\weapons\v_pb\v_pb_anims\pickup_a_i.smd
SMD MODEL ..\..\..\MCV_SMD_OG\weapons\v_pb\v_pb_anims\pickup_e_a.smd
SMD MODEL ..\..\..\MCV_SMD_OG\weapons\v_pb\v_pb_anims\pickup_e_a_i.smd
SMD MODEL ..\..\..\MCV_SMD_OG\weapons\v_pb\v_pb_anims\draw.smd
SMD MODEL ..\..\..\MCV_SMD_OG\weapons\v_pb\v_pb_anims\draw_2.smd
SMD MODEL ..\..\..\MCV_SMD_OG\weapons\v_pb\v_pb_anims\Firstdraw.smd
SMD MODEL ..\..\..\MCV_SMD_OG\weapons\v_pb\v_pb_anims\Firstdraw_2.smd
SMD MODEL ..\..\..\MCV_SMD_OG\weapons\v_pb\v_pb_anims\reload.smd
SMD MODEL ..\..\..\MCV_SMD_OG\weapons\v_pb\v_pb_anims\reload_2.smd
SMD MODEL ..\..\..\MCV_SMD_OG\weapons\v_pb\v_pb_anims\reload_empty.smd
SMD MODEL ..\..\..\MCV_SMD_OG\weapons\v_pb\v_pb_anims\reload_empty_2.smd
SMD MODEL ..\..\..\MCV_SMD_OG\weapons\v_pb\v_pb_anims\bash.smd
SMD MODEL ..\..\..\MCV_SMD_OG\weapons\v_pb\v_pb_anims\bash_2.smd
SMD MODEL ..\..\..\MCV_SMD_OG\weapons\v_pb\v_pb_anims\holster.smd
Processing LOD for material: shells_small_additional
Processing LOD for material: pb
---------------------
writing C:\Program Files (x86)\Steam\steamapps\common\GarrysMod\garrysmod\addons\mcv\work\compile_test_game\models/weapons/mcv/v_pb.mdl:
Loading preexisting model: C:\Program Files (x86)\Steam\steamapps\common\GarrysMod\garrysmod\addons\mcv\work\compile_test_game\models/weapons/mcv/v_pb.mdl
WARNING: LoadPreexistingSequenceOrder: Zero-size file or no sequences.
bones        23508 bytes (103)
animations  206952 bytes (82 anims) (1590 frames) [0:52]
sequences    11444 bytes (29 seq) 
ik/pose        264 bytes
eyeballs         0 bytes (0 eyeballs)
flexes           0 bytes (0 flexes)
textures       140 bytes
keyvalues       20 bytes
bone transforms    14072 bytes
bone flex driver       0 bytes
collision        0 bytes
total       260652
---------------------
writing C:\Program Files (x86)\Steam\steamapps\common\GarrysMod\garrysmod\addons\mcv\work\compile_test_game\models/weapons/mcv/v_pb.vvd:
vertices    423264 bytes (8818 vertices)
tangents    141088 bytes (8818 vertices)
total       564416 bytes
---------------------
Generating optimized mesh "C:\Program Files (x86)\Steam\steamapps\common\GarrysMod\garrysmod\addons\mcv\work\compile_test_game\models/weapons/mcv/v_pb.dx80.vtx":
body parts:         8 bytes
models:            20 bytes
model LODs:        12 bytes
meshes:            18 bytes
strip groups:      50 bytes
strips:            54 bytes
verts:          79362 bytes
indices:        57198 bytes
bone changes:     112 bytes
everything:    136858 bytes
---------------------
Generating optimized mesh "C:\Program Files (x86)\Steam\steamapps\common\GarrysMod\garrysmod\addons\mcv\work\compile_test_game\models/weapons/mcv/v_pb.dx90.vtx":
body parts:         8 bytes
models:            20 bytes
model LODs:        12 bytes
meshes:            18 bytes
strip groups:      50 bytes
strips:            54 bytes
verts:          79362 bytes
indices:        57198 bytes
bone changes:     112 bytes
everything:    136858 bytes

Completed "v_pb.qc"
