StudioMDL.exe (Apr 27 2026) - Garry's Mod Edition
WARNING: Failed to load keyvalues file cfg/mount.cfg!
qdir:    "c:\program files (x86)\steam\steamapps\common\garrysmod\garrysmod\addons\mcv\work\mcv_smd_port\weapons\v_pk_belt\"
gamedir: "C:\Program Files (x86)\Steam\steamapps\common\GarrysMod\garrysmod\addons\mcv\work\compile_test_game\"
g_path:  "C:\Program Files (x86)\Steam\steamapps\common\GarrysMod\garrysmod\addons\mcv\work\MCV_SMD_PORT\weapons\v_pk_belt\v_pk_belt.qc"
Building binary model files...
Working on "v_pk_belt.qc"
SMD MODEL ..\..\..\MCV_SMD_OG\weapons\v_pk_belt\Ref.smd
SMD MODEL ..\..\..\MCV_SMD_OG\weapons\v_pk_belt\BulletOnGun.smd
SMD MODEL ..\..\..\MCV_SMD_OG\weapons\v_pk_belt\Bulletnew016.smd
SMD MODEL ..\..\..\MCV_SMD_OG\weapons\v_pk_belt\Bulletnew015.smd
SMD MODEL ..\..\..\MCV_SMD_OG\weapons\v_pk_belt\Bulletnew014.smd
SMD MODEL ..\..\..\MCV_SMD_OG\weapons\v_pk_belt\Bulletnew013.smd
SMD MODEL ..\..\..\MCV_SMD_OG\weapons\v_pk_belt\Bulletnew012.smd
SMD MODEL ..\..\..\MCV_SMD_OG\weapons\v_pk_belt\Bulletnew011.smd
SMD MODEL ..\..\..\MCV_SMD_OG\weapons\v_pk_belt\Bulletnew010.smd
SMD MODEL ..\..\..\MCV_SMD_OG\weapons\v_pk_belt\Bulletnew009.smd
SMD MODEL ..\..\..\MCV_SMD_OG\weapons\v_pk_belt\Bulletnew008.smd
SMD MODEL ..\..\..\MCV_SMD_OG\weapons\v_pk_belt\Bulletnew007.smd
SMD MODEL ..\..\..\MCV_SMD_OG\weapons\v_pk_belt\Bulletnew006.smd
SMD MODEL ..\..\..\MCV_SMD_OG\weapons\v_pk_belt\Bulletnew005.smd
SMD MODEL ..\..\..\MCV_SMD_OG\weapons\v_pk_belt\Bulletnew004.smd
SMD MODEL ..\..\..\MCV_SMD_OG\weapons\v_pk_belt\Bulletnew003.smd
SMD MODEL ..\..\..\MCV_SMD_OG\weapons\v_pk_belt\Bulletnew002.smd
SMD MODEL ..\..\..\MCV_SMD_OG\weapons\v_pk_belt\Bulletnew001.smd
SMD MODEL ..\..\..\MCV_SMD_OG\weapons\v_pk_belt\body18_model0.smd
SMD MODEL ..\..\..\MCV_SMD_OG\weapons\v_pk_belt\v_pk_belt_anims\runIdle_a_corrective_animation.smd
SMD MODEL ..\..\..\MCV_SMD_OG\weapons\v_pk_belt\v_pk_belt_anims\run_a_corrective_animation.smd
SMD MODEL ..\..\..\MCV_SMD_OG\weapons\v_pk_belt\v_pk_belt_anims\walkIdle_a_corrective_animation.smd
SMD MODEL ..\..\..\MCV_SMD_OG\weapons\v_pk_belt\v_pk_belt_anims\walk_a_corrective_animation.smd
SMD MODEL ..\..\..\MCV_SMD_OG\weapons\v_pk_belt\v_pk_belt_anims\walk_a_r_corrective_animation.smd
SMD MODEL ..\..\..\MCV_SMD_OG\weapons\v_pk_belt\v_pk_belt_anims\shoot1_a_corrective_animation.smd
SMD MODEL ..\..\..\MCV_SMD_OG\weapons\v_pk_belt\v_pk_belt_anims\shoot1_ironsight_a_corrective_animation.smd
SMD MODEL ..\..\..\MCV_SMD_OG\weapons\v_pk_belt\v_pk_belt_anims\shoot2_a_corrective_animation.smd
SMD MODEL ..\..\..\MCV_SMD_OG\weapons\v_pk_belt\v_pk_belt_anims\shoot2_ironsight_a_corrective_animation.smd
SMD MODEL ..\..\..\MCV_SMD_OG\weapons\v_pk_belt\v_pk_belt_anims\shoot3_a_corrective_animation.smd
SMD MODEL ..\..\..\MCV_SMD_OG\weapons\v_pk_belt\v_pk_belt_anims\shoot3_ironsight_a_corrective_animation.smd
SMD MODEL ..\..\..\MCV_SMD_OG\weapons\v_pk_belt\v_pk_belt_anims\shoot1_d_a_corrective_animation.smd
SMD MODEL ..\..\..\MCV_SMD_OG\weapons\v_pk_belt\v_pk_belt_anims\shoot1_di_a_corrective_animation.smd
SMD MODEL ..\..\..\MCV_SMD_OG\weapons\v_pk_belt\v_pk_belt_anims\shoot2_d_a_corrective_animation.smd
SMD MODEL ..\..\..\MCV_SMD_OG\weapons\v_pk_belt\v_pk_belt_anims\shoot2_di_a_corrective_animation.smd
SMD MODEL ..\..\..\MCV_SMD_OG\weapons\v_pk_belt\v_pk_belt_anims\shoot3_d_a_corrective_animation.smd
SMD MODEL ..\..\..\MCV_SMD_OG\weapons\v_pk_belt\v_pk_belt_anims\shoot3_di_a_corrective_animation.smd
SMD MODEL ..\..\..\MCV_SMD_OG\weapons\v_pk_belt\v_pk_belt_anims\basePose_a.smd
SMD MODEL ..\..\..\MCV_SMD_OG\weapons\v_pk_belt\v_pk_belt_anims\ironsight.smd
SMD MODEL ..\..\..\MCV_SMD_OG\weapons\v_pk_belt\v_pk_belt_anims\ironsight_transition.smd
SMD MODEL ..\..\..\MCV_SMD_OG\weapons\v_pk_belt\v_pk_belt_anims\walkPoses.smd
SMD MODEL ..\..\..\MCV_SMD_OG\weapons\v_pk_belt\v_pk_belt_anims\runIdle_a.smd
SMD MODEL ..\..\..\MCV_SMD_OG\weapons\v_pk_belt\v_pk_belt_anims\run_a.smd
SMD MODEL ..\..\..\MCV_SMD_OG\weapons\v_pk_belt\v_pk_belt_anims\walkIdle_a.smd
SMD MODEL ..\..\..\MCV_SMD_OG\weapons\v_pk_belt\v_pk_belt_anims\walk_a.smd
SMD MODEL ..\..\..\MCV_SMD_OG\weapons\v_pk_belt\v_pk_belt_anims\walk_a_r.smd
SMD MODEL ..\..\..\MCV_SMD_OG\weapons\v_pk_belt\v_pk_belt_anims\shoot1_a.smd
SMD MODEL ..\..\..\MCV_SMD_OG\weapons\v_pk_belt\v_pk_belt_anims\shoot1_ironsight_a.smd
SMD MODEL ..\..\..\MCV_SMD_OG\weapons\v_pk_belt\v_pk_belt_anims\shoot2_a.smd
SMD MODEL ..\..\..\MCV_SMD_OG\weapons\v_pk_belt\v_pk_belt_anims\shoot2_ironsight_a.smd
SMD MODEL ..\..\..\MCV_SMD_OG\weapons\v_pk_belt\v_pk_belt_anims\shoot3_a.smd
SMD MODEL ..\..\..\MCV_SMD_OG\weapons\v_pk_belt\v_pk_belt_anims\shoot3_ironsight_a.smd
SMD MODEL ..\..\..\MCV_SMD_OG\weapons\v_pk_belt\v_pk_belt_anims\nearwall_s_a.smd
SMD MODEL ..\..\..\MCV_SMD_OG\weapons\v_pk_belt\v_pk_belt_anims\nearwall_s_a_i.smd
SMD MODEL ..\..\..\MCV_SMD_OG\weapons\v_pk_belt\v_pk_belt_anims\nearwall_a.smd
SMD MODEL ..\..\..\MCV_SMD_OG\weapons\v_pk_belt\v_pk_belt_anims\nearwall_a_i.smd
SMD MODEL ..\..\..\MCV_SMD_OG\weapons\v_pk_belt\v_pk_belt_anims\nearwall_e_a.smd
SMD MODEL ..\..\..\MCV_SMD_OG\weapons\v_pk_belt\v_pk_belt_anims\nearwall_e_a_i.smd
SMD MODEL ..\..\..\MCV_SMD_OG\weapons\v_pk_belt\v_pk_belt_anims\prone_deployF.smd
SMD MODEL ..\..\..\MCV_SMD_OG\weapons\v_pk_belt\v_pk_belt_anims\prone_deployB.smd
SMD MODEL ..\..\..\MCV_SMD_OG\weapons\v_pk_belt\v_pk_belt_anims\prone_deployL.smd
SMD MODEL ..\..\..\MCV_SMD_OG\weapons\v_pk_belt\v_pk_belt_anims\prone_deployR.smd
SMD MODEL ..\..\..\MCV_SMD_OG\weapons\v_pk_belt\v_pk_belt_anims\proneF.smd
SMD MODEL ..\..\..\MCV_SMD_OG\weapons\v_pk_belt\v_pk_belt_anims\proneB.smd
SMD MODEL ..\..\..\MCV_SMD_OG\weapons\v_pk_belt\v_pk_belt_anims\proneL.smd
SMD MODEL ..\..\..\MCV_SMD_OG\weapons\v_pk_belt\v_pk_belt_anims\proneR.smd
SMD MODEL ..\..\..\MCV_SMD_OG\weapons\v_pk_belt\v_pk_belt_anims\pickup_s_a.smd
SMD MODEL ..\..\..\MCV_SMD_OG\weapons\v_pk_belt\v_pk_belt_anims\pickup_s_a_i.smd
SMD MODEL ..\..\..\MCV_SMD_OG\weapons\v_pk_belt\v_pk_belt_anims\pickup_a.smd
SMD MODEL ..\..\..\MCV_SMD_OG\weapons\v_pk_belt\v_pk_belt_anims\pickup_a_i.smd
SMD MODEL ..\..\..\MCV_SMD_OG\weapons\v_pk_belt\v_pk_belt_anims\pickup_e_a.smd
SMD MODEL ..\..\..\MCV_SMD_OG\weapons\v_pk_belt\v_pk_belt_anims\pickup_e_a_i.smd
SMD MODEL ..\..\..\MCV_SMD_OG\weapons\v_pk_belt\v_pk_belt_anims\deploy_s_a.smd
SMD MODEL ..\..\..\MCV_SMD_OG\weapons\v_pk_belt\v_pk_belt_anims\deploy_s_a_i.smd
SMD MODEL ..\..\..\MCV_SMD_OG\weapons\v_pk_belt\v_pk_belt_anims\deploy_a.smd
SMD MODEL ..\..\..\MCV_SMD_OG\weapons\v_pk_belt\v_pk_belt_anims\ironsightdeploy.smd
SMD MODEL ..\..\..\MCV_SMD_OG\weapons\v_pk_belt\v_pk_belt_anims\deploy_e_a.smd
SMD MODEL ..\..\..\MCV_SMD_OG\weapons\v_pk_belt\v_pk_belt_anims\deploy_e_a_i.smd
SMD MODEL ..\..\..\MCV_SMD_OG\weapons\v_pk_belt\v_pk_belt_anims\shoot1_d_a.smd
SMD MODEL ..\..\..\MCV_SMD_OG\weapons\v_pk_belt\v_pk_belt_anims\shoot1_di_a.smd
SMD MODEL ..\..\..\MCV_SMD_OG\weapons\v_pk_belt\v_pk_belt_anims\shoot2_d_a.smd
SMD MODEL ..\..\..\MCV_SMD_OG\weapons\v_pk_belt\v_pk_belt_anims\shoot2_di_a.smd
SMD MODEL ..\..\..\MCV_SMD_OG\weapons\v_pk_belt\v_pk_belt_anims\shoot3_d_a.smd
SMD MODEL ..\..\..\MCV_SMD_OG\weapons\v_pk_belt\v_pk_belt_anims\shoot3_di_a.smd
SMD MODEL ..\..\..\MCV_SMD_OG\weapons\v_pk_belt\v_pk_belt_anims\draw.smd
SMD MODEL ..\..\..\MCV_SMD_OG\weapons\v_pk_belt\v_pk_belt_anims\draw_2.smd
SMD MODEL ..\..\..\MCV_SMD_OG\weapons\v_pk_belt\v_pk_belt_anims\Firstdraw.smd
SMD MODEL ..\..\..\MCV_SMD_OG\weapons\v_pk_belt\v_pk_belt_anims\Firstdraw_2.smd
SMD MODEL ..\..\..\MCV_SMD_OG\weapons\v_pk_belt\v_pk_belt_anims\reload.smd
SMD MODEL ..\..\..\MCV_SMD_OG\weapons\v_pk_belt\v_pk_belt_anims\reload_2.smd
SMD MODEL ..\..\..\MCV_SMD_OG\weapons\v_pk_belt\v_pk_belt_anims\reload_empty.smd
SMD MODEL ..\..\..\MCV_SMD_OG\weapons\v_pk_belt\v_pk_belt_anims\reload_empty_2.smd
SMD MODEL ..\..\..\MCV_SMD_OG\weapons\v_pk_belt\v_pk_belt_anims\bash.smd
SMD MODEL ..\..\..\MCV_SMD_OG\weapons\v_pk_belt\v_pk_belt_anims\bash_2.smd
SMD MODEL ..\..\..\MCV_SMD_OG\weapons\v_pk_belt\v_pk_belt_anims\reload_deploy.smd
SMD MODEL ..\..\..\MCV_SMD_OG\weapons\v_pk_belt\v_pk_belt_anims\reload_deploy_2.smd
SMD MODEL ..\..\..\MCV_SMD_OG\weapons\v_pk_belt\v_pk_belt_anims\reload_deploy_empty.smd
SMD MODEL ..\..\..\MCV_SMD_OG\weapons\v_pk_belt\v_pk_belt_anims\reload_deploy_empty_2.smd
SMD MODEL ..\..\..\MCV_SMD_OG\weapons\v_pk_belt\v_pk_belt_anims\holster.smd
Processing LOD for material: soviet_belt
Processing LOD for material: pk_base
Processing LOD for material: shells_small_additional
Processing LOD for material: shells_small_additional
Processing LOD for material: shells_small_additional
Processing LOD for material: shells_small_additional
Processing LOD for material: shells_small_additional
Processing LOD for material: shells_small_additional
Processing LOD for material: shells_small_additional
Processing LOD for material: shells_small_additional
Processing LOD for material: shells_small_additional
Processing LOD for material: shells_small_additional
Processing LOD for material: shells_small_additional
Processing LOD for material: shells_small_additional
Processing LOD for material: shells_small_additional
Processing LOD for material: shells_small_additional
Processing LOD for material: shells_small_additional
Processing LOD for material: shells_small_additional
Processing LOD for material: shells_small_additional
Processing LOD for material: pk_base
---------------------
writing C:\Program Files (x86)\Steam\steamapps\common\GarrysMod\garrysmod\addons\mcv\work\compile_test_game\models/weapons/mcv/v_pk_belt.mdl:
Loading preexisting model: C:\Program Files (x86)\Steam\steamapps\common\GarrysMod\garrysmod\addons\mcv\work\compile_test_game\models/weapons/mcv/v_pk_belt.mdl
WARNING: LoadPreexistingSequenceOrder: Zero-size file or no sequences.
bones        27184 bytes (119)
animations  729688 bytes (84 anims) (3688 frames) [2:01]
sequences    15544 bytes (36 seq) 
ik/pose       5840 bytes
eyeballs         0 bytes (0 eyeballs)
flexes           0 bytes (0 flexes)
eyeballs         0 bytes (0 eyeballs)
flexes           0 bytes (0 flexes)
eyeballs         0 bytes (0 eyeballs)
flexes           0 bytes (0 flexes)
eyeballs         0 bytes (0 eyeballs)
flexes           0 bytes (0 flexes)
eyeballs         0 bytes (0 eyeballs)
flexes           0 bytes (0 flexes)
eyeballs         0 bytes (0 eyeballs)
flexes           0 bytes (0 flexes)
eyeballs         0 bytes (0 eyeballs)
flexes           0 bytes (0 flexes)
eyeballs         0 bytes (0 eyeballs)
flexes           0 bytes (0 flexes)
eyeballs         0 bytes (0 eyeballs)
flexes           0 bytes (0 flexes)
eyeballs         0 bytes (0 eyeballs)
flexes           0 bytes (0 flexes)
eyeballs         0 bytes (0 eyeballs)
flexes           0 bytes (0 flexes)
eyeballs         0 bytes (0 eyeballs)
flexes           0 bytes (0 flexes)
eyeballs         0 bytes (0 eyeballs)
flexes           0 bytes (0 flexes)
eyeballs         0 bytes (0 eyeballs)
flexes           0 bytes (0 flexes)
eyeballs         0 bytes (0 eyeballs)
flexes           0 bytes (0 flexes)
eyeballs         0 bytes (0 eyeballs)
flexes           0 bytes (0 flexes)
eyeballs         0 bytes (0 eyeballs)
flexes           0 bytes (0 flexes)
eyeballs         0 bytes (0 eyeballs)
flexes           0 bytes (0 flexes)
eyeballs         0 bytes (0 eyeballs)
flexes           0 bytes (0 flexes)
eyeballs         0 bytes (0 eyeballs)
flexes           0 bytes (0 flexes)
eyeballs         0 bytes (0 eyeballs)
flexes           0 bytes (0 flexes)
eyeballs         0 bytes (0 eyeballs)
flexes           0 bytes (0 flexes)
eyeballs         0 bytes (0 eyeballs)
flexes           0 bytes (0 flexes)
eyeballs         0 bytes (0 eyeballs)
flexes           0 bytes (0 flexes)
eyeballs         0 bytes (0 eyeballs)
flexes           0 bytes (0 flexes)
eyeballs         0 bytes (0 eyeballs)
flexes           0 bytes (0 flexes)
eyeballs         0 bytes (0 eyeballs)
flexes           0 bytes (0 flexes)
eyeballs         0 bytes (0 eyeballs)
flexes           0 bytes (0 flexes)
eyeballs         0 bytes (0 eyeballs)
flexes           0 bytes (0 flexes)
eyeballs         0 bytes (0 eyeballs)
flexes           0 bytes (0 flexes)
eyeballs         0 bytes (0 eyeballs)
flexes           0 bytes (0 flexes)
eyeballs         0 bytes (0 eyeballs)
flexes           0 bytes (0 flexes)
eyeballs         0 bytes (0 eyeballs)
flexes           0 bytes (0 flexes)
eyeballs         0 bytes (0 eyeballs)
flexes           0 bytes (0 flexes)
eyeballs         0 bytes (0 eyeballs)
flexes           0 bytes (0 flexes)
eyeballs         0 bytes (0 eyeballs)
flexes           0 bytes (0 flexes)
eyeballs         0 bytes (0 eyeballs)
flexes           0 bytes (0 flexes)
textures       212 bytes
keyvalues       20 bytes
bone transforms    16248 bytes
bone flex driver       0 bytes
collision        0 bytes
total       801656
---------------------
writing C:\Program Files (x86)\Steam\steamapps\common\GarrysMod\garrysmod\addons\mcv\work\compile_test_game\models/weapons/mcv/v_pk_belt.vvd:
vertices   1572768 bytes (32766 vertices)
vertices     14688 bytes (306 vertices)
vertices     14688 bytes (306 vertices)
vertices     14688 bytes (306 vertices)
vertices     14688 bytes (306 vertices)
vertices     14688 bytes (306 vertices)
vertices     14688 bytes (306 vertices)
vertices     14688 bytes (306 vertices)
vertices     14688 bytes (306 vertices)
vertices     14688 bytes (306 vertices)
vertices     14688 bytes (306 vertices)
vertices     14688 bytes (306 vertices)
vertices     14688 bytes (306 vertices)
vertices     14688 bytes (306 vertices)
vertices     14688 bytes (306 vertices)
vertices     14688 bytes (306 vertices)
vertices     14688 bytes (306 vertices)
vertices     14688 bytes (306 vertices)
vertices    239520 bytes (4990 vertices)
tangents    524256 bytes (32766 vertices)
tangents      4896 bytes (306 vertices)
tangents      4896 bytes (306 vertices)
tangents      4896 bytes (306 vertices)
tangents      4896 bytes (306 vertices)
tangents      4896 bytes (306 vertices)
tangents      4896 bytes (306 vertices)
tangents      4896 bytes (306 vertices)
tangents      4896 bytes (306 vertices)
tangents      4896 bytes (306 vertices)
tangents      4896 bytes (306 vertices)
tangents      4896 bytes (306 vertices)
tangents      4896 bytes (306 vertices)
tangents      4896 bytes (306 vertices)
tangents      4896 bytes (306 vertices)
tangents      4896 bytes (306 vertices)
tangents      4896 bytes (306 vertices)
tangents      4896 bytes (306 vertices)
tangents     79840 bytes (4990 vertices)
total      2749376 bytes
---------------------
Generating optimized mesh "C:\Program Files (x86)\Steam\steamapps\common\GarrysMod\garrysmod\addons\mcv\work\compile_test_game\models/weapons/mcv/v_pk_belt.dx80.vtx":
body parts:       152 bytes
models:           740 bytes
model LODs:       444 bytes
meshes:           180 bytes
strip groups:     500 bytes
strips:           540 bytes
verts:         386622 bytes
indices:       278784 bytes
bone changes:     376 bytes
everything:    667930 bytes
---------------------
Generating optimized mesh "C:\Program Files (x86)\Steam\steamapps\common\GarrysMod\garrysmod\addons\mcv\work\compile_test_game\models/weapons/mcv/v_pk_belt.dx90.vtx":
body parts:       152 bytes
models:           740 bytes
model LODs:       444 bytes
meshes:           180 bytes
strip groups:     500 bytes
strips:           540 bytes
verts:         386622 bytes
indices:       278784 bytes
bone changes:     376 bytes
everything:    667930 bytes

Completed "v_pk_belt.qc"
