StudioMDL.exe (Apr 27 2026) - Garry's Mod Edition
WARNING: Failed to load keyvalues file cfg/mount.cfg!
qdir:    "c:\program files (x86)\steam\steamapps\common\garrysmod\garrysmod\addons\mcv\work\mcv_smd_port\weapons\v_pm63\"
gamedir: "C:\Program Files (x86)\Steam\steamapps\common\GarrysMod\garrysmod\addons\mcv\work\compile_test_game\"
g_path:  "C:\Program Files (x86)\Steam\steamapps\common\GarrysMod\garrysmod\addons\mcv\work\MCV_SMD_PORT\weapons\v_pm63\v_pm63.qc"
Building binary model files...
Working on "v_pm63.qc"
SMD MODEL ..\..\..\MCV_SMD_OG\weapons\v_pm63\Ref_new.smd
SMD MODEL ..\..\..\MCV_SMD_OG\weapons\v_pm63\v_pm63_anims\Default_corrective_animation.smd
SMD MODEL ..\..\..\MCV_SMD_OG\weapons\v_pm63\v_pm63_anims\Slideback_corrective_animation.smd
SMD MODEL ..\..\..\MCV_SMD_OG\weapons\v_pm63\v_pm63_anims\runIdle_a_corrective_animation.smd
SMD MODEL ..\..\..\MCV_SMD_OG\weapons\v_pm63\v_pm63_anims\run_a_corrective_animation.smd
SMD MODEL ..\..\..\MCV_SMD_OG\weapons\v_pm63\v_pm63_anims\walkIdle_a_corrective_animation.smd
SMD MODEL ..\..\..\MCV_SMD_OG\weapons\v_pm63\v_pm63_anims\walk_a_corrective_animation.smd
SMD MODEL ..\..\..\MCV_SMD_OG\weapons\v_pm63\v_pm63_anims\ShootMove_corrective_animation.smd
SMD MODEL ..\..\..\MCV_SMD_OG\weapons\v_pm63\v_pm63_anims\ShootStill_corrective_animation.smd
SMD MODEL ..\..\..\MCV_SMD_OG\weapons\v_pm63\v_pm63_anims\shoot1_a_corrective_animation.smd
SMD MODEL ..\..\..\MCV_SMD_OG\weapons\v_pm63\v_pm63_anims\shoot1_ironsight_a_corrective_animation.smd
SMD MODEL ..\..\..\MCV_SMD_OG\weapons\v_pm63\v_pm63_anims\shoot2_a_corrective_animation.smd
SMD MODEL ..\..\..\MCV_SMD_OG\weapons\v_pm63\v_pm63_anims\shoot2_ironsight_a_corrective_animation.smd
SMD MODEL ..\..\..\MCV_SMD_OG\weapons\v_pm63\v_pm63_anims\shoot3_a_corrective_animation.smd
SMD MODEL ..\..\..\MCV_SMD_OG\weapons\v_pm63\v_pm63_anims\shoot3_ironsight_a_corrective_animation.smd
SMD MODEL ..\..\..\MCV_SMD_OG\weapons\v_pm63\v_pm63_anims\PoseDelta.smd
SMD MODEL ..\..\..\MCV_SMD_OG\weapons\v_pm63\v_pm63_anims\PoseDelta2.smd
SMD MODEL ..\..\..\MCV_SMD_OG\weapons\v_pm63\v_pm63_anims\Default.smd
SMD MODEL ..\..\..\MCV_SMD_OG\weapons\v_pm63\v_pm63_anims\Slideback.smd
SMD MODEL ..\..\..\MCV_SMD_OG\weapons\v_pm63\v_pm63_anims\ShootMove.smd
SMD MODEL ..\..\..\MCV_SMD_OG\weapons\v_pm63\v_pm63_anims\ShootStill.smd
SMD MODEL ..\..\..\MCV_SMD_OG\weapons\v_pm63\v_pm63_anims\basePose_a.smd
SMD MODEL ..\..\..\MCV_SMD_OG\weapons\v_pm63\v_pm63_anims\ironsight.smd
SMD MODEL ..\..\..\MCV_SMD_OG\weapons\v_pm63\v_pm63_anims\ironsight_transition.smd
SMD MODEL ..\..\..\MCV_SMD_OG\weapons\v_pm63\v_pm63_anims\walkDelta.smd
SMD MODEL ..\..\..\MCV_SMD_OG\weapons\v_pm63\v_pm63_anims\runIdle_a.smd
SMD MODEL ..\..\..\MCV_SMD_OG\weapons\v_pm63\v_pm63_anims\run_a.smd
SMD MODEL ..\..\..\MCV_SMD_OG\weapons\v_pm63\v_pm63_anims\walkIdle_a.smd
SMD MODEL fixed_anims\walk_a.smd
SMD MODEL ..\..\..\MCV_SMD_OG\weapons\v_pm63\v_pm63_anims\shoot1_a.smd
SMD MODEL ..\..\..\MCV_SMD_OG\weapons\v_pm63\v_pm63_anims\shoot1_ironsight_a.smd
SMD MODEL ..\..\..\MCV_SMD_OG\weapons\v_pm63\v_pm63_anims\shoot2_a.smd
SMD MODEL ..\..\..\MCV_SMD_OG\weapons\v_pm63\v_pm63_anims\shoot2_ironsight_a.smd
SMD MODEL ..\..\..\MCV_SMD_OG\weapons\v_pm63\v_pm63_anims\shoot3_a.smd
SMD MODEL ..\..\..\MCV_SMD_OG\weapons\v_pm63\v_pm63_anims\shoot3_ironsight_a.smd
SMD MODEL ..\..\..\MCV_SMD_OG\weapons\v_pm63\v_pm63_anims\nearwall_s_a.smd
SMD MODEL ..\..\..\MCV_SMD_OG\weapons\v_pm63\v_pm63_anims\nearwall_s_a_i.smd
SMD MODEL ..\..\..\MCV_SMD_OG\weapons\v_pm63\v_pm63_anims\nearwall_a.smd
SMD MODEL ..\..\..\MCV_SMD_OG\weapons\v_pm63\v_pm63_anims\nearwall_a_i.smd
SMD MODEL ..\..\..\MCV_SMD_OG\weapons\v_pm63\v_pm63_anims\nearwall_e_a.smd
SMD MODEL ..\..\..\MCV_SMD_OG\weapons\v_pm63\v_pm63_anims\nearwall_e_a_i.smd
SMD MODEL ..\..\..\MCV_SMD_OG\weapons\v_pm63\v_pm63_anims\proneF.smd
SMD MODEL ..\..\..\MCV_SMD_OG\weapons\v_pm63\v_pm63_anims\proneB.smd
SMD MODEL ..\..\..\MCV_SMD_OG\weapons\v_pm63\v_pm63_anims\proneL.smd
SMD MODEL ..\..\..\MCV_SMD_OG\weapons\v_pm63\v_pm63_anims\proneR.smd
SMD MODEL ..\..\..\MCV_SMD_OG\weapons\v_pm63\v_pm63_anims\pickup_s_a.smd
SMD MODEL ..\..\..\MCV_SMD_OG\weapons\v_pm63\v_pm63_anims\pickup_s_a_i.smd
SMD MODEL ..\..\..\MCV_SMD_OG\weapons\v_pm63\v_pm63_anims\pickup_a.smd
SMD MODEL ..\..\..\MCV_SMD_OG\weapons\v_pm63\v_pm63_anims\pickup_a_i.smd
SMD MODEL ..\..\..\MCV_SMD_OG\weapons\v_pm63\v_pm63_anims\pickup_e_a.smd
SMD MODEL ..\..\..\MCV_SMD_OG\weapons\v_pm63\v_pm63_anims\pickup_e_a_i.smd
SMD MODEL ..\..\..\MCV_SMD_OG\weapons\v_pm63\v_pm63_anims\draw.smd
SMD MODEL ..\..\..\MCV_SMD_OG\weapons\v_pm63\v_pm63_anims\draw_2.smd
SMD MODEL ..\..\..\MCV_SMD_OG\weapons\v_pm63\v_pm63_anims\Firstdraw.smd
SMD MODEL ..\..\..\MCV_SMD_OG\weapons\v_pm63\v_pm63_anims\Firstdraw_2.smd
SMD MODEL ..\..\..\MCV_SMD_OG\weapons\v_pm63\v_pm63_anims\reload.smd
SMD MODEL ..\..\..\MCV_SMD_OG\weapons\v_pm63\v_pm63_anims\reload_2.smd
SMD MODEL ..\..\..\MCV_SMD_OG\weapons\v_pm63\v_pm63_anims\reload_empty.smd
SMD MODEL ..\..\..\MCV_SMD_OG\weapons\v_pm63\v_pm63_anims\reload_empty_2.smd
SMD MODEL ..\..\..\MCV_SMD_OG\weapons\v_pm63\v_pm63_anims\bash.smd
SMD MODEL ..\..\..\MCV_SMD_OG\weapons\v_pm63\v_pm63_anims\bash_2.smd
SMD MODEL ..\..\..\MCV_SMD_OG\weapons\v_pm63\v_pm63_anims\holster.smd
Processing LOD for material: shells_small_additional
Processing LOD for material: pm63
Processing LOD for material: pm63_mag
---------------------
writing C:\Program Files (x86)\Steam\steamapps\common\GarrysMod\garrysmod\addons\mcv\work\compile_test_game\models/weapons/mcv/v_pm63.mdl:
Loading preexisting model: C:\Program Files (x86)\Steam\steamapps\common\GarrysMod\garrysmod\addons\mcv\work\compile_test_game\models/weapons/mcv/v_pm63.mdl
WARNING: LoadPreexistingSequenceOrder: Zero-size file or no sequences.
bones        22056 bytes (96)
animations  161636 bytes (64 anims) (1580 frames) [0:52]
sequences     9476 bytes (25 seq) 
ik/pose        244 bytes
eyeballs         0 bytes (0 eyeballs)
flexes           0 bytes (0 flexes)
textures       208 bytes
keyvalues       20 bytes
bone transforms    13120 bytes
bone flex driver       0 bytes
collision        0 bytes
total       210560
---------------------
writing C:\Program Files (x86)\Steam\steamapps\common\GarrysMod\garrysmod\addons\mcv\work\compile_test_game\models/weapons/mcv/v_pm63.vvd:
vertices   1060752 bytes (22099 vertices)
tangents    353584 bytes (22099 vertices)
total      1414400 bytes
---------------------
Generating optimized mesh "C:\Program Files (x86)\Steam\steamapps\common\GarrysMod\garrysmod\addons\mcv\work\compile_test_game\models/weapons/mcv/v_pm63.dx80.vtx":
body parts:         8 bytes
models:            20 bytes
model LODs:        12 bytes
meshes:            27 bytes
strip groups:      75 bytes
strips:            81 bytes
verts:         198891 bytes
indices:       134100 bytes
bone changes:      56 bytes
everything:    333294 bytes
---------------------
Generating optimized mesh "C:\Program Files (x86)\Steam\steamapps\common\GarrysMod\garrysmod\addons\mcv\work\compile_test_game\models/weapons/mcv/v_pm63.dx90.vtx":
body parts:         8 bytes
models:            20 bytes
model LODs:        12 bytes
meshes:            27 bytes
strip groups:      75 bytes
strips:            81 bytes
verts:         198891 bytes
indices:       134100 bytes
bone changes:      56 bytes
everything:    333294 bytes

Completed "v_pm63.qc"
