StudioMDL.exe (Apr 27 2026) - Garry's Mod Edition
WARNING: Failed to load keyvalues file cfg/mount.cfg!
qdir:    "c:\program files (x86)\steam\steamapps\common\garrysmod\garrysmod\addons\mcv\work\mcv_smd_port\weapons\v_ppsh41_doubledrum\"
gamedir: "C:\Program Files (x86)\Steam\steamapps\common\GarrysMod\garrysmod\addons\mcv\work\compile_test_game\"
g_path:  "C:\Program Files (x86)\Steam\steamapps\common\GarrysMod\garrysmod\addons\mcv\work\MCV_SMD_PORT\weapons\v_ppsh41_doubledrum\v_ppsh41_doubledrum.qc"
Building binary model files...
Working on "v_ppsh41_doubledrum.qc"
SMD MODEL ..\..\..\MCV_SMD_OG\weapons\v_ppsh41_doubledrum\Ref_new.smd
SMD MODEL ..\..\..\MCV_SMD_OG\weapons\v_ppsh41_doubledrum\mesh_mag_3.smd
SMD MODEL ..\..\..\MCV_SMD_OG\weapons\v_ppsh41_doubledrum\v_ppsh41_doubledrum_anims\Default_corrective_animation.smd
SMD MODEL ..\..\..\MCV_SMD_OG\weapons\v_ppsh41_doubledrum\v_ppsh41_doubledrum_anims\Slideback_corrective_animation.smd
SMD MODEL ..\..\..\MCV_SMD_OG\weapons\v_ppsh41_doubledrum\v_ppsh41_doubledrum_anims\runIdle_a_corrective_animation.smd
SMD MODEL ..\..\..\MCV_SMD_OG\weapons\v_ppsh41_doubledrum\v_ppsh41_doubledrum_anims\run_a_corrective_animation.smd
SMD MODEL ..\..\..\MCV_SMD_OG\weapons\v_ppsh41_doubledrum\v_ppsh41_doubledrum_anims\walkIdle_a_corrective_animation.smd
SMD MODEL ..\..\..\MCV_SMD_OG\weapons\v_ppsh41_doubledrum\v_ppsh41_doubledrum_anims\walk_a_corrective_animation.smd
SMD MODEL ..\..\..\MCV_SMD_OG\weapons\v_ppsh41_doubledrum\v_ppsh41_doubledrum_anims\ShootMove_corrective_animation.smd
SMD MODEL ..\..\..\MCV_SMD_OG\weapons\v_ppsh41_doubledrum\v_ppsh41_doubledrum_anims\ShootStill_corrective_animation.smd
SMD MODEL ..\..\..\MCV_SMD_OG\weapons\v_ppsh41_doubledrum\v_ppsh41_doubledrum_anims\shoot1_a_corrective_animation.smd
SMD MODEL ..\..\..\MCV_SMD_OG\weapons\v_ppsh41_doubledrum\v_ppsh41_doubledrum_anims\shoot1_ironsight_a_corrective_animation.smd
SMD MODEL ..\..\..\MCV_SMD_OG\weapons\v_ppsh41_doubledrum\v_ppsh41_doubledrum_anims\shoot2_a_corrective_animation.smd
SMD MODEL ..\..\..\MCV_SMD_OG\weapons\v_ppsh41_doubledrum\v_ppsh41_doubledrum_anims\shoot2_ironsight_a_corrective_animation.smd
SMD MODEL ..\..\..\MCV_SMD_OG\weapons\v_ppsh41_doubledrum\v_ppsh41_doubledrum_anims\shoot3_a_corrective_animation.smd
SMD MODEL ..\..\..\MCV_SMD_OG\weapons\v_ppsh41_doubledrum\v_ppsh41_doubledrum_anims\shoot3_ironsight_a_corrective_animation.smd
SMD MODEL ..\..\..\MCV_SMD_OG\weapons\v_ppsh41_doubledrum\v_ppsh41_doubledrum_anims\PoseDelta.smd
SMD MODEL ..\..\..\MCV_SMD_OG\weapons\v_ppsh41_doubledrum\v_ppsh41_doubledrum_anims\PoseDelta2.smd
SMD MODEL ..\..\..\MCV_SMD_OG\weapons\v_ppsh41_doubledrum\v_ppsh41_doubledrum_anims\Default.smd
SMD MODEL ..\..\..\MCV_SMD_OG\weapons\v_ppsh41_doubledrum\v_ppsh41_doubledrum_anims\Slideback.smd
SMD MODEL ..\..\..\MCV_SMD_OG\weapons\v_ppsh41_doubledrum\v_ppsh41_doubledrum_anims\ShootMove.smd
SMD MODEL ..\..\..\MCV_SMD_OG\weapons\v_ppsh41_doubledrum\v_ppsh41_doubledrum_anims\ShootStill.smd
SMD MODEL ..\..\..\MCV_SMD_OG\weapons\v_ppsh41_doubledrum\v_ppsh41_doubledrum_anims\basePose_a.smd
SMD MODEL ..\..\..\MCV_SMD_OG\weapons\v_ppsh41_doubledrum\v_ppsh41_doubledrum_anims\ironsight.smd
SMD MODEL ..\..\..\MCV_SMD_OG\weapons\v_ppsh41_doubledrum\v_ppsh41_doubledrum_anims\ironsight_transition.smd
SMD MODEL ..\..\..\MCV_SMD_OG\weapons\v_ppsh41_doubledrum\v_ppsh41_doubledrum_anims\runIdle_a.smd
SMD MODEL ..\..\..\MCV_SMD_OG\weapons\v_ppsh41_doubledrum\v_ppsh41_doubledrum_anims\run_a.smd
SMD MODEL ..\..\..\MCV_SMD_OG\weapons\v_ppsh41_doubledrum\v_ppsh41_doubledrum_anims\walkIdle_a.smd
SMD MODEL ..\..\..\MCV_SMD_OG\weapons\v_ppsh41_doubledrum\v_ppsh41_doubledrum_anims\walk_a.smd
SMD MODEL ..\..\..\MCV_SMD_OG\weapons\v_ppsh41_doubledrum\v_ppsh41_doubledrum_anims\shoot1_a.smd
SMD MODEL ..\..\..\MCV_SMD_OG\weapons\v_ppsh41_doubledrum\v_ppsh41_doubledrum_anims\shoot1_ironsight_a.smd
SMD MODEL ..\..\..\MCV_SMD_OG\weapons\v_ppsh41_doubledrum\v_ppsh41_doubledrum_anims\shoot2_a.smd
SMD MODEL ..\..\..\MCV_SMD_OG\weapons\v_ppsh41_doubledrum\v_ppsh41_doubledrum_anims\shoot2_ironsight_a.smd
SMD MODEL ..\..\..\MCV_SMD_OG\weapons\v_ppsh41_doubledrum\v_ppsh41_doubledrum_anims\shoot3_a.smd
SMD MODEL ..\..\..\MCV_SMD_OG\weapons\v_ppsh41_doubledrum\v_ppsh41_doubledrum_anims\shoot3_ironsight_a.smd
SMD MODEL ..\..\..\MCV_SMD_OG\weapons\v_ppsh41_doubledrum\v_ppsh41_doubledrum_anims\nearwall_s_a.smd
SMD MODEL ..\..\..\MCV_SMD_OG\weapons\v_ppsh41_doubledrum\v_ppsh41_doubledrum_anims\nearwall_s_a_i.smd
SMD MODEL ..\..\..\MCV_SMD_OG\weapons\v_ppsh41_doubledrum\v_ppsh41_doubledrum_anims\nearwall_a.smd
SMD MODEL ..\..\..\MCV_SMD_OG\weapons\v_ppsh41_doubledrum\v_ppsh41_doubledrum_anims\nearwall_a_i.smd
SMD MODEL ..\..\..\MCV_SMD_OG\weapons\v_ppsh41_doubledrum\v_ppsh41_doubledrum_anims\nearwall_e_a.smd
SMD MODEL ..\..\..\MCV_SMD_OG\weapons\v_ppsh41_doubledrum\v_ppsh41_doubledrum_anims\nearwall_e_a_i.smd
SMD MODEL ..\..\..\MCV_SMD_OG\weapons\v_ppsh41_doubledrum\v_ppsh41_doubledrum_anims\proneF.smd
SMD MODEL ..\..\..\MCV_SMD_OG\weapons\v_ppsh41_doubledrum\v_ppsh41_doubledrum_anims\proneB.smd
SMD MODEL ..\..\..\MCV_SMD_OG\weapons\v_ppsh41_doubledrum\v_ppsh41_doubledrum_anims\proneL.smd
SMD MODEL ..\..\..\MCV_SMD_OG\weapons\v_ppsh41_doubledrum\v_ppsh41_doubledrum_anims\proneR.smd
SMD MODEL ..\..\..\MCV_SMD_OG\weapons\v_ppsh41_doubledrum\v_ppsh41_doubledrum_anims\pickup_s_a.smd
SMD MODEL ..\..\..\MCV_SMD_OG\weapons\v_ppsh41_doubledrum\v_ppsh41_doubledrum_anims\pickup_s_a_i.smd
SMD MODEL ..\..\..\MCV_SMD_OG\weapons\v_ppsh41_doubledrum\v_ppsh41_doubledrum_anims\pickup_a.smd
SMD MODEL ..\..\..\MCV_SMD_OG\weapons\v_ppsh41_doubledrum\v_ppsh41_doubledrum_anims\pickup_a_i.smd
SMD MODEL ..\..\..\MCV_SMD_OG\weapons\v_ppsh41_doubledrum\v_ppsh41_doubledrum_anims\pickup_e_a.smd
SMD MODEL ..\..\..\MCV_SMD_OG\weapons\v_ppsh41_doubledrum\v_ppsh41_doubledrum_anims\pickup_e_a_i.smd
SMD MODEL ..\..\..\MCV_SMD_OG\weapons\v_ppsh41_doubledrum\v_ppsh41_doubledrum_anims\change_firemode_idle.smd
SMD MODEL ..\..\..\MCV_SMD_OG\weapons\v_ppsh41_doubledrum\v_ppsh41_doubledrum_anims\change_firemode_iron.smd
SMD MODEL ..\..\..\MCV_SMD_OG\weapons\v_ppsh41_doubledrum\v_ppsh41_doubledrum_anims\draw.smd
SMD MODEL ..\..\..\MCV_SMD_OG\weapons\v_ppsh41_doubledrum\v_ppsh41_doubledrum_anims\draw_2.smd
SMD MODEL ..\..\..\MCV_SMD_OG\weapons\v_ppsh41_doubledrum\v_ppsh41_doubledrum_anims\Firstdraw.smd
SMD MODEL ..\..\..\MCV_SMD_OG\weapons\v_ppsh41_doubledrum\v_ppsh41_doubledrum_anims\Firstdraw_2.smd
SMD MODEL ..\..\..\MCV_SMD_OG\weapons\v_ppsh41_doubledrum\v_ppsh41_doubledrum_anims\reload.smd
SMD MODEL ..\..\..\MCV_SMD_OG\weapons\v_ppsh41_doubledrum\v_ppsh41_doubledrum_anims\reload_2.smd
SMD MODEL ..\..\..\MCV_SMD_OG\weapons\v_ppsh41_doubledrum\v_ppsh41_doubledrum_anims\reload_empty.smd
SMD MODEL ..\..\..\MCV_SMD_OG\weapons\v_ppsh41_doubledrum\v_ppsh41_doubledrum_anims\reload_empty_2.smd
SMD MODEL ..\..\..\MCV_SMD_OG\weapons\v_ppsh41_doubledrum\v_ppsh41_doubledrum_anims\bash.smd
SMD MODEL ..\..\..\MCV_SMD_OG\weapons\v_ppsh41_doubledrum\v_ppsh41_doubledrum_anims\bash_2.smd
SMD MODEL ..\..\..\MCV_SMD_OG\weapons\v_ppsh41_doubledrum\v_ppsh41_doubledrum_anims\holster.smd
Processing LOD for material: ppsh41
Processing LOD for material: shells_small
Processing LOD for material: ppsh41double
---------------------
writing C:\Program Files (x86)\Steam\steamapps\common\GarrysMod\garrysmod\addons\mcv\work\compile_test_game\models/weapons/mcv/v_ppsh41_doubledrum.mdl:
Loading preexisting model: C:\Program Files (x86)\Steam\steamapps\common\GarrysMod\garrysmod\addons\mcv\work\compile_test_game\models/weapons/mcv/v_ppsh41_doubledrum.mdl
WARNING: LoadPreexistingSequenceOrder: Zero-size file or no sequences.
bones        22056 bytes (96)
animations  178352 bytes (65 anims) (1687 frames) [0:56]
sequences     9904 bytes (26 seq) 
ik/pose        408 bytes
eyeballs         0 bytes (0 eyeballs)
flexes           0 bytes (0 flexes)
eyeballs         0 bytes (0 eyeballs)
flexes           0 bytes (0 flexes)
textures       208 bytes
keyvalues       20 bytes
bone transforms    13120 bytes
bone flex driver       0 bytes
collision        0 bytes
total       227948
---------------------
writing C:\Program Files (x86)\Steam\steamapps\common\GarrysMod\garrysmod\addons\mcv\work\compile_test_game\models/weapons/mcv/v_ppsh41_doubledrum.vvd:
vertices    416976 bytes (8687 vertices)
vertices    429072 bytes (8939 vertices)
tangents    138992 bytes (8687 vertices)
tangents    143024 bytes (8939 vertices)
total      1128128 bytes
---------------------
Generating optimized mesh "C:\Program Files (x86)\Steam\steamapps\common\GarrysMod\garrysmod\addons\mcv\work\compile_test_game\models/weapons/mcv/v_ppsh41_doubledrum.dx80.vtx":
body parts:        16 bytes
models:            40 bytes
model LODs:        24 bytes
meshes:            27 bytes
strip groups:      75 bytes
strips:            81 bytes
verts:         158634 bytes
indices:       113448 bytes
bone changes:      56 bytes
everything:    272413 bytes
---------------------
Generating optimized mesh "C:\Program Files (x86)\Steam\steamapps\common\GarrysMod\garrysmod\addons\mcv\work\compile_test_game\models/weapons/mcv/v_ppsh41_doubledrum.dx90.vtx":
body parts:        16 bytes
models:            40 bytes
model LODs:        24 bytes
meshes:            27 bytes
strip groups:      75 bytes
strips:            81 bytes
verts:         158634 bytes
indices:       113448 bytes
bone changes:      56 bytes
everything:    272413 bytes

Completed "v_ppsh41_doubledrum.qc"
