StudioMDL.exe (Apr 27 2026) - Garry's Mod Edition
WARNING: Failed to load keyvalues file cfg/mount.cfg!
qdir:    "c:\program files (x86)\steam\steamapps\common\garrysmod\garrysmod\addons\mcv\work\mcv_smd_port\weapons\v_ppk\"
gamedir: "C:\Program Files (x86)\Steam\steamapps\common\GarrysMod\garrysmod\addons\mcv\work\compile_test_game\"
g_path:  "C:\Program Files (x86)\Steam\steamapps\common\GarrysMod\garrysmod\addons\mcv\work\MCV_SMD_PORT\weapons\v_ppk\v_ppk.qc"
Building binary model files...
Working on "v_ppk.qc"
SMD MODEL ..\..\..\MCV_SMD_OG\weapons\v_ppk\walther_ppk_ref.smd
SMD MODEL ..\..\..\MCV_SMD_OG\weapons\v_ppk\v_ppk_anims\Bullet0_corrective_animation.smd
SMD MODEL ..\..\..\MCV_SMD_OG\weapons\v_ppk\v_ppk_anims\Bullet1_corrective_animation.smd
SMD MODEL ..\..\..\MCV_SMD_OG\weapons\v_ppk\v_ppk_anims\Bullet2_corrective_animation.smd
SMD MODEL ..\..\..\MCV_SMD_OG\weapons\v_ppk\v_ppk_anims\Bullet3_corrective_animation.smd
SMD MODEL ..\..\..\MCV_SMD_OG\weapons\v_ppk\v_ppk_anims\Bullet4_corrective_animation.smd
SMD MODEL ..\..\..\MCV_SMD_OG\weapons\v_ppk\v_ppk_anims\Bullet5_corrective_animation.smd
SMD MODEL ..\..\..\MCV_SMD_OG\weapons\v_ppk\v_ppk_anims\Bullet6_corrective_animation.smd
SMD MODEL ..\..\..\MCV_SMD_OG\weapons\v_ppk\v_ppk_anims\Bullet7_corrective_animation.smd
SMD MODEL ..\..\..\MCV_SMD_OG\weapons\v_ppk\v_ppk_anims\Default_corrective_animation.smd
SMD MODEL ..\..\..\MCV_SMD_OG\weapons\v_ppk\v_ppk_anims\Slideback_corrective_animation.smd
SMD MODEL ..\..\..\MCV_SMD_OG\weapons\v_ppk\v_ppk_anims\runIdle_a_corrective_animation.smd
SMD MODEL ..\..\..\MCV_SMD_OG\weapons\v_ppk\v_ppk_anims\run_a_corrective_animation.smd
SMD MODEL ..\..\..\MCV_SMD_OG\weapons\v_ppk\v_ppk_anims\walkIdle_a_corrective_animation.smd
SMD MODEL ..\..\..\MCV_SMD_OG\weapons\v_ppk\v_ppk_anims\walk_a_corrective_animation.smd
SMD MODEL ..\..\..\MCV_SMD_OG\weapons\v_ppk\v_ppk_anims\shoot1_a_corrective_animation.smd
SMD MODEL ..\..\..\MCV_SMD_OG\weapons\v_ppk\v_ppk_anims\shoot1_ironsight_a_corrective_animation.smd
SMD MODEL ..\..\..\MCV_SMD_OG\weapons\v_ppk\v_ppk_anims\shoot2_a_corrective_animation.smd
SMD MODEL ..\..\..\MCV_SMD_OG\weapons\v_ppk\v_ppk_anims\shoot2_ironsight_a_corrective_animation.smd
SMD MODEL ..\..\..\MCV_SMD_OG\weapons\v_ppk\v_ppk_anims\shoot3_a_corrective_animation.smd
SMD MODEL ..\..\..\MCV_SMD_OG\weapons\v_ppk\v_ppk_anims\shoot3_ironsight_a_corrective_animation.smd
SMD MODEL ..\..\..\MCV_SMD_OG\weapons\v_ppk\v_ppk_anims\shoot4_a_corrective_animation.smd
SMD MODEL ..\..\..\MCV_SMD_OG\weapons\v_ppk\v_ppk_anims\shoot4_ironsight_a_corrective_animation.smd
SMD MODEL ..\..\..\MCV_SMD_OG\weapons\v_ppk\v_ppk_anims\shootlast_a_corrective_animation.smd
SMD MODEL ..\..\..\MCV_SMD_OG\weapons\v_ppk\v_ppk_anims\shootlast_ironsight_a_corrective_animation.smd
SMD MODEL ..\..\..\MCV_SMD_OG\weapons\v_ppk\v_ppk_anims\PoseDelta.smd
SMD MODEL ..\..\..\MCV_SMD_OG\weapons\v_ppk\v_ppk_anims\Default.smd
SMD MODEL ..\..\..\MCV_SMD_OG\weapons\v_ppk\v_ppk_anims\Bullet7.smd
SMD MODEL ..\..\..\MCV_SMD_OG\weapons\v_ppk\v_ppk_anims\Bullet6.smd
SMD MODEL ..\..\..\MCV_SMD_OG\weapons\v_ppk\v_ppk_anims\Bullet5.smd
SMD MODEL ..\..\..\MCV_SMD_OG\weapons\v_ppk\v_ppk_anims\Bullet4.smd
SMD MODEL ..\..\..\MCV_SMD_OG\weapons\v_ppk\v_ppk_anims\Bullet3.smd
SMD MODEL ..\..\..\MCV_SMD_OG\weapons\v_ppk\v_ppk_anims\Bullet2.smd
SMD MODEL ..\..\..\MCV_SMD_OG\weapons\v_ppk\v_ppk_anims\Bullet1.smd
SMD MODEL ..\..\..\MCV_SMD_OG\weapons\v_ppk\v_ppk_anims\Bullet0.smd
SMD MODEL ..\..\..\MCV_SMD_OG\weapons\v_ppk\v_ppk_anims\Slideback.smd
SMD MODEL ..\..\..\MCV_SMD_OG\weapons\v_ppk\v_ppk_anims\basePose_a.smd
SMD MODEL ..\..\..\MCV_SMD_OG\weapons\v_ppk\v_ppk_anims\ironsight.smd
SMD MODEL ..\..\..\MCV_SMD_OG\weapons\v_ppk\v_ppk_anims\ironsight_transition.smd
SMD MODEL ..\..\..\MCV_SMD_OG\weapons\v_ppk\v_ppk_anims\runIdle_a.smd
SMD MODEL ..\..\..\MCV_SMD_OG\weapons\v_ppk\v_ppk_anims\run_a.smd
SMD MODEL ..\..\..\MCV_SMD_OG\weapons\v_ppk\v_ppk_anims\walkIdle_a.smd
SMD MODEL ..\..\..\MCV_SMD_OG\weapons\v_ppk\v_ppk_anims\walk_a.smd
SMD MODEL ..\..\..\MCV_SMD_OG\weapons\v_ppk\v_ppk_anims\shoot1_a.smd
SMD MODEL ..\..\..\MCV_SMD_OG\weapons\v_ppk\v_ppk_anims\shoot1_ironsight_a.smd
SMD MODEL ..\..\..\MCV_SMD_OG\weapons\v_ppk\v_ppk_anims\shoot2_a.smd
SMD MODEL ..\..\..\MCV_SMD_OG\weapons\v_ppk\v_ppk_anims\shoot2_ironsight_a.smd
SMD MODEL ..\..\..\MCV_SMD_OG\weapons\v_ppk\v_ppk_anims\shoot3_a.smd
SMD MODEL ..\..\..\MCV_SMD_OG\weapons\v_ppk\v_ppk_anims\shoot3_ironsight_a.smd
SMD MODEL ..\..\..\MCV_SMD_OG\weapons\v_ppk\v_ppk_anims\shoot4_a.smd
SMD MODEL ..\..\..\MCV_SMD_OG\weapons\v_ppk\v_ppk_anims\shoot4_ironsight_a.smd
SMD MODEL ..\..\..\MCV_SMD_OG\weapons\v_ppk\v_ppk_anims\shootlast_a.smd
SMD MODEL ..\..\..\MCV_SMD_OG\weapons\v_ppk\v_ppk_anims\shootlast_ironsight_a.smd
SMD MODEL ..\..\..\MCV_SMD_OG\weapons\v_ppk\v_ppk_anims\nearwall_s_a.smd
SMD MODEL ..\..\..\MCV_SMD_OG\weapons\v_ppk\v_ppk_anims\nearwall_s_a_i.smd
SMD MODEL ..\..\..\MCV_SMD_OG\weapons\v_ppk\v_ppk_anims\nearwall_a.smd
SMD MODEL ..\..\..\MCV_SMD_OG\weapons\v_ppk\v_ppk_anims\nearwall_a_i.smd
SMD MODEL ..\..\..\MCV_SMD_OG\weapons\v_ppk\v_ppk_anims\nearwall_e_a.smd
SMD MODEL ..\..\..\MCV_SMD_OG\weapons\v_ppk\v_ppk_anims\nearwall_e_a_i.smd
SMD MODEL ..\..\..\MCV_SMD_OG\weapons\v_ppk\v_ppk_anims\proneF.smd
SMD MODEL ..\..\..\MCV_SMD_OG\weapons\v_ppk\v_ppk_anims\proneB.smd
SMD MODEL ..\..\..\MCV_SMD_OG\weapons\v_ppk\v_ppk_anims\proneL.smd
SMD MODEL ..\..\..\MCV_SMD_OG\weapons\v_ppk\v_ppk_anims\proneR.smd
SMD MODEL ..\..\..\MCV_SMD_OG\weapons\v_ppk\v_ppk_anims\pickup_s_a.smd
SMD MODEL ..\..\..\MCV_SMD_OG\weapons\v_ppk\v_ppk_anims\pickup_s_a_i.smd
SMD MODEL ..\..\..\MCV_SMD_OG\weapons\v_ppk\v_ppk_anims\pickup_a.smd
SMD MODEL ..\..\..\MCV_SMD_OG\weapons\v_ppk\v_ppk_anims\pickup_a_i.smd
SMD MODEL ..\..\..\MCV_SMD_OG\weapons\v_ppk\v_ppk_anims\pickup_e_a.smd
SMD MODEL ..\..\..\MCV_SMD_OG\weapons\v_ppk\v_ppk_anims\pickup_e_a_i.smd
SMD MODEL ..\..\..\MCV_SMD_OG\weapons\v_ppk\v_ppk_anims\draw.smd
SMD MODEL ..\..\..\MCV_SMD_OG\weapons\v_ppk\v_ppk_anims\draw_2.smd
SMD MODEL ..\..\..\MCV_SMD_OG\weapons\v_ppk\v_ppk_anims\Firstdraw.smd
SMD MODEL ..\..\..\MCV_SMD_OG\weapons\v_ppk\v_ppk_anims\Firstdraw_2.smd
SMD MODEL ..\..\..\MCV_SMD_OG\weapons\v_ppk\v_ppk_anims\reload.smd
SMD MODEL ..\..\..\MCV_SMD_OG\weapons\v_ppk\v_ppk_anims\reload_2.smd
SMD MODEL ..\..\..\MCV_SMD_OG\weapons\v_ppk\v_ppk_anims\reload_empty.smd
SMD MODEL ..\..\..\MCV_SMD_OG\weapons\v_ppk\v_ppk_anims\reload_empty_2.smd
SMD MODEL ..\..\..\MCV_SMD_OG\weapons\v_ppk\v_ppk_anims\bash.smd
SMD MODEL ..\..\..\MCV_SMD_OG\weapons\v_ppk\v_ppk_anims\bash_2.smd
SMD MODEL ..\..\..\MCV_SMD_OG\weapons\v_ppk\v_ppk_anims\holster.smd
Processing LOD for material: shells_small_additional
Processing LOD for material: v_walther_ppk
Processing LOD for material: mod0
---------------------
writing C:\Program Files (x86)\Steam\steamapps\common\GarrysMod\garrysmod\addons\mcv\work\compile_test_game\models/weapons/mcv/v_ppk.mdl:
Loading preexisting model: C:\Program Files (x86)\Steam\steamapps\common\GarrysMod\garrysmod\addons\mcv\work\compile_test_game\models/weapons/mcv/v_ppk.mdl
WARNING: LoadPreexistingSequenceOrder: Zero-size file or no sequences.
bones        23508 bytes (103)
animations  209896 bytes (82 anims) (1590 frames) [0:52]
sequences    11596 bytes (29 seq) 
ik/pose        264 bytes
eyeballs         0 bytes (0 eyeballs)
flexes           0 bytes (0 flexes)
textures       208 bytes
keyvalues       20 bytes
bone transforms    14072 bytes
bone flex driver       0 bytes
collision        0 bytes
total       263948
---------------------
writing C:\Program Files (x86)\Steam\steamapps\common\GarrysMod\garrysmod\addons\mcv\work\compile_test_game\models/weapons/mcv/v_ppk.vvd:
vertices    533376 bytes (11112 vertices)
tangents    177792 bytes (11112 vertices)
total       711232 bytes
---------------------
Generating optimized mesh "C:\Program Files (x86)\Steam\steamapps\common\GarrysMod\garrysmod\addons\mcv\work\compile_test_game\models/weapons/mcv/v_ppk.dx80.vtx":
body parts:         8 bytes
models:            20 bytes
model LODs:        12 bytes
meshes:            27 bytes
strip groups:      75 bytes
strips:            81 bytes
verts:         100008 bytes
indices:        75522 bytes
bone changes:     120 bytes
everything:    175897 bytes
---------------------
Generating optimized mesh "C:\Program Files (x86)\Steam\steamapps\common\GarrysMod\garrysmod\addons\mcv\work\compile_test_game\models/weapons/mcv/v_ppk.dx90.vtx":
body parts:         8 bytes
models:            20 bytes
model LODs:        12 bytes
meshes:            27 bytes
strip groups:      75 bytes
strips:            81 bytes
verts:         100008 bytes
indices:        75522 bytes
bone changes:     120 bytes
everything:    175897 bytes

Completed "v_ppk.qc"
