StudioMDL.exe (Apr 27 2026) - Garry's Mod Edition
WARNING: Failed to load keyvalues file cfg/mount.cfg!
qdir:    "c:\program files (x86)\steam\steamapps\common\garrysmod\garrysmod\addons\mcv\work\mcv_smd_port\weapons\v_reising_m60\"
gamedir: "C:\Program Files (x86)\Steam\steamapps\common\GarrysMod\garrysmod\addons\mcv\work\compile_test_game\"
g_path:  "C:\Program Files (x86)\Steam\steamapps\common\GarrysMod\garrysmod\addons\mcv\work\MCV_SMD_PORT\weapons\v_reising_m60\v_reising_m60.qc"
Building binary model files...
Working on "v_reising_m60.qc"
SMD MODEL ..\..\..\MCV_SMD_OG\weapons\v_reising_m60\Ref_new.smd
SMD MODEL ..\..\..\MCV_SMD_OG\weapons\v_reising_m60\m60smg_ref.smd
SMD MODEL ..\..\..\MCV_SMD_OG\weapons\v_reising_m60\v_reising_m60_anims\runIdle_a_corrective_animation.smd
SMD MODEL ..\..\..\MCV_SMD_OG\weapons\v_reising_m60\v_reising_m60_anims\run_a_corrective_animation.smd
SMD MODEL ..\..\..\MCV_SMD_OG\weapons\v_reising_m60\v_reising_m60_anims\walkIdle_a_corrective_animation.smd
SMD MODEL ..\..\..\MCV_SMD_OG\weapons\v_reising_m60\v_reising_m60_anims\walk_a_corrective_animation.smd
SMD MODEL ..\..\..\MCV_SMD_OG\weapons\v_reising_m60\v_reising_m60_anims\shoot1_a_corrective_animation.smd
SMD MODEL ..\..\..\MCV_SMD_OG\weapons\v_reising_m60\v_reising_m60_anims\shoot1_ironsight_a_corrective_animation.smd
SMD MODEL ..\..\..\MCV_SMD_OG\weapons\v_reising_m60\v_reising_m60_anims\shoot2_a_corrective_animation.smd
SMD MODEL ..\..\..\MCV_SMD_OG\weapons\v_reising_m60\v_reising_m60_anims\shoot2_ironsight_a_corrective_animation.smd
SMD MODEL ..\..\..\MCV_SMD_OG\weapons\v_reising_m60\v_reising_m60_anims\shoot3_a_corrective_animation.smd
SMD MODEL ..\..\..\MCV_SMD_OG\weapons\v_reising_m60\v_reising_m60_anims\shoot3_ironsight_a_corrective_animation.smd
SMD MODEL ..\..\..\MCV_SMD_OG\weapons\v_reising_m60\v_reising_m60_anims\basePose_a.smd
SMD MODEL ..\..\..\MCV_SMD_OG\weapons\v_reising_m60\v_reising_m60_anims\ironsight.smd
SMD MODEL ..\..\..\MCV_SMD_OG\weapons\v_reising_m60\v_reising_m60_anims\ironsight_transition.smd
SMD MODEL ..\..\..\MCV_SMD_OG\weapons\v_reising_m60\v_reising_m60_anims\walkBase.smd
SMD MODEL ..\..\..\MCV_SMD_OG\weapons\v_reising_m60\v_reising_m60_anims\runIdle_a.smd
SMD MODEL fixed_anims\run_a.smd
SMD MODEL ..\..\..\MCV_SMD_OG\weapons\v_reising_m60\v_reising_m60_anims\walkIdle_a.smd
SMD MODEL fixed_anims\walk_a.smd
SMD MODEL ..\..\..\MCV_SMD_OG\weapons\v_reising_m60\v_reising_m60_anims\shoot1_a.smd
SMD MODEL ..\..\..\MCV_SMD_OG\weapons\v_reising_m60\v_reising_m60_anims\shoot1_ironsight_a.smd
SMD MODEL ..\..\..\MCV_SMD_OG\weapons\v_reising_m60\v_reising_m60_anims\shoot2_a.smd
SMD MODEL ..\..\..\MCV_SMD_OG\weapons\v_reising_m60\v_reising_m60_anims\shoot2_ironsight_a.smd
SMD MODEL ..\..\..\MCV_SMD_OG\weapons\v_reising_m60\v_reising_m60_anims\shoot3_a.smd
SMD MODEL ..\..\..\MCV_SMD_OG\weapons\v_reising_m60\v_reising_m60_anims\shoot3_ironsight_a.smd
SMD MODEL ..\..\..\MCV_SMD_OG\weapons\v_reising_m60\v_reising_m60_anims\nearwall_s_a.smd
SMD MODEL ..\..\..\MCV_SMD_OG\weapons\v_reising_m60\v_reising_m60_anims\nearwall_s_a_i.smd
SMD MODEL ..\..\..\MCV_SMD_OG\weapons\v_reising_m60\v_reising_m60_anims\nearwall_a.smd
SMD MODEL ..\..\..\MCV_SMD_OG\weapons\v_reising_m60\v_reising_m60_anims\nearwall_a_i.smd
SMD MODEL ..\..\..\MCV_SMD_OG\weapons\v_reising_m60\v_reising_m60_anims\nearwall_e_a.smd
SMD MODEL ..\..\..\MCV_SMD_OG\weapons\v_reising_m60\v_reising_m60_anims\nearwall_e_a_i.smd
SMD MODEL ..\..\..\MCV_SMD_OG\weapons\v_reising_m60\v_reising_m60_anims\proneF.smd
SMD MODEL ..\..\..\MCV_SMD_OG\weapons\v_reising_m60\v_reising_m60_anims\proneB.smd
SMD MODEL ..\..\..\MCV_SMD_OG\weapons\v_reising_m60\v_reising_m60_anims\proneL.smd
SMD MODEL ..\..\..\MCV_SMD_OG\weapons\v_reising_m60\v_reising_m60_anims\proneR.smd
SMD MODEL ..\..\..\MCV_SMD_OG\weapons\v_reising_m60\v_reising_m60_anims\pickup_s_a.smd
SMD MODEL ..\..\..\MCV_SMD_OG\weapons\v_reising_m60\v_reising_m60_anims\pickup_s_a_i.smd
SMD MODEL ..\..\..\MCV_SMD_OG\weapons\v_reising_m60\v_reising_m60_anims\pickup_a.smd
SMD MODEL ..\..\..\MCV_SMD_OG\weapons\v_reising_m60\v_reising_m60_anims\pickup_a_i.smd
SMD MODEL ..\..\..\MCV_SMD_OG\weapons\v_reising_m60\v_reising_m60_anims\pickup_e_a.smd
SMD MODEL ..\..\..\MCV_SMD_OG\weapons\v_reising_m60\v_reising_m60_anims\pickup_e_a_i.smd
SMD MODEL ..\..\..\MCV_SMD_OG\weapons\v_reising_m60\v_reising_m60_anims\change_firemode_idle.smd
SMD MODEL ..\..\..\MCV_SMD_OG\weapons\v_reising_m60\v_reising_m60_anims\change_firemode_iron.smd
SMD MODEL ..\..\..\MCV_SMD_OG\weapons\v_reising_m60\v_reising_m60_anims\draw.smd
SMD MODEL ..\..\..\MCV_SMD_OG\weapons\v_reising_m60\v_reising_m60_anims\draw_2.smd
SMD MODEL ..\..\..\MCV_SMD_OG\weapons\v_reising_m60\v_reising_m60_anims\Firstdraw.smd
SMD MODEL ..\..\..\MCV_SMD_OG\weapons\v_reising_m60\v_reising_m60_anims\Firstdraw_2.smd
SMD MODEL ..\..\..\MCV_SMD_OG\weapons\v_reising_m60\v_reising_m60_anims\reload.smd
SMD MODEL ..\..\..\MCV_SMD_OG\weapons\v_reising_m60\v_reising_m60_anims\reload_2.smd
SMD MODEL ..\..\..\MCV_SMD_OG\weapons\v_reising_m60\v_reising_m60_anims\reload_empty.smd
SMD MODEL ..\..\..\MCV_SMD_OG\weapons\v_reising_m60\v_reising_m60_anims\reload_empty_2.smd
SMD MODEL ..\..\..\MCV_SMD_OG\weapons\v_reising_m60\v_reising_m60_anims\bash.smd
SMD MODEL ..\..\..\MCV_SMD_OG\weapons\v_reising_m60\v_reising_m60_anims\bash_2.smd
SMD MODEL ..\..\..\MCV_SMD_OG\weapons\v_reising_m60\v_reising_m60_anims\holster.smd
Processing LOD for material: reising_mag
Processing LOD for material: shells_small
Processing LOD for material: m60r
Processing LOD for material: reising_mag
Processing LOD for material: m60r
---------------------
writing C:\Program Files (x86)\Steam\steamapps\common\GarrysMod\garrysmod\addons\mcv\work\compile_test_game\models/weapons/mcv/v_reising_m60.mdl:
Loading preexisting model: C:\Program Files (x86)\Steam\steamapps\common\GarrysMod\garrysmod\addons\mcv\work\compile_test_game\models/weapons/mcv/v_reising_m60.mdl
WARNING: LoadPreexistingSequenceOrder: Zero-size file or no sequences.
bones        21988 bytes (96)
animations  173260 bytes (56 anims) (1630 frames) [0:54]
sequences     9176 bytes (24 seq) 
ik/pose        388 bytes
eyeballs         0 bytes (0 eyeballs)
flexes           0 bytes (0 flexes)
eyeballs         0 bytes (0 eyeballs)
flexes           0 bytes (0 flexes)
textures       208 bytes
keyvalues       20 bytes
bone transforms    13120 bytes
bone flex driver       0 bytes
collision        0 bytes
total       222056
---------------------
writing C:\Program Files (x86)\Steam\steamapps\common\GarrysMod\garrysmod\addons\mcv\work\compile_test_game\models/weapons/mcv/v_reising_m60.vvd:
vertices     88464 bytes (1843 vertices)
vertices    248928 bytes (5186 vertices)
tangents     29488 bytes (1843 vertices)
tangents     82976 bytes (5186 vertices)
total       449920 bytes
---------------------
Generating optimized mesh "C:\Program Files (x86)\Steam\steamapps\common\GarrysMod\garrysmod\addons\mcv\work\compile_test_game\models/weapons/mcv/v_reising_m60.dx80.vtx":
body parts:        16 bytes
models:            40 bytes
model LODs:        24 bytes
meshes:            45 bytes
strip groups:     125 bytes
strips:           135 bytes
verts:          63261 bytes
indices:        51924 bytes
bone changes:      64 bytes
everything:    115646 bytes
---------------------
Generating optimized mesh "C:\Program Files (x86)\Steam\steamapps\common\GarrysMod\garrysmod\addons\mcv\work\compile_test_game\models/weapons/mcv/v_reising_m60.dx90.vtx":
body parts:        16 bytes
models:            40 bytes
model LODs:        24 bytes
meshes:            45 bytes
strip groups:     125 bytes
strips:           135 bytes
verts:          63261 bytes
indices:        51924 bytes
bone changes:      64 bytes
everything:    115646 bytes

Completed "v_reising_m60.qc"
