StudioMDL.exe (Apr 27 2026) - Garry's Mod Edition
WARNING: Failed to load keyvalues file cfg/mount.cfg!
qdir:    "c:\program files (x86)\steam\steamapps\common\garrysmod\garrysmod\addons\mcv\work\mcv_smd_port\weapons\v_reising_m55\"
gamedir: "C:\Program Files (x86)\Steam\steamapps\common\GarrysMod\garrysmod\addons\mcv\work\compile_test_game\"
g_path:  "C:\Program Files (x86)\Steam\steamapps\common\GarrysMod\garrysmod\addons\mcv\work\MCV_SMD_PORT\weapons\v_reising_m55\v_reising_m55.qc"
Building binary model files...
Working on "v_reising_m55.qc"
SMD MODEL ..\..\..\MCV_SMD_OG\weapons\v_reising_m55\Ref_new.smd
SMD MODEL ..\..\..\MCV_SMD_OG\weapons\v_reising_m55\m55smg_ref.smd
SMD MODEL ..\..\..\MCV_SMD_OG\weapons\v_reising_m55\v_reising_m55_anims\runIdle_a_corrective_animation.smd
SMD MODEL ..\..\..\MCV_SMD_OG\weapons\v_reising_m55\v_reising_m55_anims\run_a_corrective_animation.smd
SMD MODEL ..\..\..\MCV_SMD_OG\weapons\v_reising_m55\v_reising_m55_anims\walkIdle_a_corrective_animation.smd
SMD MODEL ..\..\..\MCV_SMD_OG\weapons\v_reising_m55\v_reising_m55_anims\walk_a_corrective_animation.smd
SMD MODEL ..\..\..\MCV_SMD_OG\weapons\v_reising_m55\v_reising_m55_anims\shoot1_a_corrective_animation.smd
SMD MODEL ..\..\..\MCV_SMD_OG\weapons\v_reising_m55\v_reising_m55_anims\shoot1_ironsight_a_corrective_animation.smd
SMD MODEL ..\..\..\MCV_SMD_OG\weapons\v_reising_m55\v_reising_m55_anims\shoot2_a_corrective_animation.smd
SMD MODEL ..\..\..\MCV_SMD_OG\weapons\v_reising_m55\v_reising_m55_anims\shoot2_ironsight_a_corrective_animation.smd
SMD MODEL ..\..\..\MCV_SMD_OG\weapons\v_reising_m55\v_reising_m55_anims\shoot3_a_corrective_animation.smd
SMD MODEL ..\..\..\MCV_SMD_OG\weapons\v_reising_m55\v_reising_m55_anims\shoot3_ironsight_a_corrective_animation.smd
SMD MODEL ..\..\..\MCV_SMD_OG\weapons\v_reising_m55\v_reising_m55_anims\basePose_a.smd
SMD MODEL ..\..\..\MCV_SMD_OG\weapons\v_reising_m55\v_reising_m55_anims\ironsight.smd
SMD MODEL ..\..\..\MCV_SMD_OG\weapons\v_reising_m55\v_reising_m55_anims\ironsight_transition.smd
SMD MODEL ..\..\..\MCV_SMD_OG\weapons\v_reising_m55\v_reising_m55_anims\walkBase.smd
SMD MODEL ..\..\..\MCV_SMD_OG\weapons\v_reising_m55\v_reising_m55_anims\runIdle_a.smd
SMD MODEL fixed_anims\run_a.smd
SMD MODEL ..\..\..\MCV_SMD_OG\weapons\v_reising_m55\v_reising_m55_anims\walkIdle_a.smd
SMD MODEL fixed_anims\walk_a.smd
SMD MODEL ..\..\..\MCV_SMD_OG\weapons\v_reising_m55\v_reising_m55_anims\shoot1_a.smd
SMD MODEL ..\..\..\MCV_SMD_OG\weapons\v_reising_m55\v_reising_m55_anims\shoot1_ironsight_a.smd
SMD MODEL ..\..\..\MCV_SMD_OG\weapons\v_reising_m55\v_reising_m55_anims\shoot2_a.smd
SMD MODEL ..\..\..\MCV_SMD_OG\weapons\v_reising_m55\v_reising_m55_anims\shoot2_ironsight_a.smd
SMD MODEL ..\..\..\MCV_SMD_OG\weapons\v_reising_m55\v_reising_m55_anims\shoot3_a.smd
SMD MODEL ..\..\..\MCV_SMD_OG\weapons\v_reising_m55\v_reising_m55_anims\shoot3_ironsight_a.smd
SMD MODEL ..\..\..\MCV_SMD_OG\weapons\v_reising_m55\v_reising_m55_anims\nearwall_s_a.smd
SMD MODEL ..\..\..\MCV_SMD_OG\weapons\v_reising_m55\v_reising_m55_anims\nearwall_s_a_i.smd
SMD MODEL ..\..\..\MCV_SMD_OG\weapons\v_reising_m55\v_reising_m55_anims\nearwall_a.smd
SMD MODEL ..\..\..\MCV_SMD_OG\weapons\v_reising_m55\v_reising_m55_anims\nearwall_a_i.smd
SMD MODEL ..\..\..\MCV_SMD_OG\weapons\v_reising_m55\v_reising_m55_anims\nearwall_e_a.smd
SMD MODEL ..\..\..\MCV_SMD_OG\weapons\v_reising_m55\v_reising_m55_anims\nearwall_e_a_i.smd
SMD MODEL ..\..\..\MCV_SMD_OG\weapons\v_reising_m55\v_reising_m55_anims\proneF.smd
SMD MODEL ..\..\..\MCV_SMD_OG\weapons\v_reising_m55\v_reising_m55_anims\proneB.smd
SMD MODEL ..\..\..\MCV_SMD_OG\weapons\v_reising_m55\v_reising_m55_anims\proneL.smd
SMD MODEL ..\..\..\MCV_SMD_OG\weapons\v_reising_m55\v_reising_m55_anims\proneR.smd
SMD MODEL ..\..\..\MCV_SMD_OG\weapons\v_reising_m55\v_reising_m55_anims\pickup_s_a.smd
SMD MODEL ..\..\..\MCV_SMD_OG\weapons\v_reising_m55\v_reising_m55_anims\pickup_s_a_i.smd
SMD MODEL ..\..\..\MCV_SMD_OG\weapons\v_reising_m55\v_reising_m55_anims\pickup_a.smd
SMD MODEL ..\..\..\MCV_SMD_OG\weapons\v_reising_m55\v_reising_m55_anims\pickup_a_i.smd
SMD MODEL ..\..\..\MCV_SMD_OG\weapons\v_reising_m55\v_reising_m55_anims\pickup_e_a.smd
SMD MODEL ..\..\..\MCV_SMD_OG\weapons\v_reising_m55\v_reising_m55_anims\pickup_e_a_i.smd
SMD MODEL ..\..\..\MCV_SMD_OG\weapons\v_reising_m55\v_reising_m55_anims\change_firemode_idle.smd
SMD MODEL ..\..\..\MCV_SMD_OG\weapons\v_reising_m55\v_reising_m55_anims\change_firemode_iron.smd
SMD MODEL ..\..\..\MCV_SMD_OG\weapons\v_reising_m55\v_reising_m55_anims\draw.smd
SMD MODEL ..\..\..\MCV_SMD_OG\weapons\v_reising_m55\v_reising_m55_anims\draw_2.smd
SMD MODEL ..\..\..\MCV_SMD_OG\weapons\v_reising_m55\v_reising_m55_anims\Firstdraw.smd
SMD MODEL ..\..\..\MCV_SMD_OG\weapons\v_reising_m55\v_reising_m55_anims\Firstdraw_2.smd
SMD MODEL ..\..\..\MCV_SMD_OG\weapons\v_reising_m55\v_reising_m55_anims\reload.smd
SMD MODEL ..\..\..\MCV_SMD_OG\weapons\v_reising_m55\v_reising_m55_anims\reload_2.smd
SMD MODEL ..\..\..\MCV_SMD_OG\weapons\v_reising_m55\v_reising_m55_anims\reload_empty.smd
SMD MODEL ..\..\..\MCV_SMD_OG\weapons\v_reising_m55\v_reising_m55_anims\reload_empty_2.smd
SMD MODEL ..\..\..\MCV_SMD_OG\weapons\v_reising_m55\v_reising_m55_anims\bash.smd
SMD MODEL ..\..\..\MCV_SMD_OG\weapons\v_reising_m55\v_reising_m55_anims\bash_2.smd
SMD MODEL ..\..\..\MCV_SMD_OG\weapons\v_reising_m55\v_reising_m55_anims\holster.smd
Processing LOD for material: reising_mag
Processing LOD for material: shells_small
Processing LOD for material: m60r
Processing LOD for material: reising_mag
Processing LOD for material: m55r
---------------------
writing C:\Program Files (x86)\Steam\steamapps\common\GarrysMod\garrysmod\addons\mcv\work\compile_test_game\models/weapons/mcv/v_reising_m55.mdl:
Loading preexisting model: C:\Program Files (x86)\Steam\steamapps\common\GarrysMod\garrysmod\addons\mcv\work\compile_test_game\models/weapons/mcv/v_reising_m55.mdl
WARNING: LoadPreexistingSequenceOrder: Zero-size file or no sequences.
bones        21988 bytes (96)
animations  172340 bytes (56 anims) (1630 frames) [0:54]
sequences     9176 bytes (24 seq) 
ik/pose        388 bytes
eyeballs         0 bytes (0 eyeballs)
flexes           0 bytes (0 flexes)
eyeballs         0 bytes (0 eyeballs)
flexes           0 bytes (0 flexes)
textures       272 bytes
keyvalues       20 bytes
bone transforms    13120 bytes
bone flex driver       0 bytes
collision        0 bytes
total       221204
---------------------
writing C:\Program Files (x86)\Steam\steamapps\common\GarrysMod\garrysmod\addons\mcv\work\compile_test_game\models/weapons/mcv/v_reising_m55.vvd:
vertices     88464 bytes (1843 vertices)
vertices    356160 bytes (7420 vertices)
tangents     29488 bytes (1843 vertices)
tangents    118720 bytes (7420 vertices)
total       592896 bytes
---------------------
Generating optimized mesh "C:\Program Files (x86)\Steam\steamapps\common\GarrysMod\garrysmod\addons\mcv\work\compile_test_game\models/weapons/mcv/v_reising_m55.dx80.vtx":
body parts:        16 bytes
models:            40 bytes
model LODs:        24 bytes
meshes:            45 bytes
strip groups:     125 bytes
strips:           135 bytes
verts:          83367 bytes
indices:        73890 bytes
bone changes:      64 bytes
everything:    157718 bytes
---------------------
Generating optimized mesh "C:\Program Files (x86)\Steam\steamapps\common\GarrysMod\garrysmod\addons\mcv\work\compile_test_game\models/weapons/mcv/v_reising_m55.dx90.vtx":
body parts:        16 bytes
models:            40 bytes
model LODs:        24 bytes
meshes:            45 bytes
strip groups:     125 bytes
strips:           135 bytes
verts:          83367 bytes
indices:        73890 bytes
bone changes:      64 bytes
everything:    157718 bytes

Completed "v_reising_m55.qc"
