StudioMDL.exe (Apr 27 2026) - Garry's Mod Edition
WARNING: Failed to load keyvalues file cfg/mount.cfg!
qdir:    "c:\program files (x86)\steam\steamapps\common\garrysmod\garrysmod\addons\mcv\work\mcv_smd_port\weapons\v_rhogun\"
gamedir: "C:\Program Files (x86)\Steam\steamapps\common\GarrysMod\garrysmod\addons\mcv\work\compile_test_game\"
g_path:  "C:\Program Files (x86)\Steam\steamapps\common\GarrysMod\garrysmod\addons\mcv\work\MCV_SMD_PORT\weapons\v_rhogun\v_rhogun.qc"
Building binary model files...
Working on "v_rhogun.qc"
SMD MODEL ..\..\..\MCV_SMD_OG\weapons\v_rhogun\Ref_new.smd
SMD MODEL ..\..\..\MCV_SMD_OG\weapons\v_rhogun\v_rhogun_anims\Default_corrective_animation.smd
SMD MODEL ..\..\..\MCV_SMD_OG\weapons\v_rhogun\v_rhogun_anims\Slideback_corrective_animation.smd
SMD MODEL ..\..\..\MCV_SMD_OG\weapons\v_rhogun\v_rhogun_anims\runIdle_a_corrective_animation.smd
SMD MODEL ..\..\..\MCV_SMD_OG\weapons\v_rhogun\v_rhogun_anims\run_a_corrective_animation.smd
SMD MODEL ..\..\..\MCV_SMD_OG\weapons\v_rhogun\v_rhogun_anims\walkIdle_a_corrective_animation.smd
SMD MODEL ..\..\..\MCV_SMD_OG\weapons\v_rhogun\v_rhogun_anims\walk_a_corrective_animation.smd
SMD MODEL ..\..\..\MCV_SMD_OG\weapons\v_rhogun\v_rhogun_anims\ShootMove_corrective_animation.smd
SMD MODEL ..\..\..\MCV_SMD_OG\weapons\v_rhogun\v_rhogun_anims\ShootStill_corrective_animation.smd
SMD MODEL ..\..\..\MCV_SMD_OG\weapons\v_rhogun\v_rhogun_anims\shoot1_a_corrective_animation.smd
SMD MODEL ..\..\..\MCV_SMD_OG\weapons\v_rhogun\v_rhogun_anims\shoot1_ironsight_a_corrective_animation.smd
SMD MODEL ..\..\..\MCV_SMD_OG\weapons\v_rhogun\v_rhogun_anims\shoot2_a_corrective_animation.smd
SMD MODEL ..\..\..\MCV_SMD_OG\weapons\v_rhogun\v_rhogun_anims\shoot2_ironsight_a_corrective_animation.smd
SMD MODEL ..\..\..\MCV_SMD_OG\weapons\v_rhogun\v_rhogun_anims\shoot3_a_corrective_animation.smd
SMD MODEL ..\..\..\MCV_SMD_OG\weapons\v_rhogun\v_rhogun_anims\shoot3_ironsight_a_corrective_animation.smd
SMD MODEL ..\..\..\MCV_SMD_OG\weapons\v_rhogun\v_rhogun_anims\PoseDelta.smd
SMD MODEL ..\..\..\MCV_SMD_OG\weapons\v_rhogun\v_rhogun_anims\PoseDelta2.smd
SMD MODEL ..\..\..\MCV_SMD_OG\weapons\v_rhogun\v_rhogun_anims\Default.smd
SMD MODEL ..\..\..\MCV_SMD_OG\weapons\v_rhogun\v_rhogun_anims\Slideback.smd
SMD MODEL ..\..\..\MCV_SMD_OG\weapons\v_rhogun\v_rhogun_anims\ShootMove.smd
SMD MODEL ..\..\..\MCV_SMD_OG\weapons\v_rhogun\v_rhogun_anims\ShootStill.smd
SMD MODEL ..\..\..\MCV_SMD_OG\weapons\v_rhogun\v_rhogun_anims\basePose_a.smd
SMD MODEL ..\..\..\MCV_SMD_OG\weapons\v_rhogun\v_rhogun_anims\ironsight.smd
SMD MODEL ..\..\..\MCV_SMD_OG\weapons\v_rhogun\v_rhogun_anims\ironsight_transition.smd
SMD MODEL ..\..\..\MCV_SMD_OG\weapons\v_rhogun\v_rhogun_anims\runIdle_a.smd
SMD MODEL ..\..\..\MCV_SMD_OG\weapons\v_rhogun\v_rhogun_anims\run_a.smd
SMD MODEL ..\..\..\MCV_SMD_OG\weapons\v_rhogun\v_rhogun_anims\walkIdle_a.smd
SMD MODEL ..\..\..\MCV_SMD_OG\weapons\v_rhogun\v_rhogun_anims\walk_a.smd
SMD MODEL ..\..\..\MCV_SMD_OG\weapons\v_rhogun\v_rhogun_anims\shoot1_a.smd
SMD MODEL ..\..\..\MCV_SMD_OG\weapons\v_rhogun\v_rhogun_anims\shoot1_ironsight_a.smd
SMD MODEL ..\..\..\MCV_SMD_OG\weapons\v_rhogun\v_rhogun_anims\shoot2_a.smd
SMD MODEL ..\..\..\MCV_SMD_OG\weapons\v_rhogun\v_rhogun_anims\shoot2_ironsight_a.smd
SMD MODEL ..\..\..\MCV_SMD_OG\weapons\v_rhogun\v_rhogun_anims\shoot3_a.smd
SMD MODEL ..\..\..\MCV_SMD_OG\weapons\v_rhogun\v_rhogun_anims\shoot3_ironsight_a.smd
SMD MODEL ..\..\..\MCV_SMD_OG\weapons\v_rhogun\v_rhogun_anims\nearwall_s_a.smd
SMD MODEL ..\..\..\MCV_SMD_OG\weapons\v_rhogun\v_rhogun_anims\nearwall_s_a_i.smd
SMD MODEL ..\..\..\MCV_SMD_OG\weapons\v_rhogun\v_rhogun_anims\nearwall_a.smd
SMD MODEL ..\..\..\MCV_SMD_OG\weapons\v_rhogun\v_rhogun_anims\nearwall_a_i.smd
SMD MODEL ..\..\..\MCV_SMD_OG\weapons\v_rhogun\v_rhogun_anims\nearwall_e_a.smd
SMD MODEL ..\..\..\MCV_SMD_OG\weapons\v_rhogun\v_rhogun_anims\nearwall_e_a_i.smd
SMD MODEL ..\..\..\MCV_SMD_OG\weapons\v_rhogun\v_rhogun_anims\proneF.smd
SMD MODEL ..\..\..\MCV_SMD_OG\weapons\v_rhogun\v_rhogun_anims\proneB.smd
SMD MODEL ..\..\..\MCV_SMD_OG\weapons\v_rhogun\v_rhogun_anims\proneL.smd
SMD MODEL ..\..\..\MCV_SMD_OG\weapons\v_rhogun\v_rhogun_anims\proneR.smd
SMD MODEL ..\..\..\MCV_SMD_OG\weapons\v_rhogun\v_rhogun_anims\pickup_s_a.smd
SMD MODEL ..\..\..\MCV_SMD_OG\weapons\v_rhogun\v_rhogun_anims\pickup_s_a_i.smd
SMD MODEL ..\..\..\MCV_SMD_OG\weapons\v_rhogun\v_rhogun_anims\pickup_a.smd
SMD MODEL ..\..\..\MCV_SMD_OG\weapons\v_rhogun\v_rhogun_anims\pickup_a_i.smd
SMD MODEL ..\..\..\MCV_SMD_OG\weapons\v_rhogun\v_rhogun_anims\pickup_e_a.smd
SMD MODEL ..\..\..\MCV_SMD_OG\weapons\v_rhogun\v_rhogun_anims\pickup_e_a_i.smd
SMD MODEL ..\..\..\MCV_SMD_OG\weapons\v_rhogun\v_rhogun_anims\draw.smd
SMD MODEL ..\..\..\MCV_SMD_OG\weapons\v_rhogun\v_rhogun_anims\draw_2.smd
SMD MODEL ..\..\..\MCV_SMD_OG\weapons\v_rhogun\v_rhogun_anims\Firstdraw.smd
SMD MODEL ..\..\..\MCV_SMD_OG\weapons\v_rhogun\v_rhogun_anims\Firstdraw_2.smd
SMD MODEL ..\..\..\MCV_SMD_OG\weapons\v_rhogun\v_rhogun_anims\reload.smd
SMD MODEL ..\..\..\MCV_SMD_OG\weapons\v_rhogun\v_rhogun_anims\reload_2.smd
SMD MODEL ..\..\..\MCV_SMD_OG\weapons\v_rhogun\v_rhogun_anims\reload_empty.smd
SMD MODEL ..\..\..\MCV_SMD_OG\weapons\v_rhogun\v_rhogun_anims\reload_empty_2.smd
SMD MODEL ..\..\..\MCV_SMD_OG\weapons\v_rhogun\v_rhogun_anims\bash.smd
SMD MODEL ..\..\..\MCV_SMD_OG\weapons\v_rhogun\v_rhogun_anims\bash_2.smd
SMD MODEL ..\..\..\MCV_SMD_OG\weapons\v_rhogun\v_rhogun_anims\holster.smd
Processing LOD for material: rhogun_base
Processing LOD for material: rhogun_mag
Processing LOD for material: shells_small
---------------------
writing C:\Program Files (x86)\Steam\steamapps\common\GarrysMod\garrysmod\addons\mcv\work\compile_test_game\models/weapons/mcv/v_rhogun.mdl:
Loading preexisting model: C:\Program Files (x86)\Steam\steamapps\common\GarrysMod\garrysmod\addons\mcv\work\compile_test_game\models/weapons/mcv/v_rhogun.mdl
WARNING: LoadPreexistingSequenceOrder: Zero-size file or no sequences.
bones        22124 bytes (96)
animations  168212 bytes (63 anims) (1613 frames) [0:53]
sequences     9556 bytes (25 seq) 
ik/pose        244 bytes
eyeballs         0 bytes (0 eyeballs)
flexes           0 bytes (0 flexes)
textures       208 bytes
keyvalues       20 bytes
bone transforms    13120 bytes
bone flex driver       0 bytes
collision        0 bytes
total       217276
---------------------
writing C:\Program Files (x86)\Steam\steamapps\common\GarrysMod\garrysmod\addons\mcv\work\compile_test_game\models/weapons/mcv/v_rhogun.vvd:
vertices    831936 bytes (17332 vertices)
tangents    277312 bytes (17332 vertices)
total      1109312 bytes
---------------------
Generating optimized mesh "C:\Program Files (x86)\Steam\steamapps\common\GarrysMod\garrysmod\addons\mcv\work\compile_test_game\models/weapons/mcv/v_rhogun.dx80.vtx":
body parts:         8 bytes
models:            20 bytes
model LODs:        12 bytes
meshes:            27 bytes
strip groups:      75 bytes
strips:            81 bytes
verts:         155988 bytes
indices:       149928 bytes
bone changes:      56 bytes
everything:    306219 bytes
---------------------
Generating optimized mesh "C:\Program Files (x86)\Steam\steamapps\common\GarrysMod\garrysmod\addons\mcv\work\compile_test_game\models/weapons/mcv/v_rhogun.dx90.vtx":
body parts:         8 bytes
models:            20 bytes
model LODs:        12 bytes
meshes:            27 bytes
strip groups:      75 bytes
strips:            81 bytes
verts:         155988 bytes
indices:       149928 bytes
bone changes:      56 bytes
everything:    306219 bytes

Completed "v_rhogun.qc"
