StudioMDL.exe (Apr 27 2026) - Garry's Mod Edition
WARNING: Failed to load keyvalues file cfg/mount.cfg!
qdir:    "c:\program files (x86)\steam\steamapps\common\garrysmod\garrysmod\addons\mcv\work\mcv_smd_port\weapons\v_rpdb_sog\"
gamedir: "C:\Program Files (x86)\Steam\steamapps\common\GarrysMod\garrysmod\addons\mcv\work\compile_test_game\"
g_path:  "C:\Program Files (x86)\Steam\steamapps\common\GarrysMod\garrysmod\addons\mcv\work\MCV_SMD_PORT\weapons\v_rpdb_sog\v_rpdb_sog.qc"
Building binary model files...
Working on "v_rpdb_sog.qc"
SMD MODEL ..\..\..\MCV_SMD_OG\weapons\v_rpdb_sog\RPDRef_sog.smd
SMD MODEL ..\..\..\MCV_SMD_OG\weapons\v_rpdb_sog\Bulletnew.smd
SMD MODEL ..\..\..\MCV_SMD_OG\weapons\v_rpdb_sog\Bulletnew.001.smd
SMD MODEL ..\..\..\MCV_SMD_OG\weapons\v_rpdb_sog\Bulletnew.002.smd
SMD MODEL ..\..\..\MCV_SMD_OG\weapons\v_rpdb_sog\Bulletnew.003.smd
SMD MODEL ..\..\..\MCV_SMD_OG\weapons\v_rpdb_sog\Bulletnew.004.smd
SMD MODEL ..\..\..\MCV_SMD_OG\weapons\v_rpdb_sog\Bulletnew.005.smd
SMD MODEL ..\..\..\MCV_SMD_OG\weapons\v_rpdb_sog\Bulletnew.006.smd
SMD MODEL ..\..\..\MCV_SMD_OG\weapons\v_rpdb_sog\Bulletnew.007.smd
SMD MODEL ..\..\..\MCV_SMD_OG\weapons\v_rpdb_sog\Bulletnew.008.smd
SMD MODEL ..\..\..\MCV_SMD_OG\weapons\v_rpdb_sog\Bulletnew.009.smd
SMD MODEL ..\..\..\MCV_SMD_OG\weapons\v_rpdb_sog\Bulletnew.010.smd
SMD MODEL ..\..\..\MCV_SMD_OG\weapons\v_rpdb_sog\Bulletnew.011.smd
SMD MODEL ..\..\..\MCV_SMD_OG\weapons\v_rpdb_sog\Bulletnew.012.smd
SMD MODEL ..\..\..\MCV_SMD_OG\weapons\v_rpdb_sog\Bulletnew.013.smd
SMD MODEL ..\..\..\MCV_SMD_OG\weapons\v_rpdb_sog\Bulletnew.014.smd
SMD MODEL ..\..\..\MCV_SMD_OG\weapons\v_rpdb_sog\Bulletnew.015.smd
SMD MODEL ..\..\..\MCV_SMD_OG\weapons\v_rpdb_sog\Bulletnew.016.smd
SMD MODEL ..\..\..\MCV_SMD_OG\weapons\v_rpdb_sog\Bulletnew.017.smd
SMD MODEL ..\..\..\MCV_SMD_OG\weapons\v_rpdb_sog\Bulletnew.018.smd
SMD MODEL ..\..\..\MCV_SMD_OG\weapons\v_rpdb_sog\Bulletnew.019.smd
SMD MODEL ..\..\..\MCV_SMD_OG\weapons\v_rpdb_sog\v_rpdb_sog_anims\runIdle_a_corrective_animation.smd
SMD MODEL ..\..\..\MCV_SMD_OG\weapons\v_rpdb_sog\v_rpdb_sog_anims\run_a_corrective_animation.smd
SMD MODEL ..\..\..\MCV_SMD_OG\weapons\v_rpdb_sog\v_rpdb_sog_anims\walkIdle_a_corrective_animation.smd
SMD MODEL ..\..\..\MCV_SMD_OG\weapons\v_rpdb_sog\v_rpdb_sog_anims\walk_a_corrective_animation.smd
SMD MODEL ..\..\..\MCV_SMD_OG\weapons\v_rpdb_sog\v_rpdb_sog_anims\walk_a_r_corrective_animation.smd
SMD MODEL ..\..\..\MCV_SMD_OG\weapons\v_rpdb_sog\v_rpdb_sog_anims\shoot1_a_corrective_animation.smd
SMD MODEL ..\..\..\MCV_SMD_OG\weapons\v_rpdb_sog\v_rpdb_sog_anims\shoot1_ironsight_a_corrective_animation.smd
SMD MODEL ..\..\..\MCV_SMD_OG\weapons\v_rpdb_sog\v_rpdb_sog_anims\shoot2_a_corrective_animation.smd
SMD MODEL ..\..\..\MCV_SMD_OG\weapons\v_rpdb_sog\v_rpdb_sog_anims\shoot2_ironsight_a_corrective_animation.smd
SMD MODEL ..\..\..\MCV_SMD_OG\weapons\v_rpdb_sog\v_rpdb_sog_anims\shoot3_a_corrective_animation.smd
SMD MODEL ..\..\..\MCV_SMD_OG\weapons\v_rpdb_sog\v_rpdb_sog_anims\shoot3_ironsight_a_corrective_animation.smd
SMD MODEL ..\..\..\MCV_SMD_OG\weapons\v_rpdb_sog\v_rpdb_sog_anims\shoot1_d_a_corrective_animation.smd
SMD MODEL ..\..\..\MCV_SMD_OG\weapons\v_rpdb_sog\v_rpdb_sog_anims\shoot1_di_a_corrective_animation.smd
SMD MODEL ..\..\..\MCV_SMD_OG\weapons\v_rpdb_sog\v_rpdb_sog_anims\shoot2_d_a_corrective_animation.smd
SMD MODEL ..\..\..\MCV_SMD_OG\weapons\v_rpdb_sog\v_rpdb_sog_anims\shoot2_di_a_corrective_animation.smd
SMD MODEL ..\..\..\MCV_SMD_OG\weapons\v_rpdb_sog\v_rpdb_sog_anims\shoot3_d_a_corrective_animation.smd
SMD MODEL ..\..\..\MCV_SMD_OG\weapons\v_rpdb_sog\v_rpdb_sog_anims\shoot3_di_a_corrective_animation.smd
SMD MODEL ..\..\..\MCV_SMD_OG\weapons\v_rpdb_sog\v_rpdb_sog_anims\basePose_a.smd
SMD MODEL ..\..\..\MCV_SMD_OG\weapons\v_rpdb_sog\v_rpdb_sog_anims\ironsight.smd
SMD MODEL ..\..\..\MCV_SMD_OG\weapons\v_rpdb_sog\v_rpdb_sog_anims\ironsight_transition.smd
SMD MODEL ..\..\..\MCV_SMD_OG\weapons\v_rpdb_sog\v_rpdb_sog_anims\walkPoses.smd
SMD MODEL ..\..\..\MCV_SMD_OG\weapons\v_rpdb_sog\v_rpdb_sog_anims\runIdle_a.smd
SMD MODEL ..\..\..\MCV_SMD_OG\weapons\v_rpdb_sog\v_rpdb_sog_anims\run_a.smd
SMD MODEL ..\..\..\MCV_SMD_OG\weapons\v_rpdb_sog\v_rpdb_sog_anims\walkIdle_a.smd
SMD MODEL ..\..\..\MCV_SMD_OG\weapons\v_rpdb_sog\v_rpdb_sog_anims\walk_a.smd
SMD MODEL ..\..\..\MCV_SMD_OG\weapons\v_rpdb_sog\v_rpdb_sog_anims\walk_a_r.smd
SMD MODEL ..\..\..\MCV_SMD_OG\weapons\v_rpdb_sog\v_rpdb_sog_anims\shoot1_a.smd
SMD MODEL ..\..\..\MCV_SMD_OG\weapons\v_rpdb_sog\v_rpdb_sog_anims\shoot1_ironsight_a.smd
SMD MODEL ..\..\..\MCV_SMD_OG\weapons\v_rpdb_sog\v_rpdb_sog_anims\shoot2_a.smd
SMD MODEL ..\..\..\MCV_SMD_OG\weapons\v_rpdb_sog\v_rpdb_sog_anims\shoot2_ironsight_a.smd
SMD MODEL ..\..\..\MCV_SMD_OG\weapons\v_rpdb_sog\v_rpdb_sog_anims\shoot3_a.smd
SMD MODEL ..\..\..\MCV_SMD_OG\weapons\v_rpdb_sog\v_rpdb_sog_anims\shoot3_ironsight_a.smd
SMD MODEL ..\..\..\MCV_SMD_OG\weapons\v_rpdb_sog\v_rpdb_sog_anims\nearwall_s_a.smd
SMD MODEL ..\..\..\MCV_SMD_OG\weapons\v_rpdb_sog\v_rpdb_sog_anims\nearwall_s_a_i.smd
SMD MODEL ..\..\..\MCV_SMD_OG\weapons\v_rpdb_sog\v_rpdb_sog_anims\nearwall_a.smd
SMD MODEL ..\..\..\MCV_SMD_OG\weapons\v_rpdb_sog\v_rpdb_sog_anims\nearwall_a_i.smd
SMD MODEL ..\..\..\MCV_SMD_OG\weapons\v_rpdb_sog\v_rpdb_sog_anims\nearwall_e_a.smd
SMD MODEL ..\..\..\MCV_SMD_OG\weapons\v_rpdb_sog\v_rpdb_sog_anims\nearwall_e_a_i.smd
SMD MODEL ..\..\..\MCV_SMD_OG\weapons\v_rpdb_sog\v_rpdb_sog_anims\prone_deployF.smd
SMD MODEL ..\..\..\MCV_SMD_OG\weapons\v_rpdb_sog\v_rpdb_sog_anims\prone_deployB.smd
SMD MODEL ..\..\..\MCV_SMD_OG\weapons\v_rpdb_sog\v_rpdb_sog_anims\prone_deployL.smd
SMD MODEL ..\..\..\MCV_SMD_OG\weapons\v_rpdb_sog\v_rpdb_sog_anims\prone_deployR.smd
SMD MODEL ..\..\..\MCV_SMD_OG\weapons\v_rpdb_sog\v_rpdb_sog_anims\proneF.smd
SMD MODEL ..\..\..\MCV_SMD_OG\weapons\v_rpdb_sog\v_rpdb_sog_anims\proneB.smd
SMD MODEL ..\..\..\MCV_SMD_OG\weapons\v_rpdb_sog\v_rpdb_sog_anims\proneL.smd
SMD MODEL ..\..\..\MCV_SMD_OG\weapons\v_rpdb_sog\v_rpdb_sog_anims\proneR.smd
SMD MODEL ..\..\..\MCV_SMD_OG\weapons\v_rpdb_sog\v_rpdb_sog_anims\pickup_s_a.smd
SMD MODEL ..\..\..\MCV_SMD_OG\weapons\v_rpdb_sog\v_rpdb_sog_anims\pickup_s_a_i.smd
SMD MODEL ..\..\..\MCV_SMD_OG\weapons\v_rpdb_sog\v_rpdb_sog_anims\pickup_a.smd
SMD MODEL ..\..\..\MCV_SMD_OG\weapons\v_rpdb_sog\v_rpdb_sog_anims\pickup_a_i.smd
SMD MODEL ..\..\..\MCV_SMD_OG\weapons\v_rpdb_sog\v_rpdb_sog_anims\pickup_e_a.smd
SMD MODEL ..\..\..\MCV_SMD_OG\weapons\v_rpdb_sog\v_rpdb_sog_anims\pickup_e_a_i.smd
SMD MODEL ..\..\..\MCV_SMD_OG\weapons\v_rpdb_sog\v_rpdb_sog_anims\deploy_s_a.smd
SMD MODEL ..\..\..\MCV_SMD_OG\weapons\v_rpdb_sog\v_rpdb_sog_anims\deploy_s_a_i.smd
SMD MODEL ..\..\..\MCV_SMD_OG\weapons\v_rpdb_sog\v_rpdb_sog_anims\deploy_a.smd
SMD MODEL ..\..\..\MCV_SMD_OG\weapons\v_rpdb_sog\v_rpdb_sog_anims\ironsightdeploy.smd
SMD MODEL ..\..\..\MCV_SMD_OG\weapons\v_rpdb_sog\v_rpdb_sog_anims\deploy_e_a.smd
SMD MODEL ..\..\..\MCV_SMD_OG\weapons\v_rpdb_sog\v_rpdb_sog_anims\deploy_e_a_i.smd
SMD MODEL ..\..\..\MCV_SMD_OG\weapons\v_rpdb_sog\v_rpdb_sog_anims\shoot1_d_a.smd
SMD MODEL ..\..\..\MCV_SMD_OG\weapons\v_rpdb_sog\v_rpdb_sog_anims\shoot1_di_a.smd
SMD MODEL ..\..\..\MCV_SMD_OG\weapons\v_rpdb_sog\v_rpdb_sog_anims\shoot2_d_a.smd
SMD MODEL ..\..\..\MCV_SMD_OG\weapons\v_rpdb_sog\v_rpdb_sog_anims\shoot2_di_a.smd
SMD MODEL ..\..\..\MCV_SMD_OG\weapons\v_rpdb_sog\v_rpdb_sog_anims\shoot3_d_a.smd
SMD MODEL ..\..\..\MCV_SMD_OG\weapons\v_rpdb_sog\v_rpdb_sog_anims\shoot3_di_a.smd
SMD MODEL ..\..\..\MCV_SMD_OG\weapons\v_rpdb_sog\v_rpdb_sog_anims\draw.smd
SMD MODEL ..\..\..\MCV_SMD_OG\weapons\v_rpdb_sog\v_rpdb_sog_anims\draw_2.smd
SMD MODEL ..\..\..\MCV_SMD_OG\weapons\v_rpdb_sog\v_rpdb_sog_anims\Firstdraw.smd
SMD MODEL ..\..\..\MCV_SMD_OG\weapons\v_rpdb_sog\v_rpdb_sog_anims\Firstdraw_2.smd
SMD MODEL ..\..\..\MCV_SMD_OG\weapons\v_rpdb_sog\v_rpdb_sog_anims\reload.smd
SMD MODEL ..\..\..\MCV_SMD_OG\weapons\v_rpdb_sog\v_rpdb_sog_anims\reload_2.smd
SMD MODEL ..\..\..\MCV_SMD_OG\weapons\v_rpdb_sog\v_rpdb_sog_anims\reload_empty.smd
SMD MODEL ..\..\..\MCV_SMD_OG\weapons\v_rpdb_sog\v_rpdb_sog_anims\reload_empty_2.smd
SMD MODEL ..\..\..\MCV_SMD_OG\weapons\v_rpdb_sog\v_rpdb_sog_anims\bash.smd
SMD MODEL ..\..\..\MCV_SMD_OG\weapons\v_rpdb_sog\v_rpdb_sog_anims\bash_2.smd
SMD MODEL ..\..\..\MCV_SMD_OG\weapons\v_rpdb_sog\v_rpdb_sog_anims\reload_deploy.smd
SMD MODEL ..\..\..\MCV_SMD_OG\weapons\v_rpdb_sog\v_rpdb_sog_anims\reload_deploy_2.smd
SMD MODEL ..\..\..\MCV_SMD_OG\weapons\v_rpdb_sog\v_rpdb_sog_anims\reload_deploy_empty.smd
SMD MODEL ..\..\..\MCV_SMD_OG\weapons\v_rpdb_sog\v_rpdb_sog_anims\reload_deploy_empty_2.smd
SMD MODEL ..\..\..\MCV_SMD_OG\weapons\v_rpdb_sog\v_rpdb_sog_anims\holster.smd
Processing LOD for material: rpd
Processing LOD for material: shells_small
Processing LOD for material: shells_small
Processing LOD for material: shells_small
Processing LOD for material: shells_small
Processing LOD for material: shells_small
Processing LOD for material: shells_small
Processing LOD for material: shells_small
Processing LOD for material: shells_small
Processing LOD for material: shells_small
Processing LOD for material: shells_small
Processing LOD for material: shells_small
Processing LOD for material: shells_small
Processing LOD for material: shells_small
Processing LOD for material: shells_small
Processing LOD for material: shells_small
Processing LOD for material: shells_small
Processing LOD for material: shells_small
Processing LOD for material: shells_small
Processing LOD for material: shells_small
Processing LOD for material: shells_small
---------------------
writing C:\Program Files (x86)\Steam\steamapps\common\GarrysMod\garrysmod\addons\mcv\work\compile_test_game\models/weapons/mcv/v_rpdb_sog.mdl:
Loading preexisting model: C:\Program Files (x86)\Steam\steamapps\common\GarrysMod\garrysmod\addons\mcv\work\compile_test_game\models/weapons/mcv/v_rpdb_sog.mdl
WARNING: LoadPreexistingSequenceOrder: Zero-size file or no sequences.
bones        26832 bytes (118)
animations  764072 bytes (84 anims) (3461 frames) [1:53]
sequences    15780 bytes (36 seq) 
ik/pose       6464 bytes
eyeballs         0 bytes (0 eyeballs)
flexes           0 bytes (0 flexes)
eyeballs         0 bytes (0 eyeballs)
flexes           0 bytes (0 flexes)
eyeballs         0 bytes (0 eyeballs)
flexes           0 bytes (0 flexes)
eyeballs         0 bytes (0 eyeballs)
flexes           0 bytes (0 flexes)
eyeballs         0 bytes (0 eyeballs)
flexes           0 bytes (0 flexes)
eyeballs         0 bytes (0 eyeballs)
flexes           0 bytes (0 flexes)
eyeballs         0 bytes (0 eyeballs)
flexes           0 bytes (0 flexes)
eyeballs         0 bytes (0 eyeballs)
flexes           0 bytes (0 flexes)
eyeballs         0 bytes (0 eyeballs)
flexes           0 bytes (0 flexes)
eyeballs         0 bytes (0 eyeballs)
flexes           0 bytes (0 flexes)
eyeballs         0 bytes (0 eyeballs)
flexes           0 bytes (0 flexes)
eyeballs         0 bytes (0 eyeballs)
flexes           0 bytes (0 flexes)
eyeballs         0 bytes (0 eyeballs)
flexes           0 bytes (0 flexes)
eyeballs         0 bytes (0 eyeballs)
flexes           0 bytes (0 flexes)
eyeballs         0 bytes (0 eyeballs)
flexes           0 bytes (0 flexes)
eyeballs         0 bytes (0 eyeballs)
flexes           0 bytes (0 flexes)
eyeballs         0 bytes (0 eyeballs)
flexes           0 bytes (0 flexes)
eyeballs         0 bytes (0 eyeballs)
flexes           0 bytes (0 flexes)
eyeballs         0 bytes (0 eyeballs)
flexes           0 bytes (0 flexes)
eyeballs         0 bytes (0 eyeballs)
flexes           0 bytes (0 flexes)
eyeballs         0 bytes (0 eyeballs)
flexes           0 bytes (0 flexes)
eyeballs         0 bytes (0 eyeballs)
flexes           0 bytes (0 flexes)
eyeballs         0 bytes (0 eyeballs)
flexes           0 bytes (0 flexes)
eyeballs         0 bytes (0 eyeballs)
flexes           0 bytes (0 flexes)
eyeballs         0 bytes (0 eyeballs)
flexes           0 bytes (0 flexes)
eyeballs         0 bytes (0 eyeballs)
flexes           0 bytes (0 flexes)
eyeballs         0 bytes (0 eyeballs)
flexes           0 bytes (0 flexes)
eyeballs         0 bytes (0 eyeballs)
flexes           0 bytes (0 flexes)
eyeballs         0 bytes (0 eyeballs)
flexes           0 bytes (0 flexes)
eyeballs         0 bytes (0 eyeballs)
flexes           0 bytes (0 flexes)
eyeballs         0 bytes (0 eyeballs)
flexes           0 bytes (0 flexes)
eyeballs         0 bytes (0 eyeballs)
flexes           0 bytes (0 flexes)
eyeballs         0 bytes (0 eyeballs)
flexes           0 bytes (0 flexes)
eyeballs         0 bytes (0 eyeballs)
flexes           0 bytes (0 flexes)
eyeballs         0 bytes (0 eyeballs)
flexes           0 bytes (0 flexes)
eyeballs         0 bytes (0 eyeballs)
flexes           0 bytes (0 flexes)
eyeballs         0 bytes (0 eyeballs)
flexes           0 bytes (0 flexes)
eyeballs         0 bytes (0 eyeballs)
flexes           0 bytes (0 flexes)
eyeballs         0 bytes (0 eyeballs)
flexes           0 bytes (0 flexes)
eyeballs         0 bytes (0 eyeballs)
flexes           0 bytes (0 flexes)
eyeballs         0 bytes (0 eyeballs)
flexes           0 bytes (0 flexes)
textures       140 bytes
keyvalues       20 bytes
bone transforms    16112 bytes
bone flex driver       0 bytes
collision        0 bytes
total       836376
---------------------
writing C:\Program Files (x86)\Steam\steamapps\common\GarrysMod\garrysmod\addons\mcv\work\compile_test_game\models/weapons/mcv/v_rpdb_sog.vvd:
vertices   1370928 bytes (28561 vertices)
vertices     13920 bytes (290 vertices)
vertices     13920 bytes (290 vertices)
vertices     13920 bytes (290 vertices)
vertices     13920 bytes (290 vertices)
vertices     13920 bytes (290 vertices)
vertices     13920 bytes (290 vertices)
vertices     13920 bytes (290 vertices)
vertices     13920 bytes (290 vertices)
vertices     13920 bytes (290 vertices)
vertices     13920 bytes (290 vertices)
vertices     13920 bytes (290 vertices)
vertices     13920 bytes (290 vertices)
vertices     13920 bytes (290 vertices)
vertices     13920 bytes (290 vertices)
vertices     13920 bytes (290 vertices)
vertices     13920 bytes (290 vertices)
vertices     13920 bytes (290 vertices)
vertices     13920 bytes (290 vertices)
vertices     13920 bytes (290 vertices)
vertices     13920 bytes (290 vertices)
tangents    456976 bytes (28561 vertices)
tangents      4640 bytes (290 vertices)
tangents      4640 bytes (290 vertices)
tangents      4640 bytes (290 vertices)
tangents      4640 bytes (290 vertices)
tangents      4640 bytes (290 vertices)
tangents      4640 bytes (290 vertices)
tangents      4640 bytes (290 vertices)
tangents      4640 bytes (290 vertices)
tangents      4640 bytes (290 vertices)
tangents      4640 bytes (290 vertices)
tangents      4640 bytes (290 vertices)
tangents      4640 bytes (290 vertices)
tangents      4640 bytes (290 vertices)
tangents      4640 bytes (290 vertices)
tangents      4640 bytes (290 vertices)
tangents      4640 bytes (290 vertices)
tangents      4640 bytes (290 vertices)
tangents      4640 bytes (290 vertices)
tangents      4640 bytes (290 vertices)
tangents      4640 bytes (290 vertices)
total      2199168 bytes
---------------------
Generating optimized mesh "C:\Program Files (x86)\Steam\steamapps\common\GarrysMod\garrysmod\addons\mcv\work\compile_test_game\models/weapons/mcv/v_rpdb_sog.dx80.vtx":
body parts:       168 bytes
models:           820 bytes
model LODs:       492 bytes
meshes:           189 bytes
strip groups:     525 bytes
strips:           594 bytes
verts:         309249 bytes
indices:       231990 bytes
bone changes:     376 bytes
everything:    543947 bytes
---------------------
Generating optimized mesh "C:\Program Files (x86)\Steam\steamapps\common\GarrysMod\garrysmod\addons\mcv\work\compile_test_game\models/weapons/mcv/v_rpdb_sog.dx90.vtx":
body parts:       168 bytes
models:           820 bytes
model LODs:       492 bytes
meshes:           189 bytes
strip groups:     525 bytes
strips:           567 bytes
verts:         309249 bytes
indices:       231990 bytes
bone changes:     376 bytes
everything:    543920 bytes

Completed "v_rpdb_sog.qc"
