StudioMDL.exe (Apr 27 2026) - Garry's Mod Edition
WARNING: Failed to load keyvalues file cfg/mount.cfg!
qdir:    "c:\program files (x86)\steam\steamapps\common\garrysmod\garrysmod\addons\mcv\work\mcv_smd_port\weapons\v_ruby\"
gamedir: "C:\Program Files (x86)\Steam\steamapps\common\GarrysMod\garrysmod\addons\mcv\work\compile_test_game\"
g_path:  "C:\Program Files (x86)\Steam\steamapps\common\GarrysMod\garrysmod\addons\mcv\work\MCV_SMD_PORT\weapons\v_ruby\v_ruby.qc"
Building binary model files...
Working on "v_ruby.qc"
SMD MODEL ..\..\..\MCV_SMD_OG\weapons\v_ruby\ruby_ref.smd
SMD MODEL ..\..\..\MCV_SMD_OG\weapons\v_ruby\v_ruby_anims\Bullet0_corrective_animation.smd
SMD MODEL ..\..\..\MCV_SMD_OG\weapons\v_ruby\v_ruby_anims\Bullet1_corrective_animation.smd
SMD MODEL ..\..\..\MCV_SMD_OG\weapons\v_ruby\v_ruby_anims\Bullet2_corrective_animation.smd
SMD MODEL ..\..\..\MCV_SMD_OG\weapons\v_ruby\v_ruby_anims\Bullet3_corrective_animation.smd
SMD MODEL ..\..\..\MCV_SMD_OG\weapons\v_ruby\v_ruby_anims\Bullet4_corrective_animation.smd
SMD MODEL ..\..\..\MCV_SMD_OG\weapons\v_ruby\v_ruby_anims\Bullet5_corrective_animation.smd
SMD MODEL ..\..\..\MCV_SMD_OG\weapons\v_ruby\v_ruby_anims\Bullet6_corrective_animation.smd
SMD MODEL ..\..\..\MCV_SMD_OG\weapons\v_ruby\v_ruby_anims\Bullet7_corrective_animation.smd
SMD MODEL ..\..\..\MCV_SMD_OG\weapons\v_ruby\v_ruby_anims\Bullet8_corrective_animation.smd
SMD MODEL ..\..\..\MCV_SMD_OG\weapons\v_ruby\v_ruby_anims\Default_corrective_animation.smd
SMD MODEL ..\..\..\MCV_SMD_OG\weapons\v_ruby\v_ruby_anims\runIdle_a_corrective_animation.smd
SMD MODEL ..\..\..\MCV_SMD_OG\weapons\v_ruby\v_ruby_anims\run_a_corrective_animation.smd
SMD MODEL ..\..\..\MCV_SMD_OG\weapons\v_ruby\v_ruby_anims\walkIdle_a_corrective_animation.smd
SMD MODEL ..\..\..\MCV_SMD_OG\weapons\v_ruby\v_ruby_anims\walk_a_corrective_animation.smd
SMD MODEL ..\..\..\MCV_SMD_OG\weapons\v_ruby\v_ruby_anims\shoot1_a_corrective_animation.smd
SMD MODEL ..\..\..\MCV_SMD_OG\weapons\v_ruby\v_ruby_anims\shoot1_ironsight_a_corrective_animation.smd
SMD MODEL ..\..\..\MCV_SMD_OG\weapons\v_ruby\v_ruby_anims\shoot2_a_corrective_animation.smd
SMD MODEL ..\..\..\MCV_SMD_OG\weapons\v_ruby\v_ruby_anims\shoot2_ironsight_a_corrective_animation.smd
SMD MODEL ..\..\..\MCV_SMD_OG\weapons\v_ruby\v_ruby_anims\shoot3_a_corrective_animation.smd
SMD MODEL ..\..\..\MCV_SMD_OG\weapons\v_ruby\v_ruby_anims\shoot3_ironsight_a_corrective_animation.smd
SMD MODEL ..\..\..\MCV_SMD_OG\weapons\v_ruby\v_ruby_anims\shoot4_a_corrective_animation.smd
SMD MODEL ..\..\..\MCV_SMD_OG\weapons\v_ruby\v_ruby_anims\shoot4_ironsight_a_corrective_animation.smd
SMD MODEL ..\..\..\MCV_SMD_OG\weapons\v_ruby\v_ruby_anims\shootlast_a_corrective_animation.smd
SMD MODEL ..\..\..\MCV_SMD_OG\weapons\v_ruby\v_ruby_anims\shootlast_ironsight_a_corrective_animation.smd
SMD MODEL ..\..\..\MCV_SMD_OG\weapons\v_ruby\v_ruby_anims\PoseDelta.smd
SMD MODEL ..\..\..\MCV_SMD_OG\weapons\v_ruby\v_ruby_anims\Default.smd
SMD MODEL ..\..\..\MCV_SMD_OG\weapons\v_ruby\v_ruby_anims\Bullet8.smd
SMD MODEL ..\..\..\MCV_SMD_OG\weapons\v_ruby\v_ruby_anims\Bullet7.smd
SMD MODEL ..\..\..\MCV_SMD_OG\weapons\v_ruby\v_ruby_anims\Bullet6.smd
SMD MODEL ..\..\..\MCV_SMD_OG\weapons\v_ruby\v_ruby_anims\Bullet5.smd
SMD MODEL ..\..\..\MCV_SMD_OG\weapons\v_ruby\v_ruby_anims\Bullet4.smd
SMD MODEL ..\..\..\MCV_SMD_OG\weapons\v_ruby\v_ruby_anims\Bullet3.smd
SMD MODEL ..\..\..\MCV_SMD_OG\weapons\v_ruby\v_ruby_anims\Bullet2.smd
SMD MODEL ..\..\..\MCV_SMD_OG\weapons\v_ruby\v_ruby_anims\Bullet1.smd
SMD MODEL ..\..\..\MCV_SMD_OG\weapons\v_ruby\v_ruby_anims\Bullet0.smd
SMD MODEL ..\..\..\MCV_SMD_OG\weapons\v_ruby\v_ruby_anims\Slideback.smd
SMD MODEL ..\..\..\MCV_SMD_OG\weapons\v_ruby\v_ruby_anims\basePose_a.smd
SMD MODEL ..\..\..\MCV_SMD_OG\weapons\v_ruby\v_ruby_anims\ironsight.smd
SMD MODEL ..\..\..\MCV_SMD_OG\weapons\v_ruby\v_ruby_anims\ironsight_transition.smd
SMD MODEL ..\..\..\MCV_SMD_OG\weapons\v_ruby\v_ruby_anims\walkDelta.smd
SMD MODEL ..\..\..\MCV_SMD_OG\weapons\v_ruby\v_ruby_anims\runIdle_a.smd
SMD MODEL ..\..\..\MCV_SMD_OG\weapons\v_ruby\v_ruby_anims\run_a.smd
SMD MODEL ..\..\..\MCV_SMD_OG\weapons\v_ruby\v_ruby_anims\walkIdle_a.smd
SMD MODEL fixed_anims\walk_a.smd
SMD MODEL ..\..\..\MCV_SMD_OG\weapons\v_ruby\v_ruby_anims\shoot1_a.smd
SMD MODEL ..\..\..\MCV_SMD_OG\weapons\v_ruby\v_ruby_anims\shoot1_ironsight_a.smd
SMD MODEL ..\..\..\MCV_SMD_OG\weapons\v_ruby\v_ruby_anims\shoot2_a.smd
SMD MODEL ..\..\..\MCV_SMD_OG\weapons\v_ruby\v_ruby_anims\shoot2_ironsight_a.smd
SMD MODEL ..\..\..\MCV_SMD_OG\weapons\v_ruby\v_ruby_anims\shoot3_a.smd
SMD MODEL ..\..\..\MCV_SMD_OG\weapons\v_ruby\v_ruby_anims\shoot3_ironsight_a.smd
SMD MODEL ..\..\..\MCV_SMD_OG\weapons\v_ruby\v_ruby_anims\shoot4_a.smd
SMD MODEL ..\..\..\MCV_SMD_OG\weapons\v_ruby\v_ruby_anims\shoot4_ironsight_a.smd
SMD MODEL ..\..\..\MCV_SMD_OG\weapons\v_ruby\v_ruby_anims\shootlast_a.smd
SMD MODEL ..\..\..\MCV_SMD_OG\weapons\v_ruby\v_ruby_anims\shootlast_ironsight_a.smd
SMD MODEL ..\..\..\MCV_SMD_OG\weapons\v_ruby\v_ruby_anims\nearwall_s_a.smd
SMD MODEL ..\..\..\MCV_SMD_OG\weapons\v_ruby\v_ruby_anims\nearwall_s_a_i.smd
SMD MODEL ..\..\..\MCV_SMD_OG\weapons\v_ruby\v_ruby_anims\nearwall_a.smd
SMD MODEL ..\..\..\MCV_SMD_OG\weapons\v_ruby\v_ruby_anims\nearwall_a_i.smd
SMD MODEL ..\..\..\MCV_SMD_OG\weapons\v_ruby\v_ruby_anims\nearwall_e_a.smd
SMD MODEL ..\..\..\MCV_SMD_OG\weapons\v_ruby\v_ruby_anims\nearwall_e_a_i.smd
SMD MODEL ..\..\..\MCV_SMD_OG\weapons\v_ruby\v_ruby_anims\proneF.smd
SMD MODEL ..\..\..\MCV_SMD_OG\weapons\v_ruby\v_ruby_anims\proneB.smd
SMD MODEL ..\..\..\MCV_SMD_OG\weapons\v_ruby\v_ruby_anims\proneL.smd
SMD MODEL ..\..\..\MCV_SMD_OG\weapons\v_ruby\v_ruby_anims\proneR.smd
SMD MODEL ..\..\..\MCV_SMD_OG\weapons\v_ruby\v_ruby_anims\pickup_s_a.smd
SMD MODEL ..\..\..\MCV_SMD_OG\weapons\v_ruby\v_ruby_anims\pickup_s_a_i.smd
SMD MODEL ..\..\..\MCV_SMD_OG\weapons\v_ruby\v_ruby_anims\pickup_a.smd
SMD MODEL ..\..\..\MCV_SMD_OG\weapons\v_ruby\v_ruby_anims\pickup_a_i.smd
SMD MODEL ..\..\..\MCV_SMD_OG\weapons\v_ruby\v_ruby_anims\pickup_e_a.smd
SMD MODEL ..\..\..\MCV_SMD_OG\weapons\v_ruby\v_ruby_anims\pickup_e_a_i.smd
SMD MODEL ..\..\..\MCV_SMD_OG\weapons\v_ruby\v_ruby_anims\draw.smd
SMD MODEL ..\..\..\MCV_SMD_OG\weapons\v_ruby\v_ruby_anims\draw_2.smd
SMD MODEL ..\..\..\MCV_SMD_OG\weapons\v_ruby\v_ruby_anims\Firstdraw.smd
SMD MODEL ..\..\..\MCV_SMD_OG\weapons\v_ruby\v_ruby_anims\Firstdraw_2.smd
SMD MODEL ..\..\..\MCV_SMD_OG\weapons\v_ruby\v_ruby_anims\reload.smd
SMD MODEL ..\..\..\MCV_SMD_OG\weapons\v_ruby\v_ruby_anims\reload_2.smd
SMD MODEL ..\..\..\MCV_SMD_OG\weapons\v_ruby\v_ruby_anims\reload_empty.smd
SMD MODEL ..\..\..\MCV_SMD_OG\weapons\v_ruby\v_ruby_anims\reload_empty_2.smd
SMD MODEL ..\..\..\MCV_SMD_OG\weapons\v_ruby\v_ruby_anims\bash.smd
SMD MODEL ..\..\..\MCV_SMD_OG\weapons\v_ruby\v_ruby_anims\bash_2.smd
SMD MODEL ..\..\..\MCV_SMD_OG\weapons\v_ruby\v_ruby_anims\holster.smd
Processing LOD for material: shells_small_additional
Processing LOD for material: ruby
---------------------
writing C:\Program Files (x86)\Steam\steamapps\common\GarrysMod\garrysmod\addons\mcv\work\compile_test_game\models/weapons/mcv/v_ruby.mdl:
Loading preexisting model: C:\Program Files (x86)\Steam\steamapps\common\GarrysMod\garrysmod\addons\mcv\work\compile_test_game\models/weapons/mcv/v_ruby.mdl
WARNING: LoadPreexistingSequenceOrder: Zero-size file or no sequences.
bones        23724 bytes (104)
animations  213568 bytes (84 anims) (1611 frames) [0:53]
sequences    11000 bytes (28 seq) 
ik/pose        244 bytes
eyeballs         0 bytes (0 eyeballs)
flexes           0 bytes (0 flexes)
textures       140 bytes
keyvalues       20 bytes
bone transforms    14208 bytes
bone flex driver       0 bytes
collision        0 bytes
total       267160
---------------------
writing C:\Program Files (x86)\Steam\steamapps\common\GarrysMod\garrysmod\addons\mcv\work\compile_test_game\models/weapons/mcv/v_ruby.vvd:
vertices    409776 bytes (8537 vertices)
tangents    136592 bytes (8537 vertices)
total       546432 bytes
---------------------
Generating optimized mesh "C:\Program Files (x86)\Steam\steamapps\common\GarrysMod\garrysmod\addons\mcv\work\compile_test_game\models/weapons/mcv/v_ruby.dx80.vtx":
body parts:         8 bytes
models:            20 bytes
model LODs:        12 bytes
meshes:            18 bytes
strip groups:      50 bytes
strips:            54 bytes
verts:          76833 bytes
indices:        56856 bytes
bone changes:     120 bytes
everything:    133995 bytes
---------------------
Generating optimized mesh "C:\Program Files (x86)\Steam\steamapps\common\GarrysMod\garrysmod\addons\mcv\work\compile_test_game\models/weapons/mcv/v_ruby.dx90.vtx":
body parts:         8 bytes
models:            20 bytes
model LODs:        12 bytes
meshes:            18 bytes
strip groups:      50 bytes
strips:            54 bytes
verts:          76833 bytes
indices:        56856 bytes
bone changes:     120 bytes
everything:    133995 bytes

Completed "v_ruby.qc"
