StudioMDL.exe (Apr 27 2026) - Garry's Mod Edition
WARNING: Failed to load keyvalues file cfg/mount.cfg!
qdir:    "c:\program files (x86)\steam\steamapps\common\garrysmod\garrysmod\addons\mcv\work\mcv_smd_port\weapons\v_shovel_vc\"
gamedir: "C:\Program Files (x86)\Steam\steamapps\common\GarrysMod\garrysmod\addons\mcv\work\compile_test_game\"
g_path:  "C:\Program Files (x86)\Steam\steamapps\common\GarrysMod\garrysmod\addons\mcv\work\MCV_SMD_PORT\weapons\v_shovel_vc\v_shovel_vc.qc"
Building binary model files...
Working on "v_shovel_vc.qc"
SMD MODEL ..\..\..\MCV_SMD_OG\weapons\v_shovel_vc\Ref_VC.smd
SMD MODEL ..\..\..\MCV_SMD_OG\weapons\v_shovel_vc\v_shovel_vc_anims\runIdle_a_corrective_animation.smd
SMD MODEL ..\..\..\MCV_SMD_OG\weapons\v_shovel_vc\v_shovel_vc_anims\run_a_corrective_animation.smd
SMD MODEL ..\..\..\MCV_SMD_OG\weapons\v_shovel_vc\v_shovel_vc_anims\walkIdle_a_corrective_animation.smd
SMD MODEL ..\..\..\MCV_SMD_OG\weapons\v_shovel_vc\v_shovel_vc_anims\walk_a_corrective_animation.smd
SMD MODEL ..\..\..\MCV_SMD_OG\weapons\v_shovel_vc\v_shovel_vc_anims\basePose_a.smd
SMD MODEL ..\..\..\MCV_SMD_OG\weapons\v_shovel_vc\v_shovel_vc_anims\runIdle_a.smd
SMD MODEL ..\..\..\MCV_SMD_OG\weapons\v_shovel_vc\v_shovel_vc_anims\run_a.smd
SMD MODEL ..\..\..\MCV_SMD_OG\weapons\v_shovel_vc\v_shovel_vc_anims\walkIdle_a.smd
SMD MODEL ..\..\..\MCV_SMD_OG\weapons\v_shovel_vc\v_shovel_vc_anims\walk_a.smd
SMD MODEL fixed_anims\proneF.smd
SMD MODEL fixed_anims\proneB.smd
SMD MODEL fixed_anims\proneL.smd
SMD MODEL fixed_anims\proneR.smd
SMD MODEL ..\..\..\MCV_SMD_OG\weapons\v_shovel_vc\v_shovel_vc_anims\idle.smd
SMD MODEL ..\..\..\MCV_SMD_OG\weapons\v_shovel_vc\v_shovel_vc_anims\draw.smd
SMD MODEL ..\..\..\MCV_SMD_OG\weapons\v_shovel_vc\v_shovel_vc_anims\slash.smd
SMD MODEL ..\..\..\MCV_SMD_OG\weapons\v_shovel_vc\v_shovel_vc_anims\miss.smd
SMD MODEL ..\..\..\MCV_SMD_OG\weapons\v_shovel_vc\v_shovel_vc_anims\stab_charge.smd
SMD MODEL ..\..\..\MCV_SMD_OG\weapons\v_shovel_vc\v_shovel_vc_anims\stab_charge_loop.smd
SMD MODEL ..\..\..\MCV_SMD_OG\weapons\v_shovel_vc\v_shovel_vc_anims\stab.smd
SMD MODEL ..\..\..\MCV_SMD_OG\weapons\v_shovel_vc\v_shovel_vc_anims\idletonearwall.smd
SMD MODEL ..\..\..\MCV_SMD_OG\weapons\v_shovel_vc\v_shovel_vc_anims\nearwall.smd
SMD MODEL ..\..\..\MCV_SMD_OG\weapons\v_shovel_vc\v_shovel_vc_anims\nearwalltoidle.smd
SMD MODEL ..\..\..\MCV_SMD_OG\weapons\v_shovel_vc\v_shovel_vc_anims\pickupstart.smd
SMD MODEL ..\..\..\MCV_SMD_OG\weapons\v_shovel_vc\v_shovel_vc_anims\pickuploop.smd
SMD MODEL ..\..\..\MCV_SMD_OG\weapons\v_shovel_vc\v_shovel_vc_anims\pickupend.smd
SMD MODEL ..\..\..\MCV_SMD_OG\weapons\v_shovel_vc\v_shovel_vc_anims\holster.smd
Processing LOD for material: shovel_vc
---------------------
writing C:\Program Files (x86)\Steam\steamapps\common\GarrysMod\garrysmod\addons\mcv\work\compile_test_game\models/weapons/mcv/v_shovel_vc.mdl:
Loading preexisting model: C:\Program Files (x86)\Steam\steamapps\common\GarrysMod\garrysmod\addons\mcv\work\compile_test_game\models/weapons/mcv/v_shovel_vc.mdl
WARNING: LoadPreexistingSequenceOrder: Zero-size file or no sequences.
bones        20652 bytes (91)
animations   72536 bytes (27 anims) (642 frames) [0:21]
sequences     7312 bytes (23 seq) 
ik/pose        224 bytes
eyeballs         0 bytes (0 eyeballs)
flexes           0 bytes (0 flexes)
textures        72 bytes
keyvalues       20 bytes
bone transforms    12440 bytes
bone flex driver       0 bytes
collision        0 bytes
total       116100
---------------------
writing C:\Program Files (x86)\Steam\steamapps\common\GarrysMod\garrysmod\addons\mcv\work\compile_test_game\models/weapons/mcv/v_shovel_vc.vvd:
vertices    106416 bytes (2217 vertices)
tangents     35472 bytes (2217 vertices)
total       141952 bytes
---------------------
Generating optimized mesh "C:\Program Files (x86)\Steam\steamapps\common\GarrysMod\garrysmod\addons\mcv\work\compile_test_game\models/weapons/mcv/v_shovel_vc.dx80.vtx":
body parts:         8 bytes
models:            20 bytes
model LODs:        12 bytes
meshes:             9 bytes
strip groups:      25 bytes
strips:            27 bytes
verts:          19953 bytes
indices:        21516 bytes
bone changes:      16 bytes
everything:     41610 bytes
---------------------
Generating optimized mesh "C:\Program Files (x86)\Steam\steamapps\common\GarrysMod\garrysmod\addons\mcv\work\compile_test_game\models/weapons/mcv/v_shovel_vc.dx90.vtx":
body parts:         8 bytes
models:            20 bytes
model LODs:        12 bytes
meshes:             9 bytes
strip groups:      25 bytes
strips:            27 bytes
verts:          19953 bytes
indices:        21516 bytes
bone changes:      16 bytes
everything:     41610 bytes

Completed "v_shovel_vc.qc"
