StudioMDL.exe (Apr 27 2026) - Garry's Mod Edition
WARNING: Failed to load keyvalues file cfg/mount.cfg!
qdir:    "c:\program files (x86)\steam\steamapps\common\garrysmod\garrysmod\addons\mcv\work\mcv_smd_port\weapons\v_shovel_de\"
gamedir: "C:\Program Files (x86)\Steam\steamapps\common\GarrysMod\garrysmod\addons\mcv\work\compile_test_game\"
g_path:  "C:\Program Files (x86)\Steam\steamapps\common\GarrysMod\garrysmod\addons\mcv\work\MCV_SMD_PORT\weapons\v_shovel_de\v_shovel_de.qc"
Building binary model files...
Working on "v_shovel_de.qc"
SMD MODEL ..\..\..\MCV_SMD_OG\weapons\v_shovel_de\Ref_DE.smd
SMD MODEL ..\..\..\MCV_SMD_OG\weapons\v_shovel_de\v_shovel_de_anims\runIdle_a_corrective_animation.smd
SMD MODEL ..\..\..\MCV_SMD_OG\weapons\v_shovel_de\v_shovel_de_anims\run_a_corrective_animation.smd
SMD MODEL ..\..\..\MCV_SMD_OG\weapons\v_shovel_de\v_shovel_de_anims\walkIdle_a_corrective_animation.smd
SMD MODEL ..\..\..\MCV_SMD_OG\weapons\v_shovel_de\v_shovel_de_anims\walk_a_corrective_animation.smd
SMD MODEL ..\..\..\MCV_SMD_OG\weapons\v_shovel_de\v_shovel_de_anims\basePose_a.smd
SMD MODEL ..\..\..\MCV_SMD_OG\weapons\v_shovel_de\v_shovel_de_anims\runIdle_a.smd
SMD MODEL ..\..\..\MCV_SMD_OG\weapons\v_shovel_de\v_shovel_de_anims\run_a.smd
SMD MODEL ..\..\..\MCV_SMD_OG\weapons\v_shovel_de\v_shovel_de_anims\walkIdle_a.smd
SMD MODEL ..\..\..\MCV_SMD_OG\weapons\v_shovel_de\v_shovel_de_anims\walk_a.smd
SMD MODEL fixed_anims\proneF.smd
SMD MODEL fixed_anims\proneB.smd
SMD MODEL fixed_anims\proneL.smd
SMD MODEL fixed_anims\proneR.smd
SMD MODEL ..\..\..\MCV_SMD_OG\weapons\v_shovel_de\v_shovel_de_anims\idle.smd
SMD MODEL ..\..\..\MCV_SMD_OG\weapons\v_shovel_de\v_shovel_de_anims\draw.smd
SMD MODEL ..\..\..\MCV_SMD_OG\weapons\v_shovel_de\v_shovel_de_anims\slash.smd
SMD MODEL ..\..\..\MCV_SMD_OG\weapons\v_shovel_de\v_shovel_de_anims\miss.smd
SMD MODEL ..\..\..\MCV_SMD_OG\weapons\v_shovel_de\v_shovel_de_anims\stab_charge.smd
SMD MODEL ..\..\..\MCV_SMD_OG\weapons\v_shovel_de\v_shovel_de_anims\stab_charge_loop.smd
SMD MODEL ..\..\..\MCV_SMD_OG\weapons\v_shovel_de\v_shovel_de_anims\stab.smd
SMD MODEL ..\..\..\MCV_SMD_OG\weapons\v_shovel_de\v_shovel_de_anims\idletonearwall.smd
SMD MODEL ..\..\..\MCV_SMD_OG\weapons\v_shovel_de\v_shovel_de_anims\nearwall.smd
SMD MODEL ..\..\..\MCV_SMD_OG\weapons\v_shovel_de\v_shovel_de_anims\nearwalltoidle.smd
SMD MODEL ..\..\..\MCV_SMD_OG\weapons\v_shovel_de\v_shovel_de_anims\pickupstart.smd
SMD MODEL ..\..\..\MCV_SMD_OG\weapons\v_shovel_de\v_shovel_de_anims\pickuploop.smd
SMD MODEL ..\..\..\MCV_SMD_OG\weapons\v_shovel_de\v_shovel_de_anims\pickupend.smd
SMD MODEL ..\..\..\MCV_SMD_OG\weapons\v_shovel_de\v_shovel_de_anims\holster.smd
Processing LOD for material: shovel_de
---------------------
writing C:\Program Files (x86)\Steam\steamapps\common\GarrysMod\garrysmod\addons\mcv\work\compile_test_game\models/weapons/mcv/v_shovel_de.mdl:
Loading preexisting model: C:\Program Files (x86)\Steam\steamapps\common\GarrysMod\garrysmod\addons\mcv\work\compile_test_game\models/weapons/mcv/v_shovel_de.mdl
WARNING: LoadPreexistingSequenceOrder: Zero-size file or no sequences.
bones        20652 bytes (91)
animations   74944 bytes (27 anims) (642 frames) [0:21]
sequences     7312 bytes (23 seq) 
ik/pose        224 bytes
eyeballs         0 bytes (0 eyeballs)
flexes           0 bytes (0 flexes)
textures        72 bytes
keyvalues       20 bytes
bone transforms    12440 bytes
bone flex driver       0 bytes
collision        0 bytes
total       118508
---------------------
writing C:\Program Files (x86)\Steam\steamapps\common\GarrysMod\garrysmod\addons\mcv\work\compile_test_game\models/weapons/mcv/v_shovel_de.vvd:
vertices    116112 bytes (2419 vertices)
tangents     38704 bytes (2419 vertices)
total       154880 bytes
---------------------
Generating optimized mesh "C:\Program Files (x86)\Steam\steamapps\common\GarrysMod\garrysmod\addons\mcv\work\compile_test_game\models/weapons/mcv/v_shovel_de.dx80.vtx":
body parts:         8 bytes
models:            20 bytes
model LODs:        12 bytes
meshes:             9 bytes
strip groups:      25 bytes
strips:            27 bytes
verts:          21771 bytes
indices:        24036 bytes
bone changes:      16 bytes
everything:     45948 bytes
---------------------
Generating optimized mesh "C:\Program Files (x86)\Steam\steamapps\common\GarrysMod\garrysmod\addons\mcv\work\compile_test_game\models/weapons/mcv/v_shovel_de.dx90.vtx":
body parts:         8 bytes
models:            20 bytes
model LODs:        12 bytes
meshes:             9 bytes
strip groups:      25 bytes
strips:            27 bytes
verts:          21771 bytes
indices:        24036 bytes
bone changes:      16 bytes
everything:     45948 bytes

Completed "v_shovel_de.qc"
