StudioMDL.exe (Apr 27 2026) - Garry's Mod Edition
WARNING: Failed to load keyvalues file cfg/mount.cfg!
qdir:    "c:\program files (x86)\steam\steamapps\common\garrysmod\garrysmod\addons\mcv\work\mcv_smd_port\weapons\v_shovel_us\"
gamedir: "C:\Program Files (x86)\Steam\steamapps\common\GarrysMod\garrysmod\addons\mcv\work\compile_test_game\"
g_path:  "C:\Program Files (x86)\Steam\steamapps\common\GarrysMod\garrysmod\addons\mcv\work\MCV_SMD_PORT\weapons\v_shovel_us\v_shovel_us.qc"
Building binary model files...
Working on "v_shovel_us.qc"
SMD MODEL ..\..\..\MCV_SMD_OG\weapons\v_shovel_us\Ref_US.smd
SMD MODEL ..\..\..\MCV_SMD_OG\weapons\v_shovel_us\v_shovel_us_anims\runIdle_a_corrective_animation.smd
SMD MODEL ..\..\..\MCV_SMD_OG\weapons\v_shovel_us\v_shovel_us_anims\run_a_corrective_animation.smd
SMD MODEL ..\..\..\MCV_SMD_OG\weapons\v_shovel_us\v_shovel_us_anims\walkIdle_a_corrective_animation.smd
SMD MODEL ..\..\..\MCV_SMD_OG\weapons\v_shovel_us\v_shovel_us_anims\walk_a_corrective_animation.smd
SMD MODEL ..\..\..\MCV_SMD_OG\weapons\v_shovel_us\v_shovel_us_anims\basePose_a.smd
SMD MODEL ..\..\..\MCV_SMD_OG\weapons\v_shovel_us\v_shovel_us_anims\runIdle_a.smd
SMD MODEL ..\..\..\MCV_SMD_OG\weapons\v_shovel_us\v_shovel_us_anims\run_a.smd
SMD MODEL ..\..\..\MCV_SMD_OG\weapons\v_shovel_us\v_shovel_us_anims\walkIdle_a.smd
SMD MODEL ..\..\..\MCV_SMD_OG\weapons\v_shovel_us\v_shovel_us_anims\walk_a.smd
SMD MODEL fixed_anims\proneF.smd
SMD MODEL fixed_anims\proneB.smd
SMD MODEL fixed_anims\proneL.smd
SMD MODEL fixed_anims\proneR.smd
SMD MODEL ..\..\..\MCV_SMD_OG\weapons\v_shovel_us\v_shovel_us_anims\idle.smd
SMD MODEL ..\..\..\MCV_SMD_OG\weapons\v_shovel_us\v_shovel_us_anims\draw.smd
SMD MODEL ..\..\..\MCV_SMD_OG\weapons\v_shovel_us\v_shovel_us_anims\slash.smd
SMD MODEL ..\..\..\MCV_SMD_OG\weapons\v_shovel_us\v_shovel_us_anims\miss.smd
SMD MODEL ..\..\..\MCV_SMD_OG\weapons\v_shovel_us\v_shovel_us_anims\stab_charge.smd
SMD MODEL ..\..\..\MCV_SMD_OG\weapons\v_shovel_us\v_shovel_us_anims\stab_charge_loop.smd
SMD MODEL ..\..\..\MCV_SMD_OG\weapons\v_shovel_us\v_shovel_us_anims\stab.smd
SMD MODEL ..\..\..\MCV_SMD_OG\weapons\v_shovel_us\v_shovel_us_anims\idletonearwall.smd
SMD MODEL ..\..\..\MCV_SMD_OG\weapons\v_shovel_us\v_shovel_us_anims\nearwall.smd
SMD MODEL ..\..\..\MCV_SMD_OG\weapons\v_shovel_us\v_shovel_us_anims\nearwalltoidle.smd
SMD MODEL ..\..\..\MCV_SMD_OG\weapons\v_shovel_us\v_shovel_us_anims\pickupstart.smd
SMD MODEL ..\..\..\MCV_SMD_OG\weapons\v_shovel_us\v_shovel_us_anims\pickuploop.smd
SMD MODEL ..\..\..\MCV_SMD_OG\weapons\v_shovel_us\v_shovel_us_anims\pickupend.smd
SMD MODEL ..\..\..\MCV_SMD_OG\weapons\v_shovel_us\v_shovel_us_anims\holster.smd
Processing LOD for material: shovel_us
---------------------
writing C:\Program Files (x86)\Steam\steamapps\common\GarrysMod\garrysmod\addons\mcv\work\compile_test_game\models/weapons/mcv/v_shovel_us.mdl:
Loading preexisting model: C:\Program Files (x86)\Steam\steamapps\common\GarrysMod\garrysmod\addons\mcv\work\compile_test_game\models/weapons/mcv/v_shovel_us.mdl
WARNING: LoadPreexistingSequenceOrder: Zero-size file or no sequences.
bones        20652 bytes (91)
animations   74792 bytes (27 anims) (642 frames) [0:21]
sequences     7312 bytes (23 seq) 
ik/pose        224 bytes
eyeballs         0 bytes (0 eyeballs)
flexes           0 bytes (0 flexes)
textures        72 bytes
keyvalues       20 bytes
bone transforms    12440 bytes
bone flex driver       0 bytes
collision        0 bytes
total       118356
---------------------
writing C:\Program Files (x86)\Steam\steamapps\common\GarrysMod\garrysmod\addons\mcv\work\compile_test_game\models/weapons/mcv/v_shovel_us.vvd:
vertices    266592 bytes (5554 vertices)
tangents     88864 bytes (5554 vertices)
total       355520 bytes
---------------------
Generating optimized mesh "C:\Program Files (x86)\Steam\steamapps\common\GarrysMod\garrysmod\addons\mcv\work\compile_test_game\models/weapons/mcv/v_shovel_us.dx80.vtx":
body parts:         8 bytes
models:            20 bytes
model LODs:        12 bytes
meshes:             9 bytes
strip groups:      25 bytes
strips:            27 bytes
verts:          49986 bytes
indices:        46632 bytes
bone changes:      16 bytes
everything:     96759 bytes
---------------------
Generating optimized mesh "C:\Program Files (x86)\Steam\steamapps\common\GarrysMod\garrysmod\addons\mcv\work\compile_test_game\models/weapons/mcv/v_shovel_us.dx90.vtx":
body parts:         8 bytes
models:            20 bytes
model LODs:        12 bytes
meshes:             9 bytes
strip groups:      25 bytes
strips:            27 bytes
verts:          49986 bytes
indices:        46632 bytes
bone changes:      16 bytes
everything:     96759 bytes

Completed "v_shovel_us.qc"
