StudioMDL.exe (Apr 27 2026) - Garry's Mod Edition
WARNING: Failed to load keyvalues file cfg/mount.cfg!
qdir:    "c:\program files (x86)\steam\steamapps\common\garrysmod\garrysmod\addons\mcv\work\mcv_smd_port\weapons\v_shanxi_type17\"
gamedir: "C:\Program Files (x86)\Steam\steamapps\common\GarrysMod\garrysmod\addons\mcv\work\compile_test_game\"
g_path:  "C:\Program Files (x86)\Steam\steamapps\common\GarrysMod\garrysmod\addons\mcv\work\MCV_SMD_PORT\weapons\v_shanxi_type17\v_shanxi_type17.qc"
Building binary model files...
Working on "v_shanxi_type17.qc"
SMD MODEL ..\..\..\MCV_SMD_OG\weapons\v_shanxi_type17\Ref_shanxi.smd
SMD MODEL ..\..\..\MCV_SMD_OG\weapons\v_shanxi_type17\Clip_shanxi.smd
SMD MODEL ..\..\..\MCV_SMD_OG\weapons\v_shanxi_type17\Bullets_shanxi.smd
SMD MODEL ..\..\..\MCV_SMD_OG\weapons\v_shanxi_type17\Stock_shanxi.smd
SMD MODEL ..\..\..\MCV_SMD_OG\weapons\v_shanxi_type17\v_shanxi_type17_anims\Default_corrective_animation.smd
SMD MODEL ..\..\..\MCV_SMD_OG\weapons\v_shanxi_type17\v_shanxi_type17_anims\Slideback_corrective_animation.smd
SMD MODEL ..\..\..\MCV_SMD_OG\weapons\v_shanxi_type17\v_shanxi_type17_anims\runIdle_a_corrective_animation.smd
SMD MODEL ..\..\..\MCV_SMD_OG\weapons\v_shanxi_type17\v_shanxi_type17_anims\run_a_corrective_animation.smd
SMD MODEL ..\..\..\MCV_SMD_OG\weapons\v_shanxi_type17\v_shanxi_type17_anims\walkIdle_a_corrective_animation.smd
SMD MODEL ..\..\..\MCV_SMD_OG\weapons\v_shanxi_type17\v_shanxi_type17_anims\walk_a_corrective_animation.smd
SMD MODEL ..\..\..\MCV_SMD_OG\weapons\v_shanxi_type17\v_shanxi_type17_anims\shoot1_a_corrective_animation.smd
SMD MODEL ..\..\..\MCV_SMD_OG\weapons\v_shanxi_type17\v_shanxi_type17_anims\shoot1_ironsight_a_corrective_animation.smd
SMD MODEL ..\..\..\MCV_SMD_OG\weapons\v_shanxi_type17\v_shanxi_type17_anims\shoot2_a_corrective_animation.smd
SMD MODEL ..\..\..\MCV_SMD_OG\weapons\v_shanxi_type17\v_shanxi_type17_anims\shoot2_ironsight_a_corrective_animation.smd
SMD MODEL ..\..\..\MCV_SMD_OG\weapons\v_shanxi_type17\v_shanxi_type17_anims\shoot3_a_corrective_animation.smd
SMD MODEL ..\..\..\MCV_SMD_OG\weapons\v_shanxi_type17\v_shanxi_type17_anims\shoot3_ironsight_a_corrective_animation.smd
SMD MODEL ..\..\..\MCV_SMD_OG\weapons\v_shanxi_type17\v_shanxi_type17_anims\shootlast_a_corrective_animation.smd
SMD MODEL ..\..\..\MCV_SMD_OG\weapons\v_shanxi_type17\v_shanxi_type17_anims\shootlast_ironsight_a_corrective_animation.smd
SMD MODEL ..\..\..\MCV_SMD_OG\weapons\v_shanxi_type17\v_shanxi_type17_anims\PoseDelta.smd
SMD MODEL ..\..\..\MCV_SMD_OG\weapons\v_shanxi_type17\v_shanxi_type17_anims\Default.smd
SMD MODEL ..\..\..\MCV_SMD_OG\weapons\v_shanxi_type17\v_shanxi_type17_anims\Slideback.smd
SMD MODEL ..\..\..\MCV_SMD_OG\weapons\v_shanxi_type17\v_shanxi_type17_anims\basePose_a.smd
SMD MODEL ..\..\..\MCV_SMD_OG\weapons\v_shanxi_type17\v_shanxi_type17_anims\ironsight.smd
SMD MODEL ..\..\..\MCV_SMD_OG\weapons\v_shanxi_type17\v_shanxi_type17_anims\ironsight_transition.smd
SMD MODEL ..\..\..\MCV_SMD_OG\weapons\v_shanxi_type17\v_shanxi_type17_anims\idle_a.smd
SMD MODEL ..\..\..\MCV_SMD_OG\weapons\v_shanxi_type17\v_shanxi_type17_anims\runIdle_a.smd
SMD MODEL fixed_anims\run_a.smd
SMD MODEL ..\..\..\MCV_SMD_OG\weapons\v_shanxi_type17\v_shanxi_type17_anims\walkIdle_a.smd
SMD MODEL fixed_anims\walk_a.smd
SMD MODEL ..\..\..\MCV_SMD_OG\weapons\v_shanxi_type17\v_shanxi_type17_anims\shoot1_a.smd
SMD MODEL ..\..\..\MCV_SMD_OG\weapons\v_shanxi_type17\v_shanxi_type17_anims\shoot1_ironsight_a.smd
SMD MODEL ..\..\..\MCV_SMD_OG\weapons\v_shanxi_type17\v_shanxi_type17_anims\shoot2_a.smd
SMD MODEL ..\..\..\MCV_SMD_OG\weapons\v_shanxi_type17\v_shanxi_type17_anims\shoot2_ironsight_a.smd
SMD MODEL ..\..\..\MCV_SMD_OG\weapons\v_shanxi_type17\v_shanxi_type17_anims\shoot3_a.smd
SMD MODEL ..\..\..\MCV_SMD_OG\weapons\v_shanxi_type17\v_shanxi_type17_anims\shoot3_ironsight_a.smd
SMD MODEL ..\..\..\MCV_SMD_OG\weapons\v_shanxi_type17\v_shanxi_type17_anims\shootlast_a.smd
SMD MODEL ..\..\..\MCV_SMD_OG\weapons\v_shanxi_type17\v_shanxi_type17_anims\shootlast_ironsight_a.smd
SMD MODEL ..\..\..\MCV_SMD_OG\weapons\v_shanxi_type17\v_shanxi_type17_anims\reload_s_a.smd
SMD MODEL ..\..\..\MCV_SMD_OG\weapons\v_shanxi_type17\v_shanxi_type17_anims\reload_s_a_i.smd
SMD MODEL ..\..\..\MCV_SMD_OG\weapons\v_shanxi_type17\v_shanxi_type17_anims\reload_s_a_e.smd
SMD MODEL ..\..\..\MCV_SMD_OG\weapons\v_shanxi_type17\v_shanxi_type17_anims\reload_s_a_e_i.smd
SMD MODEL ..\..\..\MCV_SMD_OG\weapons\v_shanxi_type17\v_shanxi_type17_anims\reload_a1.smd
SMD MODEL ..\..\..\MCV_SMD_OG\weapons\v_shanxi_type17\v_shanxi_type17_anims\reload_a2.smd
SMD MODEL ..\..\..\MCV_SMD_OG\weapons\v_shanxi_type17\v_shanxi_type17_anims\reload_a3.smd
SMD MODEL ..\..\..\MCV_SMD_OG\weapons\v_shanxi_type17\v_shanxi_type17_anims\reload_a4.smd
SMD MODEL ..\..\..\MCV_SMD_OG\weapons\v_shanxi_type17\v_shanxi_type17_anims\reload_a5.smd
SMD MODEL ..\..\..\MCV_SMD_OG\weapons\v_shanxi_type17\v_shanxi_type17_anims\reload_ae1.smd
SMD MODEL ..\..\..\MCV_SMD_OG\weapons\v_shanxi_type17\v_shanxi_type17_anims\reload_ae2.smd
SMD MODEL ..\..\..\MCV_SMD_OG\weapons\v_shanxi_type17\v_shanxi_type17_anims\reload_ae3.smd
SMD MODEL ..\..\..\MCV_SMD_OG\weapons\v_shanxi_type17\v_shanxi_type17_anims\reload_ae4.smd
SMD MODEL ..\..\..\MCV_SMD_OG\weapons\v_shanxi_type17\v_shanxi_type17_anims\reload_ae5.smd
SMD MODEL ..\..\..\MCV_SMD_OG\weapons\v_shanxi_type17\v_shanxi_type17_anims\reload_e_a.smd
SMD MODEL ..\..\..\MCV_SMD_OG\weapons\v_shanxi_type17\v_shanxi_type17_anims\reload_e_a_i.smd
SMD MODEL ..\..\..\MCV_SMD_OG\weapons\v_shanxi_type17\v_shanxi_type17_anims\nearwall_s_a.smd
SMD MODEL ..\..\..\MCV_SMD_OG\weapons\v_shanxi_type17\v_shanxi_type17_anims\nearwall_s_a_i.smd
SMD MODEL ..\..\..\MCV_SMD_OG\weapons\v_shanxi_type17\v_shanxi_type17_anims\nearwall_a.smd
SMD MODEL ..\..\..\MCV_SMD_OG\weapons\v_shanxi_type17\v_shanxi_type17_anims\nearwall_a_i.smd
SMD MODEL ..\..\..\MCV_SMD_OG\weapons\v_shanxi_type17\v_shanxi_type17_anims\nearwall_e_a.smd
SMD MODEL ..\..\..\MCV_SMD_OG\weapons\v_shanxi_type17\v_shanxi_type17_anims\nearwall_e_a_i.smd
SMD MODEL ..\..\..\MCV_SMD_OG\weapons\v_shanxi_type17\v_shanxi_type17_anims\proneF.smd
SMD MODEL ..\..\..\MCV_SMD_OG\weapons\v_shanxi_type17\v_shanxi_type17_anims\proneB.smd
SMD MODEL ..\..\..\MCV_SMD_OG\weapons\v_shanxi_type17\v_shanxi_type17_anims\proneL.smd
SMD MODEL ..\..\..\MCV_SMD_OG\weapons\v_shanxi_type17\v_shanxi_type17_anims\proneR.smd
SMD MODEL ..\..\..\MCV_SMD_OG\weapons\v_shanxi_type17\v_shanxi_type17_anims\pickup_s_a.smd
SMD MODEL ..\..\..\MCV_SMD_OG\weapons\v_shanxi_type17\v_shanxi_type17_anims\pickup_s_a_i.smd
SMD MODEL ..\..\..\MCV_SMD_OG\weapons\v_shanxi_type17\v_shanxi_type17_anims\pickup_a.smd
SMD MODEL ..\..\..\MCV_SMD_OG\weapons\v_shanxi_type17\v_shanxi_type17_anims\pickup_a_i.smd
SMD MODEL ..\..\..\MCV_SMD_OG\weapons\v_shanxi_type17\v_shanxi_type17_anims\pickup_e_a.smd
SMD MODEL ..\..\..\MCV_SMD_OG\weapons\v_shanxi_type17\v_shanxi_type17_anims\pickup_e_a_i.smd
SMD MODEL ..\..\..\MCV_SMD_OG\weapons\v_shanxi_type17\v_shanxi_type17_anims\draw.smd
SMD MODEL ..\..\..\MCV_SMD_OG\weapons\v_shanxi_type17\v_shanxi_type17_anims\draw_2.smd
SMD MODEL ..\..\..\MCV_SMD_OG\weapons\v_shanxi_type17\v_shanxi_type17_anims\Firstdraw.smd
SMD MODEL ..\..\..\MCV_SMD_OG\weapons\v_shanxi_type17\v_shanxi_type17_anims\Firstdraw_2.smd
SMD MODEL ..\..\..\MCV_SMD_OG\weapons\v_shanxi_type17\v_shanxi_type17_anims\bash.smd
SMD MODEL ..\..\..\MCV_SMD_OG\weapons\v_shanxi_type17\v_shanxi_type17_anims\bash_2.smd
SMD MODEL ..\..\..\MCV_SMD_OG\weapons\v_shanxi_type17\v_shanxi_type17_anims\holster.smd
Processing LOD for material: shells_small
Processing LOD for material: shanxi_type17
Processing LOD for material: shanxi_type17
Processing LOD for material: shells_small
Processing LOD for material: mauser96_stock
---------------------
writing C:\Program Files (x86)\Steam\steamapps\common\GarrysMod\garrysmod\addons\mcv\work\compile_test_game\models/weapons/mcv/v_shanxi_type17.mdl:
Loading preexisting model: C:\Program Files (x86)\Steam\steamapps\common\GarrysMod\garrysmod\addons\mcv\work\compile_test_game\models/weapons/mcv/v_shanxi_type17.mdl
WARNING: LoadPreexistingSequenceOrder: Zero-size file or no sequences.
bones        23576 bytes (103)
animations  247092 bytes (75 anims) (1736 frames) [0:57]
sequences    11796 bytes (28 seq) 
ik/pose       1052 bytes
eyeballs         0 bytes (0 eyeballs)
flexes           0 bytes (0 flexes)
eyeballs         0 bytes (0 eyeballs)
flexes           0 bytes (0 flexes)
eyeballs         0 bytes (0 eyeballs)
flexes           0 bytes (0 flexes)
eyeballs         0 bytes (0 eyeballs)
flexes           0 bytes (0 flexes)
eyeballs         0 bytes (0 eyeballs)
flexes           0 bytes (0 flexes)
eyeballs         0 bytes (0 eyeballs)
flexes           0 bytes (0 flexes)
textures       208 bytes
keyvalues       20 bytes
bone transforms    14072 bytes
bone flex driver       0 bytes
collision        0 bytes
total       302296
---------------------
writing C:\Program Files (x86)\Steam\steamapps\common\GarrysMod\garrysmod\addons\mcv\work\compile_test_game\models/weapons/mcv/v_shanxi_type17.vvd:
vertices    537600 bytes (11200 vertices)
vertices     12576 bytes (262 vertices)
vertices     68880 bytes (1435 vertices)
vertices    102576 bytes (2137 vertices)
tangents    179200 bytes (11200 vertices)
tangents      4192 bytes (262 vertices)
tangents     22960 bytes (1435 vertices)
tangents     34192 bytes (2137 vertices)
total       962240 bytes
---------------------
Generating optimized mesh "C:\Program Files (x86)\Steam\steamapps\common\GarrysMod\garrysmod\addons\mcv\work\compile_test_game\models/weapons/mcv/v_shanxi_type17.dx80.vtx":
body parts:        32 bytes
models:           120 bytes
model LODs:        72 bytes
meshes:            45 bytes
strip groups:     125 bytes
strips:           135 bytes
verts:         135306 bytes
indices:       105258 bytes
bone changes:     112 bytes
everything:    241169 bytes
---------------------
Generating optimized mesh "C:\Program Files (x86)\Steam\steamapps\common\GarrysMod\garrysmod\addons\mcv\work\compile_test_game\models/weapons/mcv/v_shanxi_type17.dx90.vtx":
body parts:        32 bytes
models:           120 bytes
model LODs:        72 bytes
meshes:            45 bytes
strip groups:     125 bytes
strips:           135 bytes
verts:         135306 bytes
indices:       105258 bytes
bone changes:     112 bytes
everything:    241169 bytes

Completed "v_shanxi_type17.qc"
