StudioMDL.exe (Apr 27 2026) - Garry's Mod Edition
WARNING: Failed to load keyvalues file cfg/mount.cfg!
qdir:    "c:\program files (x86)\steam\steamapps\common\garrysmod\garrysmod\addons\mcv\work\mcv_smd_port\weapons\v_sickle\"
gamedir: "C:\Program Files (x86)\Steam\steamapps\common\GarrysMod\garrysmod\addons\mcv\work\compile_test_game\"
g_path:  "C:\Program Files (x86)\Steam\steamapps\common\GarrysMod\garrysmod\addons\mcv\work\MCV_SMD_PORT\weapons\v_sickle\v_sickle.qc"
Building binary model files...
Working on "v_sickle.qc"
SMD MODEL ..\..\..\MCV_SMD_OG\weapons\v_sickle\v_sickle.smd
SMD MODEL ..\..\..\MCV_SMD_OG\weapons\v_sickle\v_sickle_anims\runIdle_a_corrective_animation.smd
SMD MODEL ..\..\..\MCV_SMD_OG\weapons\v_sickle\v_sickle_anims\run_a_corrective_animation.smd
SMD MODEL ..\..\..\MCV_SMD_OG\weapons\v_sickle\v_sickle_anims\walkIdle_a_corrective_animation.smd
SMD MODEL ..\..\..\MCV_SMD_OG\weapons\v_sickle\v_sickle_anims\walk_a_corrective_animation.smd
SMD MODEL ..\..\..\MCV_SMD_OG\weapons\v_sickle\v_sickle_anims\basePose_a.smd
SMD MODEL ..\..\..\MCV_SMD_OG\weapons\v_sickle\v_sickle_anims\runIdle_a.smd
SMD MODEL ..\..\..\MCV_SMD_OG\weapons\v_sickle\v_sickle_anims\run_a.smd
SMD MODEL ..\..\..\MCV_SMD_OG\weapons\v_sickle\v_sickle_anims\walkIdle_a.smd
SMD MODEL ..\..\..\MCV_SMD_OG\weapons\v_sickle\v_sickle_anims\walk_a.smd
SMD MODEL fixed_anims\proneF.smd
SMD MODEL ..\..\..\MCV_SMD_OG\weapons\v_sickle\v_sickle_anims\proneB.smd
SMD MODEL fixed_anims\proneL.smd
SMD MODEL fixed_anims\proneR.smd
SMD MODEL ..\..\..\MCV_SMD_OG\weapons\v_sickle\v_sickle_anims\idle.smd
SMD MODEL ..\..\..\MCV_SMD_OG\weapons\v_sickle\v_sickle_anims\draw.smd
SMD MODEL ..\..\..\MCV_SMD_OG\weapons\v_sickle\v_sickle_anims\slash.smd
SMD MODEL ..\..\..\MCV_SMD_OG\weapons\v_sickle\v_sickle_anims\miss.smd
SMD MODEL ..\..\..\MCV_SMD_OG\weapons\v_sickle\v_sickle_anims\stab.smd
SMD MODEL ..\..\..\MCV_SMD_OG\weapons\v_sickle\v_sickle_anims\stab_charge.smd
SMD MODEL ..\..\..\MCV_SMD_OG\weapons\v_sickle\v_sickle_anims\stab_charge_loop.smd
SMD MODEL ..\..\..\MCV_SMD_OG\weapons\v_sickle\v_sickle_anims\stab_charge_attack.smd
SMD MODEL ..\..\..\MCV_SMD_OG\weapons\v_sickle\v_sickle_anims\throw.smd
SMD MODEL ..\..\..\MCV_SMD_OG\weapons\v_sickle\v_sickle_anims\idletonearwall.smd
SMD MODEL ..\..\..\MCV_SMD_OG\weapons\v_sickle\v_sickle_anims\nearwall.smd
SMD MODEL ..\..\..\MCV_SMD_OG\weapons\v_sickle\v_sickle_anims\nearwalltoidle.smd
SMD MODEL ..\..\..\MCV_SMD_OG\weapons\v_sickle\v_sickle_anims\pickupstart.smd
SMD MODEL ..\..\..\MCV_SMD_OG\weapons\v_sickle\v_sickle_anims\pickuploop.smd
SMD MODEL ..\..\..\MCV_SMD_OG\weapons\v_sickle\v_sickle_anims\pickupend.smd
SMD MODEL ..\..\..\MCV_SMD_OG\weapons\v_sickle\v_sickle_anims\holster.smd
Processing LOD for material: v_sickle
---------------------
writing C:\Program Files (x86)\Steam\steamapps\common\GarrysMod\garrysmod\addons\mcv\work\compile_test_game\models/weapons/mcv/v_sickle.mdl:
Loading preexisting model: C:\Program Files (x86)\Steam\steamapps\common\GarrysMod\garrysmod\addons\mcv\work\compile_test_game\models/weapons/mcv/v_sickle.mdl
WARNING: LoadPreexistingSequenceOrder: Zero-size file or no sequences.
bones        20652 bytes (91)
animations  105180 bytes (29 anims) (674 frames) [0:22]
sequences     7944 bytes (25 seq) 
ik/pose        224 bytes
eyeballs         0 bytes (0 eyeballs)
flexes           0 bytes (0 flexes)
textures        72 bytes
keyvalues       20 bytes
bone transforms    12440 bytes
bone flex driver       0 bytes
collision        0 bytes
total       149448
---------------------
writing C:\Program Files (x86)\Steam\steamapps\common\GarrysMod\garrysmod\addons\mcv\work\compile_test_game\models/weapons/mcv/v_sickle.vvd:
vertices    112704 bytes (2348 vertices)
tangents     37568 bytes (2348 vertices)
total       150336 bytes
---------------------
Generating optimized mesh "C:\Program Files (x86)\Steam\steamapps\common\GarrysMod\garrysmod\addons\mcv\work\compile_test_game\models/weapons/mcv/v_sickle.dx80.vtx":
body parts:         8 bytes
models:            20 bytes
model LODs:        12 bytes
meshes:             9 bytes
strip groups:      25 bytes
strips:            27 bytes
verts:          21132 bytes
indices:        15276 bytes
bone changes:      16 bytes
everything:     36549 bytes
---------------------
Generating optimized mesh "C:\Program Files (x86)\Steam\steamapps\common\GarrysMod\garrysmod\addons\mcv\work\compile_test_game\models/weapons/mcv/v_sickle.dx90.vtx":
body parts:         8 bytes
models:            20 bytes
model LODs:        12 bytes
meshes:             9 bytes
strip groups:      25 bytes
strips:            27 bytes
verts:          21132 bytes
indices:        15276 bytes
bone changes:      16 bytes
everything:     36549 bytes

Completed "v_sickle.qc"
