StudioMDL.exe (Apr 27 2026) - Garry's Mod Edition
WARNING: Failed to load keyvalues file cfg/mount.cfg!
qdir:    "c:\program files (x86)\steam\steamapps\common\garrysmod\garrysmod\addons\mcv\work\mcv_smd_port\weapons\v_springfield\"
gamedir: "C:\Program Files (x86)\Steam\steamapps\common\GarrysMod\garrysmod\addons\mcv\work\compile_test_game\"
g_path:  "C:\Program Files (x86)\Steam\steamapps\common\GarrysMod\garrysmod\addons\mcv\work\MCV_SMD_PORT\weapons\v_springfield\v_springfield.qc"
Building binary model files...
Working on "v_springfield.qc"
SMD MODEL ..\..\..\MCV_SMD_OG\weapons\v_springfield\Ref_new.smd
SMD MODEL ..\..\..\MCV_SMD_OG\weapons\v_springfield\spr_scope_new.smd
SMD MODEL ..\..\..\MCV_SMD_OG\weapons\v_springfield\spr_sight_new.smd
SMD MODEL ..\..\..\MCV_SMD_OG\weapons\v_springfield\spr_mount_new.smd
SMD MODEL ..\..\..\MCV_SMD_OG\weapons\v_springfield\spr_grenade_new.smd
SMD MODEL ..\..\..\MCV_SMD_OG\weapons\v_springfield\v_bayonet_new.smd
SMD MODEL ..\..\..\MCV_SMD_OG\weapons\v_springfield\v_bayonet_long_new.smd
SMD MODEL ..\..\..\MCV_SMD_OG\weapons\v_springfield\v_springfield_anims\runIdle_a_corrective_animation.smd
SMD MODEL ..\..\..\MCV_SMD_OG\weapons\v_springfield\v_springfield_anims\run_a_corrective_animation.smd
SMD MODEL ..\..\..\MCV_SMD_OG\weapons\v_springfield\v_springfield_anims\walkIdle_a_corrective_animation.smd
SMD MODEL ..\..\..\MCV_SMD_OG\weapons\v_springfield\v_springfield_anims\walk_a_corrective_animation.smd
SMD MODEL ..\..\..\MCV_SMD_OG\weapons\v_springfield\v_springfield_anims\shoot1_a_corrective_animation.smd
SMD MODEL ..\..\..\MCV_SMD_OG\weapons\v_springfield\v_springfield_anims\shoot1_ironsight_a_corrective_animation.smd
SMD MODEL ..\..\..\MCV_SMD_OG\weapons\v_springfield\v_springfield_anims\shoot2_a_corrective_animation.smd
SMD MODEL ..\..\..\MCV_SMD_OG\weapons\v_springfield\v_springfield_anims\shoot2_ironsight_a_corrective_animation.smd
SMD MODEL ..\..\..\MCV_SMD_OG\weapons\v_springfield\v_springfield_anims\shoot3_a_corrective_animation.smd
SMD MODEL ..\..\..\MCV_SMD_OG\weapons\v_springfield\v_springfield_anims\shoot3_ironsight_a_corrective_animation.smd
SMD MODEL ..\..\..\MCV_SMD_OG\weapons\v_springfield\v_springfield_anims\boltpull_a_corrective_animation.smd
SMD MODEL ..\..\..\MCV_SMD_OG\weapons\v_springfield\v_springfield_anims\boltpullIron_a_corrective_animation.smd
SMD MODEL ..\..\..\MCV_SMD_OG\weapons\v_springfield\v_springfield_anims\gren_shoot1_a_corrective_animation.smd
SMD MODEL ..\..\..\MCV_SMD_OG\weapons\v_springfield\v_springfield_anims\gren_shoot1_ironsight_a_corrective_animation.smd
SMD MODEL ..\..\..\MCV_SMD_OG\weapons\v_springfield\v_springfield_anims\basePose_a.smd
SMD MODEL ..\..\..\MCV_SMD_OG\weapons\v_springfield\v_springfield_anims\ironsight.smd
SMD MODEL ..\..\..\MCV_SMD_OG\weapons\v_springfield\v_springfield_anims\ironsight_transition.smd
SMD MODEL ..\..\..\MCV_SMD_OG\weapons\v_springfield\v_springfield_anims\walkMainPose.smd
SMD MODEL ..\..\..\MCV_SMD_OG\weapons\v_springfield\v_springfield_anims\runIdle_a.smd
SMD MODEL fixed_anims\run_a.smd
SMD MODEL ..\..\..\MCV_SMD_OG\weapons\v_springfield\v_springfield_anims\walkIdle_a.smd
SMD MODEL fixed_anims\walk_a.smd
SMD MODEL ..\..\..\MCV_SMD_OG\weapons\v_springfield\v_springfield_anims\shoot1_a.smd
SMD MODEL ..\..\..\MCV_SMD_OG\weapons\v_springfield\v_springfield_anims\shoot1_ironsight_a.smd
SMD MODEL ..\..\..\MCV_SMD_OG\weapons\v_springfield\v_springfield_anims\shoot2_a.smd
SMD MODEL ..\..\..\MCV_SMD_OG\weapons\v_springfield\v_springfield_anims\shoot2_ironsight_a.smd
SMD MODEL ..\..\..\MCV_SMD_OG\weapons\v_springfield\v_springfield_anims\shoot3_a.smd
SMD MODEL ..\..\..\MCV_SMD_OG\weapons\v_springfield\v_springfield_anims\shoot3_ironsight_a.smd
SMD MODEL ..\..\..\MCV_SMD_OG\weapons\v_springfield\v_springfield_anims\boltpull_a.smd
SMD MODEL ..\..\..\MCV_SMD_OG\weapons\v_springfield\v_springfield_anims\boltpullIron_a.smd
SMD MODEL ..\..\..\MCV_SMD_OG\weapons\v_springfield\v_springfield_anims\reload01.smd
SMD MODEL ..\..\..\MCV_SMD_OG\weapons\v_springfield\v_springfield_anims\reload02.smd
SMD MODEL ..\..\..\MCV_SMD_OG\weapons\v_springfield\v_springfield_anims\reload03.smd
SMD MODEL ..\..\..\MCV_SMD_OG\weapons\v_springfield\v_springfield_anims\reload04.smd
SMD MODEL ..\..\..\MCV_SMD_OG\weapons\v_springfield\v_springfield_anims\reload05.smd
SMD MODEL ..\..\..\MCV_SMD_OG\weapons\v_springfield\v_springfield_anims\reload01_i.smd
SMD MODEL ..\..\..\MCV_SMD_OG\weapons\v_springfield\v_springfield_anims\reload02_i.smd
SMD MODEL ..\..\..\MCV_SMD_OG\weapons\v_springfield\v_springfield_anims\reload03_i.smd
SMD MODEL ..\..\..\MCV_SMD_OG\weapons\v_springfield\v_springfield_anims\reload04_i.smd
SMD MODEL ..\..\..\MCV_SMD_OG\weapons\v_springfield\v_springfield_anims\reload05_i.smd
SMD MODEL ..\..\..\MCV_SMD_OG\weapons\v_springfield\v_springfield_anims\reloadstart_empty.smd
SMD MODEL ..\..\..\MCV_SMD_OG\weapons\v_springfield\v_springfield_anims\reloadstart_full.smd
SMD MODEL ..\..\..\MCV_SMD_OG\weapons\v_springfield\v_springfield_anims\reloadstart_empty_i.smd
SMD MODEL ..\..\..\MCV_SMD_OG\weapons\v_springfield\v_springfield_anims\reloadstart_full_i.smd
SMD MODEL ..\..\..\MCV_SMD_OG\weapons\v_springfield\v_springfield_anims\reloadinsert_empty.smd
SMD MODEL ..\..\..\MCV_SMD_OG\weapons\v_springfield\v_springfield_anims\reloadinsert_full.smd
SMD MODEL ..\..\..\MCV_SMD_OG\weapons\v_springfield\v_springfield_anims\reloadinsert_empty_i.smd
SMD MODEL ..\..\..\MCV_SMD_OG\weapons\v_springfield\v_springfield_anims\reloadinsert_full_i.smd
SMD MODEL ..\..\..\MCV_SMD_OG\weapons\v_springfield\v_springfield_anims\reloadend.smd
SMD MODEL ..\..\..\MCV_SMD_OG\weapons\v_springfield\v_springfield_anims\reloadend_i.smd
SMD MODEL ..\..\..\MCV_SMD_OG\weapons\v_springfield\v_springfield_anims\nearwall_s_a.smd
SMD MODEL ..\..\..\MCV_SMD_OG\weapons\v_springfield\v_springfield_anims\nearwall_s_a_i.smd
SMD MODEL ..\..\..\MCV_SMD_OG\weapons\v_springfield\v_springfield_anims\nearwall_a.smd
SMD MODEL ..\..\..\MCV_SMD_OG\weapons\v_springfield\v_springfield_anims\nearwall_a_i.smd
SMD MODEL ..\..\..\MCV_SMD_OG\weapons\v_springfield\v_springfield_anims\nearwall_e_a.smd
SMD MODEL ..\..\..\MCV_SMD_OG\weapons\v_springfield\v_springfield_anims\nearwall_e_a_i.smd
SMD MODEL fixed_anims\proneF.smd
SMD MODEL fixed_anims\proneB.smd
SMD MODEL fixed_anims\proneL.smd
SMD MODEL fixed_anims\proneR.smd
SMD MODEL ..\..\..\MCV_SMD_OG\weapons\v_springfield\v_springfield_anims\pickup_s_a.smd
SMD MODEL ..\..\..\MCV_SMD_OG\weapons\v_springfield\v_springfield_anims\pickup_s_a_i.smd
SMD MODEL ..\..\..\MCV_SMD_OG\weapons\v_springfield\v_springfield_anims\pickup_a.smd
SMD MODEL ..\..\..\MCV_SMD_OG\weapons\v_springfield\v_springfield_anims\pickup_a_i.smd
SMD MODEL ..\..\..\MCV_SMD_OG\weapons\v_springfield\v_springfield_anims\pickup_e_a.smd
SMD MODEL ..\..\..\MCV_SMD_OG\weapons\v_springfield\v_springfield_anims\pickup_e_a_i.smd
SMD MODEL ..\..\..\MCV_SMD_OG\weapons\v_springfield\v_springfield_anims\gren_reload_a.smd
SMD MODEL ..\..\..\MCV_SMD_OG\weapons\v_springfield\v_springfield_anims\gren_reload_a_i.smd
SMD MODEL ..\..\..\MCV_SMD_OG\weapons\v_springfield\v_springfield_anims\grenade_ironsight.smd
SMD MODEL ..\..\..\MCV_SMD_OG\weapons\v_springfield\v_springfield_anims\gren_shoot1_a.smd
SMD MODEL ..\..\..\MCV_SMD_OG\weapons\v_springfield\v_springfield_anims\gren_shoot1_ironsight_a.smd
SMD MODEL ..\..\..\MCV_SMD_OG\weapons\v_springfield\v_springfield_anims\scope_adjust_idle.smd
SMD MODEL ..\..\..\MCV_SMD_OG\weapons\v_springfield\v_springfield_anims\scope_adjust_iron.smd
SMD MODEL ..\..\..\MCV_SMD_OG\weapons\v_springfield\v_springfield_anims\bash_a.smd
SMD MODEL ..\..\..\MCV_SMD_OG\weapons\v_springfield\v_springfield_anims\bash_a_i.smd
SMD MODEL ..\..\..\MCV_SMD_OG\weapons\v_springfield\v_springfield_anims\bayonet_unequip_a.smd
SMD MODEL ..\..\..\MCV_SMD_OG\weapons\v_springfield\v_springfield_anims\bayonet_unequip_a_i.smd
SMD MODEL ..\..\..\MCV_SMD_OG\weapons\v_springfield\v_springfield_anims\bayonet_equip_a.smd
SMD MODEL ..\..\..\MCV_SMD_OG\weapons\v_springfield\v_springfield_anims\bayonet_equip_a_i.smd
SMD MODEL ..\..\..\MCV_SMD_OG\weapons\v_springfield\v_springfield_anims\charge_s_a.smd
SMD MODEL ..\..\..\MCV_SMD_OG\weapons\v_springfield\v_springfield_anims\charge_s_a_i.smd
SMD MODEL ..\..\..\MCV_SMD_OG\weapons\v_springfield\v_springfield_anims\charge_a.smd
SMD MODEL ..\..\..\MCV_SMD_OG\weapons\v_springfield\v_springfield_anims\charge_a_i.smd
SMD MODEL ..\..\..\MCV_SMD_OG\weapons\v_springfield\v_springfield_anims\charge_e.smd
SMD MODEL ..\..\..\MCV_SMD_OG\weapons\v_springfield\v_springfield_anims\charge_e_i.smd
SMD MODEL ..\..\..\MCV_SMD_OG\weapons\v_springfield\v_springfield_anims\draw.smd
SMD MODEL ..\..\..\MCV_SMD_OG\weapons\v_springfield\v_springfield_anims\draw_2.smd
SMD MODEL ..\..\..\MCV_SMD_OG\weapons\v_springfield\v_springfield_anims\Firstdraw.smd
SMD MODEL ..\..\..\MCV_SMD_OG\weapons\v_springfield\v_springfield_anims\Firstdraw_2.smd
SMD MODEL ..\..\..\MCV_SMD_OG\weapons\v_springfield\v_springfield_anims\bash.smd
SMD MODEL ..\..\..\MCV_SMD_OG\weapons\v_springfield\v_springfield_anims\bash_2.smd
SMD MODEL ..\..\..\MCV_SMD_OG\weapons\v_springfield\v_springfield_anims\grenade_draw.smd
SMD MODEL ..\..\..\MCV_SMD_OG\weapons\v_springfield\v_springfield_anims\grenade_draw_2.smd
SMD MODEL ..\..\..\MCV_SMD_OG\weapons\v_springfield\v_springfield_anims\Grenade_draw_empty.smd
SMD MODEL ..\..\..\MCV_SMD_OG\weapons\v_springfield\v_springfield_anims\Grenade_draw_empty_2.smd
SMD MODEL ..\..\..\MCV_SMD_OG\weapons\v_springfield\v_springfield_anims\holster.smd
Processing LOD for material: shells_small
Processing LOD for material: springfield
Processing LOD for material: lens_spring
Processing LOD for material: m82
Processing LOD for material: springfield_sight
Processing LOD for material: rifle_glmounts
Processing LOD for material: rifle_grenades
Processing LOD for material: m7_d
Processing LOD for material: v_m1905
---------------------
writing C:\Program Files (x86)\Steam\steamapps\common\GarrysMod\garrysmod\addons\mcv\work\compile_test_game\models/weapons/mcv/v_springfield.mdl:
Loading preexisting model: C:\Program Files (x86)\Steam\steamapps\common\GarrysMod\garrysmod\addons\mcv\work\compile_test_game\models/weapons/mcv/v_springfield.mdl
WARNING: LoadPreexistingSequenceOrder: Zero-size file or no sequences.
bones        23712 bytes (103)
animations  437076 bytes (100 anims) (3421 frames) [1:54]
sequences    17784 bytes (45 seq) 
ik/pose       1640 bytes
eyeballs         0 bytes (0 eyeballs)
flexes           0 bytes (0 flexes)
eyeballs         0 bytes (0 eyeballs)
flexes           0 bytes (0 flexes)
eyeballs         0 bytes (0 eyeballs)
flexes           0 bytes (0 flexes)
eyeballs         0 bytes (0 eyeballs)
flexes           0 bytes (0 flexes)
eyeballs         0 bytes (0 eyeballs)
flexes           0 bytes (0 flexes)
eyeballs         0 bytes (0 eyeballs)
flexes           0 bytes (0 flexes)
eyeballs         0 bytes (0 eyeballs)
flexes           0 bytes (0 flexes)
eyeballs         0 bytes (0 eyeballs)
flexes           0 bytes (0 flexes)
eyeballs         0 bytes (0 eyeballs)
flexes           0 bytes (0 flexes)
eyeballs         0 bytes (0 eyeballs)
flexes           0 bytes (0 flexes)
textures       620 bytes
keyvalues       20 bytes
bone transforms    14072 bytes
bone flex driver       0 bytes
collision        0 bytes
total       501072
---------------------
writing C:\Program Files (x86)\Steam\steamapps\common\GarrysMod\garrysmod\addons\mcv\work\compile_test_game\models/weapons/mcv/v_springfield.vvd:
vertices    516528 bytes (10761 vertices)
vertices    158304 bytes (3298 vertices)
vertices     74448 bytes (1551 vertices)
vertices    104640 bytes (2180 vertices)
vertices     89232 bytes (1859 vertices)
vertices     98208 bytes (2046 vertices)
vertices     72816 bytes (1517 vertices)
tangents    172176 bytes (10761 vertices)
tangents     52768 bytes (3298 vertices)
tangents     24816 bytes (1551 vertices)
tangents     34880 bytes (2180 vertices)
tangents     29744 bytes (1859 vertices)
tangents     32736 bytes (2046 vertices)
tangents     24272 bytes (1517 vertices)
total      1485632 bytes
---------------------
Generating optimized mesh "C:\Program Files (x86)\Steam\steamapps\common\GarrysMod\garrysmod\addons\mcv\work\compile_test_game\models/weapons/mcv/v_springfield.dx80.vtx":
body parts:        40 bytes
models:           200 bytes
model LODs:       120 bytes
meshes:            81 bytes
strip groups:     225 bytes
strips:           243 bytes
verts:         208908 bytes
indices:       165762 bytes
bone changes:     144 bytes
everything:    375639 bytes
---------------------
Generating optimized mesh "C:\Program Files (x86)\Steam\steamapps\common\GarrysMod\garrysmod\addons\mcv\work\compile_test_game\models/weapons/mcv/v_springfield.dx90.vtx":
body parts:        40 bytes
models:           200 bytes
model LODs:       120 bytes
meshes:            81 bytes
strip groups:     225 bytes
strips:           243 bytes
verts:         208908 bytes
indices:       165762 bytes
bone changes:     144 bytes
everything:    375639 bytes

Completed "v_springfield.qc"
