StudioMDL.exe (Apr 27 2026) - Garry's Mod Edition
WARNING: Failed to load keyvalues file cfg/mount.cfg!
qdir:    "c:\program files (x86)\steam\steamapps\common\garrysmod\garrysmod\addons\mcv\work\mcv_smd_port\weapons\v_stielhandgranate\"
gamedir: "C:\Program Files (x86)\Steam\steamapps\common\GarrysMod\garrysmod\addons\mcv\work\compile_test_game\"
g_path:  "C:\Program Files (x86)\Steam\steamapps\common\GarrysMod\garrysmod\addons\mcv\work\MCV_SMD_PORT\weapons\v_stielhandgranate\v_stielhandgranate.qc"
Building binary model files...
Working on "v_stielhandgranate.qc"
SMD MODEL ..\..\..\MCV_SMD_OG\weapons\v_stielhandgranate\stielhandgranate_ref.smd
SMD MODEL ..\..\..\MCV_SMD_OG\weapons\v_stielhandgranate\v_stielhandgranate_anims\runIdle_a_corrective_animation.smd
SMD MODEL ..\..\..\MCV_SMD_OG\weapons\v_stielhandgranate\v_stielhandgranate_anims\run_a_corrective_animation.smd
SMD MODEL ..\..\..\MCV_SMD_OG\weapons\v_stielhandgranate\v_stielhandgranate_anims\walkIdle_a_corrective_animation.smd
SMD MODEL ..\..\..\MCV_SMD_OG\weapons\v_stielhandgranate\v_stielhandgranate_anims\walk_a_corrective_animation.smd
SMD MODEL ..\..\..\MCV_SMD_OG\weapons\v_stielhandgranate\v_stielhandgranate_anims\basePose_a.smd
SMD MODEL ..\..\..\MCV_SMD_OG\weapons\v_stielhandgranate\v_stielhandgranate_anims\runIdle_a.smd
SMD MODEL ..\..\..\MCV_SMD_OG\weapons\v_stielhandgranate\v_stielhandgranate_anims\run_a.smd
SMD MODEL ..\..\..\MCV_SMD_OG\weapons\v_stielhandgranate\v_stielhandgranate_anims\walkIdle_a.smd
SMD MODEL ..\..\..\MCV_SMD_OG\weapons\v_stielhandgranate\v_stielhandgranate_anims\walk_a.smd
SMD MODEL ..\..\..\MCV_SMD_OG\weapons\v_stielhandgranate\v_stielhandgranate_anims\proneF.smd
SMD MODEL ..\..\..\MCV_SMD_OG\weapons\v_stielhandgranate\v_stielhandgranate_anims\proneB.smd
SMD MODEL ..\..\..\MCV_SMD_OG\weapons\v_stielhandgranate\v_stielhandgranate_anims\proneL.smd
SMD MODEL ..\..\..\MCV_SMD_OG\weapons\v_stielhandgranate\v_stielhandgranate_anims\proneR.smd
SMD MODEL ..\..\..\MCV_SMD_OG\weapons\v_stielhandgranate\v_stielhandgranate_anims\idle.smd
SMD MODEL ..\..\..\MCV_SMD_OG\weapons\v_stielhandgranate\v_stielhandgranate_anims\drawbackhigh.smd
SMD MODEL ..\..\..\MCV_SMD_OG\weapons\v_stielhandgranate\v_stielhandgranate_anims\drawbacklow.smd
SMD MODEL ..\..\..\MCV_SMD_OG\weapons\v_stielhandgranate\v_stielhandgranate_anims\throw.smd
SMD MODEL ..\..\..\MCV_SMD_OG\weapons\v_stielhandgranate\v_stielhandgranate_anims\roll.smd
SMD MODEL ..\..\..\MCV_SMD_OG\weapons\v_stielhandgranate\v_stielhandgranate_anims\lob.smd
SMD MODEL ..\..\..\MCV_SMD_OG\weapons\v_stielhandgranate\v_stielhandgranate_anims\draw.smd
SMD MODEL ..\..\..\MCV_SMD_OG\weapons\v_stielhandgranate\v_stielhandgranate_anims\bash.smd
SMD MODEL ..\..\..\MCV_SMD_OG\weapons\v_stielhandgranate\v_stielhandgranate_anims\pickupstart.smd
SMD MODEL ..\..\..\MCV_SMD_OG\weapons\v_stielhandgranate\v_stielhandgranate_anims\pickuploop.smd
SMD MODEL ..\..\..\MCV_SMD_OG\weapons\v_stielhandgranate\v_stielhandgranate_anims\pickupend.smd
SMD MODEL ..\..\..\MCV_SMD_OG\weapons\v_stielhandgranate\v_stielhandgranate_anims\idletonearwall.smd
SMD MODEL ..\..\..\MCV_SMD_OG\weapons\v_stielhandgranate\v_stielhandgranate_anims\nearwall.smd
SMD MODEL ..\..\..\MCV_SMD_OG\weapons\v_stielhandgranate\v_stielhandgranate_anims\nearwalltoidle.smd
SMD MODEL ..\..\..\MCV_SMD_OG\weapons\v_stielhandgranate\v_stielhandgranate_anims\holster.smd
SMD MODEL ..\..\..\MCV_SMD_OG\weapons\v_stielhandgranate\v_stielhandgranate_anims\firemode.smd
Processing LOD for material: v_stielhandgranate
---------------------
writing C:\Program Files (x86)\Steam\steamapps\common\GarrysMod\garrysmod\addons\mcv\work\compile_test_game\models/weapons/mcv/v_stielhandgranate.mdl:
Loading preexisting model: C:\Program Files (x86)\Steam\steamapps\common\GarrysMod\garrysmod\addons\mcv\work\compile_test_game\models/weapons/mcv/v_stielhandgranate.mdl
WARNING: LoadPreexistingSequenceOrder: Zero-size file or no sequences.
bones        20868 bytes (92)
animations   71836 bytes (29 anims) (618 frames) [0:20]
sequences     7484 bytes (20 seq) 
ik/pose        224 bytes
eyeballs         0 bytes (0 eyeballs)
flexes           0 bytes (0 flexes)
textures       140 bytes
keyvalues       20 bytes
bone transforms    12576 bytes
bone flex driver       0 bytes
collision        0 bytes
total       115984
---------------------
writing C:\Program Files (x86)\Steam\steamapps\common\GarrysMod\garrysmod\addons\mcv\work\compile_test_game\models/weapons/mcv/v_stielhandgranate.vvd:
vertices     91392 bytes (1904 vertices)
tangents     30464 bytes (1904 vertices)
total       121920 bytes
---------------------
Generating optimized mesh "C:\Program Files (x86)\Steam\steamapps\common\GarrysMod\garrysmod\addons\mcv\work\compile_test_game\models/weapons/mcv/v_stielhandgranate.dx80.vtx":
body parts:         8 bytes
models:            20 bytes
model LODs:        12 bytes
meshes:             9 bytes
strip groups:      25 bytes
strips:            27 bytes
verts:          17136 bytes
indices:        15624 bytes
bone changes:      24 bytes
everything:     32909 bytes
---------------------
Generating optimized mesh "C:\Program Files (x86)\Steam\steamapps\common\GarrysMod\garrysmod\addons\mcv\work\compile_test_game\models/weapons/mcv/v_stielhandgranate.dx90.vtx":
body parts:         8 bytes
models:            20 bytes
model LODs:        12 bytes
meshes:             9 bytes
strip groups:      25 bytes
strips:            27 bytes
verts:          17136 bytes
indices:        15624 bytes
bone changes:      24 bytes
everything:     32909 bytes

Completed "v_stielhandgranate.qc"
