StudioMDL.exe (Apr 27 2026) - Garry's Mod Edition
WARNING: Failed to load keyvalues file cfg/mount.cfg!
qdir:    "c:\program files (x86)\steam\steamapps\common\garrysmod\garrysmod\addons\mcv\work\mcv_smd_port\weapons\v_stoner63a\"
gamedir: "C:\Program Files (x86)\Steam\steamapps\common\GarrysMod\garrysmod\addons\mcv\work\compile_test_game\"
g_path:  "C:\Program Files (x86)\Steam\steamapps\common\GarrysMod\garrysmod\addons\mcv\work\MCV_SMD_PORT\weapons\v_stoner63a\v_stoner63a.qc"
Building binary model files...
Working on "v_stoner63a.qc"
SMD MODEL ..\..\..\MCV_SMD_OG\weapons\v_stoner63a\stoner63a_Ref.smd
SMD MODEL ..\..\..\MCV_SMD_OG\weapons\v_stoner63a\v_bayonet.smd
SMD MODEL ..\..\..\MCV_SMD_OG\weapons\v_stoner63a\stoner_mag_line.smd
SMD MODEL ..\..\..\MCV_SMD_OG\weapons\v_stoner63a\v_stoner63a_anims\runIdle_a_corrective_animation.smd
SMD MODEL ..\..\..\MCV_SMD_OG\weapons\v_stoner63a\v_stoner63a_anims\run_a_corrective_animation.smd
SMD MODEL ..\..\..\MCV_SMD_OG\weapons\v_stoner63a\v_stoner63a_anims\walkIdle_a_corrective_animation.smd
SMD MODEL ..\..\..\MCV_SMD_OG\weapons\v_stoner63a\v_stoner63a_anims\walk_a_corrective_animation.smd
SMD MODEL ..\..\..\MCV_SMD_OG\weapons\v_stoner63a\v_stoner63a_anims\shoot1_a_corrective_animation.smd
SMD MODEL ..\..\..\MCV_SMD_OG\weapons\v_stoner63a\v_stoner63a_anims\shoot1_ironsight_a_corrective_animation.smd
SMD MODEL ..\..\..\MCV_SMD_OG\weapons\v_stoner63a\v_stoner63a_anims\shoot2_a_corrective_animation.smd
SMD MODEL ..\..\..\MCV_SMD_OG\weapons\v_stoner63a\v_stoner63a_anims\shoot2_ironsight_a_corrective_animation.smd
SMD MODEL ..\..\..\MCV_SMD_OG\weapons\v_stoner63a\v_stoner63a_anims\shoot3_a_corrective_animation.smd
SMD MODEL ..\..\..\MCV_SMD_OG\weapons\v_stoner63a\v_stoner63a_anims\shoot3_ironsight_a_corrective_animation.smd
SMD MODEL ..\..\..\MCV_SMD_OG\weapons\v_stoner63a\v_stoner63a_anims\basePose_a.smd
SMD MODEL ..\..\..\MCV_SMD_OG\weapons\v_stoner63a\v_stoner63a_anims\ironsight.smd
SMD MODEL ..\..\..\MCV_SMD_OG\weapons\v_stoner63a\v_stoner63a_anims\ironsight_transition.smd
SMD MODEL ..\..\..\MCV_SMD_OG\weapons\v_stoner63a\v_stoner63a_anims\walkDelta.smd
SMD MODEL ..\..\..\MCV_SMD_OG\weapons\v_stoner63a\v_stoner63a_anims\runIdle_a.smd
SMD MODEL fixed_anims\run_a.smd
SMD MODEL ..\..\..\MCV_SMD_OG\weapons\v_stoner63a\v_stoner63a_anims\walkIdle_a.smd
SMD MODEL fixed_anims\walk_a.smd
SMD MODEL ..\..\..\MCV_SMD_OG\weapons\v_stoner63a\v_stoner63a_anims\shoot1_a.smd
SMD MODEL ..\..\..\MCV_SMD_OG\weapons\v_stoner63a\v_stoner63a_anims\shoot1_ironsight_a.smd
SMD MODEL ..\..\..\MCV_SMD_OG\weapons\v_stoner63a\v_stoner63a_anims\shoot2_a.smd
SMD MODEL ..\..\..\MCV_SMD_OG\weapons\v_stoner63a\v_stoner63a_anims\shoot2_ironsight_a.smd
SMD MODEL ..\..\..\MCV_SMD_OG\weapons\v_stoner63a\v_stoner63a_anims\shoot3_a.smd
SMD MODEL ..\..\..\MCV_SMD_OG\weapons\v_stoner63a\v_stoner63a_anims\shoot3_ironsight_a.smd
SMD MODEL ..\..\..\MCV_SMD_OG\weapons\v_stoner63a\v_stoner63a_anims\nearwall_s_a.smd
SMD MODEL ..\..\..\MCV_SMD_OG\weapons\v_stoner63a\v_stoner63a_anims\nearwall_s_a_i.smd
SMD MODEL ..\..\..\MCV_SMD_OG\weapons\v_stoner63a\v_stoner63a_anims\nearwall_a.smd
SMD MODEL ..\..\..\MCV_SMD_OG\weapons\v_stoner63a\v_stoner63a_anims\nearwall_a_i.smd
SMD MODEL ..\..\..\MCV_SMD_OG\weapons\v_stoner63a\v_stoner63a_anims\nearwall_e_a.smd
SMD MODEL ..\..\..\MCV_SMD_OG\weapons\v_stoner63a\v_stoner63a_anims\nearwall_e_a_i.smd
SMD MODEL ..\..\..\MCV_SMD_OG\weapons\v_stoner63a\v_stoner63a_anims\proneF.smd
SMD MODEL ..\..\..\MCV_SMD_OG\weapons\v_stoner63a\v_stoner63a_anims\proneB.smd
SMD MODEL ..\..\..\MCV_SMD_OG\weapons\v_stoner63a\v_stoner63a_anims\proneL.smd
SMD MODEL ..\..\..\MCV_SMD_OG\weapons\v_stoner63a\v_stoner63a_anims\proneR.smd
SMD MODEL ..\..\..\MCV_SMD_OG\weapons\v_stoner63a\v_stoner63a_anims\pickup_s_a.smd
SMD MODEL ..\..\..\MCV_SMD_OG\weapons\v_stoner63a\v_stoner63a_anims\pickup_s_a_i.smd
SMD MODEL ..\..\..\MCV_SMD_OG\weapons\v_stoner63a\v_stoner63a_anims\pickup_a.smd
SMD MODEL ..\..\..\MCV_SMD_OG\weapons\v_stoner63a\v_stoner63a_anims\pickup_a_i.smd
SMD MODEL ..\..\..\MCV_SMD_OG\weapons\v_stoner63a\v_stoner63a_anims\pickup_e_a.smd
SMD MODEL ..\..\..\MCV_SMD_OG\weapons\v_stoner63a\v_stoner63a_anims\pickup_e_a_i.smd
SMD MODEL ..\..\..\MCV_SMD_OG\weapons\v_stoner63a\v_stoner63a_anims\change_firemode_idle.smd
SMD MODEL ..\..\..\MCV_SMD_OG\weapons\v_stoner63a\v_stoner63a_anims\change_firemode_iron.smd
SMD MODEL ..\..\..\MCV_SMD_OG\weapons\v_stoner63a\v_stoner63a_anims\bayonet_attack_a.smd
SMD MODEL ..\..\..\MCV_SMD_OG\weapons\v_stoner63a\v_stoner63a_anims\bayonet_attack_a_i.smd
SMD MODEL ..\..\..\MCV_SMD_OG\weapons\v_stoner63a\v_stoner63a_anims\bayonet_e_a.smd
SMD MODEL ..\..\..\MCV_SMD_OG\weapons\v_stoner63a\v_stoner63a_anims\bayonet_e_a_i.smd
SMD MODEL ..\..\..\MCV_SMD_OG\weapons\v_stoner63a\v_stoner63a_anims\bayonet_s_a.smd
SMD MODEL ..\..\..\MCV_SMD_OG\weapons\v_stoner63a\v_stoner63a_anims\bayonet_s_a_i.smd
SMD MODEL ..\..\..\MCV_SMD_OG\weapons\v_stoner63a\v_stoner63a_anims\Charge_s_a.smd
SMD MODEL ..\..\..\MCV_SMD_OG\weapons\v_stoner63a\v_stoner63a_anims\Charge_s_a_i.smd
SMD MODEL ..\..\..\MCV_SMD_OG\weapons\v_stoner63a\v_stoner63a_anims\Charge_l_a.smd
SMD MODEL ..\..\..\MCV_SMD_OG\weapons\v_stoner63a\v_stoner63a_anims\Charge_l_a_i.smd
SMD MODEL ..\..\..\MCV_SMD_OG\weapons\v_stoner63a\v_stoner63a_anims\Charge_e_a.smd
SMD MODEL ..\..\..\MCV_SMD_OG\weapons\v_stoner63a\v_stoner63a_anims\Charge_e_a_i.smd
SMD MODEL ..\..\..\MCV_SMD_OG\weapons\v_stoner63a\v_stoner63a_anims\draw.smd
SMD MODEL ..\..\..\MCV_SMD_OG\weapons\v_stoner63a\v_stoner63a_anims\draw_2.smd
SMD MODEL ..\..\..\MCV_SMD_OG\weapons\v_stoner63a\v_stoner63a_anims\Firstdraw.smd
SMD MODEL ..\..\..\MCV_SMD_OG\weapons\v_stoner63a\v_stoner63a_anims\Firstdraw_2.smd
SMD MODEL ..\..\..\MCV_SMD_OG\weapons\v_stoner63a\v_stoner63a_anims\reload.smd
SMD MODEL ..\..\..\MCV_SMD_OG\weapons\v_stoner63a\v_stoner63a_anims\reload_2.smd
SMD MODEL ..\..\..\MCV_SMD_OG\weapons\v_stoner63a\v_stoner63a_anims\reload_empty.smd
SMD MODEL ..\..\..\MCV_SMD_OG\weapons\v_stoner63a\v_stoner63a_anims\reload_empty_2.smd
SMD MODEL ..\..\..\MCV_SMD_OG\weapons\v_stoner63a\v_stoner63a_anims\bash.smd
SMD MODEL ..\..\..\MCV_SMD_OG\weapons\v_stoner63a\v_stoner63a_anims\bash_2.smd
SMD MODEL ..\..\..\MCV_SMD_OG\weapons\v_stoner63a\v_stoner63a_anims\holster.smd
Processing LOD for material: shells_small
Processing LOD for material: stoner63a
Processing LOD for material: stoner63a_sight
Processing LOD for material: m7_d
Processing LOD for material: stoner63a
---------------------
writing C:\Program Files (x86)\Steam\steamapps\common\GarrysMod\garrysmod\addons\mcv\work\compile_test_game\models/weapons/mcv/v_stoner63a.mdl:
Loading preexisting model: C:\Program Files (x86)\Steam\steamapps\common\GarrysMod\garrysmod\addons\mcv\work\compile_test_game\models/weapons/mcv/v_stoner63a.mdl
WARNING: LoadPreexistingSequenceOrder: Zero-size file or no sequences.
bones        22492 bytes (98)
animations  213492 bytes (68 anims) (2058 frames) [1:08]
sequences    11452 bytes (31 seq) 
ik/pose        700 bytes
eyeballs         0 bytes (0 eyeballs)
flexes           0 bytes (0 flexes)
eyeballs         0 bytes (0 eyeballs)
flexes           0 bytes (0 flexes)
eyeballs         0 bytes (0 eyeballs)
flexes           0 bytes (0 flexes)
eyeballs         0 bytes (0 eyeballs)
flexes           0 bytes (0 flexes)
textures       276 bytes
keyvalues       20 bytes
bone transforms    13392 bytes
bone flex driver       0 bytes
collision        0 bytes
total       266176
---------------------
writing C:\Program Files (x86)\Steam\steamapps\common\GarrysMod\garrysmod\addons\mcv\work\compile_test_game\models/weapons/mcv/v_stoner63a.vvd:
vertices   1509216 bytes (31442 vertices)
vertices     98160 bytes (2045 vertices)
vertices    126960 bytes (2645 vertices)
tangents    503072 bytes (31442 vertices)
tangents     32720 bytes (2045 vertices)
tangents     42320 bytes (2645 vertices)
total      2312512 bytes
---------------------
Generating optimized mesh "C:\Program Files (x86)\Steam\steamapps\common\GarrysMod\garrysmod\addons\mcv\work\compile_test_game\models/weapons/mcv/v_stoner63a.dx80.vtx":
body parts:        24 bytes
models:            80 bytes
model LODs:        48 bytes
meshes:            45 bytes
strip groups:     125 bytes
strips:           135 bytes
verts:         325188 bytes
indices:       251340 bytes
bone changes:      80 bytes
everything:    577053 bytes
---------------------
Generating optimized mesh "C:\Program Files (x86)\Steam\steamapps\common\GarrysMod\garrysmod\addons\mcv\work\compile_test_game\models/weapons/mcv/v_stoner63a.dx90.vtx":
body parts:        24 bytes
models:            80 bytes
model LODs:        48 bytes
meshes:            45 bytes
strip groups:     125 bytes
strips:           135 bytes
verts:         325188 bytes
indices:       251340 bytes
bone changes:      80 bytes
everything:    577053 bytes

Completed "v_stoner63a.qc"
