StudioMDL.exe (Apr 27 2026) - Garry's Mod Edition
WARNING: Failed to load keyvalues file cfg/mount.cfg!
qdir:    "c:\program files (x86)\steam\steamapps\common\garrysmod\garrysmod\addons\mcv\work\mcv_smd_port\weapons\v_stoner63\"
gamedir: "C:\Program Files (x86)\Steam\steamapps\common\GarrysMod\garrysmod\addons\mcv\work\compile_test_game\"
g_path:  "C:\Program Files (x86)\Steam\steamapps\common\GarrysMod\garrysmod\addons\mcv\work\MCV_SMD_PORT\weapons\v_stoner63\v_stoner63.qc"
Building binary model files...
Working on "v_stoner63.qc"
SMD MODEL ..\..\..\MCV_SMD_OG\weapons\v_stoner63\Ref_new_bipodless.smd
SMD MODEL ..\..\..\MCV_SMD_OG\weapons\v_stoner63\Bulletnew.smd
SMD MODEL ..\..\..\MCV_SMD_OG\weapons\v_stoner63\Bulletnew.001.smd
SMD MODEL ..\..\..\MCV_SMD_OG\weapons\v_stoner63\Bulletnew.002.smd
SMD MODEL ..\..\..\MCV_SMD_OG\weapons\v_stoner63\Bulletnew.003.smd
SMD MODEL ..\..\..\MCV_SMD_OG\weapons\v_stoner63\Bulletnew.004.smd
SMD MODEL ..\..\..\MCV_SMD_OG\weapons\v_stoner63\Bulletnew.005.smd
SMD MODEL ..\..\..\MCV_SMD_OG\weapons\v_stoner63\Bulletnew.006.smd
SMD MODEL ..\..\..\MCV_SMD_OG\weapons\v_stoner63\Bulletnew.007.smd
SMD MODEL ..\..\..\MCV_SMD_OG\weapons\v_stoner63\Bulletnew.008.smd
SMD MODEL ..\..\..\MCV_SMD_OG\weapons\v_stoner63\Bulletnew.009.smd
SMD MODEL ..\..\..\MCV_SMD_OG\weapons\v_stoner63\Bulletnew.010.smd
SMD MODEL ..\..\..\MCV_SMD_OG\weapons\v_stoner63\v_stoner63_anims\runIdle_a_corrective_animation.smd
SMD MODEL ..\..\..\MCV_SMD_OG\weapons\v_stoner63\v_stoner63_anims\run_a_corrective_animation.smd
SMD MODEL ..\..\..\MCV_SMD_OG\weapons\v_stoner63\v_stoner63_anims\walkIdle_a_corrective_animation.smd
SMD MODEL ..\..\..\MCV_SMD_OG\weapons\v_stoner63\v_stoner63_anims\walk_a_corrective_animation.smd
SMD MODEL ..\..\..\MCV_SMD_OG\weapons\v_stoner63\v_stoner63_anims\shoot1_a_corrective_animation.smd
SMD MODEL ..\..\..\MCV_SMD_OG\weapons\v_stoner63\v_stoner63_anims\shoot1_ironsight_a_corrective_animation.smd
SMD MODEL ..\..\..\MCV_SMD_OG\weapons\v_stoner63\v_stoner63_anims\shoot2_a_corrective_animation.smd
SMD MODEL ..\..\..\MCV_SMD_OG\weapons\v_stoner63\v_stoner63_anims\shoot2_ironsight_a_corrective_animation.smd
SMD MODEL ..\..\..\MCV_SMD_OG\weapons\v_stoner63\v_stoner63_anims\shoot3_a_corrective_animation.smd
SMD MODEL ..\..\..\MCV_SMD_OG\weapons\v_stoner63\v_stoner63_anims\shoot3_ironsight_a_corrective_animation.smd
SMD MODEL ..\..\..\MCV_SMD_OG\weapons\v_stoner63\v_stoner63_anims\shoot1_d_a_corrective_animation.smd
SMD MODEL ..\..\..\MCV_SMD_OG\weapons\v_stoner63\v_stoner63_anims\shoot1_di_a_corrective_animation.smd
SMD MODEL ..\..\..\MCV_SMD_OG\weapons\v_stoner63\v_stoner63_anims\shoot2_d_a_corrective_animation.smd
SMD MODEL ..\..\..\MCV_SMD_OG\weapons\v_stoner63\v_stoner63_anims\shoot2_di_a_corrective_animation.smd
SMD MODEL ..\..\..\MCV_SMD_OG\weapons\v_stoner63\v_stoner63_anims\shoot3_d_a_corrective_animation.smd
SMD MODEL ..\..\..\MCV_SMD_OG\weapons\v_stoner63\v_stoner63_anims\shoot3_di_a_corrective_animation.smd
SMD MODEL ..\..\..\MCV_SMD_OG\weapons\v_stoner63\v_stoner63_anims\basePose_a.smd
SMD MODEL ..\..\..\MCV_SMD_OG\weapons\v_stoner63\v_stoner63_anims\ironsight.smd
SMD MODEL ..\..\..\MCV_SMD_OG\weapons\v_stoner63\v_stoner63_anims\ironsight_transition.smd
SMD MODEL ..\..\..\MCV_SMD_OG\weapons\v_stoner63\v_stoner63_anims\walkDelta.smd
SMD MODEL ..\..\..\MCV_SMD_OG\weapons\v_stoner63\v_stoner63_anims\runIdle_a.smd
SMD MODEL ..\..\..\MCV_SMD_OG\weapons\v_stoner63\v_stoner63_anims\run_a.smd
SMD MODEL ..\..\..\MCV_SMD_OG\weapons\v_stoner63\v_stoner63_anims\walkIdle_a.smd
SMD MODEL ..\..\..\MCV_SMD_OG\weapons\v_stoner63\v_stoner63_anims\walk_a.smd
SMD MODEL ..\..\..\MCV_SMD_OG\weapons\v_stoner63\v_stoner63_anims\shoot1_a.smd
SMD MODEL ..\..\..\MCV_SMD_OG\weapons\v_stoner63\v_stoner63_anims\shoot1_ironsight_a.smd
SMD MODEL ..\..\..\MCV_SMD_OG\weapons\v_stoner63\v_stoner63_anims\shoot2_a.smd
SMD MODEL ..\..\..\MCV_SMD_OG\weapons\v_stoner63\v_stoner63_anims\shoot2_ironsight_a.smd
SMD MODEL ..\..\..\MCV_SMD_OG\weapons\v_stoner63\v_stoner63_anims\shoot3_a.smd
SMD MODEL ..\..\..\MCV_SMD_OG\weapons\v_stoner63\v_stoner63_anims\shoot3_ironsight_a.smd
SMD MODEL ..\..\..\MCV_SMD_OG\weapons\v_stoner63\v_stoner63_anims\nearwall_s_a.smd
SMD MODEL ..\..\..\MCV_SMD_OG\weapons\v_stoner63\v_stoner63_anims\nearwall_s_a_i.smd
SMD MODEL ..\..\..\MCV_SMD_OG\weapons\v_stoner63\v_stoner63_anims\nearwall_a.smd
SMD MODEL ..\..\..\MCV_SMD_OG\weapons\v_stoner63\v_stoner63_anims\nearwall_a_i.smd
SMD MODEL ..\..\..\MCV_SMD_OG\weapons\v_stoner63\v_stoner63_anims\nearwall_e_a.smd
SMD MODEL ..\..\..\MCV_SMD_OG\weapons\v_stoner63\v_stoner63_anims\nearwall_e_a_i.smd
SMD MODEL ..\..\..\MCV_SMD_OG\weapons\v_stoner63\v_stoner63_anims\prone_deployF.smd
SMD MODEL ..\..\..\MCV_SMD_OG\weapons\v_stoner63\v_stoner63_anims\prone_deployB.smd
SMD MODEL ..\..\..\MCV_SMD_OG\weapons\v_stoner63\v_stoner63_anims\prone_deployL.smd
SMD MODEL ..\..\..\MCV_SMD_OG\weapons\v_stoner63\v_stoner63_anims\prone_deployR.smd
SMD MODEL ..\..\..\MCV_SMD_OG\weapons\v_stoner63\v_stoner63_anims\proneF.smd
SMD MODEL ..\..\..\MCV_SMD_OG\weapons\v_stoner63\v_stoner63_anims\proneB.smd
SMD MODEL ..\..\..\MCV_SMD_OG\weapons\v_stoner63\v_stoner63_anims\proneL.smd
SMD MODEL ..\..\..\MCV_SMD_OG\weapons\v_stoner63\v_stoner63_anims\proneR.smd
SMD MODEL ..\..\..\MCV_SMD_OG\weapons\v_stoner63\v_stoner63_anims\pickup_s_a.smd
SMD MODEL ..\..\..\MCV_SMD_OG\weapons\v_stoner63\v_stoner63_anims\pickup_s_a_i.smd
SMD MODEL ..\..\..\MCV_SMD_OG\weapons\v_stoner63\v_stoner63_anims\pickup_a.smd
SMD MODEL ..\..\..\MCV_SMD_OG\weapons\v_stoner63\v_stoner63_anims\pickup_a_i.smd
SMD MODEL ..\..\..\MCV_SMD_OG\weapons\v_stoner63\v_stoner63_anims\pickup_e_a.smd
SMD MODEL ..\..\..\MCV_SMD_OG\weapons\v_stoner63\v_stoner63_anims\pickup_e_a_i.smd
SMD MODEL ..\..\..\MCV_SMD_OG\weapons\v_stoner63\v_stoner63_anims\deploy_s_a.smd
SMD MODEL ..\..\..\MCV_SMD_OG\weapons\v_stoner63\v_stoner63_anims\deploy_s_a_i.smd
SMD MODEL ..\..\..\MCV_SMD_OG\weapons\v_stoner63\v_stoner63_anims\deploy_a.smd
SMD MODEL ..\..\..\MCV_SMD_OG\weapons\v_stoner63\v_stoner63_anims\ironsightdeploy.smd
SMD MODEL ..\..\..\MCV_SMD_OG\weapons\v_stoner63\v_stoner63_anims\deploy_e_a.smd
SMD MODEL ..\..\..\MCV_SMD_OG\weapons\v_stoner63\v_stoner63_anims\deploy_e_a_i.smd
SMD MODEL ..\..\..\MCV_SMD_OG\weapons\v_stoner63\v_stoner63_anims\shoot1_d_a.smd
SMD MODEL ..\..\..\MCV_SMD_OG\weapons\v_stoner63\v_stoner63_anims\shoot1_di_a.smd
SMD MODEL ..\..\..\MCV_SMD_OG\weapons\v_stoner63\v_stoner63_anims\shoot2_d_a.smd
SMD MODEL ..\..\..\MCV_SMD_OG\weapons\v_stoner63\v_stoner63_anims\shoot2_di_a.smd
SMD MODEL ..\..\..\MCV_SMD_OG\weapons\v_stoner63\v_stoner63_anims\shoot3_d_a.smd
SMD MODEL ..\..\..\MCV_SMD_OG\weapons\v_stoner63\v_stoner63_anims\shoot3_di_a.smd
SMD MODEL ..\..\..\MCV_SMD_OG\weapons\v_stoner63\v_stoner63_anims\draw.smd
SMD MODEL ..\..\..\MCV_SMD_OG\weapons\v_stoner63\v_stoner63_anims\draw_2.smd
SMD MODEL ..\..\..\MCV_SMD_OG\weapons\v_stoner63\v_stoner63_anims\Firstdraw.smd
SMD MODEL ..\..\..\MCV_SMD_OG\weapons\v_stoner63\v_stoner63_anims\Firstdraw_2.smd
SMD MODEL ..\..\..\MCV_SMD_OG\weapons\v_stoner63\v_stoner63_anims\reload.smd
SMD MODEL ..\..\..\MCV_SMD_OG\weapons\v_stoner63\v_stoner63_anims\reload_2.smd
SMD MODEL ..\..\..\MCV_SMD_OG\weapons\v_stoner63\v_stoner63_anims\reload_empty.smd
SMD MODEL ..\..\..\MCV_SMD_OG\weapons\v_stoner63\v_stoner63_anims\reload_empty_2.smd
SMD MODEL ..\..\..\MCV_SMD_OG\weapons\v_stoner63\v_stoner63_anims\bash.smd
SMD MODEL ..\..\..\MCV_SMD_OG\weapons\v_stoner63\v_stoner63_anims\bash_2.smd
SMD MODEL ..\..\..\MCV_SMD_OG\weapons\v_stoner63\v_stoner63_anims\reload_deploy.smd
SMD MODEL ..\..\..\MCV_SMD_OG\weapons\v_stoner63\v_stoner63_anims\reload_deploy_2.smd
SMD MODEL ..\..\..\MCV_SMD_OG\weapons\v_stoner63\v_stoner63_anims\reload_deploy_empty.smd
SMD MODEL ..\..\..\MCV_SMD_OG\weapons\v_stoner63\v_stoner63_anims\reload_deploy_empty_2.smd
SMD MODEL ..\..\..\MCV_SMD_OG\weapons\v_stoner63\v_stoner63_anims\holster.smd
Processing LOD for material: stoner63
Processing LOD for material: m60_link
Processing LOD for material: shells_small
Processing LOD for material: shells_small
Processing LOD for material: shells_small
Processing LOD for material: shells_small
Processing LOD for material: shells_small
Processing LOD for material: shells_small
Processing LOD for material: shells_small
Processing LOD for material: shells_small
Processing LOD for material: shells_small
Processing LOD for material: shells_small
Processing LOD for material: shells_small
---------------------
writing C:\Program Files (x86)\Steam\steamapps\common\GarrysMod\garrysmod\addons\mcv\work\compile_test_game\models/weapons/mcv/v_stoner63.mdl:
Loading preexisting model: C:\Program Files (x86)\Steam\steamapps\common\GarrysMod\garrysmod\addons\mcv\work\compile_test_game\models/weapons/mcv/v_stoner63.mdl
WARNING: LoadPreexistingSequenceOrder: Zero-size file or no sequences.
bones        24880 bytes (109)
animations  530148 bytes (82 anims) (3454 frames) [1:53]
sequences    14748 bytes (35 seq) 
ik/pose       3656 bytes
eyeballs         0 bytes (0 eyeballs)
flexes           0 bytes (0 flexes)
eyeballs         0 bytes (0 eyeballs)
flexes           0 bytes (0 flexes)
eyeballs         0 bytes (0 eyeballs)
flexes           0 bytes (0 flexes)
eyeballs         0 bytes (0 eyeballs)
flexes           0 bytes (0 flexes)
eyeballs         0 bytes (0 eyeballs)
flexes           0 bytes (0 flexes)
eyeballs         0 bytes (0 eyeballs)
flexes           0 bytes (0 flexes)
eyeballs         0 bytes (0 eyeballs)
flexes           0 bytes (0 flexes)
eyeballs         0 bytes (0 eyeballs)
flexes           0 bytes (0 flexes)
eyeballs         0 bytes (0 eyeballs)
flexes           0 bytes (0 flexes)
eyeballs         0 bytes (0 eyeballs)
flexes           0 bytes (0 flexes)
eyeballs         0 bytes (0 eyeballs)
flexes           0 bytes (0 flexes)
eyeballs         0 bytes (0 eyeballs)
flexes           0 bytes (0 flexes)
eyeballs         0 bytes (0 eyeballs)
flexes           0 bytes (0 flexes)
eyeballs         0 bytes (0 eyeballs)
flexes           0 bytes (0 flexes)
eyeballs         0 bytes (0 eyeballs)
flexes           0 bytes (0 flexes)
eyeballs         0 bytes (0 eyeballs)
flexes           0 bytes (0 flexes)
eyeballs         0 bytes (0 eyeballs)
flexes           0 bytes (0 flexes)
eyeballs         0 bytes (0 eyeballs)
flexes           0 bytes (0 flexes)
eyeballs         0 bytes (0 eyeballs)
flexes           0 bytes (0 flexes)
eyeballs         0 bytes (0 eyeballs)
flexes           0 bytes (0 flexes)
eyeballs         0 bytes (0 eyeballs)
flexes           0 bytes (0 flexes)
eyeballs         0 bytes (0 eyeballs)
flexes           0 bytes (0 flexes)
eyeballs         0 bytes (0 eyeballs)
flexes           0 bytes (0 flexes)
textures       212 bytes
keyvalues       20 bytes
bone transforms    14888 bytes
bone flex driver       0 bytes
collision        0 bytes
total       594384
---------------------
writing C:\Program Files (x86)\Steam\steamapps\common\GarrysMod\garrysmod\addons\mcv\work\compile_test_game\models/weapons/mcv/v_stoner63.vvd:
vertices   1369680 bytes (28535 vertices)
vertices     13920 bytes (290 vertices)
vertices     18816 bytes (392 vertices)
vertices     18816 bytes (392 vertices)
vertices     18816 bytes (392 vertices)
vertices     18816 bytes (392 vertices)
vertices     18816 bytes (392 vertices)
vertices     18816 bytes (392 vertices)
vertices     18816 bytes (392 vertices)
vertices     18816 bytes (392 vertices)
vertices     18816 bytes (392 vertices)
vertices     18816 bytes (392 vertices)
tangents    456560 bytes (28535 vertices)
tangents      4640 bytes (290 vertices)
tangents      6272 bytes (392 vertices)
tangents      6272 bytes (392 vertices)
tangents      6272 bytes (392 vertices)
tangents      6272 bytes (392 vertices)
tangents      6272 bytes (392 vertices)
tangents      6272 bytes (392 vertices)
tangents      6272 bytes (392 vertices)
tangents      6272 bytes (392 vertices)
tangents      6272 bytes (392 vertices)
tangents      6272 bytes (392 vertices)
total      2095744 bytes
---------------------
Generating optimized mesh "C:\Program Files (x86)\Steam\steamapps\common\GarrysMod\garrysmod\addons\mcv\work\compile_test_game\models/weapons/mcv/v_stoner63.dx80.vtx":
body parts:        96 bytes
models:           460 bytes
model LODs:       276 bytes
meshes:           117 bytes
strip groups:     325 bytes
strips:           351 bytes
verts:         294705 bytes
indices:       200622 bytes
bone changes:     232 bytes
everything:    496944 bytes
---------------------
Generating optimized mesh "C:\Program Files (x86)\Steam\steamapps\common\GarrysMod\garrysmod\addons\mcv\work\compile_test_game\models/weapons/mcv/v_stoner63.dx90.vtx":
body parts:        96 bytes
models:           460 bytes
model LODs:       276 bytes
meshes:           117 bytes
strip groups:     325 bytes
strips:           351 bytes
verts:         294705 bytes
indices:       200622 bytes
bone changes:     232 bytes
everything:    496944 bytes

Completed "v_stoner63.qc"
