StudioMDL.exe (Apr 27 2026) - Garry's Mod Edition
WARNING: Failed to load keyvalues file cfg/mount.cfg!
qdir:    "c:\program files (x86)\steam\steamapps\common\garrysmod\garrysmod\addons\mcv\work\mcv_smd_port\weapons\v_ts3\"
gamedir: "C:\Program Files (x86)\Steam\steamapps\common\GarrysMod\garrysmod\addons\mcv\work\compile_test_game\"
g_path:  "C:\Program Files (x86)\Steam\steamapps\common\GarrysMod\garrysmod\addons\mcv\work\MCV_SMD_PORT\weapons\v_ts3\v_ts3.qc"
Building binary model files...
Working on "v_ts3.qc"
SMD MODEL ..\..\..\MCV_SMD_OG\weapons\v_ts3\ts3_mesh.smd
SMD MODEL ..\..\..\MCV_SMD_OG\weapons\v_ts3\v_ts3_anims\Default_corrective_animation.smd
SMD MODEL ..\..\..\MCV_SMD_OG\weapons\v_ts3\v_ts3_anims\Slideback_corrective_animation.smd
SMD MODEL ..\..\..\MCV_SMD_OG\weapons\v_ts3\v_ts3_anims\runIdle_a_corrective_animation.smd
SMD MODEL ..\..\..\MCV_SMD_OG\weapons\v_ts3\v_ts3_anims\run_a_corrective_animation.smd
SMD MODEL ..\..\..\MCV_SMD_OG\weapons\v_ts3\v_ts3_anims\walkIdle_a_corrective_animation.smd
SMD MODEL ..\..\..\MCV_SMD_OG\weapons\v_ts3\v_ts3_anims\walk_a_corrective_animation.smd
SMD MODEL ..\..\..\MCV_SMD_OG\weapons\v_ts3\v_ts3_anims\ShootMove_corrective_animation.smd
SMD MODEL ..\..\..\MCV_SMD_OG\weapons\v_ts3\v_ts3_anims\ShootStill_corrective_animation.smd
SMD MODEL ..\..\..\MCV_SMD_OG\weapons\v_ts3\v_ts3_anims\shoot1_a_corrective_animation.smd
SMD MODEL ..\..\..\MCV_SMD_OG\weapons\v_ts3\v_ts3_anims\shoot1_ironsight_a_corrective_animation.smd
SMD MODEL ..\..\..\MCV_SMD_OG\weapons\v_ts3\v_ts3_anims\shoot2_a_corrective_animation.smd
SMD MODEL ..\..\..\MCV_SMD_OG\weapons\v_ts3\v_ts3_anims\shoot2_ironsight_a_corrective_animation.smd
SMD MODEL ..\..\..\MCV_SMD_OG\weapons\v_ts3\v_ts3_anims\shoot3_a_corrective_animation.smd
SMD MODEL ..\..\..\MCV_SMD_OG\weapons\v_ts3\v_ts3_anims\shoot3_ironsight_a_corrective_animation.smd
SMD MODEL ..\..\..\MCV_SMD_OG\weapons\v_ts3\v_ts3_anims\PoseDelta.smd
SMD MODEL ..\..\..\MCV_SMD_OG\weapons\v_ts3\v_ts3_anims\PoseDelta2.smd
SMD MODEL ..\..\..\MCV_SMD_OG\weapons\v_ts3\v_ts3_anims\Default.smd
SMD MODEL ..\..\..\MCV_SMD_OG\weapons\v_ts3\v_ts3_anims\Slideback.smd
SMD MODEL ..\..\..\MCV_SMD_OG\weapons\v_ts3\v_ts3_anims\ShootMove.smd
SMD MODEL ..\..\..\MCV_SMD_OG\weapons\v_ts3\v_ts3_anims\ShootStill.smd
SMD MODEL ..\..\..\MCV_SMD_OG\weapons\v_ts3\v_ts3_anims\basePose_a.smd
SMD MODEL ..\..\..\MCV_SMD_OG\weapons\v_ts3\v_ts3_anims\ironsight.smd
SMD MODEL ..\..\..\MCV_SMD_OG\weapons\v_ts3\v_ts3_anims\ironsight_transition.smd
SMD MODEL ..\..\..\MCV_SMD_OG\weapons\v_ts3\v_ts3_anims\walkDelta.smd
SMD MODEL ..\..\..\MCV_SMD_OG\weapons\v_ts3\v_ts3_anims\runIdle_a.smd
SMD MODEL ..\..\..\MCV_SMD_OG\weapons\v_ts3\v_ts3_anims\run_a.smd
SMD MODEL ..\..\..\MCV_SMD_OG\weapons\v_ts3\v_ts3_anims\walkIdle_a.smd
SMD MODEL ..\..\..\MCV_SMD_OG\weapons\v_ts3\v_ts3_anims\walk_a.smd
SMD MODEL ..\..\..\MCV_SMD_OG\weapons\v_ts3\v_ts3_anims\shoot1_a.smd
SMD MODEL ..\..\..\MCV_SMD_OG\weapons\v_ts3\v_ts3_anims\shoot1_ironsight_a.smd
SMD MODEL ..\..\..\MCV_SMD_OG\weapons\v_ts3\v_ts3_anims\shoot2_a.smd
SMD MODEL ..\..\..\MCV_SMD_OG\weapons\v_ts3\v_ts3_anims\shoot2_ironsight_a.smd
SMD MODEL ..\..\..\MCV_SMD_OG\weapons\v_ts3\v_ts3_anims\shoot3_a.smd
SMD MODEL ..\..\..\MCV_SMD_OG\weapons\v_ts3\v_ts3_anims\shoot3_ironsight_a.smd
SMD MODEL ..\..\..\MCV_SMD_OG\weapons\v_ts3\v_ts3_anims\nearwall_s_a.smd
SMD MODEL ..\..\..\MCV_SMD_OG\weapons\v_ts3\v_ts3_anims\nearwall_s_a_i.smd
SMD MODEL ..\..\..\MCV_SMD_OG\weapons\v_ts3\v_ts3_anims\nearwall_a.smd
SMD MODEL ..\..\..\MCV_SMD_OG\weapons\v_ts3\v_ts3_anims\nearwall_a_i.smd
SMD MODEL ..\..\..\MCV_SMD_OG\weapons\v_ts3\v_ts3_anims\nearwall_e_a.smd
SMD MODEL ..\..\..\MCV_SMD_OG\weapons\v_ts3\v_ts3_anims\nearwall_e_a_i.smd
SMD MODEL ..\..\..\MCV_SMD_OG\weapons\v_ts3\v_ts3_anims\proneF.smd
SMD MODEL ..\..\..\MCV_SMD_OG\weapons\v_ts3\v_ts3_anims\proneB.smd
SMD MODEL ..\..\..\MCV_SMD_OG\weapons\v_ts3\v_ts3_anims\proneL.smd
SMD MODEL ..\..\..\MCV_SMD_OG\weapons\v_ts3\v_ts3_anims\proneR.smd
SMD MODEL ..\..\..\MCV_SMD_OG\weapons\v_ts3\v_ts3_anims\pickup_s_a.smd
SMD MODEL ..\..\..\MCV_SMD_OG\weapons\v_ts3\v_ts3_anims\pickup_s_a_i.smd
SMD MODEL ..\..\..\MCV_SMD_OG\weapons\v_ts3\v_ts3_anims\pickup_a.smd
SMD MODEL ..\..\..\MCV_SMD_OG\weapons\v_ts3\v_ts3_anims\pickup_a_i.smd
SMD MODEL ..\..\..\MCV_SMD_OG\weapons\v_ts3\v_ts3_anims\pickup_e_a.smd
SMD MODEL ..\..\..\MCV_SMD_OG\weapons\v_ts3\v_ts3_anims\pickup_e_a_i.smd
SMD MODEL ..\..\..\MCV_SMD_OG\weapons\v_ts3\v_ts3_anims\draw.smd
SMD MODEL ..\..\..\MCV_SMD_OG\weapons\v_ts3\v_ts3_anims\draw_2.smd
SMD MODEL ..\..\..\MCV_SMD_OG\weapons\v_ts3\v_ts3_anims\Firstdraw.smd
SMD MODEL ..\..\..\MCV_SMD_OG\weapons\v_ts3\v_ts3_anims\Firstdraw_2.smd
SMD MODEL ..\..\..\MCV_SMD_OG\weapons\v_ts3\v_ts3_anims\reload.smd
SMD MODEL ..\..\..\MCV_SMD_OG\weapons\v_ts3\v_ts3_anims\reload_2.smd
SMD MODEL ..\..\..\MCV_SMD_OG\weapons\v_ts3\v_ts3_anims\reload_empty.smd
SMD MODEL ..\..\..\MCV_SMD_OG\weapons\v_ts3\v_ts3_anims\reload_empty_2.smd
SMD MODEL ..\..\..\MCV_SMD_OG\weapons\v_ts3\v_ts3_anims\bash.smd
SMD MODEL ..\..\..\MCV_SMD_OG\weapons\v_ts3\v_ts3_anims\bash_2.smd
SMD MODEL ..\..\..\MCV_SMD_OG\weapons\v_ts3\v_ts3_anims\holster.smd
Processing LOD for material: v_ts3_mag
Processing LOD for material: v_ts3_base
Processing LOD for material: shells_small
Processing LOD for material: v_ts3_sight
---------------------
writing C:\Program Files (x86)\Steam\steamapps\common\GarrysMod\garrysmod\addons\mcv\work\compile_test_game\models/weapons/mcv/v_ts3.mdl:
Loading preexisting model: C:\Program Files (x86)\Steam\steamapps\common\GarrysMod\garrysmod\addons\mcv\work\compile_test_game\models/weapons/mcv/v_ts3.mdl
WARNING: LoadPreexistingSequenceOrder: Zero-size file or no sequences.
bones        22208 bytes (97)
animations  177020 bytes (64 anims) (1640 frames) [0:54]
sequences     9480 bytes (25 seq) 
ik/pose        244 bytes
eyeballs         0 bytes (0 eyeballs)
flexes           0 bytes (0 flexes)
textures       272 bytes
keyvalues       20 bytes
bone transforms    13256 bytes
bone flex driver       0 bytes
collision        0 bytes
total       226436
---------------------
writing C:\Program Files (x86)\Steam\steamapps\common\GarrysMod\garrysmod\addons\mcv\work\compile_test_game\models/weapons/mcv/v_ts3.vvd:
vertices   1011888 bytes (21081 vertices)
tangents    337296 bytes (21081 vertices)
total      1349248 bytes
---------------------
Generating optimized mesh "C:\Program Files (x86)\Steam\steamapps\common\GarrysMod\garrysmod\addons\mcv\work\compile_test_game\models/weapons/mcv/v_ts3.dx80.vtx":
body parts:         8 bytes
models:            20 bytes
model LODs:        12 bytes
meshes:            36 bytes
strip groups:     100 bytes
strips:           108 bytes
verts:         189729 bytes
indices:       173352 bytes
bone changes:      72 bytes
everything:    363461 bytes
---------------------
Generating optimized mesh "C:\Program Files (x86)\Steam\steamapps\common\GarrysMod\garrysmod\addons\mcv\work\compile_test_game\models/weapons/mcv/v_ts3.dx90.vtx":
body parts:         8 bytes
models:            20 bytes
model LODs:        12 bytes
meshes:            36 bytes
strip groups:     100 bytes
strips:           108 bytes
verts:         189729 bytes
indices:       173352 bytes
bone changes:      72 bytes
everything:    363461 bytes

Completed "v_ts3.qc"
