StudioMDL.exe (Apr 27 2026) - Garry's Mod Edition
WARNING: Failed to load keyvalues file cfg/mount.cfg!
qdir:    "c:\program files (x86)\steam\steamapps\common\garrysmod\garrysmod\addons\mcv\work\mcv_smd_port\weapons\v_tt33\"
gamedir: "C:\Program Files (x86)\Steam\steamapps\common\GarrysMod\garrysmod\addons\mcv\work\compile_test_game\"
g_path:  "C:\Program Files (x86)\Steam\steamapps\common\GarrysMod\garrysmod\addons\mcv\work\MCV_SMD_PORT\weapons\v_tt33\v_tt33.qc"
Building binary model files...
Working on "v_tt33.qc"
SMD MODEL ..\..\..\MCV_SMD_OG\weapons\v_tt33\RefTT33_new.smd
SMD MODEL ..\..\..\MCV_SMD_OG\weapons\v_tt33\v_tt33_anims\Default_corrective_animation.smd
SMD MODEL ..\..\..\MCV_SMD_OG\weapons\v_tt33\v_tt33_anims\Slideback_corrective_animation.smd
SMD MODEL ..\..\..\MCV_SMD_OG\weapons\v_tt33\v_tt33_anims\runIdle_a_corrective_animation.smd
SMD MODEL ..\..\..\MCV_SMD_OG\weapons\v_tt33\v_tt33_anims\run_a_corrective_animation.smd
SMD MODEL ..\..\..\MCV_SMD_OG\weapons\v_tt33\v_tt33_anims\walkIdle_a_corrective_animation.smd
SMD MODEL ..\..\..\MCV_SMD_OG\weapons\v_tt33\v_tt33_anims\walk_a_corrective_animation.smd
SMD MODEL ..\..\..\MCV_SMD_OG\weapons\v_tt33\v_tt33_anims\shoot1_a_corrective_animation.smd
SMD MODEL ..\..\..\MCV_SMD_OG\weapons\v_tt33\v_tt33_anims\shoot1_ironsight_a_corrective_animation.smd
SMD MODEL ..\..\..\MCV_SMD_OG\weapons\v_tt33\v_tt33_anims\shoot2_a_corrective_animation.smd
SMD MODEL ..\..\..\MCV_SMD_OG\weapons\v_tt33\v_tt33_anims\shoot2_ironsight_a_corrective_animation.smd
SMD MODEL ..\..\..\MCV_SMD_OG\weapons\v_tt33\v_tt33_anims\shoot3_a_corrective_animation.smd
SMD MODEL ..\..\..\MCV_SMD_OG\weapons\v_tt33\v_tt33_anims\shoot3_ironsight_a_corrective_animation.smd
SMD MODEL ..\..\..\MCV_SMD_OG\weapons\v_tt33\v_tt33_anims\shootlast_a_corrective_animation.smd
SMD MODEL ..\..\..\MCV_SMD_OG\weapons\v_tt33\v_tt33_anims\shootlast_ironsight_a_corrective_animation.smd
SMD MODEL ..\..\..\MCV_SMD_OG\weapons\v_tt33\v_tt33_anims\PoseDelta.smd
SMD MODEL ..\..\..\MCV_SMD_OG\weapons\v_tt33\v_tt33_anims\Default.smd
SMD MODEL ..\..\..\MCV_SMD_OG\weapons\v_tt33\v_tt33_anims\Slideback.smd
SMD MODEL ..\..\..\MCV_SMD_OG\weapons\v_tt33\v_tt33_anims\basePose_a.smd
SMD MODEL ..\..\..\MCV_SMD_OG\weapons\v_tt33\v_tt33_anims\ironsight.smd
SMD MODEL ..\..\..\MCV_SMD_OG\weapons\v_tt33\v_tt33_anims\ironsight_transition.smd
SMD MODEL ..\..\..\MCV_SMD_OG\weapons\v_tt33\v_tt33_anims\runIdle_a.smd
SMD MODEL ..\..\..\MCV_SMD_OG\weapons\v_tt33\v_tt33_anims\run_a.smd
SMD MODEL ..\..\..\MCV_SMD_OG\weapons\v_tt33\v_tt33_anims\walkIdle_a.smd
SMD MODEL ..\..\..\MCV_SMD_OG\weapons\v_tt33\v_tt33_anims\walk_a.smd
SMD MODEL ..\..\..\MCV_SMD_OG\weapons\v_tt33\v_tt33_anims\shoot1_a.smd
SMD MODEL ..\..\..\MCV_SMD_OG\weapons\v_tt33\v_tt33_anims\shoot1_ironsight_a.smd
SMD MODEL ..\..\..\MCV_SMD_OG\weapons\v_tt33\v_tt33_anims\shoot2_a.smd
SMD MODEL ..\..\..\MCV_SMD_OG\weapons\v_tt33\v_tt33_anims\shoot2_ironsight_a.smd
SMD MODEL ..\..\..\MCV_SMD_OG\weapons\v_tt33\v_tt33_anims\shoot3_a.smd
SMD MODEL ..\..\..\MCV_SMD_OG\weapons\v_tt33\v_tt33_anims\shoot3_ironsight_a.smd
SMD MODEL ..\..\..\MCV_SMD_OG\weapons\v_tt33\v_tt33_anims\shootlast_a.smd
SMD MODEL ..\..\..\MCV_SMD_OG\weapons\v_tt33\v_tt33_anims\shootlast_ironsight_a.smd
SMD MODEL ..\..\..\MCV_SMD_OG\weapons\v_tt33\v_tt33_anims\nearwall_s_a.smd
SMD MODEL ..\..\..\MCV_SMD_OG\weapons\v_tt33\v_tt33_anims\nearwall_s_a_i.smd
SMD MODEL ..\..\..\MCV_SMD_OG\weapons\v_tt33\v_tt33_anims\nearwall_a.smd
SMD MODEL ..\..\..\MCV_SMD_OG\weapons\v_tt33\v_tt33_anims\nearwall_a_i.smd
SMD MODEL ..\..\..\MCV_SMD_OG\weapons\v_tt33\v_tt33_anims\nearwall_e_a.smd
SMD MODEL ..\..\..\MCV_SMD_OG\weapons\v_tt33\v_tt33_anims\nearwall_e_a_i.smd
SMD MODEL ..\..\..\MCV_SMD_OG\weapons\v_tt33\v_tt33_anims\proneF.smd
SMD MODEL ..\..\..\MCV_SMD_OG\weapons\v_tt33\v_tt33_anims\proneB.smd
SMD MODEL ..\..\..\MCV_SMD_OG\weapons\v_tt33\v_tt33_anims\proneL.smd
SMD MODEL ..\..\..\MCV_SMD_OG\weapons\v_tt33\v_tt33_anims\proneR.smd
SMD MODEL ..\..\..\MCV_SMD_OG\weapons\v_tt33\v_tt33_anims\pickup_s_a.smd
SMD MODEL ..\..\..\MCV_SMD_OG\weapons\v_tt33\v_tt33_anims\pickup_s_a_i.smd
SMD MODEL ..\..\..\MCV_SMD_OG\weapons\v_tt33\v_tt33_anims\pickup_a.smd
SMD MODEL ..\..\..\MCV_SMD_OG\weapons\v_tt33\v_tt33_anims\pickup_a_i.smd
SMD MODEL ..\..\..\MCV_SMD_OG\weapons\v_tt33\v_tt33_anims\pickup_e_a.smd
SMD MODEL ..\..\..\MCV_SMD_OG\weapons\v_tt33\v_tt33_anims\pickup_e_a_i.smd
SMD MODEL ..\..\..\MCV_SMD_OG\weapons\v_tt33\v_tt33_anims\draw.smd
SMD MODEL ..\..\..\MCV_SMD_OG\weapons\v_tt33\v_tt33_anims\draw_2.smd
SMD MODEL ..\..\..\MCV_SMD_OG\weapons\v_tt33\v_tt33_anims\Firstdraw.smd
SMD MODEL ..\..\..\MCV_SMD_OG\weapons\v_tt33\v_tt33_anims\Firstdraw_2.smd
SMD MODEL ..\..\..\MCV_SMD_OG\weapons\v_tt33\v_tt33_anims\reload.smd
SMD MODEL ..\..\..\MCV_SMD_OG\weapons\v_tt33\v_tt33_anims\reload_2.smd
SMD MODEL ..\..\..\MCV_SMD_OG\weapons\v_tt33\v_tt33_anims\reload_empty.smd
SMD MODEL ..\..\..\MCV_SMD_OG\weapons\v_tt33\v_tt33_anims\reload_empty_2.smd
SMD MODEL ..\..\..\MCV_SMD_OG\weapons\v_tt33\v_tt33_anims\bash.smd
SMD MODEL ..\..\..\MCV_SMD_OG\weapons\v_tt33\v_tt33_anims\bash_2.smd
SMD MODEL ..\..\..\MCV_SMD_OG\weapons\v_tt33\v_tt33_anims\holster.smd
Processing LOD for material: tt33
Processing LOD for material: shells_small
---------------------
writing C:\Program Files (x86)\Steam\steamapps\common\GarrysMod\garrysmod\addons\mcv\work\compile_test_game\models/weapons/mcv/v_tt33.mdl:
Loading preexisting model: C:\Program Files (x86)\Steam\steamapps\common\GarrysMod\garrysmod\addons\mcv\work\compile_test_game\models/weapons/mcv/v_tt33.mdl
WARNING: LoadPreexistingSequenceOrder: Zero-size file or no sequences.
bones        21920 bytes (96)
animations  172600 bytes (62 anims) (1478 frames) [0:49]
sequences     9624 bytes (26 seq) 
ik/pose        244 bytes
eyeballs         0 bytes (0 eyeballs)
flexes           0 bytes (0 flexes)
textures       140 bytes
keyvalues       20 bytes
bone transforms    13120 bytes
bone flex driver       0 bytes
collision        0 bytes
total       221364
---------------------
writing C:\Program Files (x86)\Steam\steamapps\common\GarrysMod\garrysmod\addons\mcv\work\compile_test_game\models/weapons/mcv/v_tt33.vvd:
vertices    617424 bytes (12863 vertices)
tangents    205808 bytes (12863 vertices)
total       823296 bytes
---------------------
Generating optimized mesh "C:\Program Files (x86)\Steam\steamapps\common\GarrysMod\garrysmod\addons\mcv\work\compile_test_game\models/weapons/mcv/v_tt33.dx80.vtx":
body parts:         8 bytes
models:            20 bytes
model LODs:        12 bytes
meshes:            18 bytes
strip groups:      50 bytes
strips:            54 bytes
verts:         115767 bytes
indices:        98238 bytes
bone changes:      56 bytes
everything:    214247 bytes
---------------------
Generating optimized mesh "C:\Program Files (x86)\Steam\steamapps\common\GarrysMod\garrysmod\addons\mcv\work\compile_test_game\models/weapons/mcv/v_tt33.dx90.vtx":
body parts:         8 bytes
models:            20 bytes
model LODs:        12 bytes
meshes:            18 bytes
strip groups:      50 bytes
strips:            54 bytes
verts:         115767 bytes
indices:        98238 bytes
bone changes:      56 bytes
everything:    214247 bytes

Completed "v_tt33.qc"
