StudioMDL.exe (Apr 27 2026) - Garry's Mod Edition
WARNING: Failed to load keyvalues file cfg/mount.cfg!
qdir:    "c:\program files (x86)\steam\steamapps\common\garrysmod\garrysmod\addons\mcv\work\mcv_smd_port\weapons\v_tul1\"
gamedir: "C:\Program Files (x86)\Steam\steamapps\common\GarrysMod\garrysmod\addons\mcv\work\compile_test_game\"
g_path:  "C:\Program Files (x86)\Steam\steamapps\common\GarrysMod\garrysmod\addons\mcv\work\MCV_SMD_PORT\weapons\v_tul1\v_tul1.qc"
Building binary model files...
Working on "v_tul1.qc"
SMD MODEL ..\..\..\MCV_SMD_OG\weapons\v_tul1\tul1_ref.smd
SMD MODEL ..\..\..\MCV_SMD_OG\weapons\v_tul1\RPK_mag_default.smd
SMD MODEL ..\..\..\MCV_SMD_OG\weapons\v_tul1\RPK_mag_drum.smd
SMD MODEL ..\..\..\MCV_SMD_OG\weapons\v_tul1\v_tul1_anims\runIdle_a_corrective_animation.smd
SMD MODEL ..\..\..\MCV_SMD_OG\weapons\v_tul1\v_tul1_anims\run_a_corrective_animation.smd
SMD MODEL ..\..\..\MCV_SMD_OG\weapons\v_tul1\v_tul1_anims\walkIdle_a_corrective_animation.smd
SMD MODEL ..\..\..\MCV_SMD_OG\weapons\v_tul1\v_tul1_anims\walk_a_corrective_animation.smd
SMD MODEL ..\..\..\MCV_SMD_OG\weapons\v_tul1\v_tul1_anims\shoot1_a_corrective_animation.smd
SMD MODEL ..\..\..\MCV_SMD_OG\weapons\v_tul1\v_tul1_anims\shoot1_ironsight_a_corrective_animation.smd
SMD MODEL ..\..\..\MCV_SMD_OG\weapons\v_tul1\v_tul1_anims\shoot2_a_corrective_animation.smd
SMD MODEL ..\..\..\MCV_SMD_OG\weapons\v_tul1\v_tul1_anims\shoot2_ironsight_a_corrective_animation.smd
SMD MODEL ..\..\..\MCV_SMD_OG\weapons\v_tul1\v_tul1_anims\shoot3_a_corrective_animation.smd
SMD MODEL ..\..\..\MCV_SMD_OG\weapons\v_tul1\v_tul1_anims\shoot3_ironsight_a_corrective_animation.smd
SMD MODEL ..\..\..\MCV_SMD_OG\weapons\v_tul1\v_tul1_anims\shoot1_d_a_corrective_animation.smd
SMD MODEL ..\..\..\MCV_SMD_OG\weapons\v_tul1\v_tul1_anims\shoot1_d_i_a_corrective_animation.smd
SMD MODEL ..\..\..\MCV_SMD_OG\weapons\v_tul1\v_tul1_anims\shoot2_d_a_corrective_animation.smd
SMD MODEL ..\..\..\MCV_SMD_OG\weapons\v_tul1\v_tul1_anims\shoot2_d_i_a_corrective_animation.smd
SMD MODEL ..\..\..\MCV_SMD_OG\weapons\v_tul1\v_tul1_anims\shoot3_d_a_corrective_animation.smd
SMD MODEL ..\..\..\MCV_SMD_OG\weapons\v_tul1\v_tul1_anims\shoot3_d_i_a_corrective_animation.smd
SMD MODEL ..\..\..\MCV_SMD_OG\weapons\v_tul1\v_tul1_anims\basePose_a.smd
SMD MODEL ..\..\..\MCV_SMD_OG\weapons\v_tul1\v_tul1_anims\ironsight.smd
SMD MODEL ..\..\..\MCV_SMD_OG\weapons\v_tul1\v_tul1_anims\ironsight_transition.smd
SMD MODEL ..\..\..\MCV_SMD_OG\weapons\v_tul1\v_tul1_anims\runIdle_a.smd
SMD MODEL ..\..\..\MCV_SMD_OG\weapons\v_tul1\v_tul1_anims\run_a.smd
SMD MODEL ..\..\..\MCV_SMD_OG\weapons\v_tul1\v_tul1_anims\walkIdle_a.smd
SMD MODEL ..\..\..\MCV_SMD_OG\weapons\v_tul1\v_tul1_anims\walk_a.smd
SMD MODEL ..\..\..\MCV_SMD_OG\weapons\v_tul1\v_tul1_anims\shoot1_a.smd
SMD MODEL ..\..\..\MCV_SMD_OG\weapons\v_tul1\v_tul1_anims\shoot1_ironsight_a.smd
SMD MODEL ..\..\..\MCV_SMD_OG\weapons\v_tul1\v_tul1_anims\shoot2_a.smd
SMD MODEL ..\..\..\MCV_SMD_OG\weapons\v_tul1\v_tul1_anims\shoot2_ironsight_a.smd
SMD MODEL ..\..\..\MCV_SMD_OG\weapons\v_tul1\v_tul1_anims\shoot3_a.smd
SMD MODEL ..\..\..\MCV_SMD_OG\weapons\v_tul1\v_tul1_anims\shoot3_ironsight_a.smd
SMD MODEL ..\..\..\MCV_SMD_OG\weapons\v_tul1\v_tul1_anims\nearwall_s_a.smd
SMD MODEL ..\..\..\MCV_SMD_OG\weapons\v_tul1\v_tul1_anims\nearwall_s_a_i.smd
SMD MODEL ..\..\..\MCV_SMD_OG\weapons\v_tul1\v_tul1_anims\nearwall_a.smd
SMD MODEL ..\..\..\MCV_SMD_OG\weapons\v_tul1\v_tul1_anims\nearwall_a_i.smd
SMD MODEL ..\..\..\MCV_SMD_OG\weapons\v_tul1\v_tul1_anims\nearwall_e_a.smd
SMD MODEL ..\..\..\MCV_SMD_OG\weapons\v_tul1\v_tul1_anims\nearwall_e_a_i.smd
SMD MODEL ..\..\..\MCV_SMD_OG\weapons\v_tul1\v_tul1_anims\proneF.smd
SMD MODEL ..\..\..\MCV_SMD_OG\weapons\v_tul1\v_tul1_anims\proneB.smd
SMD MODEL ..\..\..\MCV_SMD_OG\weapons\v_tul1\v_tul1_anims\proneL.smd
SMD MODEL ..\..\..\MCV_SMD_OG\weapons\v_tul1\v_tul1_anims\proneR.smd
SMD MODEL ..\..\..\MCV_SMD_OG\weapons\v_tul1\v_tul1_anims\pickup_s_a.smd
SMD MODEL ..\..\..\MCV_SMD_OG\weapons\v_tul1\v_tul1_anims\pickup_s_a_i.smd
SMD MODEL ..\..\..\MCV_SMD_OG\weapons\v_tul1\v_tul1_anims\pickup_a.smd
SMD MODEL ..\..\..\MCV_SMD_OG\weapons\v_tul1\v_tul1_anims\pickup_a_i.smd
SMD MODEL ..\..\..\MCV_SMD_OG\weapons\v_tul1\v_tul1_anims\pickup_e_a.smd
SMD MODEL ..\..\..\MCV_SMD_OG\weapons\v_tul1\v_tul1_anims\pickup_e_a_i.smd
SMD MODEL ..\..\..\MCV_SMD_OG\weapons\v_tul1\v_tul1_anims\change_firemode_idle.smd
SMD MODEL ..\..\..\MCV_SMD_OG\weapons\v_tul1\v_tul1_anims\change_firemode_iron.smd
SMD MODEL ..\..\..\MCV_SMD_OG\weapons\v_tul1\v_tul1_anims\deploy_s_a.smd
SMD MODEL ..\..\..\MCV_SMD_OG\weapons\v_tul1\v_tul1_anims\deploy_s_a_i.smd
SMD MODEL ..\..\..\MCV_SMD_OG\weapons\v_tul1\v_tul1_anims\deploy_a.smd
SMD MODEL ..\..\..\MCV_SMD_OG\weapons\v_tul1\v_tul1_anims\ironsightdeploy.smd
SMD MODEL ..\..\..\MCV_SMD_OG\weapons\v_tul1\v_tul1_anims\shoot1_d_a.smd
SMD MODEL ..\..\..\MCV_SMD_OG\weapons\v_tul1\v_tul1_anims\shoot1_d_i_a.smd
SMD MODEL ..\..\..\MCV_SMD_OG\weapons\v_tul1\v_tul1_anims\shoot2_d_a.smd
SMD MODEL ..\..\..\MCV_SMD_OG\weapons\v_tul1\v_tul1_anims\shoot2_d_i_a.smd
SMD MODEL ..\..\..\MCV_SMD_OG\weapons\v_tul1\v_tul1_anims\shoot3_d_a.smd
SMD MODEL ..\..\..\MCV_SMD_OG\weapons\v_tul1\v_tul1_anims\shoot3_d_i_a.smd
SMD MODEL ..\..\..\MCV_SMD_OG\weapons\v_tul1\v_tul1_anims\deploy_e_a.smd
SMD MODEL ..\..\..\MCV_SMD_OG\weapons\v_tul1\v_tul1_anims\deploy_e_a_i.smd
SMD MODEL ..\..\..\MCV_SMD_OG\weapons\v_tul1\v_tul1_anims\proneF_d.smd
SMD MODEL ..\..\..\MCV_SMD_OG\weapons\v_tul1\v_tul1_anims\proneB_d.smd
SMD MODEL ..\..\..\MCV_SMD_OG\weapons\v_tul1\v_tul1_anims\proneL_d.smd
SMD MODEL ..\..\..\MCV_SMD_OG\weapons\v_tul1\v_tul1_anims\proneR_d.smd
SMD MODEL ..\..\..\MCV_SMD_OG\weapons\v_tul1\v_tul1_anims\change_firemode_idle_d.smd
SMD MODEL ..\..\..\MCV_SMD_OG\weapons\v_tul1\v_tul1_anims\change_firemode_iron_d.smd
SMD MODEL ..\..\..\MCV_SMD_OG\weapons\v_tul1\v_tul1_anims\draw.smd
SMD MODEL ..\..\..\MCV_SMD_OG\weapons\v_tul1\v_tul1_anims\draw_2.smd
SMD MODEL ..\..\..\MCV_SMD_OG\weapons\v_tul1\v_tul1_anims\Firstdraw.smd
SMD MODEL ..\..\..\MCV_SMD_OG\weapons\v_tul1\v_tul1_anims\Firstdraw_2.smd
SMD MODEL ..\..\..\MCV_SMD_OG\weapons\v_tul1\v_tul1_anims\reload.smd
SMD MODEL ..\..\..\MCV_SMD_OG\weapons\v_tul1\v_tul1_anims\reload_2.smd
SMD MODEL ..\..\..\MCV_SMD_OG\weapons\v_tul1\v_tul1_anims\reload_empty.smd
SMD MODEL ..\..\..\MCV_SMD_OG\weapons\v_tul1\v_tul1_anims\reload_empty_2.smd
SMD MODEL ..\..\..\MCV_SMD_OG\weapons\v_tul1\v_tul1_anims\bash.smd
SMD MODEL ..\..\..\MCV_SMD_OG\weapons\v_tul1\v_tul1_anims\bash_2.smd
SMD MODEL ..\..\..\MCV_SMD_OG\weapons\v_tul1\v_tul1_anims\holster.smd
SMD MODEL ..\..\..\MCV_SMD_OG\weapons\v_tul1\v_tul1_anims\reload_deploy.smd
SMD MODEL ..\..\..\MCV_SMD_OG\weapons\v_tul1\v_tul1_anims\reload_deploy_2.smd
SMD MODEL ..\..\..\MCV_SMD_OG\weapons\v_tul1\v_tul1_anims\reload_deploy_empty.smd
SMD MODEL ..\..\..\MCV_SMD_OG\weapons\v_tul1\v_tul1_anims\reload_deploy_empty_2.smd
Processing LOD for material: tul1
Processing LOD for material: type56
Processing LOD for material: shells_small
Processing LOD for material: akm_mag2
Processing LOD for material: akm_mag
Processing LOD for material: akm_mag3
---------------------
writing C:\Program Files (x86)\Steam\steamapps\common\GarrysMod\garrysmod\addons\mcv\work\compile_test_game\models/weapons/mcv/v_tul1.mdl:
Loading preexisting model: C:\Program Files (x86)\Steam\steamapps\common\GarrysMod\garrysmod\addons\mcv\work\compile_test_game\models/weapons/mcv/v_tul1.mdl
WARNING: LoadPreexistingSequenceOrder: Zero-size file or no sequences.
bones        22628 bytes (98)
animations  302204 bytes (85 anims) (2601 frames) [1:25]
sequences    13752 bytes (37 seq) 
ik/pose        536 bytes
eyeballs         0 bytes (0 eyeballs)
flexes           0 bytes (0 flexes)
eyeballs         0 bytes (0 eyeballs)
flexes           0 bytes (0 flexes)
eyeballs         0 bytes (0 eyeballs)
flexes           0 bytes (0 flexes)
textures       412 bytes
keyvalues       20 bytes
bone transforms    13392 bytes
bone flex driver       0 bytes
collision        0 bytes
total       357860
---------------------
writing C:\Program Files (x86)\Steam\steamapps\common\GarrysMod\garrysmod\addons\mcv\work\compile_test_game\models/weapons/mcv/v_tul1.vvd:
vertices   1322784 bytes (27558 vertices)
vertices    207744 bytes (4328 vertices)
vertices    319152 bytes (6649 vertices)
tangents    440928 bytes (27558 vertices)
tangents     69248 bytes (4328 vertices)
tangents    106384 bytes (6649 vertices)
total      2466304 bytes
---------------------
Generating optimized mesh "C:\Program Files (x86)\Steam\steamapps\common\GarrysMod\garrysmod\addons\mcv\work\compile_test_game\models/weapons/mcv/v_tul1.dx80.vtx":
body parts:        16 bytes
models:            60 bytes
model LODs:        36 bytes
meshes:            54 bytes
strip groups:     150 bytes
strips:           162 bytes
verts:         346815 bytes
indices:       294288 bytes
bone changes:      96 bytes
everything:    641677 bytes
---------------------
Generating optimized mesh "C:\Program Files (x86)\Steam\steamapps\common\GarrysMod\garrysmod\addons\mcv\work\compile_test_game\models/weapons/mcv/v_tul1.dx90.vtx":
body parts:        16 bytes
models:            60 bytes
model LODs:        36 bytes
meshes:            54 bytes
strip groups:     150 bytes
strips:           162 bytes
verts:         346815 bytes
indices:       294288 bytes
bone changes:      96 bytes
everything:    641677 bytes

Completed "v_tul1.qc"
