StudioMDL.exe (Apr 27 2026) - Garry's Mod Edition
WARNING: Failed to load keyvalues file cfg/mount.cfg!
qdir:    "c:\program files (x86)\steam\steamapps\common\garrysmod\garrysmod\addons\mcv\work\mcv_smd_port\weapons\v_type14\"
gamedir: "C:\Program Files (x86)\Steam\steamapps\common\GarrysMod\garrysmod\addons\mcv\work\compile_test_game\"
g_path:  "C:\Program Files (x86)\Steam\steamapps\common\GarrysMod\garrysmod\addons\mcv\work\MCV_SMD_PORT\weapons\v_type14\v_type14.qc"
Building binary model files...
Working on "v_type14.qc"
SMD MODEL ..\..\..\MCV_SMD_OG\weapons\v_type14\Ref_new.smd
SMD MODEL ..\..\..\MCV_SMD_OG\weapons\v_type14\v_type14_anims\Default_corrective_animation.smd
SMD MODEL ..\..\..\MCV_SMD_OG\weapons\v_type14\v_type14_anims\Slideback_corrective_animation.smd
SMD MODEL ..\..\..\MCV_SMD_OG\weapons\v_type14\v_type14_anims\runIdle_a_corrective_animation.smd
SMD MODEL ..\..\..\MCV_SMD_OG\weapons\v_type14\v_type14_anims\run_a_corrective_animation.smd
SMD MODEL ..\..\..\MCV_SMD_OG\weapons\v_type14\v_type14_anims\walkIdle_a_corrective_animation.smd
SMD MODEL ..\..\..\MCV_SMD_OG\weapons\v_type14\v_type14_anims\walk_a_corrective_animation.smd
SMD MODEL ..\..\..\MCV_SMD_OG\weapons\v_type14\v_type14_anims\shoot1_a_corrective_animation.smd
SMD MODEL ..\..\..\MCV_SMD_OG\weapons\v_type14\v_type14_anims\shoot1_ironsight_a_corrective_animation.smd
SMD MODEL ..\..\..\MCV_SMD_OG\weapons\v_type14\v_type14_anims\shoot2_a_corrective_animation.smd
SMD MODEL ..\..\..\MCV_SMD_OG\weapons\v_type14\v_type14_anims\shoot2_ironsight_a_corrective_animation.smd
SMD MODEL ..\..\..\MCV_SMD_OG\weapons\v_type14\v_type14_anims\shoot3_a_corrective_animation.smd
SMD MODEL ..\..\..\MCV_SMD_OG\weapons\v_type14\v_type14_anims\shoot3_ironsight_a_corrective_animation.smd
SMD MODEL ..\..\..\MCV_SMD_OG\weapons\v_type14\v_type14_anims\shootlast_a_corrective_animation.smd
SMD MODEL ..\..\..\MCV_SMD_OG\weapons\v_type14\v_type14_anims\shootlast_ironsight_a_corrective_animation.smd
SMD MODEL ..\..\..\MCV_SMD_OG\weapons\v_type14\v_type14_anims\PoseDelta.smd
SMD MODEL ..\..\..\MCV_SMD_OG\weapons\v_type14\v_type14_anims\Default.smd
SMD MODEL ..\..\..\MCV_SMD_OG\weapons\v_type14\v_type14_anims\Slideback.smd
SMD MODEL ..\..\..\MCV_SMD_OG\weapons\v_type14\v_type14_anims\basePose_a.smd
SMD MODEL ..\..\..\MCV_SMD_OG\weapons\v_type14\v_type14_anims\ironsight.smd
SMD MODEL ..\..\..\MCV_SMD_OG\weapons\v_type14\v_type14_anims\ironsight_transition.smd
SMD MODEL ..\..\..\MCV_SMD_OG\weapons\v_type14\v_type14_anims\idle_a.smd
SMD MODEL ..\..\..\MCV_SMD_OG\weapons\v_type14\v_type14_anims\runIdle_a.smd
SMD MODEL fixed_anims\run_a.smd
SMD MODEL ..\..\..\MCV_SMD_OG\weapons\v_type14\v_type14_anims\walkIdle_a.smd
SMD MODEL fixed_anims\walk_a.smd
SMD MODEL ..\..\..\MCV_SMD_OG\weapons\v_type14\v_type14_anims\shoot1_a.smd
SMD MODEL ..\..\..\MCV_SMD_OG\weapons\v_type14\v_type14_anims\shoot1_ironsight_a.smd
SMD MODEL ..\..\..\MCV_SMD_OG\weapons\v_type14\v_type14_anims\shoot2_a.smd
SMD MODEL ..\..\..\MCV_SMD_OG\weapons\v_type14\v_type14_anims\shoot2_ironsight_a.smd
SMD MODEL ..\..\..\MCV_SMD_OG\weapons\v_type14\v_type14_anims\shoot3_a.smd
SMD MODEL ..\..\..\MCV_SMD_OG\weapons\v_type14\v_type14_anims\shoot3_ironsight_a.smd
SMD MODEL ..\..\..\MCV_SMD_OG\weapons\v_type14\v_type14_anims\shootlast_a.smd
SMD MODEL ..\..\..\MCV_SMD_OG\weapons\v_type14\v_type14_anims\shootlast_ironsight_a.smd
SMD MODEL ..\..\..\MCV_SMD_OG\weapons\v_type14\v_type14_anims\nearwall_s_a.smd
SMD MODEL ..\..\..\MCV_SMD_OG\weapons\v_type14\v_type14_anims\nearwall_s_a_i.smd
SMD MODEL ..\..\..\MCV_SMD_OG\weapons\v_type14\v_type14_anims\nearwall_a.smd
SMD MODEL ..\..\..\MCV_SMD_OG\weapons\v_type14\v_type14_anims\nearwall_a_i.smd
SMD MODEL ..\..\..\MCV_SMD_OG\weapons\v_type14\v_type14_anims\nearwall_e_a.smd
SMD MODEL ..\..\..\MCV_SMD_OG\weapons\v_type14\v_type14_anims\nearwall_e_a_i.smd
SMD MODEL ..\..\..\MCV_SMD_OG\weapons\v_type14\v_type14_anims\proneF.smd
SMD MODEL ..\..\..\MCV_SMD_OG\weapons\v_type14\v_type14_anims\proneB.smd
SMD MODEL ..\..\..\MCV_SMD_OG\weapons\v_type14\v_type14_anims\proneL.smd
SMD MODEL ..\..\..\MCV_SMD_OG\weapons\v_type14\v_type14_anims\proneR.smd
SMD MODEL ..\..\..\MCV_SMD_OG\weapons\v_type14\v_type14_anims\pickup_s_a.smd
SMD MODEL ..\..\..\MCV_SMD_OG\weapons\v_type14\v_type14_anims\pickup_s_a_i.smd
SMD MODEL ..\..\..\MCV_SMD_OG\weapons\v_type14\v_type14_anims\pickup_a.smd
SMD MODEL ..\..\..\MCV_SMD_OG\weapons\v_type14\v_type14_anims\pickup_a_i.smd
SMD MODEL ..\..\..\MCV_SMD_OG\weapons\v_type14\v_type14_anims\pickup_e_a.smd
SMD MODEL ..\..\..\MCV_SMD_OG\weapons\v_type14\v_type14_anims\pickup_e_a_i.smd
SMD MODEL ..\..\..\MCV_SMD_OG\weapons\v_type14\v_type14_anims\draw.smd
SMD MODEL ..\..\..\MCV_SMD_OG\weapons\v_type14\v_type14_anims\draw_2.smd
SMD MODEL ..\..\..\MCV_SMD_OG\weapons\v_type14\v_type14_anims\Firstdraw.smd
SMD MODEL ..\..\..\MCV_SMD_OG\weapons\v_type14\v_type14_anims\Firstdraw_2.smd
SMD MODEL ..\..\..\MCV_SMD_OG\weapons\v_type14\v_type14_anims\reload.smd
SMD MODEL ..\..\..\MCV_SMD_OG\weapons\v_type14\v_type14_anims\reload_2.smd
SMD MODEL ..\..\..\MCV_SMD_OG\weapons\v_type14\v_type14_anims\reload_empty.smd
SMD MODEL ..\..\..\MCV_SMD_OG\weapons\v_type14\v_type14_anims\reload_empty_2.smd
SMD MODEL ..\..\..\MCV_SMD_OG\weapons\v_type14\v_type14_anims\bash.smd
SMD MODEL ..\..\..\MCV_SMD_OG\weapons\v_type14\v_type14_anims\bash_2.smd
SMD MODEL ..\..\..\MCV_SMD_OG\weapons\v_type14\v_type14_anims\holster.smd
Processing LOD for material: shells_small_additional
Processing LOD for material: type14
---------------------
writing C:\Program Files (x86)\Steam\steamapps\common\GarrysMod\garrysmod\addons\mcv\work\compile_test_game\models/weapons/mcv/v_type14.mdl:
Loading preexisting model: C:\Program Files (x86)\Steam\steamapps\common\GarrysMod\garrysmod\addons\mcv\work\compile_test_game\models/weapons/mcv/v_type14.mdl
WARNING: LoadPreexistingSequenceOrder: Zero-size file or no sequences.
bones        23944 bytes (105)
animations  185716 bytes (63 anims) (1594 frames) [0:53]
sequences     9980 bytes (26 seq) 
ik/pose        244 bytes
eyeballs         0 bytes (0 eyeballs)
flexes           0 bytes (0 flexes)
textures       140 bytes
keyvalues       20 bytes
bone transforms    14344 bytes
bone flex driver       0 bytes
collision        0 bytes
total       238192
---------------------
writing C:\Program Files (x86)\Steam\steamapps\common\GarrysMod\garrysmod\addons\mcv\work\compile_test_game\models/weapons/mcv/v_type14.vvd:
vertices    733680 bytes (15285 vertices)
tangents    244560 bytes (15285 vertices)
total       978304 bytes
---------------------
Generating optimized mesh "C:\Program Files (x86)\Steam\steamapps\common\GarrysMod\garrysmod\addons\mcv\work\compile_test_game\models/weapons/mcv/v_type14.dx80.vtx":
body parts:         8 bytes
models:            20 bytes
model LODs:        12 bytes
meshes:            18 bytes
strip groups:      50 bytes
strips:            54 bytes
verts:         137565 bytes
indices:       107142 bytes
bone changes:     128 bytes
everything:    245021 bytes
---------------------
Generating optimized mesh "C:\Program Files (x86)\Steam\steamapps\common\GarrysMod\garrysmod\addons\mcv\work\compile_test_game\models/weapons/mcv/v_type14.dx90.vtx":
body parts:         8 bytes
models:            20 bytes
model LODs:        12 bytes
meshes:            18 bytes
strip groups:      50 bytes
strips:            54 bytes
verts:         137565 bytes
indices:       107142 bytes
bone changes:     128 bytes
everything:    245021 bytes

Completed "v_type14.qc"
