StudioMDL.exe (Apr 27 2026) - Garry's Mod Edition
WARNING: Failed to load keyvalues file cfg/mount.cfg!
qdir:    "c:\program files (x86)\steam\steamapps\common\garrysmod\garrysmod\addons\mcv\work\mcv_smd_port\weapons\v_type30_bayonet\"
gamedir: "C:\Program Files (x86)\Steam\steamapps\common\GarrysMod\garrysmod\addons\mcv\work\compile_test_game\"
g_path:  "C:\Program Files (x86)\Steam\steamapps\common\GarrysMod\garrysmod\addons\mcv\work\MCV_SMD_PORT\weapons\v_type30_bayonet\v_type30_bayonet.qc"
Building binary model files...
Working on "v_type30_bayonet.qc"
SMD MODEL ..\..\..\MCV_SMD_OG\weapons\v_type30_bayonet\Type30_Ref.smd
SMD MODEL ..\..\..\MCV_SMD_OG\weapons\v_type30_bayonet\v_type30_bayonet_anims\runIdle_a_corrective_animation.smd
SMD MODEL ..\..\..\MCV_SMD_OG\weapons\v_type30_bayonet\v_type30_bayonet_anims\run_a_corrective_animation.smd
SMD MODEL ..\..\..\MCV_SMD_OG\weapons\v_type30_bayonet\v_type30_bayonet_anims\walkIdle_a_corrective_animation.smd
SMD MODEL ..\..\..\MCV_SMD_OG\weapons\v_type30_bayonet\v_type30_bayonet_anims\walk_a_corrective_animation.smd
SMD MODEL ..\..\..\MCV_SMD_OG\weapons\v_type30_bayonet\v_type30_bayonet_anims\basePose_a.smd
SMD MODEL ..\..\..\MCV_SMD_OG\weapons\v_type30_bayonet\v_type30_bayonet_anims\runIdle_a.smd
SMD MODEL ..\..\..\MCV_SMD_OG\weapons\v_type30_bayonet\v_type30_bayonet_anims\run_a.smd
SMD MODEL ..\..\..\MCV_SMD_OG\weapons\v_type30_bayonet\v_type30_bayonet_anims\walkIdle_a.smd
SMD MODEL ..\..\..\MCV_SMD_OG\weapons\v_type30_bayonet\v_type30_bayonet_anims\walk_a.smd
SMD MODEL fixed_anims\proneF.smd
SMD MODEL fixed_anims\proneB.smd
SMD MODEL fixed_anims\proneL.smd
SMD MODEL ..\..\..\MCV_SMD_OG\weapons\v_type30_bayonet\v_type30_bayonet_anims\proneR.smd
SMD MODEL ..\..\..\MCV_SMD_OG\weapons\v_type30_bayonet\v_type30_bayonet_anims\idle.smd
SMD MODEL ..\..\..\MCV_SMD_OG\weapons\v_type30_bayonet\v_type30_bayonet_anims\draw.smd
SMD MODEL ..\..\..\MCV_SMD_OG\weapons\v_type30_bayonet\v_type30_bayonet_anims\slash.smd
SMD MODEL ..\..\..\MCV_SMD_OG\weapons\v_type30_bayonet\v_type30_bayonet_anims\miss.smd
SMD MODEL ..\..\..\MCV_SMD_OG\weapons\v_type30_bayonet\v_type30_bayonet_anims\stab.smd
SMD MODEL ..\..\..\MCV_SMD_OG\weapons\v_type30_bayonet\v_type30_bayonet_anims\stab_charge.smd
SMD MODEL ..\..\..\MCV_SMD_OG\weapons\v_type30_bayonet\v_type30_bayonet_anims\stab_charge_loop.smd
SMD MODEL ..\..\..\MCV_SMD_OG\weapons\v_type30_bayonet\v_type30_bayonet_anims\stab_charge_attack.smd
SMD MODEL ..\..\..\MCV_SMD_OG\weapons\v_type30_bayonet\v_type30_bayonet_anims\throw.smd
SMD MODEL ..\..\..\MCV_SMD_OG\weapons\v_type30_bayonet\v_type30_bayonet_anims\idletonearwall.smd
SMD MODEL ..\..\..\MCV_SMD_OG\weapons\v_type30_bayonet\v_type30_bayonet_anims\nearwall.smd
SMD MODEL ..\..\..\MCV_SMD_OG\weapons\v_type30_bayonet\v_type30_bayonet_anims\nearwalltoidle.smd
SMD MODEL ..\..\..\MCV_SMD_OG\weapons\v_type30_bayonet\v_type30_bayonet_anims\pickupstart.smd
SMD MODEL ..\..\..\MCV_SMD_OG\weapons\v_type30_bayonet\v_type30_bayonet_anims\pickuploop.smd
SMD MODEL ..\..\..\MCV_SMD_OG\weapons\v_type30_bayonet\v_type30_bayonet_anims\pickupend.smd
SMD MODEL ..\..\..\MCV_SMD_OG\weapons\v_type30_bayonet\v_type30_bayonet_anims\holster.smd
Processing LOD for material: v_type30_bayonet
---------------------
writing C:\Program Files (x86)\Steam\steamapps\common\GarrysMod\garrysmod\addons\mcv\work\compile_test_game\models/weapons/mcv/v_type30_bayonet.mdl:
Loading preexisting model: C:\Program Files (x86)\Steam\steamapps\common\GarrysMod\garrysmod\addons\mcv\work\compile_test_game\models/weapons/mcv/v_type30_bayonet.mdl
WARNING: LoadPreexistingSequenceOrder: Zero-size file or no sequences.
bones        20652 bytes (91)
animations  103248 bytes (29 anims) (674 frames) [0:22]
sequences     7944 bytes (25 seq) 
ik/pose        224 bytes
eyeballs         0 bytes (0 eyeballs)
flexes           0 bytes (0 flexes)
textures        72 bytes
keyvalues       20 bytes
bone transforms    12440 bytes
bone flex driver       0 bytes
collision        0 bytes
total       147540
---------------------
writing C:\Program Files (x86)\Steam\steamapps\common\GarrysMod\garrysmod\addons\mcv\work\compile_test_game\models/weapons/mcv/v_type30_bayonet.vvd:
vertices     35280 bytes (735 vertices)
tangents     11760 bytes (735 vertices)
total        47104 bytes
---------------------
Generating optimized mesh "C:\Program Files (x86)\Steam\steamapps\common\GarrysMod\garrysmod\addons\mcv\work\compile_test_game\models/weapons/mcv/v_type30_bayonet.dx80.vtx":
body parts:         8 bytes
models:            20 bytes
model LODs:        12 bytes
meshes:             9 bytes
strip groups:      25 bytes
strips:            27 bytes
verts:           6615 bytes
indices:         4758 bytes
bone changes:      16 bytes
everything:     11514 bytes
---------------------
Generating optimized mesh "C:\Program Files (x86)\Steam\steamapps\common\GarrysMod\garrysmod\addons\mcv\work\compile_test_game\models/weapons/mcv/v_type30_bayonet.dx90.vtx":
body parts:         8 bytes
models:            20 bytes
model LODs:        12 bytes
meshes:             9 bytes
strip groups:      25 bytes
strips:            27 bytes
verts:           6615 bytes
indices:         4758 bytes
bone changes:      16 bytes
everything:     11514 bytes

Completed "v_type30_bayonet.qc"
