StudioMDL.exe (Apr 27 2026) - Garry's Mod Edition
WARNING: Failed to load keyvalues file cfg/mount.cfg!
qdir:    "c:\program files (x86)\steam\steamapps\common\garrysmod\garrysmod\addons\mcv\work\mcv_smd_port\weapons\v_type79\"
gamedir: "C:\Program Files (x86)\Steam\steamapps\common\GarrysMod\garrysmod\addons\mcv\work\compile_test_game\"
g_path:  "C:\Program Files (x86)\Steam\steamapps\common\GarrysMod\garrysmod\addons\mcv\work\MCV_SMD_PORT\weapons\v_type79\v_type79.qc"
Building binary model files...
Working on "v_type79.qc"
SMD MODEL ..\..\..\MCV_SMD_OG\weapons\v_type79\Ref_new.smd
SMD MODEL ..\..\..\MCV_SMD_OG\weapons\v_type79\shell_flare.smd
SMD MODEL ..\..\..\MCV_SMD_OG\weapons\v_type79\v_type79_anims\runIdle_a_corrective_animation.smd
SMD MODEL ..\..\..\MCV_SMD_OG\weapons\v_type79\v_type79_anims\run_a_corrective_animation.smd
SMD MODEL ..\..\..\MCV_SMD_OG\weapons\v_type79\v_type79_anims\walkIdle_a_corrective_animation.smd
SMD MODEL ..\..\..\MCV_SMD_OG\weapons\v_type79\v_type79_anims\walk_a_corrective_animation.smd
SMD MODEL ..\..\..\MCV_SMD_OG\weapons\v_type79\v_type79_anims\shoot1_a_corrective_animation.smd
SMD MODEL ..\..\..\MCV_SMD_OG\weapons\v_type79\v_type79_anims\shoot1_ironsight_a_corrective_animation.smd
SMD MODEL ..\..\..\MCV_SMD_OG\weapons\v_type79\v_type79_anims\basePose_a.smd
SMD MODEL ..\..\..\MCV_SMD_OG\weapons\v_type79\v_type79_anims\ironsight.smd
SMD MODEL ..\..\..\MCV_SMD_OG\weapons\v_type79\v_type79_anims\ironsight_transition.smd
SMD MODEL ..\..\..\MCV_SMD_OG\weapons\v_type79\v_type79_anims\runIdle_a.smd
SMD MODEL ..\..\..\MCV_SMD_OG\weapons\v_type79\v_type79_anims\run_a.smd
SMD MODEL ..\..\..\MCV_SMD_OG\weapons\v_type79\v_type79_anims\walkIdle_a.smd
SMD MODEL ..\..\..\MCV_SMD_OG\weapons\v_type79\v_type79_anims\walk_a.smd
SMD MODEL ..\..\..\MCV_SMD_OG\weapons\v_type79\v_type79_anims\shoot1_a.smd
SMD MODEL ..\..\..\MCV_SMD_OG\weapons\v_type79\v_type79_anims\shoot1_ironsight_a.smd
SMD MODEL ..\..\..\MCV_SMD_OG\weapons\v_type79\v_type79_anims\nearwall_s_a.smd
SMD MODEL ..\..\..\MCV_SMD_OG\weapons\v_type79\v_type79_anims\nearwall_s_a_i.smd
SMD MODEL ..\..\..\MCV_SMD_OG\weapons\v_type79\v_type79_anims\nearwall_a.smd
SMD MODEL ..\..\..\MCV_SMD_OG\weapons\v_type79\v_type79_anims\nearwall_a_i.smd
SMD MODEL ..\..\..\MCV_SMD_OG\weapons\v_type79\v_type79_anims\nearwall_e_a.smd
SMD MODEL ..\..\..\MCV_SMD_OG\weapons\v_type79\v_type79_anims\nearwall_e_a_i.smd
SMD MODEL ..\..\..\MCV_SMD_OG\weapons\v_type79\v_type79_anims\proneF.smd
SMD MODEL ..\..\..\MCV_SMD_OG\weapons\v_type79\v_type79_anims\proneB.smd
SMD MODEL ..\..\..\MCV_SMD_OG\weapons\v_type79\v_type79_anims\proneL.smd
SMD MODEL ..\..\..\MCV_SMD_OG\weapons\v_type79\v_type79_anims\proneR.smd
SMD MODEL ..\..\..\MCV_SMD_OG\weapons\v_type79\v_type79_anims\pickup_s_a.smd
SMD MODEL ..\..\..\MCV_SMD_OG\weapons\v_type79\v_type79_anims\pickup_s_a_i.smd
SMD MODEL ..\..\..\MCV_SMD_OG\weapons\v_type79\v_type79_anims\pickup_a.smd
SMD MODEL ..\..\..\MCV_SMD_OG\weapons\v_type79\v_type79_anims\pickup_a_i.smd
SMD MODEL ..\..\..\MCV_SMD_OG\weapons\v_type79\v_type79_anims\pickup_e_a.smd
SMD MODEL ..\..\..\MCV_SMD_OG\weapons\v_type79\v_type79_anims\pickup_e_a_i.smd
SMD MODEL ..\..\..\MCV_SMD_OG\weapons\v_type79\v_type79_anims\draw.smd
SMD MODEL ..\..\..\MCV_SMD_OG\weapons\v_type79\v_type79_anims\draw_2.smd
SMD MODEL ..\..\..\MCV_SMD_OG\weapons\v_type79\v_type79_anims\reload.smd
SMD MODEL ..\..\..\MCV_SMD_OG\weapons\v_type79\v_type79_anims\reload_2.smd
SMD MODEL ..\..\..\MCV_SMD_OG\weapons\v_type79\v_type79_anims\bash.smd
SMD MODEL ..\..\..\MCV_SMD_OG\weapons\v_type79\v_type79_anims\bash_2.smd
SMD MODEL ..\..\..\MCV_SMD_OG\weapons\v_type79\v_type79_anims\holster.smd
Processing LOD for material: type79
Processing LOD for material: shells_big_additional
---------------------
writing C:\Program Files (x86)\Steam\steamapps\common\GarrysMod\garrysmod\addons\mcv\work\compile_test_game\models/weapons/mcv/v_type79.mdl:
Loading preexisting model: C:\Program Files (x86)\Steam\steamapps\common\GarrysMod\garrysmod\addons\mcv\work\compile_test_game\models/weapons/mcv/v_type79.mdl
WARNING: LoadPreexistingSequenceOrder: Zero-size file or no sequences.
bones        21908 bytes (95)
animations  124308 bytes (41 anims) (1167 frames) [0:38]
sequences     6336 bytes (17 seq) 
ik/pose        388 bytes
eyeballs         0 bytes (0 eyeballs)
flexes           0 bytes (0 flexes)
eyeballs         0 bytes (0 eyeballs)
flexes           0 bytes (0 flexes)
textures       140 bytes
keyvalues       20 bytes
bone transforms    12984 bytes
bone flex driver       0 bytes
collision        0 bytes
total       169220
---------------------
writing C:\Program Files (x86)\Steam\steamapps\common\GarrysMod\garrysmod\addons\mcv\work\compile_test_game\models/weapons/mcv/v_type79.vvd:
vertices    150384 bytes (3133 vertices)
vertices     14112 bytes (294 vertices)
tangents     50128 bytes (3133 vertices)
tangents      4704 bytes (294 vertices)
total       219392 bytes
---------------------
Generating optimized mesh "C:\Program Files (x86)\Steam\steamapps\common\GarrysMod\garrysmod\addons\mcv\work\compile_test_game\models/weapons/mcv/v_type79.dx80.vtx":
body parts:        16 bytes
models:            40 bytes
model LODs:        24 bytes
meshes:            18 bytes
strip groups:      50 bytes
strips:            54 bytes
verts:          30843 bytes
indices:        28812 bytes
bone changes:      48 bytes
everything:     59917 bytes
---------------------
Generating optimized mesh "C:\Program Files (x86)\Steam\steamapps\common\GarrysMod\garrysmod\addons\mcv\work\compile_test_game\models/weapons/mcv/v_type79.dx90.vtx":
body parts:        16 bytes
models:            40 bytes
model LODs:        24 bytes
meshes:            18 bytes
strip groups:      50 bytes
strips:            54 bytes
verts:          30843 bytes
indices:        28812 bytes
bone changes:      48 bytes
everything:     59917 bytes

Completed "v_type79.qc"
