StudioMDL.exe (Apr 27 2026) - Garry's Mod Edition
WARNING: Failed to load keyvalues file cfg/mount.cfg!
qdir:    "c:\program files (x86)\steam\steamapps\common\garrysmod\garrysmod\addons\mcv\work\mcv_smd_port\weapons\v_uzi\"
gamedir: "C:\Program Files (x86)\Steam\steamapps\common\GarrysMod\garrysmod\addons\mcv\work\compile_test_game\"
g_path:  "C:\Program Files (x86)\Steam\steamapps\common\GarrysMod\garrysmod\addons\mcv\work\MCV_SMD_PORT\weapons\v_uzi\v_uzi.qc"
Building binary model files...
Working on "v_uzi.qc"
SMD MODEL ..\..\..\MCV_SMD_OG\weapons\v_uzi\Ref_new.smd
SMD MODEL ..\..\..\MCV_SMD_OG\weapons\v_uzi\v_uzi_anims\Default_corrective_animation.smd
SMD MODEL ..\..\..\MCV_SMD_OG\weapons\v_uzi\v_uzi_anims\Slideback_corrective_animation.smd
SMD MODEL ..\..\..\MCV_SMD_OG\weapons\v_uzi\v_uzi_anims\runIdle_a_corrective_animation.smd
SMD MODEL ..\..\..\MCV_SMD_OG\weapons\v_uzi\v_uzi_anims\run_a_corrective_animation.smd
SMD MODEL ..\..\..\MCV_SMD_OG\weapons\v_uzi\v_uzi_anims\walkIdle_a_corrective_animation.smd
SMD MODEL ..\..\..\MCV_SMD_OG\weapons\v_uzi\v_uzi_anims\walk_a_corrective_animation.smd
SMD MODEL ..\..\..\MCV_SMD_OG\weapons\v_uzi\v_uzi_anims\ShootMove_corrective_animation.smd
SMD MODEL ..\..\..\MCV_SMD_OG\weapons\v_uzi\v_uzi_anims\ShootStill_corrective_animation.smd
SMD MODEL ..\..\..\MCV_SMD_OG\weapons\v_uzi\v_uzi_anims\shoot1_a_corrective_animation.smd
SMD MODEL ..\..\..\MCV_SMD_OG\weapons\v_uzi\v_uzi_anims\shoot1_ironsight_a_corrective_animation.smd
SMD MODEL ..\..\..\MCV_SMD_OG\weapons\v_uzi\v_uzi_anims\shoot2_a_corrective_animation.smd
SMD MODEL ..\..\..\MCV_SMD_OG\weapons\v_uzi\v_uzi_anims\shoot2_ironsight_a_corrective_animation.smd
SMD MODEL ..\..\..\MCV_SMD_OG\weapons\v_uzi\v_uzi_anims\shoot3_a_corrective_animation.smd
SMD MODEL ..\..\..\MCV_SMD_OG\weapons\v_uzi\v_uzi_anims\shoot3_ironsight_a_corrective_animation.smd
SMD MODEL ..\..\..\MCV_SMD_OG\weapons\v_uzi\v_uzi_anims\PoseDelta.smd
SMD MODEL ..\..\..\MCV_SMD_OG\weapons\v_uzi\v_uzi_anims\PoseDelta2.smd
SMD MODEL ..\..\..\MCV_SMD_OG\weapons\v_uzi\v_uzi_anims\Default.smd
SMD MODEL ..\..\..\MCV_SMD_OG\weapons\v_uzi\v_uzi_anims\Slideback.smd
SMD MODEL ..\..\..\MCV_SMD_OG\weapons\v_uzi\v_uzi_anims\ShootMove.smd
SMD MODEL ..\..\..\MCV_SMD_OG\weapons\v_uzi\v_uzi_anims\ShootStill.smd
SMD MODEL ..\..\..\MCV_SMD_OG\weapons\v_uzi\v_uzi_anims\basePose_a.smd
SMD MODEL ..\..\..\MCV_SMD_OG\weapons\v_uzi\v_uzi_anims\ironsight.smd
SMD MODEL ..\..\..\MCV_SMD_OG\weapons\v_uzi\v_uzi_anims\ironsight_transition.smd
SMD MODEL ..\..\..\MCV_SMD_OG\weapons\v_uzi\v_uzi_anims\runIdle_a.smd
SMD MODEL ..\..\..\MCV_SMD_OG\weapons\v_uzi\v_uzi_anims\run_a.smd
SMD MODEL ..\..\..\MCV_SMD_OG\weapons\v_uzi\v_uzi_anims\walkIdle_a.smd
SMD MODEL ..\..\..\MCV_SMD_OG\weapons\v_uzi\v_uzi_anims\walk_a.smd
SMD MODEL ..\..\..\MCV_SMD_OG\weapons\v_uzi\v_uzi_anims\shoot1_a.smd
SMD MODEL ..\..\..\MCV_SMD_OG\weapons\v_uzi\v_uzi_anims\shoot1_ironsight_a.smd
SMD MODEL ..\..\..\MCV_SMD_OG\weapons\v_uzi\v_uzi_anims\shoot2_a.smd
SMD MODEL ..\..\..\MCV_SMD_OG\weapons\v_uzi\v_uzi_anims\shoot2_ironsight_a.smd
SMD MODEL ..\..\..\MCV_SMD_OG\weapons\v_uzi\v_uzi_anims\shoot3_a.smd
SMD MODEL ..\..\..\MCV_SMD_OG\weapons\v_uzi\v_uzi_anims\shoot3_ironsight_a.smd
SMD MODEL ..\..\..\MCV_SMD_OG\weapons\v_uzi\v_uzi_anims\nearwall_start.smd
SMD MODEL ..\..\..\MCV_SMD_OG\weapons\v_uzi\v_uzi_anims\nearwall_start_i.smd
SMD MODEL ..\..\..\MCV_SMD_OG\weapons\v_uzi\v_uzi_anims\nearwall_loop.smd
SMD MODEL ..\..\..\MCV_SMD_OG\weapons\v_uzi\v_uzi_anims\nearwall_loop_i.smd
SMD MODEL ..\..\..\MCV_SMD_OG\weapons\v_uzi\v_uzi_anims\nearwall_end.smd
SMD MODEL ..\..\..\MCV_SMD_OG\weapons\v_uzi\v_uzi_anims\nearwall_end_i.smd
SMD MODEL ..\..\..\MCV_SMD_OG\weapons\v_uzi\v_uzi_anims\proneF.smd
SMD MODEL ..\..\..\MCV_SMD_OG\weapons\v_uzi\v_uzi_anims\proneB.smd
SMD MODEL ..\..\..\MCV_SMD_OG\weapons\v_uzi\v_uzi_anims\proneL.smd
SMD MODEL ..\..\..\MCV_SMD_OG\weapons\v_uzi\v_uzi_anims\proneR.smd
SMD MODEL ..\..\..\MCV_SMD_OG\weapons\v_uzi\v_uzi_anims\pickup_start.smd
SMD MODEL ..\..\..\MCV_SMD_OG\weapons\v_uzi\v_uzi_anims\pickup_start_i.smd
SMD MODEL ..\..\..\MCV_SMD_OG\weapons\v_uzi\v_uzi_anims\pickup_loop.smd
SMD MODEL ..\..\..\MCV_SMD_OG\weapons\v_uzi\v_uzi_anims\pickup_loop_i.smd
SMD MODEL ..\..\..\MCV_SMD_OG\weapons\v_uzi\v_uzi_anims\pickup_end.smd
SMD MODEL ..\..\..\MCV_SMD_OG\weapons\v_uzi\v_uzi_anims\pickup_end_i.smd
SMD MODEL ..\..\..\MCV_SMD_OG\weapons\v_uzi\v_uzi_anims\change_firemode_idle.smd
SMD MODEL ..\..\..\MCV_SMD_OG\weapons\v_uzi\v_uzi_anims\change_firemode_iron.smd
SMD MODEL ..\..\..\MCV_SMD_OG\weapons\v_uzi\v_uzi_anims\draw.smd
SMD MODEL ..\..\..\MCV_SMD_OG\weapons\v_uzi\v_uzi_anims\draw_2.smd
SMD MODEL ..\..\..\MCV_SMD_OG\weapons\v_uzi\v_uzi_anims\Firstdraw.smd
SMD MODEL ..\..\..\MCV_SMD_OG\weapons\v_uzi\v_uzi_anims\Firstdraw_2.smd
SMD MODEL ..\..\..\MCV_SMD_OG\weapons\v_uzi\v_uzi_anims\reload.smd
SMD MODEL ..\..\..\MCV_SMD_OG\weapons\v_uzi\v_uzi_anims\reload_2.smd
SMD MODEL ..\..\..\MCV_SMD_OG\weapons\v_uzi\v_uzi_anims\reload_empty.smd
SMD MODEL ..\..\..\MCV_SMD_OG\weapons\v_uzi\v_uzi_anims\reload_empty_2.smd
SMD MODEL ..\..\..\MCV_SMD_OG\weapons\v_uzi\v_uzi_anims\bash.smd
SMD MODEL ..\..\..\MCV_SMD_OG\weapons\v_uzi\v_uzi_anims\bash_2.smd
SMD MODEL ..\..\..\MCV_SMD_OG\weapons\v_uzi\v_uzi_anims\holster.smd
Processing LOD for material: uzi
Processing LOD for material: uzi_silenser
Processing LOD for material: uzi_stock
Processing LOD for material: shells_small
---------------------
writing C:\Program Files (x86)\Steam\steamapps\common\GarrysMod\garrysmod\addons\mcv\work\compile_test_game\models/weapons/mcv/v_uzi.mdl:
Loading preexisting model: C:\Program Files (x86)\Steam\steamapps\common\GarrysMod\garrysmod\addons\mcv\work\compile_test_game\models/weapons/mcv/v_uzi.mdl
WARNING: LoadPreexistingSequenceOrder: Zero-size file or no sequences.
bones        21840 bytes (95)
animations  167452 bytes (65 anims) (1655 frames) [0:55]
sequences     9876 bytes (26 seq) 
ik/pose        244 bytes
eyeballs         0 bytes (0 eyeballs)
flexes           0 bytes (0 flexes)
textures       272 bytes
keyvalues       20 bytes
bone transforms    12984 bytes
bone flex driver       0 bytes
collision        0 bytes
total       216680
---------------------
writing C:\Program Files (x86)\Steam\steamapps\common\GarrysMod\garrysmod\addons\mcv\work\compile_test_game\models/weapons/mcv/v_uzi.vvd:
vertices    683040 bytes (14230 vertices)
tangents    227680 bytes (14230 vertices)
total       910784 bytes
---------------------
Generating optimized mesh "C:\Program Files (x86)\Steam\steamapps\common\GarrysMod\garrysmod\addons\mcv\work\compile_test_game\models/weapons/mcv/v_uzi.dx80.vtx":
body parts:         8 bytes
models:            20 bytes
model LODs:        12 bytes
meshes:            36 bytes
strip groups:     100 bytes
strips:           108 bytes
verts:         128070 bytes
indices:        95688 bytes
bone changes:      64 bytes
everything:    224130 bytes
---------------------
Generating optimized mesh "C:\Program Files (x86)\Steam\steamapps\common\GarrysMod\garrysmod\addons\mcv\work\compile_test_game\models/weapons/mcv/v_uzi.dx90.vtx":
body parts:         8 bytes
models:            20 bytes
model LODs:        12 bytes
meshes:            36 bytes
strip groups:     100 bytes
strips:           108 bytes
verts:         128070 bytes
indices:        95688 bytes
bone changes:      64 bytes
everything:    224130 bytes

Completed "v_uzi.qc"
