StudioMDL.exe (Apr 27 2026) - Garry's Mod Edition
WARNING: Failed to load keyvalues file cfg/mount.cfg!
qdir:    "c:\program files (x86)\steam\steamapps\common\garrysmod\garrysmod\addons\mcv\work\mcv_smd_port\weapons\v_vcgrenade\"
gamedir: "C:\Program Files (x86)\Steam\steamapps\common\GarrysMod\garrysmod\addons\mcv\work\compile_test_game\"
g_path:  "C:\Program Files (x86)\Steam\steamapps\common\GarrysMod\garrysmod\addons\mcv\work\MCV_SMD_PORT\weapons\v_vcgrenade\v_vcgrenade.qc"
Building binary model files...
Working on "v_vcgrenade.qc"
SMD MODEL ..\..\..\MCV_SMD_OG\weapons\v_vcgrenade\vcgrenade_mesh.smd
SMD MODEL ..\..\..\MCV_SMD_OG\weapons\v_vcgrenade\v_vcgrenade_anims\runIdle_a_corrective_animation.smd
SMD MODEL ..\..\..\MCV_SMD_OG\weapons\v_vcgrenade\v_vcgrenade_anims\run_a_corrective_animation.smd
SMD MODEL ..\..\..\MCV_SMD_OG\weapons\v_vcgrenade\v_vcgrenade_anims\walkIdle_a_corrective_animation.smd
SMD MODEL ..\..\..\MCV_SMD_OG\weapons\v_vcgrenade\v_vcgrenade_anims\walk_a_corrective_animation.smd
SMD MODEL ..\..\..\MCV_SMD_OG\weapons\v_vcgrenade\v_vcgrenade_anims\basePose_a.smd
SMD MODEL ..\..\..\MCV_SMD_OG\weapons\v_vcgrenade\v_vcgrenade_anims\runIdle_a.smd
SMD MODEL ..\..\..\MCV_SMD_OG\weapons\v_vcgrenade\v_vcgrenade_anims\run_a.smd
SMD MODEL ..\..\..\MCV_SMD_OG\weapons\v_vcgrenade\v_vcgrenade_anims\walkIdle_a.smd
SMD MODEL ..\..\..\MCV_SMD_OG\weapons\v_vcgrenade\v_vcgrenade_anims\walk_a.smd
SMD MODEL ..\..\..\MCV_SMD_OG\weapons\v_vcgrenade\v_vcgrenade_anims\proneF.smd
SMD MODEL ..\..\..\MCV_SMD_OG\weapons\v_vcgrenade\v_vcgrenade_anims\proneB.smd
SMD MODEL ..\..\..\MCV_SMD_OG\weapons\v_vcgrenade\v_vcgrenade_anims\proneL.smd
SMD MODEL ..\..\..\MCV_SMD_OG\weapons\v_vcgrenade\v_vcgrenade_anims\proneR.smd
SMD MODEL ..\..\..\MCV_SMD_OG\weapons\v_vcgrenade\v_vcgrenade_anims\idle.smd
SMD MODEL ..\..\..\MCV_SMD_OG\weapons\v_vcgrenade\v_vcgrenade_anims\drawbackhigh.smd
SMD MODEL ..\..\..\MCV_SMD_OG\weapons\v_vcgrenade\v_vcgrenade_anims\drawbacklow.smd
SMD MODEL ..\..\..\MCV_SMD_OG\weapons\v_vcgrenade\v_vcgrenade_anims\throw.smd
SMD MODEL ..\..\..\MCV_SMD_OG\weapons\v_vcgrenade\v_vcgrenade_anims\roll.smd
SMD MODEL ..\..\..\MCV_SMD_OG\weapons\v_vcgrenade\v_vcgrenade_anims\lob.smd
SMD MODEL ..\..\..\MCV_SMD_OG\weapons\v_vcgrenade\v_vcgrenade_anims\draw.smd
SMD MODEL ..\..\..\MCV_SMD_OG\weapons\v_vcgrenade\v_vcgrenade_anims\bash.smd
SMD MODEL ..\..\..\MCV_SMD_OG\weapons\v_vcgrenade\v_vcgrenade_anims\pickupstart.smd
SMD MODEL ..\..\..\MCV_SMD_OG\weapons\v_vcgrenade\v_vcgrenade_anims\pickuploop.smd
SMD MODEL ..\..\..\MCV_SMD_OG\weapons\v_vcgrenade\v_vcgrenade_anims\pickupend.smd
SMD MODEL ..\..\..\MCV_SMD_OG\weapons\v_vcgrenade\v_vcgrenade_anims\idletonearwall.smd
SMD MODEL ..\..\..\MCV_SMD_OG\weapons\v_vcgrenade\v_vcgrenade_anims\nearwall.smd
SMD MODEL ..\..\..\MCV_SMD_OG\weapons\v_vcgrenade\v_vcgrenade_anims\nearwalltoidle.smd
SMD MODEL ..\..\..\MCV_SMD_OG\weapons\v_vcgrenade\v_vcgrenade_anims\holster.smd
SMD MODEL ..\..\..\MCV_SMD_OG\weapons\v_vcgrenade\v_vcgrenade_anims\firemode.smd
Processing LOD for material: v_vcgrenade
---------------------
writing C:\Program Files (x86)\Steam\steamapps\common\GarrysMod\garrysmod\addons\mcv\work\compile_test_game\models/weapons/mcv/v_vcgrenade.mdl:
Loading preexisting model: C:\Program Files (x86)\Steam\steamapps\common\GarrysMod\garrysmod\addons\mcv\work\compile_test_game\models/weapons/mcv/v_vcgrenade.mdl
WARNING: LoadPreexistingSequenceOrder: Zero-size file or no sequences.
bones        21372 bytes (94)
animations   83844 bytes (29 anims) (618 frames) [0:20]
sequences     7444 bytes (20 seq) 
ik/pose        224 bytes
eyeballs         0 bytes (0 eyeballs)
flexes           0 bytes (0 flexes)
textures        72 bytes
keyvalues       20 bytes
bone transforms    12848 bytes
bone flex driver       0 bytes
collision        0 bytes
total       128624
---------------------
writing C:\Program Files (x86)\Steam\steamapps\common\GarrysMod\garrysmod\addons\mcv\work\compile_test_game\models/weapons/mcv/v_vcgrenade.vvd:
vertices    109632 bytes (2284 vertices)
tangents     36544 bytes (2284 vertices)
total       146240 bytes
---------------------
Generating optimized mesh "C:\Program Files (x86)\Steam\steamapps\common\GarrysMod\garrysmod\addons\mcv\work\compile_test_game\models/weapons/mcv/v_vcgrenade.dx80.vtx":
body parts:         8 bytes
models:            20 bytes
model LODs:        12 bytes
meshes:             9 bytes
strip groups:      25 bytes
strips:            27 bytes
verts:          20556 bytes
indices:        18828 bytes
bone changes:      40 bytes
everything:     39549 bytes
---------------------
Generating optimized mesh "C:\Program Files (x86)\Steam\steamapps\common\GarrysMod\garrysmod\addons\mcv\work\compile_test_game\models/weapons/mcv/v_vcgrenade.dx90.vtx":
body parts:         8 bytes
models:            20 bytes
model LODs:        12 bytes
meshes:             9 bytes
strip groups:      25 bytes
strips:            27 bytes
verts:          20556 bytes
indices:        18828 bytes
bone changes:      40 bytes
everything:     39549 bytes

Completed "v_vcgrenade.qc"
