StudioMDL.exe (Apr 27 2026) - Garry's Mod Edition
WARNING: Failed to load keyvalues file cfg/mount.cfg!
qdir:    "c:\program files (x86)\steam\steamapps\common\garrysmod\garrysmod\addons\mcv\work\mcv_smd_port\weapons\v_vz59\"
gamedir: "C:\Program Files (x86)\Steam\steamapps\common\GarrysMod\garrysmod\addons\mcv\work\compile_test_game\"
g_path:  "C:\Program Files (x86)\Steam\steamapps\common\GarrysMod\garrysmod\addons\mcv\work\MCV_SMD_PORT\weapons\v_vz59\v_vz59.qc"
Building binary model files...
Working on "v_vz59.qc"
SMD MODEL ..\..\..\MCV_SMD_OG\weapons\v_vz59\Ref.smd
SMD MODEL ..\..\..\MCV_SMD_OG\weapons\v_vz59\Bulletnew001.smd
SMD MODEL ..\..\..\MCV_SMD_OG\weapons\v_vz59\Bulletnew002.smd
SMD MODEL ..\..\..\MCV_SMD_OG\weapons\v_vz59\Bulletnew003.smd
SMD MODEL ..\..\..\MCV_SMD_OG\weapons\v_vz59\Bulletnew004.smd
SMD MODEL ..\..\..\MCV_SMD_OG\weapons\v_vz59\Bulletnew005.smd
SMD MODEL ..\..\..\MCV_SMD_OG\weapons\v_vz59\Bulletnew006.smd
SMD MODEL ..\..\..\MCV_SMD_OG\weapons\v_vz59\Bulletnew007.smd
SMD MODEL ..\..\..\MCV_SMD_OG\weapons\v_vz59\v_vz59_anims\runIdle_a_corrective_animation.smd
SMD MODEL ..\..\..\MCV_SMD_OG\weapons\v_vz59\v_vz59_anims\run_a_corrective_animation.smd
SMD MODEL ..\..\..\MCV_SMD_OG\weapons\v_vz59\v_vz59_anims\walkIdle_a_corrective_animation.smd
SMD MODEL ..\..\..\MCV_SMD_OG\weapons\v_vz59\v_vz59_anims\walk_a_corrective_animation.smd
SMD MODEL ..\..\..\MCV_SMD_OG\weapons\v_vz59\v_vz59_anims\walk_a_r_corrective_animation.smd
SMD MODEL ..\..\..\MCV_SMD_OG\weapons\v_vz59\v_vz59_anims\shoot1_a_corrective_animation.smd
SMD MODEL ..\..\..\MCV_SMD_OG\weapons\v_vz59\v_vz59_anims\shoot1_ironsight_a_corrective_animation.smd
SMD MODEL ..\..\..\MCV_SMD_OG\weapons\v_vz59\v_vz59_anims\shoot2_a_corrective_animation.smd
SMD MODEL ..\..\..\MCV_SMD_OG\weapons\v_vz59\v_vz59_anims\shoot2_ironsight_a_corrective_animation.smd
SMD MODEL ..\..\..\MCV_SMD_OG\weapons\v_vz59\v_vz59_anims\shoot3_a_corrective_animation.smd
SMD MODEL ..\..\..\MCV_SMD_OG\weapons\v_vz59\v_vz59_anims\shoot3_ironsight_a_corrective_animation.smd
SMD MODEL ..\..\..\MCV_SMD_OG\weapons\v_vz59\v_vz59_anims\shoot1_d_a_corrective_animation.smd
SMD MODEL ..\..\..\MCV_SMD_OG\weapons\v_vz59\v_vz59_anims\shoot1_di_a_corrective_animation.smd
SMD MODEL ..\..\..\MCV_SMD_OG\weapons\v_vz59\v_vz59_anims\shoot2_d_a_corrective_animation.smd
SMD MODEL ..\..\..\MCV_SMD_OG\weapons\v_vz59\v_vz59_anims\shoot2_di_a_corrective_animation.smd
SMD MODEL ..\..\..\MCV_SMD_OG\weapons\v_vz59\v_vz59_anims\shoot3_d_a_corrective_animation.smd
SMD MODEL ..\..\..\MCV_SMD_OG\weapons\v_vz59\v_vz59_anims\shoot3_di_a_corrective_animation.smd
SMD MODEL ..\..\..\MCV_SMD_OG\weapons\v_vz59\v_vz59_anims\basePose_a.smd
SMD MODEL ..\..\..\MCV_SMD_OG\weapons\v_vz59\v_vz59_anims\ironsight.smd
SMD MODEL ..\..\..\MCV_SMD_OG\weapons\v_vz59\v_vz59_anims\ironsight_transition.smd
SMD MODEL ..\..\..\MCV_SMD_OG\weapons\v_vz59\v_vz59_anims\walkPoses.smd
SMD MODEL ..\..\..\MCV_SMD_OG\weapons\v_vz59\v_vz59_anims\runIdle_a.smd
SMD MODEL ..\..\..\MCV_SMD_OG\weapons\v_vz59\v_vz59_anims\run_a.smd
SMD MODEL ..\..\..\MCV_SMD_OG\weapons\v_vz59\v_vz59_anims\walkIdle_a.smd
SMD MODEL ..\..\..\MCV_SMD_OG\weapons\v_vz59\v_vz59_anims\walk_a.smd
SMD MODEL ..\..\..\MCV_SMD_OG\weapons\v_vz59\v_vz59_anims\walk_a_r.smd
SMD MODEL ..\..\..\MCV_SMD_OG\weapons\v_vz59\v_vz59_anims\shoot1_a.smd
SMD MODEL ..\..\..\MCV_SMD_OG\weapons\v_vz59\v_vz59_anims\shoot1_ironsight_a.smd
SMD MODEL ..\..\..\MCV_SMD_OG\weapons\v_vz59\v_vz59_anims\shoot2_a.smd
SMD MODEL ..\..\..\MCV_SMD_OG\weapons\v_vz59\v_vz59_anims\shoot2_ironsight_a.smd
SMD MODEL ..\..\..\MCV_SMD_OG\weapons\v_vz59\v_vz59_anims\shoot3_a.smd
SMD MODEL ..\..\..\MCV_SMD_OG\weapons\v_vz59\v_vz59_anims\shoot3_ironsight_a.smd
SMD MODEL ..\..\..\MCV_SMD_OG\weapons\v_vz59\v_vz59_anims\nearwall_s_a.smd
SMD MODEL ..\..\..\MCV_SMD_OG\weapons\v_vz59\v_vz59_anims\nearwall_s_a_i.smd
SMD MODEL ..\..\..\MCV_SMD_OG\weapons\v_vz59\v_vz59_anims\nearwall_a.smd
SMD MODEL ..\..\..\MCV_SMD_OG\weapons\v_vz59\v_vz59_anims\nearwall_a_i.smd
SMD MODEL ..\..\..\MCV_SMD_OG\weapons\v_vz59\v_vz59_anims\nearwall_e_a.smd
SMD MODEL ..\..\..\MCV_SMD_OG\weapons\v_vz59\v_vz59_anims\nearwall_e_a_i.smd
SMD MODEL ..\..\..\MCV_SMD_OG\weapons\v_vz59\v_vz59_anims\prone_deployF.smd
SMD MODEL ..\..\..\MCV_SMD_OG\weapons\v_vz59\v_vz59_anims\prone_deployB.smd
SMD MODEL ..\..\..\MCV_SMD_OG\weapons\v_vz59\v_vz59_anims\prone_deployL.smd
SMD MODEL ..\..\..\MCV_SMD_OG\weapons\v_vz59\v_vz59_anims\prone_deployR.smd
SMD MODEL ..\..\..\MCV_SMD_OG\weapons\v_vz59\v_vz59_anims\proneF.smd
SMD MODEL ..\..\..\MCV_SMD_OG\weapons\v_vz59\v_vz59_anims\proneB.smd
SMD MODEL ..\..\..\MCV_SMD_OG\weapons\v_vz59\v_vz59_anims\proneL.smd
SMD MODEL ..\..\..\MCV_SMD_OG\weapons\v_vz59\v_vz59_anims\proneR.smd
SMD MODEL ..\..\..\MCV_SMD_OG\weapons\v_vz59\v_vz59_anims\pickup_s_a.smd
SMD MODEL ..\..\..\MCV_SMD_OG\weapons\v_vz59\v_vz59_anims\pickup_s_a_i.smd
SMD MODEL ..\..\..\MCV_SMD_OG\weapons\v_vz59\v_vz59_anims\pickup_a.smd
SMD MODEL ..\..\..\MCV_SMD_OG\weapons\v_vz59\v_vz59_anims\pickup_a_i.smd
SMD MODEL ..\..\..\MCV_SMD_OG\weapons\v_vz59\v_vz59_anims\pickup_e_a.smd
SMD MODEL ..\..\..\MCV_SMD_OG\weapons\v_vz59\v_vz59_anims\pickup_e_a_i.smd
SMD MODEL ..\..\..\MCV_SMD_OG\weapons\v_vz59\v_vz59_anims\deploy_s_a.smd
SMD MODEL ..\..\..\MCV_SMD_OG\weapons\v_vz59\v_vz59_anims\deploy_s_a_i.smd
SMD MODEL ..\..\..\MCV_SMD_OG\weapons\v_vz59\v_vz59_anims\deploy_a.smd
SMD MODEL ..\..\..\MCV_SMD_OG\weapons\v_vz59\v_vz59_anims\ironsightdeploy.smd
SMD MODEL ..\..\..\MCV_SMD_OG\weapons\v_vz59\v_vz59_anims\deploy_e_a.smd
SMD MODEL ..\..\..\MCV_SMD_OG\weapons\v_vz59\v_vz59_anims\deploy_e_a_i.smd
SMD MODEL ..\..\..\MCV_SMD_OG\weapons\v_vz59\v_vz59_anims\shoot1_d_a.smd
SMD MODEL ..\..\..\MCV_SMD_OG\weapons\v_vz59\v_vz59_anims\shoot1_di_a.smd
SMD MODEL ..\..\..\MCV_SMD_OG\weapons\v_vz59\v_vz59_anims\shoot2_d_a.smd
SMD MODEL ..\..\..\MCV_SMD_OG\weapons\v_vz59\v_vz59_anims\shoot2_di_a.smd
SMD MODEL ..\..\..\MCV_SMD_OG\weapons\v_vz59\v_vz59_anims\shoot3_d_a.smd
SMD MODEL ..\..\..\MCV_SMD_OG\weapons\v_vz59\v_vz59_anims\shoot3_di_a.smd
SMD MODEL ..\..\..\MCV_SMD_OG\weapons\v_vz59\v_vz59_anims\draw.smd
SMD MODEL ..\..\..\MCV_SMD_OG\weapons\v_vz59\v_vz59_anims\draw_2.smd
SMD MODEL ..\..\..\MCV_SMD_OG\weapons\v_vz59\v_vz59_anims\Firstdraw.smd
SMD MODEL ..\..\..\MCV_SMD_OG\weapons\v_vz59\v_vz59_anims\Firstdraw_2.smd
SMD MODEL ..\..\..\MCV_SMD_OG\weapons\v_vz59\v_vz59_anims\reload.smd
SMD MODEL ..\..\..\MCV_SMD_OG\weapons\v_vz59\v_vz59_anims\reload_2.smd
SMD MODEL ..\..\..\MCV_SMD_OG\weapons\v_vz59\v_vz59_anims\reload_empty.smd
SMD MODEL ..\..\..\MCV_SMD_OG\weapons\v_vz59\v_vz59_anims\reload_empty_2.smd
SMD MODEL ..\..\..\MCV_SMD_OG\weapons\v_vz59\v_vz59_anims\bash.smd
SMD MODEL ..\..\..\MCV_SMD_OG\weapons\v_vz59\v_vz59_anims\bash_2.smd
SMD MODEL ..\..\..\MCV_SMD_OG\weapons\v_vz59\v_vz59_anims\reload_deploy.smd
SMD MODEL ..\..\..\MCV_SMD_OG\weapons\v_vz59\v_vz59_anims\reload_deploy_2.smd
SMD MODEL ..\..\..\MCV_SMD_OG\weapons\v_vz59\v_vz59_anims\reload_deploy_empty.smd
SMD MODEL ..\..\..\MCV_SMD_OG\weapons\v_vz59\v_vz59_anims\reload_deploy_empty_2.smd
SMD MODEL ..\..\..\MCV_SMD_OG\weapons\v_vz59\v_vz59_anims\holster.smd
Processing LOD for material: v_vz59base
Processing LOD for material: v_vz59belt
Processing LOD for material: v_vz59box
Processing LOD for material: shells_small
Processing LOD for material: shells_small
Processing LOD for material: shells_small
Processing LOD for material: shells_small
Processing LOD for material: shells_small
Processing LOD for material: shells_small
Processing LOD for material: shells_small
---------------------
writing C:\Program Files (x86)\Steam\steamapps\common\GarrysMod\garrysmod\addons\mcv\work\compile_test_game\models/weapons/mcv/v_vz59.mdl:
Loading preexisting model: C:\Program Files (x86)\Steam\steamapps\common\GarrysMod\garrysmod\addons\mcv\work\compile_test_game\models/weapons/mcv/v_vz59.mdl
WARNING: LoadPreexistingSequenceOrder: Zero-size file or no sequences.
bones        25152 bytes (109)
animations  498672 bytes (84 anims) (3499 frames) [1:54]
sequences    16224 bytes (36 seq) 
ik/pose       2408 bytes
eyeballs         0 bytes (0 eyeballs)
flexes           0 bytes (0 flexes)
eyeballs         0 bytes (0 eyeballs)
flexes           0 bytes (0 flexes)
eyeballs         0 bytes (0 eyeballs)
flexes           0 bytes (0 flexes)
eyeballs         0 bytes (0 eyeballs)
flexes           0 bytes (0 flexes)
eyeballs         0 bytes (0 eyeballs)
flexes           0 bytes (0 flexes)
eyeballs         0 bytes (0 eyeballs)
flexes           0 bytes (0 flexes)
eyeballs         0 bytes (0 eyeballs)
flexes           0 bytes (0 flexes)
eyeballs         0 bytes (0 eyeballs)
flexes           0 bytes (0 flexes)
eyeballs         0 bytes (0 eyeballs)
flexes           0 bytes (0 flexes)
eyeballs         0 bytes (0 eyeballs)
flexes           0 bytes (0 flexes)
eyeballs         0 bytes (0 eyeballs)
flexes           0 bytes (0 flexes)
eyeballs         0 bytes (0 eyeballs)
flexes           0 bytes (0 flexes)
eyeballs         0 bytes (0 eyeballs)
flexes           0 bytes (0 flexes)
eyeballs         0 bytes (0 eyeballs)
flexes           0 bytes (0 flexes)
eyeballs         0 bytes (0 eyeballs)
flexes           0 bytes (0 flexes)
textures       276 bytes
keyvalues       20 bytes
bone transforms    14888 bytes
bone flex driver       0 bytes
collision        0 bytes
total       563144
---------------------
writing C:\Program Files (x86)\Steam\steamapps\common\GarrysMod\garrysmod\addons\mcv\work\compile_test_game\models/weapons/mcv/v_vz59.vvd:
vertices   1459200 bytes (30400 vertices)
vertices     14736 bytes (307 vertices)
vertices     14736 bytes (307 vertices)
vertices     14736 bytes (307 vertices)
vertices     14736 bytes (307 vertices)
vertices     14736 bytes (307 vertices)
vertices     14736 bytes (307 vertices)
vertices     14736 bytes (307 vertices)
tangents    486400 bytes (30400 vertices)
tangents      4912 bytes (307 vertices)
tangents      4912 bytes (307 vertices)
tangents      4912 bytes (307 vertices)
tangents      4912 bytes (307 vertices)
tangents      4912 bytes (307 vertices)
tangents      4912 bytes (307 vertices)
tangents      4912 bytes (307 vertices)
total      2083200 bytes
---------------------
Generating optimized mesh "C:\Program Files (x86)\Steam\steamapps\common\GarrysMod\garrysmod\addons\mcv\work\compile_test_game\models/weapons/mcv/v_vz59.dx80.vtx":
body parts:        64 bytes
models:           300 bytes
model LODs:       180 bytes
meshes:            90 bytes
strip groups:     250 bytes
strips:           270 bytes
verts:         292941 bytes
indices:       233328 bytes
bone changes:     208 bytes
everything:    527487 bytes
---------------------
Generating optimized mesh "C:\Program Files (x86)\Steam\steamapps\common\GarrysMod\garrysmod\addons\mcv\work\compile_test_game\models/weapons/mcv/v_vz59.dx90.vtx":
body parts:        64 bytes
models:           300 bytes
model LODs:       180 bytes
meshes:            90 bytes
strip groups:     250 bytes
strips:           270 bytes
verts:         292941 bytes
indices:       233328 bytes
bone changes:     208 bytes
everything:    527487 bytes

Completed "v_vz59.qc"
