StudioMDL.exe (Apr 27 2026) - Garry's Mod Edition
WARNING: Failed to load keyvalues file cfg/mount.cfg!
qdir:    "c:\program files (x86)\steam\steamapps\common\garrysmod\garrysmod\addons\mcv\work\mcv_smd_port\weapons\v_vz59b\"
gamedir: "C:\Program Files (x86)\Steam\steamapps\common\GarrysMod\garrysmod\addons\mcv\work\compile_test_game\"
g_path:  "C:\Program Files (x86)\Steam\steamapps\common\GarrysMod\garrysmod\addons\mcv\work\MCV_SMD_PORT\weapons\v_vz59b\v_vz59b.qc"
Building binary model files...
Working on "v_vz59b.qc"
SMD MODEL ..\..\..\MCV_SMD_OG\weapons\v_vz59b\Ref.smd
SMD MODEL ..\..\..\MCV_SMD_OG\weapons\v_vz59b\Bulletnew001.smd
SMD MODEL ..\..\..\MCV_SMD_OG\weapons\v_vz59b\Bulletnew002.smd
SMD MODEL ..\..\..\MCV_SMD_OG\weapons\v_vz59b\Bulletnew003.smd
SMD MODEL ..\..\..\MCV_SMD_OG\weapons\v_vz59b\Bulletnew004.smd
SMD MODEL ..\..\..\MCV_SMD_OG\weapons\v_vz59b\Bulletnew005.smd
SMD MODEL ..\..\..\MCV_SMD_OG\weapons\v_vz59b\Bulletnew006.smd
SMD MODEL ..\..\..\MCV_SMD_OG\weapons\v_vz59b\Bulletnew007.smd
SMD MODEL ..\..\..\MCV_SMD_OG\weapons\v_vz59b\Bulletnew008.smd
SMD MODEL ..\..\..\MCV_SMD_OG\weapons\v_vz59b\Bulletnew009.smd
SMD MODEL ..\..\..\MCV_SMD_OG\weapons\v_vz59b\Bulletnew010.smd
SMD MODEL ..\..\..\MCV_SMD_OG\weapons\v_vz59b\Bulletnew011.smd
SMD MODEL ..\..\..\MCV_SMD_OG\weapons\v_vz59b\Bulletnew012.smd
SMD MODEL ..\..\..\MCV_SMD_OG\weapons\v_vz59b\Bulletnew013.smd
SMD MODEL ..\..\..\MCV_SMD_OG\weapons\v_vz59b\Bulletnew014.smd
SMD MODEL ..\..\..\MCV_SMD_OG\weapons\v_vz59b\Bulletnew015.smd
SMD MODEL ..\..\..\MCV_SMD_OG\weapons\v_vz59b\Bulletnew016.smd
SMD MODEL ..\..\..\MCV_SMD_OG\weapons\v_vz59b\Bulletnew017.smd
SMD MODEL ..\..\..\MCV_SMD_OG\weapons\v_vz59b\Bulletnew018.smd
SMD MODEL ..\..\..\MCV_SMD_OG\weapons\v_vz59b\Bulletnew019.smd
SMD MODEL ..\..\..\MCV_SMD_OG\weapons\v_vz59b\Bulletnew020.smd
SMD MODEL ..\..\..\MCV_SMD_OG\weapons\v_vz59b\Bulletnew021.smd
SMD MODEL ..\..\..\MCV_SMD_OG\weapons\v_vz59b\body22_model0.smd
SMD MODEL ..\..\..\MCV_SMD_OG\weapons\v_vz59b\v_vz59b_anims\runIdle_a_corrective_animation.smd
SMD MODEL ..\..\..\MCV_SMD_OG\weapons\v_vz59b\v_vz59b_anims\run_a_corrective_animation.smd
SMD MODEL ..\..\..\MCV_SMD_OG\weapons\v_vz59b\v_vz59b_anims\walkIdle_a_corrective_animation.smd
SMD MODEL ..\..\..\MCV_SMD_OG\weapons\v_vz59b\v_vz59b_anims\walk_a_corrective_animation.smd
SMD MODEL ..\..\..\MCV_SMD_OG\weapons\v_vz59b\v_vz59b_anims\walk_a_r_corrective_animation.smd
SMD MODEL ..\..\..\MCV_SMD_OG\weapons\v_vz59b\v_vz59b_anims\shoot1_a_corrective_animation.smd
SMD MODEL ..\..\..\MCV_SMD_OG\weapons\v_vz59b\v_vz59b_anims\shoot1_ironsight_a_corrective_animation.smd
SMD MODEL ..\..\..\MCV_SMD_OG\weapons\v_vz59b\v_vz59b_anims\shoot2_a_corrective_animation.smd
SMD MODEL ..\..\..\MCV_SMD_OG\weapons\v_vz59b\v_vz59b_anims\shoot2_ironsight_a_corrective_animation.smd
SMD MODEL ..\..\..\MCV_SMD_OG\weapons\v_vz59b\v_vz59b_anims\shoot3_a_corrective_animation.smd
SMD MODEL ..\..\..\MCV_SMD_OG\weapons\v_vz59b\v_vz59b_anims\shoot3_ironsight_a_corrective_animation.smd
SMD MODEL ..\..\..\MCV_SMD_OG\weapons\v_vz59b\v_vz59b_anims\shoot1_d_a_corrective_animation.smd
SMD MODEL ..\..\..\MCV_SMD_OG\weapons\v_vz59b\v_vz59b_anims\shoot1_di_a_corrective_animation.smd
SMD MODEL ..\..\..\MCV_SMD_OG\weapons\v_vz59b\v_vz59b_anims\shoot2_d_a_corrective_animation.smd
SMD MODEL ..\..\..\MCV_SMD_OG\weapons\v_vz59b\v_vz59b_anims\shoot2_di_a_corrective_animation.smd
SMD MODEL ..\..\..\MCV_SMD_OG\weapons\v_vz59b\v_vz59b_anims\shoot3_d_a_corrective_animation.smd
SMD MODEL ..\..\..\MCV_SMD_OG\weapons\v_vz59b\v_vz59b_anims\shoot3_di_a_corrective_animation.smd
SMD MODEL ..\..\..\MCV_SMD_OG\weapons\v_vz59b\v_vz59b_anims\basePose_a.smd
SMD MODEL ..\..\..\MCV_SMD_OG\weapons\v_vz59b\v_vz59b_anims\ironsight.smd
SMD MODEL ..\..\..\MCV_SMD_OG\weapons\v_vz59b\v_vz59b_anims\ironsight_transition.smd
SMD MODEL ..\..\..\MCV_SMD_OG\weapons\v_vz59b\v_vz59b_anims\walkPoses.smd
SMD MODEL ..\..\..\MCV_SMD_OG\weapons\v_vz59b\v_vz59b_anims\runIdle_a.smd
SMD MODEL ..\..\..\MCV_SMD_OG\weapons\v_vz59b\v_vz59b_anims\run_a.smd
SMD MODEL ..\..\..\MCV_SMD_OG\weapons\v_vz59b\v_vz59b_anims\walkIdle_a.smd
SMD MODEL ..\..\..\MCV_SMD_OG\weapons\v_vz59b\v_vz59b_anims\walk_a.smd
SMD MODEL ..\..\..\MCV_SMD_OG\weapons\v_vz59b\v_vz59b_anims\walk_a_r.smd
SMD MODEL ..\..\..\MCV_SMD_OG\weapons\v_vz59b\v_vz59b_anims\shoot1_a.smd
SMD MODEL ..\..\..\MCV_SMD_OG\weapons\v_vz59b\v_vz59b_anims\shoot1_ironsight_a.smd
SMD MODEL ..\..\..\MCV_SMD_OG\weapons\v_vz59b\v_vz59b_anims\shoot2_a.smd
SMD MODEL ..\..\..\MCV_SMD_OG\weapons\v_vz59b\v_vz59b_anims\shoot2_ironsight_a.smd
SMD MODEL ..\..\..\MCV_SMD_OG\weapons\v_vz59b\v_vz59b_anims\shoot3_a.smd
SMD MODEL ..\..\..\MCV_SMD_OG\weapons\v_vz59b\v_vz59b_anims\shoot3_ironsight_a.smd
SMD MODEL ..\..\..\MCV_SMD_OG\weapons\v_vz59b\v_vz59b_anims\nearwall_s_a.smd
SMD MODEL ..\..\..\MCV_SMD_OG\weapons\v_vz59b\v_vz59b_anims\nearwall_s_a_i.smd
SMD MODEL ..\..\..\MCV_SMD_OG\weapons\v_vz59b\v_vz59b_anims\nearwall_a.smd
SMD MODEL ..\..\..\MCV_SMD_OG\weapons\v_vz59b\v_vz59b_anims\nearwall_a_i.smd
SMD MODEL ..\..\..\MCV_SMD_OG\weapons\v_vz59b\v_vz59b_anims\nearwall_e_a.smd
SMD MODEL ..\..\..\MCV_SMD_OG\weapons\v_vz59b\v_vz59b_anims\nearwall_e_a_i.smd
SMD MODEL ..\..\..\MCV_SMD_OG\weapons\v_vz59b\v_vz59b_anims\prone_deployF.smd
SMD MODEL ..\..\..\MCV_SMD_OG\weapons\v_vz59b\v_vz59b_anims\prone_deployB.smd
SMD MODEL ..\..\..\MCV_SMD_OG\weapons\v_vz59b\v_vz59b_anims\prone_deployL.smd
SMD MODEL ..\..\..\MCV_SMD_OG\weapons\v_vz59b\v_vz59b_anims\prone_deployR.smd
SMD MODEL ..\..\..\MCV_SMD_OG\weapons\v_vz59b\v_vz59b_anims\proneF.smd
SMD MODEL ..\..\..\MCV_SMD_OG\weapons\v_vz59b\v_vz59b_anims\proneB.smd
SMD MODEL ..\..\..\MCV_SMD_OG\weapons\v_vz59b\v_vz59b_anims\proneL.smd
SMD MODEL ..\..\..\MCV_SMD_OG\weapons\v_vz59b\v_vz59b_anims\proneR.smd
SMD MODEL ..\..\..\MCV_SMD_OG\weapons\v_vz59b\v_vz59b_anims\pickup_s_a.smd
SMD MODEL ..\..\..\MCV_SMD_OG\weapons\v_vz59b\v_vz59b_anims\pickup_s_a_i.smd
SMD MODEL ..\..\..\MCV_SMD_OG\weapons\v_vz59b\v_vz59b_anims\pickup_a.smd
SMD MODEL ..\..\..\MCV_SMD_OG\weapons\v_vz59b\v_vz59b_anims\pickup_a_i.smd
SMD MODEL ..\..\..\MCV_SMD_OG\weapons\v_vz59b\v_vz59b_anims\pickup_e_a.smd
SMD MODEL ..\..\..\MCV_SMD_OG\weapons\v_vz59b\v_vz59b_anims\pickup_e_a_i.smd
SMD MODEL ..\..\..\MCV_SMD_OG\weapons\v_vz59b\v_vz59b_anims\deploy_s_a.smd
SMD MODEL ..\..\..\MCV_SMD_OG\weapons\v_vz59b\v_vz59b_anims\deploy_s_a_i.smd
SMD MODEL ..\..\..\MCV_SMD_OG\weapons\v_vz59b\v_vz59b_anims\deploy_a.smd
SMD MODEL ..\..\..\MCV_SMD_OG\weapons\v_vz59b\v_vz59b_anims\ironsightdeploy.smd
SMD MODEL ..\..\..\MCV_SMD_OG\weapons\v_vz59b\v_vz59b_anims\deploy_e_a.smd
SMD MODEL ..\..\..\MCV_SMD_OG\weapons\v_vz59b\v_vz59b_anims\deploy_e_a_i.smd
SMD MODEL ..\..\..\MCV_SMD_OG\weapons\v_vz59b\v_vz59b_anims\shoot1_d_a.smd
SMD MODEL ..\..\..\MCV_SMD_OG\weapons\v_vz59b\v_vz59b_anims\shoot1_di_a.smd
SMD MODEL ..\..\..\MCV_SMD_OG\weapons\v_vz59b\v_vz59b_anims\shoot2_d_a.smd
SMD MODEL ..\..\..\MCV_SMD_OG\weapons\v_vz59b\v_vz59b_anims\shoot2_di_a.smd
SMD MODEL ..\..\..\MCV_SMD_OG\weapons\v_vz59b\v_vz59b_anims\shoot3_d_a.smd
SMD MODEL ..\..\..\MCV_SMD_OG\weapons\v_vz59b\v_vz59b_anims\shoot3_di_a.smd
SMD MODEL ..\..\..\MCV_SMD_OG\weapons\v_vz59b\v_vz59b_anims\draw.smd
SMD MODEL ..\..\..\MCV_SMD_OG\weapons\v_vz59b\v_vz59b_anims\draw_2.smd
SMD MODEL ..\..\..\MCV_SMD_OG\weapons\v_vz59b\v_vz59b_anims\Firstdraw.smd
SMD MODEL ..\..\..\MCV_SMD_OG\weapons\v_vz59b\v_vz59b_anims\Firstdraw_2.smd
SMD MODEL ..\..\..\MCV_SMD_OG\weapons\v_vz59b\v_vz59b_anims\reload.smd
SMD MODEL ..\..\..\MCV_SMD_OG\weapons\v_vz59b\v_vz59b_anims\reload_2.smd
SMD MODEL ..\..\..\MCV_SMD_OG\weapons\v_vz59b\v_vz59b_anims\reload_empty.smd
SMD MODEL ..\..\..\MCV_SMD_OG\weapons\v_vz59b\v_vz59b_anims\reload_empty_2.smd
SMD MODEL ..\..\..\MCV_SMD_OG\weapons\v_vz59b\v_vz59b_anims\bash.smd
SMD MODEL ..\..\..\MCV_SMD_OG\weapons\v_vz59b\v_vz59b_anims\bash_2.smd
SMD MODEL ..\..\..\MCV_SMD_OG\weapons\v_vz59b\v_vz59b_anims\reload_deploy.smd
SMD MODEL ..\..\..\MCV_SMD_OG\weapons\v_vz59b\v_vz59b_anims\reload_deploy_2.smd
SMD MODEL ..\..\..\MCV_SMD_OG\weapons\v_vz59b\v_vz59b_anims\reload_deploy_empty.smd
SMD MODEL ..\..\..\MCV_SMD_OG\weapons\v_vz59b\v_vz59b_anims\reload_deploy_empty_2.smd
SMD MODEL ..\..\..\MCV_SMD_OG\weapons\v_vz59b\v_vz59b_anims\holster.smd
Processing LOD for material: v_vz59base
Processing LOD for material: v_vz59belt
Processing LOD for material: shells_small
Processing LOD for material: shells_small
Processing LOD for material: shells_small
Processing LOD for material: shells_small
Processing LOD for material: shells_small
Processing LOD for material: shells_small
Processing LOD for material: shells_small
Processing LOD for material: shells_small
Processing LOD for material: shells_small
Processing LOD for material: shells_small
Processing LOD for material: shells_small
Processing LOD for material: shells_small
Processing LOD for material: shells_small
Processing LOD for material: shells_small
Processing LOD for material: shells_small
Processing LOD for material: shells_small
Processing LOD for material: shells_small
Processing LOD for material: shells_small
Processing LOD for material: shells_small
Processing LOD for material: shells_small
Processing LOD for material: shells_small
Processing LOD for material: v_vz59belt
---------------------
writing C:\Program Files (x86)\Steam\steamapps\common\GarrysMod\garrysmod\addons\mcv\work\compile_test_game\models/weapons/mcv/v_vz59b.mdl:
Loading preexisting model: C:\Program Files (x86)\Steam\steamapps\common\GarrysMod\garrysmod\addons\mcv\work\compile_test_game\models/weapons/mcv/v_vz59b.mdl
WARNING: LoadPreexistingSequenceOrder: Zero-size file or no sequences.
bones        26820 bytes (117)
animations  689184 bytes (84 anims) (3499 frames) [1:54]
sequences    16256 bytes (36 seq) 
ik/pose       7088 bytes
eyeballs         0 bytes (0 eyeballs)
flexes           0 bytes (0 flexes)
eyeballs         0 bytes (0 eyeballs)
flexes           0 bytes (0 flexes)
eyeballs         0 bytes (0 eyeballs)
flexes           0 bytes (0 flexes)
eyeballs         0 bytes (0 eyeballs)
flexes           0 bytes (0 flexes)
eyeballs         0 bytes (0 eyeballs)
flexes           0 bytes (0 flexes)
eyeballs         0 bytes (0 eyeballs)
flexes           0 bytes (0 flexes)
eyeballs         0 bytes (0 eyeballs)
flexes           0 bytes (0 flexes)
eyeballs         0 bytes (0 eyeballs)
flexes           0 bytes (0 flexes)
eyeballs         0 bytes (0 eyeballs)
flexes           0 bytes (0 flexes)
eyeballs         0 bytes (0 eyeballs)
flexes           0 bytes (0 flexes)
eyeballs         0 bytes (0 eyeballs)
flexes           0 bytes (0 flexes)
eyeballs         0 bytes (0 eyeballs)
flexes           0 bytes (0 flexes)
eyeballs         0 bytes (0 eyeballs)
flexes           0 bytes (0 flexes)
eyeballs         0 bytes (0 eyeballs)
flexes           0 bytes (0 flexes)
eyeballs         0 bytes (0 eyeballs)
flexes           0 bytes (0 flexes)
eyeballs         0 bytes (0 eyeballs)
flexes           0 bytes (0 flexes)
eyeballs         0 bytes (0 eyeballs)
flexes           0 bytes (0 flexes)
eyeballs         0 bytes (0 eyeballs)
flexes           0 bytes (0 flexes)
eyeballs         0 bytes (0 eyeballs)
flexes           0 bytes (0 flexes)
eyeballs         0 bytes (0 eyeballs)
flexes           0 bytes (0 flexes)
eyeballs         0 bytes (0 eyeballs)
flexes           0 bytes (0 flexes)
eyeballs         0 bytes (0 eyeballs)
flexes           0 bytes (0 flexes)
eyeballs         0 bytes (0 eyeballs)
flexes           0 bytes (0 flexes)
eyeballs         0 bytes (0 eyeballs)
flexes           0 bytes (0 flexes)
eyeballs         0 bytes (0 eyeballs)
flexes           0 bytes (0 flexes)
eyeballs         0 bytes (0 eyeballs)
flexes           0 bytes (0 flexes)
eyeballs         0 bytes (0 eyeballs)
flexes           0 bytes (0 flexes)
eyeballs         0 bytes (0 eyeballs)
flexes           0 bytes (0 flexes)
eyeballs         0 bytes (0 eyeballs)
flexes           0 bytes (0 flexes)
eyeballs         0 bytes (0 eyeballs)
flexes           0 bytes (0 flexes)
eyeballs         0 bytes (0 eyeballs)
flexes           0 bytes (0 flexes)
eyeballs         0 bytes (0 eyeballs)
flexes           0 bytes (0 flexes)
eyeballs         0 bytes (0 eyeballs)
flexes           0 bytes (0 flexes)
eyeballs         0 bytes (0 eyeballs)
flexes           0 bytes (0 flexes)
eyeballs         0 bytes (0 eyeballs)
flexes           0 bytes (0 flexes)
eyeballs         0 bytes (0 eyeballs)
flexes           0 bytes (0 flexes)
eyeballs         0 bytes (0 eyeballs)
flexes           0 bytes (0 flexes)
eyeballs         0 bytes (0 eyeballs)
flexes           0 bytes (0 flexes)
eyeballs         0 bytes (0 eyeballs)
flexes           0 bytes (0 flexes)
eyeballs         0 bytes (0 eyeballs)
flexes           0 bytes (0 flexes)
eyeballs         0 bytes (0 eyeballs)
flexes           0 bytes (0 flexes)
eyeballs         0 bytes (0 eyeballs)
flexes           0 bytes (0 flexes)
eyeballs         0 bytes (0 eyeballs)
flexes           0 bytes (0 flexes)
eyeballs         0 bytes (0 eyeballs)
flexes           0 bytes (0 flexes)
eyeballs         0 bytes (0 eyeballs)
flexes           0 bytes (0 flexes)
textures       212 bytes
keyvalues       20 bytes
bone transforms    15976 bytes
bone flex driver       0 bytes
collision        0 bytes
total       762896
---------------------
writing C:\Program Files (x86)\Steam\steamapps\common\GarrysMod\garrysmod\addons\mcv\work\compile_test_game\models/weapons/mcv/v_vz59b.vvd:
vertices   1572768 bytes (32766 vertices)
vertices     14736 bytes (307 vertices)
vertices     14736 bytes (307 vertices)
vertices     14736 bytes (307 vertices)
vertices     14736 bytes (307 vertices)
vertices     14736 bytes (307 vertices)
vertices     14736 bytes (307 vertices)
vertices     14736 bytes (307 vertices)
vertices     14736 bytes (307 vertices)
vertices     14736 bytes (307 vertices)
vertices     14736 bytes (307 vertices)
vertices     14736 bytes (307 vertices)
vertices     14736 bytes (307 vertices)
vertices     14736 bytes (307 vertices)
vertices     14736 bytes (307 vertices)
vertices     14736 bytes (307 vertices)
vertices     14736 bytes (307 vertices)
vertices     14736 bytes (307 vertices)
vertices     14736 bytes (307 vertices)
vertices     14736 bytes (307 vertices)
vertices     14736 bytes (307 vertices)
vertices     14736 bytes (307 vertices)
vertices      6288 bytes (131 vertices)
tangents    524256 bytes (32766 vertices)
tangents      4912 bytes (307 vertices)
tangents      4912 bytes (307 vertices)
tangents      4912 bytes (307 vertices)
tangents      4912 bytes (307 vertices)
tangents      4912 bytes (307 vertices)
tangents      4912 bytes (307 vertices)
tangents      4912 bytes (307 vertices)
tangents      4912 bytes (307 vertices)
tangents      4912 bytes (307 vertices)
tangents      4912 bytes (307 vertices)
tangents      4912 bytes (307 vertices)
tangents      4912 bytes (307 vertices)
tangents      4912 bytes (307 vertices)
tangents      4912 bytes (307 vertices)
tangents      4912 bytes (307 vertices)
tangents      4912 bytes (307 vertices)
tangents      4912 bytes (307 vertices)
tangents      4912 bytes (307 vertices)
tangents      4912 bytes (307 vertices)
tangents      4912 bytes (307 vertices)
tangents      4912 bytes (307 vertices)
tangents      2096 bytes (131 vertices)
total      2518080 bytes
---------------------
Generating optimized mesh "C:\Program Files (x86)\Steam\steamapps\common\GarrysMod\garrysmod\addons\mcv\work\compile_test_game\models/weapons/mcv/v_vz59b.dx80.vtx":
body parts:       184 bytes
models:           900 bytes
model LODs:       540 bytes
meshes:           216 bytes
strip groups:     600 bytes
strips:           648 bytes
verts:         354096 bytes
indices:       285324 bytes
bone changes:     392 bytes
everything:    642396 bytes
---------------------
Generating optimized mesh "C:\Program Files (x86)\Steam\steamapps\common\GarrysMod\garrysmod\addons\mcv\work\compile_test_game\models/weapons/mcv/v_vz59b.dx90.vtx":
body parts:       184 bytes
models:           900 bytes
model LODs:       540 bytes
meshes:           216 bytes
strip groups:     600 bytes
strips:           648 bytes
verts:         354096 bytes
indices:       285324 bytes
bone changes:     392 bytes
everything:    642396 bytes

Completed "v_vz59b.qc"
