StudioMDL.exe (Apr 27 2026) - Garry's Mod Edition
WARNING: Failed to load keyvalues file cfg/mount.cfg!
qdir:    "c:\program files (x86)\steam\steamapps\common\garrysmod\garrysmod\addons\mcv\work\mcv_smd_port\weapons\v_vz54s\"
gamedir: "C:\Program Files (x86)\Steam\steamapps\common\GarrysMod\garrysmod\addons\mcv\work\compile_test_game\"
g_path:  "C:\Program Files (x86)\Steam\steamapps\common\GarrysMod\garrysmod\addons\mcv\work\MCV_SMD_PORT\weapons\v_vz54s\v_vz54s.qc"
Building binary model files...
Working on "v_vz54s.qc"
SMD MODEL ..\..\..\MCV_SMD_OG\weapons\v_vz54s\v_vz54.smd
SMD MODEL ..\..\..\MCV_SMD_OG\weapons\v_vz54s\v_bayonet_new.smd
SMD MODEL ..\..\..\MCV_SMD_OG\weapons\v_vz54s\v_bayonet_long_new.smd
SMD MODEL ..\..\..\MCV_SMD_OG\weapons\v_vz54s\vz54_mount_new.smd
SMD MODEL ..\..\..\MCV_SMD_OG\weapons\v_vz54s\vz54_grenade_new.smd
SMD MODEL ..\..\..\MCV_SMD_OG\weapons\v_vz54s\vz54_scope_new.smd
SMD MODEL ..\..\..\MCV_SMD_OG\weapons\v_vz54s\v_vz54s_anims\hammerdefault_corrective_animation.smd
SMD MODEL ..\..\..\MCV_SMD_OG\weapons\v_vz54s\v_vz54s_anims\hammerforward_corrective_animation.smd
SMD MODEL ..\..\..\MCV_SMD_OG\weapons\v_vz54s\v_vz54s_anims\runIdle_a_corrective_animation.smd
SMD MODEL ..\..\..\MCV_SMD_OG\weapons\v_vz54s\v_vz54s_anims\run_a_corrective_animation.smd
SMD MODEL ..\..\..\MCV_SMD_OG\weapons\v_vz54s\v_vz54s_anims\walkIdle_a_corrective_animation.smd
SMD MODEL ..\..\..\MCV_SMD_OG\weapons\v_vz54s\v_vz54s_anims\walk_a_corrective_animation.smd
SMD MODEL ..\..\..\MCV_SMD_OG\weapons\v_vz54s\v_vz54s_anims\shoot1_a_corrective_animation.smd
SMD MODEL ..\..\..\MCV_SMD_OG\weapons\v_vz54s\v_vz54s_anims\shoot1_ironsight_a_corrective_animation.smd
SMD MODEL ..\..\..\MCV_SMD_OG\weapons\v_vz54s\v_vz54s_anims\shoot2_a_corrective_animation.smd
SMD MODEL ..\..\..\MCV_SMD_OG\weapons\v_vz54s\v_vz54s_anims\shoot2_ironsight_a_corrective_animation.smd
SMD MODEL ..\..\..\MCV_SMD_OG\weapons\v_vz54s\v_vz54s_anims\shoot3_a_corrective_animation.smd
SMD MODEL ..\..\..\MCV_SMD_OG\weapons\v_vz54s\v_vz54s_anims\shoot3_ironsight_a_corrective_animation.smd
SMD MODEL ..\..\..\MCV_SMD_OG\weapons\v_vz54s\v_vz54s_anims\boltpull_a_corrective_animation.smd
SMD MODEL ..\..\..\MCV_SMD_OG\weapons\v_vz54s\v_vz54s_anims\boltpulliron_a_corrective_animation.smd
SMD MODEL ..\..\..\MCV_SMD_OG\weapons\v_vz54s\v_vz54s_anims\gren_shoot1_a_corrective_animation.smd
SMD MODEL ..\..\..\MCV_SMD_OG\weapons\v_vz54s\v_vz54s_anims\gren_shoot1_ironsight_a_corrective_animation.smd
SMD MODEL ..\..\..\MCV_SMD_OG\weapons\v_vz54s\v_vz54s_anims\basePose_a.smd
SMD MODEL ..\..\..\MCV_SMD_OG\weapons\v_vz54s\v_vz54s_anims\ironsight.smd
SMD MODEL ..\..\..\MCV_SMD_OG\weapons\v_vz54s\v_vz54s_anims\ironsight_transition.smd
SMD MODEL ..\..\..\MCV_SMD_OG\weapons\v_vz54s\v_vz54s_anims\hammerdelta.smd
SMD MODEL ..\..\..\MCV_SMD_OG\weapons\v_vz54s\v_vz54s_anims\hammerdefault.smd
SMD MODEL ..\..\..\MCV_SMD_OG\weapons\v_vz54s\v_vz54s_anims\hammerforward.smd
SMD MODEL ..\..\..\MCV_SMD_OG\weapons\v_vz54s\v_vz54s_anims\baseWalk_a.smd
SMD MODEL ..\..\..\MCV_SMD_OG\weapons\v_vz54s\v_vz54s_anims\runIdle_a.smd
SMD MODEL ..\..\..\MCV_SMD_OG\weapons\v_vz54s\v_vz54s_anims\run_a.smd
SMD MODEL ..\..\..\MCV_SMD_OG\weapons\v_vz54s\v_vz54s_anims\walkIdle_a.smd
SMD MODEL ..\..\..\MCV_SMD_OG\weapons\v_vz54s\v_vz54s_anims\walk_a.smd
SMD MODEL ..\..\..\MCV_SMD_OG\weapons\v_vz54s\v_vz54s_anims\shoot1_a.smd
SMD MODEL ..\..\..\MCV_SMD_OG\weapons\v_vz54s\v_vz54s_anims\shoot1_ironsight_a.smd
SMD MODEL ..\..\..\MCV_SMD_OG\weapons\v_vz54s\v_vz54s_anims\shoot2_a.smd
SMD MODEL ..\..\..\MCV_SMD_OG\weapons\v_vz54s\v_vz54s_anims\shoot2_ironsight_a.smd
SMD MODEL ..\..\..\MCV_SMD_OG\weapons\v_vz54s\v_vz54s_anims\shoot3_a.smd
SMD MODEL ..\..\..\MCV_SMD_OG\weapons\v_vz54s\v_vz54s_anims\shoot3_ironsight_a.smd
SMD MODEL ..\..\..\MCV_SMD_OG\weapons\v_vz54s\v_vz54s_anims\boltpull_a.smd
SMD MODEL ..\..\..\MCV_SMD_OG\weapons\v_vz54s\v_vz54s_anims\boltpulliron_a.smd
SMD MODEL ..\..\..\MCV_SMD_OG\weapons\v_vz54s\v_vz54s_anims\reloadstart_empty.smd
SMD MODEL ..\..\..\MCV_SMD_OG\weapons\v_vz54s\v_vz54s_anims\reloadstart_full.smd
SMD MODEL ..\..\..\MCV_SMD_OG\weapons\v_vz54s\v_vz54s_anims\reloadstart_empty_i.smd
SMD MODEL ..\..\..\MCV_SMD_OG\weapons\v_vz54s\v_vz54s_anims\reloadstart_full_i.smd
SMD MODEL ..\..\..\MCV_SMD_OG\weapons\v_vz54s\v_vz54s_anims\reloadinsert_empty.smd
SMD MODEL ..\..\..\MCV_SMD_OG\weapons\v_vz54s\v_vz54s_anims\reloadinsert_full.smd
SMD MODEL ..\..\..\MCV_SMD_OG\weapons\v_vz54s\v_vz54s_anims\reloadinsert_empty_i.smd
SMD MODEL ..\..\..\MCV_SMD_OG\weapons\v_vz54s\v_vz54s_anims\reloadinsert_full_i.smd
SMD MODEL ..\..\..\MCV_SMD_OG\weapons\v_vz54s\v_vz54s_anims\reloadend.smd
SMD MODEL ..\..\..\MCV_SMD_OG\weapons\v_vz54s\v_vz54s_anims\reloadend_i.smd
SMD MODEL ..\..\..\MCV_SMD_OG\weapons\v_vz54s\v_vz54s_anims\nearwall_s_a.smd
SMD MODEL ..\..\..\MCV_SMD_OG\weapons\v_vz54s\v_vz54s_anims\nearwall_s_a_i.smd
SMD MODEL ..\..\..\MCV_SMD_OG\weapons\v_vz54s\v_vz54s_anims\nearwall_a.smd
SMD MODEL ..\..\..\MCV_SMD_OG\weapons\v_vz54s\v_vz54s_anims\nearwall_a_i.smd
SMD MODEL ..\..\..\MCV_SMD_OG\weapons\v_vz54s\v_vz54s_anims\nearwall_e_a.smd
SMD MODEL ..\..\..\MCV_SMD_OG\weapons\v_vz54s\v_vz54s_anims\nearwall_e_a_i.smd
SMD MODEL ..\..\..\MCV_SMD_OG\weapons\v_vz54s\v_vz54s_anims\proneF.smd
SMD MODEL ..\..\..\MCV_SMD_OG\weapons\v_vz54s\v_vz54s_anims\proneB.smd
SMD MODEL ..\..\..\MCV_SMD_OG\weapons\v_vz54s\v_vz54s_anims\proneL.smd
SMD MODEL ..\..\..\MCV_SMD_OG\weapons\v_vz54s\v_vz54s_anims\proneR.smd
SMD MODEL ..\..\..\MCV_SMD_OG\weapons\v_vz54s\v_vz54s_anims\pickup_s_a.smd
SMD MODEL ..\..\..\MCV_SMD_OG\weapons\v_vz54s\v_vz54s_anims\pickup_s_a_i.smd
SMD MODEL ..\..\..\MCV_SMD_OG\weapons\v_vz54s\v_vz54s_anims\pickup_a.smd
SMD MODEL ..\..\..\MCV_SMD_OG\weapons\v_vz54s\v_vz54s_anims\pickup_a_i.smd
SMD MODEL ..\..\..\MCV_SMD_OG\weapons\v_vz54s\v_vz54s_anims\pickup_e_a.smd
SMD MODEL ..\..\..\MCV_SMD_OG\weapons\v_vz54s\v_vz54s_anims\pickup_e_a_i.smd
SMD MODEL ..\..\..\MCV_SMD_OG\weapons\v_vz54s\v_vz54s_anims\grenade_ironsight.smd
SMD MODEL ..\..\..\MCV_SMD_OG\weapons\v_vz54s\v_vz54s_anims\gren_shoot1_a.smd
SMD MODEL ..\..\..\MCV_SMD_OG\weapons\v_vz54s\v_vz54s_anims\gren_shoot1_ironsight_a.smd
SMD MODEL ..\..\..\MCV_SMD_OG\weapons\v_vz54s\v_vz54s_anims\gren_reload_a.smd
SMD MODEL ..\..\..\MCV_SMD_OG\weapons\v_vz54s\v_vz54s_anims\gren_reload_a_i.smd
SMD MODEL ..\..\..\MCV_SMD_OG\weapons\v_vz54s\v_vz54s_anims\bayonet_attack_a.smd
SMD MODEL ..\..\..\MCV_SMD_OG\weapons\v_vz54s\v_vz54s_anims\bayonet_attack_a_i.smd
SMD MODEL ..\..\..\MCV_SMD_OG\weapons\v_vz54s\v_vz54s_anims\bayonet_e_a.smd
SMD MODEL ..\..\..\MCV_SMD_OG\weapons\v_vz54s\v_vz54s_anims\bayonet_e_a_i.smd
SMD MODEL ..\..\..\MCV_SMD_OG\weapons\v_vz54s\v_vz54s_anims\bayonet_s_a.smd
SMD MODEL ..\..\..\MCV_SMD_OG\weapons\v_vz54s\v_vz54s_anims\bayonet_s_a_i.smd
SMD MODEL ..\..\..\MCV_SMD_OG\weapons\v_vz54s\v_vz54s_anims\scope_adjust_idle.smd
SMD MODEL ..\..\..\MCV_SMD_OG\weapons\v_vz54s\v_vz54s_anims\scope_adjust_iron.smd
SMD MODEL ..\..\..\MCV_SMD_OG\weapons\v_vz54s\v_vz54s_anims\Charge_s.smd
SMD MODEL ..\..\..\MCV_SMD_OG\weapons\v_vz54s\v_vz54s_anims\Charge_s_i.smd
SMD MODEL ..\..\..\MCV_SMD_OG\weapons\v_vz54s\v_vz54s_anims\Charge.smd
SMD MODEL ..\..\..\MCV_SMD_OG\weapons\v_vz54s\v_vz54s_anims\Charge_i.smd
SMD MODEL ..\..\..\MCV_SMD_OG\weapons\v_vz54s\v_vz54s_anims\Charge_e.smd
SMD MODEL ..\..\..\MCV_SMD_OG\weapons\v_vz54s\v_vz54s_anims\Charge_e_i.smd
SMD MODEL ..\..\..\MCV_SMD_OG\weapons\v_vz54s\v_vz54s_anims\draw.smd
SMD MODEL ..\..\..\MCV_SMD_OG\weapons\v_vz54s\v_vz54s_anims\draw_2.smd
SMD MODEL ..\..\..\MCV_SMD_OG\weapons\v_vz54s\v_vz54s_anims\Firstdraw.smd
SMD MODEL ..\..\..\MCV_SMD_OG\weapons\v_vz54s\v_vz54s_anims\Firstdraw_2.smd
SMD MODEL ..\..\..\MCV_SMD_OG\weapons\v_vz54s\v_vz54s_anims\bash.smd
SMD MODEL ..\..\..\MCV_SMD_OG\weapons\v_vz54s\v_vz54s_anims\bash_2.smd
SMD MODEL ..\..\..\MCV_SMD_OG\weapons\v_vz54s\v_vz54s_anims\grenade_draw.smd
SMD MODEL ..\..\..\MCV_SMD_OG\weapons\v_vz54s\v_vz54s_anims\grenade_draw_2.smd
SMD MODEL ..\..\..\MCV_SMD_OG\weapons\v_vz54s\v_vz54s_anims\grenade_draw_empty.smd
SMD MODEL ..\..\..\MCV_SMD_OG\weapons\v_vz54s\v_vz54s_anims\grenade_draw_empty_2.smd
SMD MODEL ..\..\..\MCV_SMD_OG\weapons\v_vz54s\v_vz54s_anims\holster.smd
Processing LOD for material: v_vz54_base
Processing LOD for material: shells_small
Processing LOD for material: m38
Processing LOD for material: ak47_bayonet_d
Processing LOD for material: v_type30_bayonet
Processing LOD for material: rifle_glmounts_vc
Processing LOD for material: rifle_grenades_vc
Processing LOD for material: v_vz54_scope
Processing LOD for material: crosshair_meopta256
---------------------
writing C:\Program Files (x86)\Steam\steamapps\common\GarrysMod\garrysmod\addons\mcv\work\compile_test_game\models/weapons/mcv/v_vz54s.mdl:
Loading preexisting model: C:\Program Files (x86)\Steam\steamapps\common\GarrysMod\garrysmod\addons\mcv\work\compile_test_game\models/weapons/mcv/v_vz54s.mdl
WARNING: LoadPreexistingSequenceOrder: Zero-size file or no sequences.
bones        23928 bytes (104)
animations  305748 bytes (95 anims) (2613 frames) [1:27]
sequences    16192 bytes (42 seq) 
ik/pose       1660 bytes
eyeballs         0 bytes (0 eyeballs)
flexes           0 bytes (0 flexes)
eyeballs         0 bytes (0 eyeballs)
flexes           0 bytes (0 flexes)
eyeballs         0 bytes (0 eyeballs)
flexes           0 bytes (0 flexes)
eyeballs         0 bytes (0 eyeballs)
flexes           0 bytes (0 flexes)
eyeballs         0 bytes (0 eyeballs)
flexes           0 bytes (0 flexes)
eyeballs         0 bytes (0 eyeballs)
flexes           0 bytes (0 flexes)
eyeballs         0 bytes (0 eyeballs)
flexes           0 bytes (0 flexes)
eyeballs         0 bytes (0 eyeballs)
flexes           0 bytes (0 flexes)
eyeballs         0 bytes (0 eyeballs)
flexes           0 bytes (0 flexes)
eyeballs         0 bytes (0 eyeballs)
flexes           0 bytes (0 flexes)
textures       628 bytes
keyvalues       20 bytes
bone transforms    14208 bytes
bone flex driver       0 bytes
collision        0 bytes
total       368468
---------------------
writing C:\Program Files (x86)\Steam\steamapps\common\GarrysMod\garrysmod\addons\mcv\work\compile_test_game\models/weapons/mcv/v_vz54s.vvd:
vertices    746400 bytes (15550 vertices)
vertices    101520 bytes (2115 vertices)
vertices     35280 bytes (735 vertices)
vertices    119280 bytes (2485 vertices)
vertices    106992 bytes (2229 vertices)
vertices    160896 bytes (3352 vertices)
tangents    248800 bytes (15550 vertices)
tangents     33840 bytes (2115 vertices)
tangents     11760 bytes (735 vertices)
tangents     39760 bytes (2485 vertices)
tangents     35664 bytes (2229 vertices)
tangents     53632 bytes (3352 vertices)
total      1693888 bytes
---------------------
Generating optimized mesh "C:\Program Files (x86)\Steam\steamapps\common\GarrysMod\garrysmod\addons\mcv\work\compile_test_game\models/weapons/mcv/v_vz54s.dx80.vtx":
body parts:        40 bytes
models:           200 bytes
model LODs:       120 bytes
meshes:            81 bytes
strip groups:     225 bytes
strips:           243 bytes
verts:         238194 bytes
indices:       188334 bytes
bone changes:     144 bytes
everything:    427497 bytes
---------------------
Generating optimized mesh "C:\Program Files (x86)\Steam\steamapps\common\GarrysMod\garrysmod\addons\mcv\work\compile_test_game\models/weapons/mcv/v_vz54s.dx90.vtx":
body parts:        40 bytes
models:           200 bytes
model LODs:       120 bytes
meshes:            81 bytes
strip groups:     225 bytes
strips:           243 bytes
verts:         238194 bytes
indices:       188334 bytes
bone changes:     144 bytes
everything:    427497 bytes

Completed "v_vz54s.qc"
