StudioMDL.exe (Apr 27 2026) - Garry's Mod Edition
WARNING: Failed to load keyvalues file cfg/mount.cfg!
qdir:    "c:\program files (x86)\steam\steamapps\common\garrysmod\garrysmod\addons\mcv\work\mcv_smd_port\weapons\v_vz61_silencer\"
gamedir: "C:\Program Files (x86)\Steam\steamapps\common\GarrysMod\garrysmod\addons\mcv\work\compile_test_game\"
g_path:  "C:\Program Files (x86)\Steam\steamapps\common\GarrysMod\garrysmod\addons\mcv\work\MCV_SMD_PORT\weapons\v_vz61_silencer\v_vz61_silencer.qc"
Building binary model files...
Working on "v_vz61_silencer.qc"
SMD MODEL ..\..\..\MCV_SMD_OG\weapons\v_vz61_silencer\Refvz61_silent.smd
SMD MODEL ..\..\..\MCV_SMD_OG\weapons\v_vz61_silencer\v_vz61_silencer_anims\Slideback_corrective_animation.smd
SMD MODEL ..\..\..\MCV_SMD_OG\weapons\v_vz61_silencer\v_vz61_silencer_anims\Default_corrective_animation.smd
SMD MODEL ..\..\..\MCV_SMD_OG\weapons\v_vz61_silencer\v_vz61_silencer_anims\runIdle_a_corrective_animation.smd
SMD MODEL ..\..\..\MCV_SMD_OG\weapons\v_vz61_silencer\v_vz61_silencer_anims\run_a_corrective_animation.smd
SMD MODEL ..\..\..\MCV_SMD_OG\weapons\v_vz61_silencer\v_vz61_silencer_anims\walkIdle_a_corrective_animation.smd
SMD MODEL ..\..\..\MCV_SMD_OG\weapons\v_vz61_silencer\v_vz61_silencer_anims\walk_a_corrective_animation.smd
SMD MODEL ..\..\..\MCV_SMD_OG\weapons\v_vz61_silencer\v_vz61_silencer_anims\ShootStill_corrective_animation.smd
SMD MODEL ..\..\..\MCV_SMD_OG\weapons\v_vz61_silencer\v_vz61_silencer_anims\ShootMove_corrective_animation.smd
SMD MODEL ..\..\..\MCV_SMD_OG\weapons\v_vz61_silencer\v_vz61_silencer_anims\shoot1_a_corrective_animation.smd
SMD MODEL ..\..\..\MCV_SMD_OG\weapons\v_vz61_silencer\v_vz61_silencer_anims\shoot1_ironsight_a_corrective_animation.smd
SMD MODEL ..\..\..\MCV_SMD_OG\weapons\v_vz61_silencer\v_vz61_silencer_anims\shoot2_a_corrective_animation.smd
SMD MODEL ..\..\..\MCV_SMD_OG\weapons\v_vz61_silencer\v_vz61_silencer_anims\shoot2_ironsight_a_corrective_animation.smd
SMD MODEL ..\..\..\MCV_SMD_OG\weapons\v_vz61_silencer\v_vz61_silencer_anims\shoot3_a_corrective_animation.smd
SMD MODEL ..\..\..\MCV_SMD_OG\weapons\v_vz61_silencer\v_vz61_silencer_anims\shoot3_ironsight_a_corrective_animation.smd
SMD MODEL ..\..\..\MCV_SMD_OG\weapons\v_vz61_silencer\v_vz61_silencer_anims\PoseDelta.smd
SMD MODEL ..\..\..\MCV_SMD_OG\weapons\v_vz61_silencer\v_vz61_silencer_anims\PoseDelta2.smd
SMD MODEL ..\..\..\MCV_SMD_OG\weapons\v_vz61_silencer\v_vz61_silencer_anims\Default.smd
SMD MODEL ..\..\..\MCV_SMD_OG\weapons\v_vz61_silencer\v_vz61_silencer_anims\Slideback.smd
SMD MODEL ..\..\..\MCV_SMD_OG\weapons\v_vz61_silencer\v_vz61_silencer_anims\ShootMove.smd
SMD MODEL ..\..\..\MCV_SMD_OG\weapons\v_vz61_silencer\v_vz61_silencer_anims\ShootStill.smd
SMD MODEL ..\..\..\MCV_SMD_OG\weapons\v_vz61_silencer\v_vz61_silencer_anims\basePose_a.smd
SMD MODEL ..\..\..\MCV_SMD_OG\weapons\v_vz61_silencer\v_vz61_silencer_anims\ironsight.smd
SMD MODEL ..\..\..\MCV_SMD_OG\weapons\v_vz61_silencer\v_vz61_silencer_anims\ironsight_transition.smd
SMD MODEL ..\..\..\MCV_SMD_OG\weapons\v_vz61_silencer\v_vz61_silencer_anims\walkDelta.smd
SMD MODEL ..\..\..\MCV_SMD_OG\weapons\v_vz61_silencer\v_vz61_silencer_anims\runIdle_a.smd
SMD MODEL fixed_anims\run_a.smd
SMD MODEL ..\..\..\MCV_SMD_OG\weapons\v_vz61_silencer\v_vz61_silencer_anims\walkIdle_a.smd
SMD MODEL fixed_anims\walk_a.smd
SMD MODEL ..\..\..\MCV_SMD_OG\weapons\v_vz61_silencer\v_vz61_silencer_anims\shoot1_a.smd
SMD MODEL ..\..\..\MCV_SMD_OG\weapons\v_vz61_silencer\v_vz61_silencer_anims\shoot1_ironsight_a.smd
SMD MODEL ..\..\..\MCV_SMD_OG\weapons\v_vz61_silencer\v_vz61_silencer_anims\shoot2_a.smd
SMD MODEL ..\..\..\MCV_SMD_OG\weapons\v_vz61_silencer\v_vz61_silencer_anims\shoot2_ironsight_a.smd
SMD MODEL ..\..\..\MCV_SMD_OG\weapons\v_vz61_silencer\v_vz61_silencer_anims\shoot3_a.smd
SMD MODEL ..\..\..\MCV_SMD_OG\weapons\v_vz61_silencer\v_vz61_silencer_anims\shoot3_ironsight_a.smd
SMD MODEL ..\..\..\MCV_SMD_OG\weapons\v_vz61_silencer\v_vz61_silencer_anims\nearwall_s_a.smd
SMD MODEL ..\..\..\MCV_SMD_OG\weapons\v_vz61_silencer\v_vz61_silencer_anims\nearwall_s_a_i.smd
SMD MODEL ..\..\..\MCV_SMD_OG\weapons\v_vz61_silencer\v_vz61_silencer_anims\nearwall_a.smd
SMD MODEL ..\..\..\MCV_SMD_OG\weapons\v_vz61_silencer\v_vz61_silencer_anims\nearwall_a_i.smd
SMD MODEL ..\..\..\MCV_SMD_OG\weapons\v_vz61_silencer\v_vz61_silencer_anims\nearwall_e_a.smd
SMD MODEL ..\..\..\MCV_SMD_OG\weapons\v_vz61_silencer\v_vz61_silencer_anims\nearwall_e_a_i.smd
SMD MODEL ..\..\..\MCV_SMD_OG\weapons\v_vz61_silencer\v_vz61_silencer_anims\proneF.smd
SMD MODEL ..\..\..\MCV_SMD_OG\weapons\v_vz61_silencer\v_vz61_silencer_anims\proneB.smd
SMD MODEL ..\..\..\MCV_SMD_OG\weapons\v_vz61_silencer\v_vz61_silencer_anims\proneL.smd
SMD MODEL ..\..\..\MCV_SMD_OG\weapons\v_vz61_silencer\v_vz61_silencer_anims\proneR.smd
SMD MODEL ..\..\..\MCV_SMD_OG\weapons\v_vz61_silencer\v_vz61_silencer_anims\pickup_s_a.smd
SMD MODEL ..\..\..\MCV_SMD_OG\weapons\v_vz61_silencer\v_vz61_silencer_anims\pickup_s_a_i.smd
SMD MODEL ..\..\..\MCV_SMD_OG\weapons\v_vz61_silencer\v_vz61_silencer_anims\pickup_a.smd
SMD MODEL ..\..\..\MCV_SMD_OG\weapons\v_vz61_silencer\v_vz61_silencer_anims\pickup_a_i.smd
SMD MODEL ..\..\..\MCV_SMD_OG\weapons\v_vz61_silencer\v_vz61_silencer_anims\pickup_e_a.smd
SMD MODEL ..\..\..\MCV_SMD_OG\weapons\v_vz61_silencer\v_vz61_silencer_anims\pickup_e_a_i.smd
SMD MODEL ..\..\..\MCV_SMD_OG\weapons\v_vz61_silencer\v_vz61_silencer_anims\change_firemode_idle.smd
SMD MODEL ..\..\..\MCV_SMD_OG\weapons\v_vz61_silencer\v_vz61_silencer_anims\change_firemode_iron.smd
SMD MODEL ..\..\..\MCV_SMD_OG\weapons\v_vz61_silencer\v_vz61_silencer_anims\draw.smd
SMD MODEL ..\..\..\MCV_SMD_OG\weapons\v_vz61_silencer\v_vz61_silencer_anims\draw_2.smd
SMD MODEL ..\..\..\MCV_SMD_OG\weapons\v_vz61_silencer\v_vz61_silencer_anims\Firstdraw.smd
SMD MODEL ..\..\..\MCV_SMD_OG\weapons\v_vz61_silencer\v_vz61_silencer_anims\Firstdraw_2.smd
SMD MODEL ..\..\..\MCV_SMD_OG\weapons\v_vz61_silencer\v_vz61_silencer_anims\reload.smd
SMD MODEL ..\..\..\MCV_SMD_OG\weapons\v_vz61_silencer\v_vz61_silencer_anims\reload_2.smd
SMD MODEL ..\..\..\MCV_SMD_OG\weapons\v_vz61_silencer\v_vz61_silencer_anims\reload_empty.smd
SMD MODEL ..\..\..\MCV_SMD_OG\weapons\v_vz61_silencer\v_vz61_silencer_anims\reload_empty_2.smd
SMD MODEL ..\..\..\MCV_SMD_OG\weapons\v_vz61_silencer\v_vz61_silencer_anims\bash.smd
SMD MODEL ..\..\..\MCV_SMD_OG\weapons\v_vz61_silencer\v_vz61_silencer_anims\bash_2.smd
SMD MODEL ..\..\..\MCV_SMD_OG\weapons\v_vz61_silencer\v_vz61_silencer_anims\holster.smd
Processing LOD for material: vz61
Processing LOD for material: shells_small_additional
Processing LOD for material: vz61_silencer
---------------------
writing C:\Program Files (x86)\Steam\steamapps\common\GarrysMod\garrysmod\addons\mcv\work\compile_test_game\models/weapons/mcv/v_vz61_silencer.mdl:
Loading preexisting model: C:\Program Files (x86)\Steam\steamapps\common\GarrysMod\garrysmod\addons\mcv\work\compile_test_game\models/weapons/mcv/v_vz61_silencer.mdl
WARNING: LoadPreexistingSequenceOrder: Zero-size file or no sequences.
bones        21840 bytes (95)
animations  161484 bytes (66 anims) (1653 frames) [0:55]
sequences     9900 bytes (26 seq) 
ik/pose        244 bytes
eyeballs         0 bytes (0 eyeballs)
flexes           0 bytes (0 flexes)
textures       208 bytes
keyvalues       20 bytes
bone transforms    12984 bytes
bone flex driver       0 bytes
collision        0 bytes
total       210568
---------------------
writing C:\Program Files (x86)\Steam\steamapps\common\GarrysMod\garrysmod\addons\mcv\work\compile_test_game\models/weapons/mcv/v_vz61_silencer.vvd:
vertices    663120 bytes (13815 vertices)
tangents    221040 bytes (13815 vertices)
total       884224 bytes
---------------------
Generating optimized mesh "C:\Program Files (x86)\Steam\steamapps\common\GarrysMod\garrysmod\addons\mcv\work\compile_test_game\models/weapons/mcv/v_vz61_silencer.dx80.vtx":
body parts:         8 bytes
models:            20 bytes
model LODs:        12 bytes
meshes:            27 bytes
strip groups:      75 bytes
strips:            81 bytes
verts:         124335 bytes
indices:        90846 bytes
bone changes:      56 bytes
everything:    215484 bytes
---------------------
Generating optimized mesh "C:\Program Files (x86)\Steam\steamapps\common\GarrysMod\garrysmod\addons\mcv\work\compile_test_game\models/weapons/mcv/v_vz61_silencer.dx90.vtx":
body parts:         8 bytes
models:            20 bytes
model LODs:        12 bytes
meshes:            27 bytes
strip groups:      75 bytes
strips:            81 bytes
verts:         124335 bytes
indices:        90846 bytes
bone changes:      56 bytes
everything:    215484 bytes

Completed "v_vz61_silencer.qc"
