StudioMDL.exe (Apr 27 2026) - Garry's Mod Edition
WARNING: Failed to load keyvalues file cfg/mount.cfg!
qdir:    "c:\program files (x86)\steam\steamapps\common\garrysmod\garrysmod\addons\mcv\work\mcv_smd_port\weapons\v_wrench\"
gamedir: "C:\Program Files (x86)\Steam\steamapps\common\GarrysMod\garrysmod\addons\mcv\work\compile_test_game\"
g_path:  "C:\Program Files (x86)\Steam\steamapps\common\GarrysMod\garrysmod\addons\mcv\work\MCV_SMD_PORT\weapons\v_wrench\v_wrench.qc"
Building binary model files...
Working on "v_wrench.qc"
SMD MODEL ..\..\..\MCV_SMD_OG\weapons\v_wrench\Refnew.smd
SMD MODEL ..\..\..\MCV_SMD_OG\weapons\v_wrench\v_wrench_anims\runIdle_a_corrective_animation.smd
SMD MODEL ..\..\..\MCV_SMD_OG\weapons\v_wrench\v_wrench_anims\run_a_corrective_animation.smd
SMD MODEL ..\..\..\MCV_SMD_OG\weapons\v_wrench\v_wrench_anims\walkIdle_a_corrective_animation.smd
SMD MODEL ..\..\..\MCV_SMD_OG\weapons\v_wrench\v_wrench_anims\walk_a_corrective_animation.smd
SMD MODEL ..\..\..\MCV_SMD_OG\weapons\v_wrench\v_wrench_anims\basePose_a.smd
SMD MODEL ..\..\..\MCV_SMD_OG\weapons\v_wrench\v_wrench_anims\runIdle_a.smd
SMD MODEL ..\..\..\MCV_SMD_OG\weapons\v_wrench\v_wrench_anims\run_a.smd
SMD MODEL ..\..\..\MCV_SMD_OG\weapons\v_wrench\v_wrench_anims\walkIdle_a.smd
SMD MODEL ..\..\..\MCV_SMD_OG\weapons\v_wrench\v_wrench_anims\walk_a.smd
SMD MODEL fixed_anims\proneF.smd
SMD MODEL fixed_anims\proneB.smd
SMD MODEL fixed_anims\proneL.smd
SMD MODEL ..\..\..\MCV_SMD_OG\weapons\v_wrench\v_wrench_anims\proneR.smd
SMD MODEL ..\..\..\MCV_SMD_OG\weapons\v_wrench\v_wrench_anims\idle.smd
SMD MODEL ..\..\..\MCV_SMD_OG\weapons\v_wrench\v_wrench_anims\draw.smd
SMD MODEL ..\..\..\MCV_SMD_OG\weapons\v_wrench\v_wrench_anims\slash.smd
SMD MODEL ..\..\..\MCV_SMD_OG\weapons\v_wrench\v_wrench_anims\miss.smd
SMD MODEL ..\..\..\MCV_SMD_OG\weapons\v_wrench\v_wrench_anims\stab_charge.smd
SMD MODEL ..\..\..\MCV_SMD_OG\weapons\v_wrench\v_wrench_anims\stab_charge_loop.smd
SMD MODEL ..\..\..\MCV_SMD_OG\weapons\v_wrench\v_wrench_anims\stab.smd
SMD MODEL ..\..\..\MCV_SMD_OG\weapons\v_wrench\v_wrench_anims\idletorepair.smd
SMD MODEL ..\..\..\MCV_SMD_OG\weapons\v_wrench\v_wrench_anims\repair.smd
SMD MODEL ..\..\..\MCV_SMD_OG\weapons\v_wrench\v_wrench_anims\repairtoidle.smd
SMD MODEL ..\..\..\MCV_SMD_OG\weapons\v_wrench\v_wrench_anims\idletonearwall.smd
SMD MODEL ..\..\..\MCV_SMD_OG\weapons\v_wrench\v_wrench_anims\nearwall.smd
SMD MODEL ..\..\..\MCV_SMD_OG\weapons\v_wrench\v_wrench_anims\nearwalltoidle.smd
SMD MODEL ..\..\..\MCV_SMD_OG\weapons\v_wrench\v_wrench_anims\pickupstart.smd
SMD MODEL ..\..\..\MCV_SMD_OG\weapons\v_wrench\v_wrench_anims\pickuploop.smd
SMD MODEL ..\..\..\MCV_SMD_OG\weapons\v_wrench\v_wrench_anims\pickupend.smd
SMD MODEL ..\..\..\MCV_SMD_OG\weapons\v_wrench\v_wrench_anims\holster.smd
Processing LOD for material: wrench
---------------------
writing C:\Program Files (x86)\Steam\steamapps\common\GarrysMod\garrysmod\addons\mcv\work\compile_test_game\models/weapons/mcv/v_wrench.mdl:
Loading preexisting model: C:\Program Files (x86)\Steam\steamapps\common\GarrysMod\garrysmod\addons\mcv\work\compile_test_game\models/weapons/mcv/v_wrench.mdl
WARNING: LoadPreexistingSequenceOrder: Zero-size file or no sequences.
bones        20344 bytes (90)
animations  105516 bytes (30 anims) (675 frames) [0:22]
sequences     7260 bytes (22 seq) 
ik/pose        224 bytes
eyeballs         0 bytes (0 eyeballs)
flexes           0 bytes (0 flexes)
textures        72 bytes
keyvalues       20 bytes
bone transforms    12304 bytes
bone flex driver       0 bytes
collision        0 bytes
total       148600
---------------------
writing C:\Program Files (x86)\Steam\steamapps\common\GarrysMod\garrysmod\addons\mcv\work\compile_test_game\models/weapons/mcv/v_wrench.vvd:
vertices     94848 bytes (1976 vertices)
tangents     31616 bytes (1976 vertices)
total       126528 bytes
---------------------
Generating optimized mesh "C:\Program Files (x86)\Steam\steamapps\common\GarrysMod\garrysmod\addons\mcv\work\compile_test_game\models/weapons/mcv/v_wrench.dx80.vtx":
body parts:         8 bytes
models:            20 bytes
model LODs:        12 bytes
meshes:             9 bytes
strip groups:      25 bytes
strips:            27 bytes
verts:          17784 bytes
indices:         9672 bytes
bone changes:      16 bytes
everything:     27597 bytes
---------------------
Generating optimized mesh "C:\Program Files (x86)\Steam\steamapps\common\GarrysMod\garrysmod\addons\mcv\work\compile_test_game\models/weapons/mcv/v_wrench.dx90.vtx":
body parts:         8 bytes
models:            20 bytes
model LODs:        12 bytes
meshes:             9 bytes
strip groups:      25 bytes
strips:            27 bytes
verts:          17784 bytes
indices:         9672 bytes
bone changes:      16 bytes
everything:     27597 bytes

Completed "v_wrench.qc"
